<?xml version="1.0"?>
<link_info>
   <banner>TMS320C2000 Linker PC v6.2.0</banner>
   <copyright>Copyright (c) 1996-2013 Texas Instruments Incorporated</copyright>
   <link_time>0x58d8c7dc</link_time>
   <link_errors>0x1</link_errors>
   <output_file>U2_AD_SOC.out</output_file>
   <entry_point>
      <name>_c_int00</name>
      <address>0x3eaf28</address>
   </entry_point>
   <input_file_list>
      <input_file id="fl-2">
         <path>.\user\</path>
         <kind>object</kind>
         <file>zm5168.obj</file>
         <name>zm5168.obj</name>
      </input_file>
      <input_file id="fl-3">
         <path>.\user\</path>
         <kind>object</kind>
         <file>timer.obj</file>
         <name>timer.obj</name>
      </input_file>
      <input_file id="fl-4">
         <path>.\user\</path>
         <kind>object</kind>
         <file>sim_spi.obj</file>
         <name>sim_spi.obj</name>
      </input_file>
      <input_file id="fl-5">
         <path>.\user\</path>
         <kind>object</kind>
         <file>segscan.obj</file>
         <name>segscan.obj</name>
      </input_file>
      <input_file id="fl-6">
         <path>.\user\</path>
         <kind>object</kind>
         <file>pwm.obj</file>
         <name>pwm.obj</name>
      </input_file>
      <input_file id="fl-7">
         <path>.\user\</path>
         <kind>object</kind>
         <file>printf_uart.obj</file>
         <name>printf_uart.obj</name>
      </input_file>
      <input_file id="fl-8">
         <path>.\user\</path>
         <kind>object</kind>
         <file>pid.obj</file>
         <name>pid.obj</name>
      </input_file>
      <input_file id="fl-9">
         <path>.\user\</path>
         <kind>object</kind>
         <file>main.obj</file>
         <name>main.obj</name>
      </input_file>
      <input_file id="fl-a">
         <path>.\user\</path>
         <kind>object</kind>
         <file>led.obj</file>
         <name>led.obj</name>
      </input_file>
      <input_file id="fl-b">
         <path>.\user\</path>
         <kind>object</kind>
         <file>ad.obj</file>
         <name>ad.obj</name>
      </input_file>
      <input_file id="fl-c">
         <path>.\user\</path>
         <kind>object</kind>
         <file>TM1650_IIC.obj</file>
         <name>TM1650_IIC.obj</name>
      </input_file>
      <input_file id="fl-d">
         <path>.\user\</path>
         <kind>object</kind>
         <file>Exint.obj</file>
         <name>Exint.obj</name>
      </input_file>
      <input_file id="fl-e">
         <path>.\user\</path>
         <kind>object</kind>
         <file>DataScope_DP.obj</file>
         <name>DataScope_DP.obj</name>
      </input_file>
      <input_file id="fl-f">
         <path>.\user\</path>
         <kind>object</kind>
         <file>CANcomm.obj</file>
         <name>CANcomm.obj</name>
      </input_file>
      <input_file id="fl-10">
         <path>.\</path>
         <kind>object</kind>
         <file>DSP2803x_usDelay.obj</file>
         <name>DSP2803x_usDelay.obj</name>
      </input_file>
      <input_file id="fl-11">
         <path>.\</path>
         <kind>object</kind>
         <file>DSP2803x_SysCtrl.obj</file>
         <name>DSP2803x_SysCtrl.obj</name>
      </input_file>
      <input_file id="fl-12">
         <path>.\</path>
         <kind>object</kind>
         <file>DSP2803x_Sci.obj</file>
         <name>DSP2803x_Sci.obj</name>
      </input_file>
      <input_file id="fl-13">
         <path>.\</path>
         <kind>object</kind>
         <file>DSP2803x_PieVect.obj</file>
         <name>DSP2803x_PieVect.obj</name>
      </input_file>
      <input_file id="fl-14">
         <path>.\</path>
         <kind>object</kind>
         <file>DSP2803x_PieCtrl.obj</file>
         <name>DSP2803x_PieCtrl.obj</name>
      </input_file>
      <input_file id="fl-15">
         <path>.\</path>
         <kind>object</kind>
         <file>DSP2803x_Lin.obj</file>
         <name>DSP2803x_Lin.obj</name>
      </input_file>
      <input_file id="fl-16">
         <path>.\</path>
         <kind>object</kind>
         <file>DSP2803x_I2C.obj</file>
         <name>DSP2803x_I2C.obj</name>
      </input_file>
      <input_file id="fl-17">
         <path>.\</path>
         <kind>object</kind>
         <file>DSP2803x_Gpio.obj</file>
         <name>DSP2803x_Gpio.obj</name>
      </input_file>
      <input_file id="fl-18">
         <path>.\</path>
         <kind>object</kind>
         <file>DSP2803x_GlobalVariableDefs.obj</file>
         <name>DSP2803x_GlobalVariableDefs.obj</name>
      </input_file>
      <input_file id="fl-19">
         <path>.\</path>
         <kind>object</kind>
         <file>DSP2803x_EPwm.obj</file>
         <name>DSP2803x_EPwm.obj</name>
      </input_file>
      <input_file id="fl-1a">
         <path>.\</path>
         <kind>object</kind>
         <file>DSP2803x_DefaultIsr.obj</file>
         <name>DSP2803x_DefaultIsr.obj</name>
      </input_file>
      <input_file id="fl-1b">
         <path>.\</path>
         <kind>object</kind>
         <file>DSP2803x_CpuTimers.obj</file>
         <name>DSP2803x_CpuTimers.obj</name>
      </input_file>
      <input_file id="fl-1c">
         <path>.\</path>
         <kind>object</kind>
         <file>DSP2803x_CodeStartBranch.obj</file>
         <name>DSP2803x_CodeStartBranch.obj</name>
      </input_file>
      <input_file id="fl-1d">
         <path>.\</path>
         <kind>object</kind>
         <file>DSP2803x_Adc.obj</file>
         <name>DSP2803x_Adc.obj</name>
      </input_file>
      <input_file id="fl-2d">
         <path>C:\ti\ccsv5\tools\compiler\c2000_6.2.0\lib\</path>
         <kind>archive</kind>
         <file>rts2800_ml.lib</file>
         <name>boot.obj</name>
      </input_file>
      <input_file id="fl-2e">
         <path>C:\ti\ccsv5\tools\compiler\c2000_6.2.0\lib\</path>
         <kind>archive</kind>
         <file>rts2800_ml.lib</file>
         <name>defs.obj</name>
      </input_file>
      <input_file id="fl-2f">
         <path>C:\ti\ccsv5\tools\compiler\c2000_6.2.0\lib\</path>
         <kind>archive</kind>
         <file>rts2800_ml.lib</file>
         <name>exit.obj</name>
      </input_file>
      <input_file id="fl-30">
         <path>C:\ti\ccsv5\tools\compiler\c2000_6.2.0\lib\</path>
         <kind>archive</kind>
         <file>rts2800_ml.lib</file>
         <name>fopen.obj</name>
      </input_file>
      <input_file id="fl-31">
         <path>C:\ti\ccsv5\tools\compiler\c2000_6.2.0\lib\</path>
         <kind>archive</kind>
         <file>rts2800_ml.lib</file>
         <name>fs_add.obj</name>
      </input_file>
      <input_file id="fl-32">
         <path>C:\ti\ccsv5\tools\compiler\c2000_6.2.0\lib\</path>
         <kind>archive</kind>
         <file>rts2800_ml.lib</file>
         <name>fs_cmp.obj</name>
      </input_file>
      <input_file id="fl-33">
         <path>C:\ti\ccsv5\tools\compiler\c2000_6.2.0\lib\</path>
         <kind>archive</kind>
         <file>rts2800_ml.lib</file>
         <name>fs_div.obj</name>
      </input_file>
      <input_file id="fl-34">
         <path>C:\ti\ccsv5\tools\compiler\c2000_6.2.0\lib\</path>
         <kind>archive</kind>
         <file>rts2800_ml.lib</file>
         <name>fs_mpy.obj</name>
      </input_file>
      <input_file id="fl-35">
         <path>C:\ti\ccsv5\tools\compiler\c2000_6.2.0\lib\</path>
         <kind>archive</kind>
         <file>rts2800_ml.lib</file>
         <name>fs_neg.obj</name>
      </input_file>
      <input_file id="fl-36">
         <path>C:\ti\ccsv5\tools\compiler\c2000_6.2.0\lib\</path>
         <kind>archive</kind>
         <file>rts2800_ml.lib</file>
         <name>fs_toi.obj</name>
      </input_file>
      <input_file id="fl-37">
         <path>C:\ti\ccsv5\tools\compiler\c2000_6.2.0\lib\</path>
         <kind>archive</kind>
         <file>rts2800_ml.lib</file>
         <name>fs_tol.obj</name>
      </input_file>
      <input_file id="fl-38">
         <path>C:\ti\ccsv5\tools\compiler\c2000_6.2.0\lib\</path>
         <kind>archive</kind>
         <file>rts2800_ml.lib</file>
         <name>i_div.obj</name>
      </input_file>
      <input_file id="fl-39">
         <path>C:\ti\ccsv5\tools\compiler\c2000_6.2.0\lib\</path>
         <kind>archive</kind>
         <file>rts2800_ml.lib</file>
         <name>i_tofs.obj</name>
      </input_file>
      <input_file id="fl-3a">
         <path>C:\ti\ccsv5\tools\compiler\c2000_6.2.0\lib\</path>
         <kind>archive</kind>
         <file>rts2800_ml.lib</file>
         <name>l_div.obj</name>
      </input_file>
      <input_file id="fl-3b">
         <path>C:\ti\ccsv5\tools\compiler\c2000_6.2.0\lib\</path>
         <kind>archive</kind>
         <file>rts2800_ml.lib</file>
         <name>_lock.obj</name>
      </input_file>
      <input_file id="fl-3c">
         <path>C:\ti\ccsv5\tools\compiler\c2000_6.2.0\lib\</path>
         <kind>archive</kind>
         <file>rts2800_ml.lib</file>
         <name>lowlev.obj</name>
      </input_file>
      <input_file id="fl-3d">
         <path>C:\ti\ccsv5\tools\compiler\c2000_6.2.0\lib\</path>
         <kind>archive</kind>
         <file>rts2800_ml.lib</file>
         <name>memcpy_ff.obj</name>
      </input_file>
      <input_file id="fl-3e">
         <path>C:\ti\ccsv5\tools\compiler\c2000_6.2.0\lib\</path>
         <kind>archive</kind>
         <file>rts2800_ml.lib</file>
         <name>pow.obj</name>
      </input_file>
      <input_file id="fl-3f">
         <path>C:\ti\ccsv5\tools\compiler\c2000_6.2.0\lib\</path>
         <kind>archive</kind>
         <file>rts2800_ml.lib</file>
         <name>printf.obj</name>
      </input_file>
      <input_file id="fl-40">
         <path>C:\ti\ccsv5\tools\compiler\c2000_6.2.0\lib\</path>
         <kind>archive</kind>
         <file>rts2800_ml.lib</file>
         <name>setvbuf.obj</name>
      </input_file>
      <input_file id="fl-41">
         <path>C:\ti\ccsv5\tools\compiler\c2000_6.2.0\lib\</path>
         <kind>archive</kind>
         <file>rts2800_ml.lib</file>
         <name>strchr.obj</name>
      </input_file>
      <input_file id="fl-42">
         <path>C:\ti\ccsv5\tools\compiler\c2000_6.2.0\lib\</path>
         <kind>archive</kind>
         <file>rts2800_ml.lib</file>
         <name>strcmp.obj</name>
      </input_file>
      <input_file id="fl-43">
         <path>C:\ti\ccsv5\tools\compiler\c2000_6.2.0\lib\</path>
         <kind>archive</kind>
         <file>rts2800_ml.lib</file>
         <name>strncpy.obj</name>
      </input_file>
      <input_file id="fl-44">
         <path>C:\ti\ccsv5\tools\compiler\c2000_6.2.0\lib\</path>
         <kind>archive</kind>
         <file>rts2800_ml.lib</file>
         <name>trgdrv.obj</name>
      </input_file>
      <input_file id="fl-45">
         <path>C:\ti\ccsv5\tools\compiler\c2000_6.2.0\lib\</path>
         <kind>archive</kind>
         <file>rts2800_ml.lib</file>
         <name>u_div.obj</name>
      </input_file>
      <input_file id="fl-46">
         <path>C:\ti\ccsv5\tools\compiler\c2000_6.2.0\lib\</path>
         <kind>archive</kind>
         <file>rts2800_ml.lib</file>
         <name>u_tofs.obj</name>
      </input_file>
      <input_file id="fl-47">
         <path>C:\ti\ccsv5\tools\compiler\c2000_6.2.0\lib\</path>
         <kind>archive</kind>
         <file>rts2800_ml.lib</file>
         <name>ankmsg.obj</name>
      </input_file>
      <input_file id="fl-48">
         <path>C:\ti\ccsv5\tools\compiler\c2000_6.2.0\lib\</path>
         <kind>archive</kind>
         <file>rts2800_ml.lib</file>
         <name>args_main.obj</name>
      </input_file>
      <input_file id="fl-49">
         <path>C:\ti\ccsv5\tools\compiler\c2000_6.2.0\lib\</path>
         <kind>archive</kind>
         <file>rts2800_ml.lib</file>
         <name>errno.obj</name>
      </input_file>
      <input_file id="fl-4a">
         <path>C:\ti\ccsv5\tools\compiler\c2000_6.2.0\lib\</path>
         <kind>archive</kind>
         <file>rts2800_ml.lib</file>
         <name>exp.obj</name>
      </input_file>
      <input_file id="fl-4b">
         <path>C:\ti\ccsv5\tools\compiler\c2000_6.2.0\lib\</path>
         <kind>archive</kind>
         <file>rts2800_ml.lib</file>
         <name>fclose.obj</name>
      </input_file>
      <input_file id="fl-4c">
         <path>C:\ti\ccsv5\tools\compiler\c2000_6.2.0\lib\</path>
         <kind>archive</kind>
         <file>rts2800_ml.lib</file>
         <name>fflush.obj</name>
      </input_file>
      <input_file id="fl-4d">
         <path>C:\ti\ccsv5\tools\compiler\c2000_6.2.0\lib\</path>
         <kind>archive</kind>
         <file>rts2800_ml.lib</file>
         <name>fputc.obj</name>
      </input_file>
      <input_file id="fl-4e">
         <path>C:\ti\ccsv5\tools\compiler\c2000_6.2.0\lib\</path>
         <kind>archive</kind>
         <file>rts2800_ml.lib</file>
         <name>fputs.obj</name>
      </input_file>
      <input_file id="fl-4f">
         <path>C:\ti\ccsv5\tools\compiler\c2000_6.2.0\lib\</path>
         <kind>archive</kind>
         <file>rts2800_ml.lib</file>
         <name>_io_perm.obj</name>
      </input_file>
      <input_file id="fl-50">
         <path>C:\ti\ccsv5\tools\compiler\c2000_6.2.0\lib\</path>
         <kind>archive</kind>
         <file>rts2800_ml.lib</file>
         <name>ldexp.obj</name>
      </input_file>
      <input_file id="fl-51">
         <path>C:\ti\ccsv5\tools\compiler\c2000_6.2.0\lib\</path>
         <kind>archive</kind>
         <file>rts2800_ml.lib</file>
         <name>_log.obj</name>
      </input_file>
      <input_file id="fl-52">
         <path>C:\ti\ccsv5\tools\compiler\c2000_6.2.0\lib\</path>
         <kind>archive</kind>
         <file>rts2800_ml.lib</file>
         <name>memchr.obj</name>
      </input_file>
      <input_file id="fl-53">
         <path>C:\ti\ccsv5\tools\compiler\c2000_6.2.0\lib\</path>
         <kind>archive</kind>
         <file>rts2800_ml.lib</file>
         <name>memory.obj</name>
      </input_file>
      <input_file id="fl-54">
         <path>C:\ti\ccsv5\tools\compiler\c2000_6.2.0\lib\</path>
         <kind>archive</kind>
         <file>rts2800_ml.lib</file>
         <name>_printfi.obj</name>
      </input_file>
      <input_file id="fl-55">
         <path>C:\ti\ccsv5\tools\compiler\c2000_6.2.0\lib\</path>
         <kind>archive</kind>
         <file>rts2800_ml.lib</file>
         <name>remove.obj</name>
      </input_file>
      <input_file id="fl-56">
         <path>C:\ti\ccsv5\tools\compiler\c2000_6.2.0\lib\</path>
         <kind>archive</kind>
         <file>rts2800_ml.lib</file>
         <name>strcpy.obj</name>
      </input_file>
      <input_file id="fl-57">
         <path>C:\ti\ccsv5\tools\compiler\c2000_6.2.0\lib\</path>
         <kind>archive</kind>
         <file>rts2800_ml.lib</file>
         <name>strlen.obj</name>
      </input_file>
      <input_file id="fl-58">
         <path>C:\ti\ccsv5\tools\compiler\c2000_6.2.0\lib\</path>
         <kind>archive</kind>
         <file>rts2800_ml.lib</file>
         <name>atoi.obj</name>
      </input_file>
      <input_file id="fl-59">
         <path>C:\ti\ccsv5\tools\compiler\c2000_6.2.0\lib\</path>
         <kind>archive</kind>
         <file>rts2800_ml.lib</file>
         <name>ctype.obj</name>
      </input_file>
      <input_file id="fl-5a">
         <path>C:\ti\ccsv5\tools\compiler\c2000_6.2.0\lib\</path>
         <kind>archive</kind>
         <file>rts2800_ml.lib</file>
         <name>fd_cmp.obj</name>
      </input_file>
      <input_file id="fl-5b">
         <path>C:\ti\ccsv5\tools\compiler\c2000_6.2.0\lib\</path>
         <kind>archive</kind>
         <file>rts2800_ml.lib</file>
         <name>fd_div.obj</name>
      </input_file>
      <input_file id="fl-5c">
         <path>C:\ti\ccsv5\tools\compiler\c2000_6.2.0\lib\</path>
         <kind>archive</kind>
         <file>rts2800_ml.lib</file>
         <name>fd_mpy.obj</name>
      </input_file>
      <input_file id="fl-5d">
         <path>C:\ti\ccsv5\tools\compiler\c2000_6.2.0\lib\</path>
         <kind>archive</kind>
         <file>rts2800_ml.lib</file>
         <name>fd_neg.obj</name>
      </input_file>
      <input_file id="fl-5e">
         <path>C:\ti\ccsv5\tools\compiler\c2000_6.2.0\lib\</path>
         <kind>archive</kind>
         <file>rts2800_ml.lib</file>
         <name>fd_sub.obj</name>
      </input_file>
      <input_file id="fl-5f">
         <path>C:\ti\ccsv5\tools\compiler\c2000_6.2.0\lib\</path>
         <kind>archive</kind>
         <file>rts2800_ml.lib</file>
         <name>fd_toi.obj</name>
      </input_file>
      <input_file id="fl-60">
         <path>C:\ti\ccsv5\tools\compiler\c2000_6.2.0\lib\</path>
         <kind>archive</kind>
         <file>rts2800_ml.lib</file>
         <name>fd_tol.obj</name>
      </input_file>
      <input_file id="fl-61">
         <path>C:\ti\ccsv5\tools\compiler\c2000_6.2.0\lib\</path>
         <kind>archive</kind>
         <file>rts2800_ml.lib</file>
         <name>frexp.obj</name>
      </input_file>
      <input_file id="fl-62">
         <path>C:\ti\ccsv5\tools\compiler\c2000_6.2.0\lib\</path>
         <kind>archive</kind>
         <file>rts2800_ml.lib</file>
         <name>fseek.obj</name>
      </input_file>
      <input_file id="fl-63">
         <path>C:\ti\ccsv5\tools\compiler\c2000_6.2.0\lib\</path>
         <kind>archive</kind>
         <file>rts2800_ml.lib</file>
         <name>fs_tofd.obj</name>
      </input_file>
      <input_file id="fl-64">
         <path>C:\ti\ccsv5\tools\compiler\c2000_6.2.0\lib\</path>
         <kind>archive</kind>
         <file>rts2800_ml.lib</file>
         <name>ll_aox.obj</name>
      </input_file>
      <input_file id="fl-65">
         <path>C:\ti\ccsv5\tools\compiler\c2000_6.2.0\lib\</path>
         <kind>archive</kind>
         <file>rts2800_ml.lib</file>
         <name>ll_cmp.obj</name>
      </input_file>
      <input_file id="fl-66">
         <path>C:\ti\ccsv5\tools\compiler\c2000_6.2.0\lib\</path>
         <kind>archive</kind>
         <file>rts2800_ml.lib</file>
         <name>ll_div.obj</name>
      </input_file>
      <input_file id="fl-67">
         <path>C:\ti\ccsv5\tools\compiler\c2000_6.2.0\lib\</path>
         <kind>archive</kind>
         <file>rts2800_ml.lib</file>
         <name>ll_mpy.obj</name>
      </input_file>
      <input_file id="fl-68">
         <path>C:\ti\ccsv5\tools\compiler\c2000_6.2.0\lib\</path>
         <kind>archive</kind>
         <file>rts2800_ml.lib</file>
         <name>ltoa.obj</name>
      </input_file>
      <input_file id="fl-69">
         <path>C:\ti\ccsv5\tools\compiler\c2000_6.2.0\lib\</path>
         <kind>archive</kind>
         <file>rts2800_ml.lib</file>
         <name>l_tofd.obj</name>
      </input_file>
      <input_file id="fl-6a">
         <path>C:\ti\ccsv5\tools\compiler\c2000_6.2.0\lib\</path>
         <kind>archive</kind>
         <file>rts2800_ml.lib</file>
         <name>memccpy.obj</name>
      </input_file>
      <input_file id="fl-6b">
         <path>C:\ti\ccsv5\tools\compiler\c2000_6.2.0\lib\</path>
         <kind>archive</kind>
         <file>rts2800_ml.lib</file>
         <name>memset.obj</name>
      </input_file>
      <input_file id="fl-6c">
         <path>C:\ti\ccsv5\tools\compiler\c2000_6.2.0\lib\</path>
         <kind>archive</kind>
         <file>rts2800_ml.lib</file>
         <name>fd_add.obj</name>
      </input_file>
   </input_file_list>
   <object_component_list>
      <object_component id="oc-102">
         <name>PieVectTableFile</name>
         <uninitialized>true</uninitialized>
         <run_address>0xd00</run_address>
         <size>0x100</size>
         <input_file_ref idref="fl-18"/>
      </object_component>
      <object_component id="oc-d5">
         <name>EmuKeyVar</name>
         <uninitialized>true</uninitialized>
         <run_address>0xd00</run_address>
         <size>0x1</size>
         <input_file_ref idref="fl-18"/>
      </object_component>
      <object_component id="oc-d4">
         <name>EmuBModeVar</name>
         <uninitialized>true</uninitialized>
         <run_address>0xd01</run_address>
         <size>0x1</size>
         <input_file_ref idref="fl-18"/>
      </object_component>
      <object_component id="oc-d7">
         <name>FlashCallbackVar</name>
         <uninitialized>true</uninitialized>
         <run_address>0xd02</run_address>
         <size>0x2</size>
         <input_file_ref idref="fl-18"/>
      </object_component>
      <object_component id="oc-d8">
         <name>FlashScalingVar</name>
         <uninitialized>true</uninitialized>
         <run_address>0xd04</run_address>
         <size>0x2</size>
         <input_file_ref idref="fl-18"/>
      </object_component>
      <object_component id="oc-da">
         <name>DevEmuRegsFile</name>
         <uninitialized>true</uninitialized>
         <run_address>0x880</run_address>
         <size>0x4</size>
         <input_file_ref idref="fl-18"/>
      </object_component>
      <object_component id="oc-d9">
         <name>SysPwrCtrlRegsFile</name>
         <uninitialized>true</uninitialized>
         <run_address>0x985</run_address>
         <size>0x3</size>
         <input_file_ref idref="fl-18"/>
      </object_component>
      <object_component id="oc-db">
         <name>FlashRegsFile</name>
         <uninitialized>true</uninitialized>
         <run_address>0xa80</run_address>
         <size>0x8</size>
         <input_file_ref idref="fl-18"/>
      </object_component>
      <object_component id="oc-e6">
         <name>CsmRegsFile</name>
         <uninitialized>true</uninitialized>
         <run_address>0xae0</run_address>
         <size>0x10</size>
         <input_file_ref idref="fl-18"/>
      </object_component>
      <object_component id="oc-f0">
         <name>AdcResultFile</name>
         <uninitialized>true</uninitialized>
         <run_address>0xb00</run_address>
         <size>0x20</size>
         <input_file_ref idref="fl-18"/>
      </object_component>
      <object_component id="oc-de">
         <name>CpuTimer0RegsFile</name>
         <uninitialized>true</uninitialized>
         <run_address>0xc00</run_address>
         <size>0x8</size>
         <input_file_ref idref="fl-18"/>
      </object_component>
      <object_component id="oc-dd">
         <name>CpuTimer1RegsFile</name>
         <uninitialized>true</uninitialized>
         <run_address>0xc08</run_address>
         <size>0x8</size>
         <input_file_ref idref="fl-18"/>
      </object_component>
      <object_component id="oc-df">
         <name>CpuTimer2RegsFile</name>
         <uninitialized>true</uninitialized>
         <run_address>0xc10</run_address>
         <size>0x8</size>
         <input_file_ref idref="fl-18"/>
      </object_component>
      <object_component id="oc-ea">
         <name>PieCtrlRegsFile</name>
         <uninitialized>true</uninitialized>
         <run_address>0xce0</run_address>
         <size>0x1a</size>
         <input_file_ref idref="fl-18"/>
      </object_component>
      <object_component id="oc-f4">
         <name>Cla1RegsFile</name>
         <uninitialized>true</uninitialized>
         <run_address>0x1400</run_address>
         <size>0x40</size>
         <input_file_ref idref="fl-18"/>
      </object_component>
      <object_component id="oc-f2">
         <name>ECanaRegsFile</name>
         <uninitialized>true</uninitialized>
         <run_address>0x6000</run_address>
         <size>0x34</size>
         <input_file_ref idref="fl-18"/>
      </object_component>
      <object_component id="oc-f7">
         <name>ECanaLAMRegsFile</name>
         <uninitialized>true</uninitialized>
         <run_address>0x6040</run_address>
         <size>0x40</size>
         <input_file_ref idref="fl-18"/>
      </object_component>
      <object_component id="oc-103">
         <name>ECanaMboxesFile</name>
         <uninitialized>true</uninitialized>
         <run_address>0x6100</run_address>
         <size>0x100</size>
         <input_file_ref idref="fl-18"/>
      </object_component>
      <object_component id="oc-f6">
         <name>ECanaMOTSRegsFile</name>
         <uninitialized>true</uninitialized>
         <run_address>0x6080</run_address>
         <size>0x40</size>
         <input_file_ref idref="fl-18"/>
      </object_component>
      <object_component id="oc-ff">
         <name>ECanaMOTORegsFile</name>
         <uninitialized>true</uninitialized>
         <run_address>0x60c0</run_address>
         <size>0x40</size>
         <input_file_ref idref="fl-18"/>
      </object_component>
      <object_component id="oc-ef">
         <name>ECap1RegsFile</name>
         <uninitialized>true</uninitialized>
         <run_address>0x6a00</run_address>
         <size>0x20</size>
         <input_file_ref idref="fl-18"/>
      </object_component>
      <object_component id="oc-ee">
         <name>HRCap1RegsFile</name>
         <uninitialized>true</uninitialized>
         <run_address>0x6ac0</run_address>
         <size>0x20</size>
         <input_file_ref idref="fl-18"/>
      </object_component>
      <object_component id="oc-ed">
         <name>HRCap2RegsFile</name>
         <uninitialized>true</uninitialized>
         <run_address>0x6ae0</run_address>
         <size>0x20</size>
         <input_file_ref idref="fl-18"/>
      </object_component>
      <object_component id="oc-fc">
         <name>EQep1RegsFile</name>
         <uninitialized>true</uninitialized>
         <run_address>0x6b00</run_address>
         <size>0x40</size>
         <input_file_ref idref="fl-18"/>
      </object_component>
      <object_component id="oc-100">
         <name>LinaRegsFile</name>
         <uninitialized>true</uninitialized>
         <run_address>0x6c00</run_address>
         <size>0x4a</size>
         <input_file_ref idref="fl-18"/>
      </object_component>
      <object_component id="oc-fb">
         <name>GpioCtrlRegsFile</name>
         <uninitialized>true</uninitialized>
         <run_address>0x6f80</run_address>
         <size>0x40</size>
         <input_file_ref idref="fl-18"/>
      </object_component>
      <object_component id="oc-ec">
         <name>GpioDataRegsFile</name>
         <uninitialized>true</uninitialized>
         <run_address>0x6fc0</run_address>
         <size>0x20</size>
         <input_file_ref idref="fl-18"/>
      </object_component>
      <object_component id="oc-e0">
         <name>GpioIntRegsFile</name>
         <uninitialized>true</uninitialized>
         <run_address>0x6fe0</run_address>
         <size>0xc</size>
         <input_file_ref idref="fl-18"/>
      </object_component>
      <object_component id="oc-eb">
         <name>SysCtrlRegsFile</name>
         <uninitialized>true</uninitialized>
         <run_address>0x7010</run_address>
         <size>0x20</size>
         <input_file_ref idref="fl-18"/>
      </object_component>
      <object_component id="oc-e1">
         <name>SpiaRegsFile</name>
         <uninitialized>true</uninitialized>
         <run_address>0x7040</run_address>
         <size>0x10</size>
         <input_file_ref idref="fl-18"/>
      </object_component>
      <object_component id="oc-e2">
         <name>SpibRegsFile</name>
         <uninitialized>true</uninitialized>
         <run_address>0x7740</run_address>
         <size>0x10</size>
         <input_file_ref idref="fl-18"/>
      </object_component>
      <object_component id="oc-e4">
         <name>SciaRegsFile</name>
         <uninitialized>true</uninitialized>
         <run_address>0x7050</run_address>
         <size>0x10</size>
         <input_file_ref idref="fl-18"/>
      </object_component>
      <object_component id="oc-e3">
         <name>NmiIntruptRegsFile</name>
         <uninitialized>true</uninitialized>
         <run_address>0x7060</run_address>
         <size>0x10</size>
         <input_file_ref idref="fl-18"/>
      </object_component>
      <object_component id="oc-e5">
         <name>XIntruptRegsFile</name>
         <uninitialized>true</uninitialized>
         <run_address>0x7070</run_address>
         <size>0x10</size>
         <input_file_ref idref="fl-18"/>
      </object_component>
      <object_component id="oc-101">
         <name>AdcRegsFile</name>
         <uninitialized>true</uninitialized>
         <run_address>0x7100</run_address>
         <size>0x50</size>
         <input_file_ref idref="fl-18"/>
      </object_component>
      <object_component id="oc-f1">
         <name>I2caRegsFile</name>
         <uninitialized>true</uninitialized>
         <run_address>0x7900</run_address>
         <size>0x22</size>
         <input_file_ref idref="fl-18"/>
      </object_component>
      <object_component id="oc-e7">
         <name>Comp1RegsFile</name>
         <uninitialized>true</uninitialized>
         <run_address>0x6400</run_address>
         <size>0x14</size>
         <input_file_ref idref="fl-18"/>
      </object_component>
      <object_component id="oc-e8">
         <name>Comp2RegsFile</name>
         <uninitialized>true</uninitialized>
         <run_address>0x6420</run_address>
         <size>0x14</size>
         <input_file_ref idref="fl-18"/>
      </object_component>
      <object_component id="oc-e9">
         <name>Comp3RegsFile</name>
         <uninitialized>true</uninitialized>
         <run_address>0x6440</run_address>
         <size>0x14</size>
         <input_file_ref idref="fl-18"/>
      </object_component>
      <object_component id="oc-f3">
         <name>EPwm1RegsFile</name>
         <uninitialized>true</uninitialized>
         <run_address>0x6800</run_address>
         <size>0x40</size>
         <input_file_ref idref="fl-18"/>
      </object_component>
      <object_component id="oc-f5">
         <name>EPwm2RegsFile</name>
         <uninitialized>true</uninitialized>
         <run_address>0x6840</run_address>
         <size>0x40</size>
         <input_file_ref idref="fl-18"/>
      </object_component>
      <object_component id="oc-f8">
         <name>EPwm3RegsFile</name>
         <uninitialized>true</uninitialized>
         <run_address>0x6880</run_address>
         <size>0x40</size>
         <input_file_ref idref="fl-18"/>
      </object_component>
      <object_component id="oc-fd">
         <name>EPwm4RegsFile</name>
         <uninitialized>true</uninitialized>
         <run_address>0x68c0</run_address>
         <size>0x40</size>
         <input_file_ref idref="fl-18"/>
      </object_component>
      <object_component id="oc-fe">
         <name>EPwm5RegsFile</name>
         <uninitialized>true</uninitialized>
         <run_address>0x6900</run_address>
         <size>0x40</size>
         <input_file_ref idref="fl-18"/>
      </object_component>
      <object_component id="oc-fa">
         <name>EPwm6RegsFile</name>
         <uninitialized>true</uninitialized>
         <run_address>0x6940</run_address>
         <size>0x40</size>
         <input_file_ref idref="fl-18"/>
      </object_component>
      <object_component id="oc-f9">
         <name>EPwm7RegsFile</name>
         <uninitialized>true</uninitialized>
         <run_address>0x6980</run_address>
         <size>0x40</size>
         <input_file_ref idref="fl-18"/>
      </object_component>
      <object_component id="oc-dc">
         <name>CsmPwlFile</name>
         <uninitialized>true</uninitialized>
         <run_address>0x3f7ff8</run_address>
         <size>0x8</size>
         <input_file_ref idref="fl-18"/>
      </object_component>
      <object_component id="oc-d6">
         <name>PartIdRegsFile</name>
         <uninitialized>true</uninitialized>
         <run_address>0x3d7e80</run_address>
         <size>0x1</size>
         <input_file_ref idref="fl-18"/>
      </object_component>
      <object_component id="oc-59">
         <name>.cinit</name>
         <load_address>0x3eb942</load_address>
         <run_address>0x3eb942</run_address>
         <size>0x5d</size>
         <input_file_ref idref="fl-5"/>
      </object_component>
      <object_component id="oc-8a">
         <name>.cinit</name>
         <load_address>0x3eb99f</load_address>
         <run_address>0x3eb99f</run_address>
         <size>0x48</size>
         <input_file_ref idref="fl-c"/>
      </object_component>
      <object_component id="oc-167">
         <name>.cinit</name>
         <load_address>0x3eb9e7</load_address>
         <run_address>0x3eb9e7</run_address>
         <size>0x31</size>
         <input_file_ref idref="fl-3c"/>
      </object_component>
      <object_component id="oc-125">
         <name>.cinit</name>
         <load_address>0x3eba18</load_address>
         <run_address>0x3eba18</run_address>
         <size>0x2a</size>
         <input_file_ref idref="fl-2e"/>
      </object_component>
      <object_component id="oc-a2">
         <name>.cinit</name>
         <load_address>0x3eba42</load_address>
         <run_address>0x3eba42</run_address>
         <size>0x22</size>
         <input_file_ref idref="fl-f"/>
      </object_component>
      <object_component id="oc-66">
         <name>.cinit</name>
         <load_address>0x3eba64</load_address>
         <run_address>0x3eba64</run_address>
         <size>0xb</size>
         <input_file_ref idref="fl-7"/>
      </object_component>
      <object_component id="oc-160">
         <name>.cinit</name>
         <load_address>0x3eba6f</load_address>
         <run_address>0x3eba6f</run_address>
         <size>0xa</size>
         <input_file_ref idref="fl-3b"/>
      </object_component>
      <object_component id="oc-12a">
         <name>.cinit</name>
         <load_address>0x3eba79</load_address>
         <run_address>0x3eba79</run_address>
         <size>0xa</size>
         <input_file_ref idref="fl-2f"/>
      </object_component>
      <object_component id="oc-77">
         <name>.cinit</name>
         <load_address>0x3eba83</load_address>
         <run_address>0x3eba83</run_address>
         <size>0x8</size>
         <input_file_ref idref="fl-9"/>
      </object_component>
      <object_component id="oc-4c">
         <name>.cinit</name>
         <load_address>0x3eba8b</load_address>
         <run_address>0x3eba8b</run_address>
         <size>0x7</size>
         <input_file_ref idref="fl-3"/>
      </object_component>
      <object_component id="oc-9b">
         <name>.cinit</name>
         <load_address>0x3eba92</load_address>
         <run_address>0x3eba92</run_address>
         <size>0x4</size>
         <input_file_ref idref="fl-e"/>
      </object_component>
      <object_component id="oc-93">
         <name>.cinit</name>
         <load_address>0x3eba96</load_address>
         <run_address>0x3eba96</run_address>
         <size>0x4</size>
         <input_file_ref idref="fl-d"/>
      </object_component>
      <object_component id="oc-6f">
         <name>.cinit</name>
         <load_address>0x3eba9a</load_address>
         <run_address>0x3eba9a</run_address>
         <size>0x4</size>
         <input_file_ref idref="fl-8"/>
      </object_component>
      <object_component id="oc-1a9">
         <name>.cinit</name>
         <load_address>0x3eba9e</load_address>
         <run_address>0x3eba9e</run_address>
         <size>0x4</size>
         <input_file_ref idref="fl-49"/>
      </object_component>
      <object_component id="oc-131">
         <name>.cinit</name>
         <load_address>0x3ebaa2</load_address>
         <run_address>0x3ebaa2</run_address>
         <size>0x4</size>
         <input_file_ref idref="fl-30"/>
      </object_component>
      <object_component id="oc-1dc">
         <name>.cinit</name>
         <load_address>0x3ebaa6</load_address>
         <run_address>0x3ebaa6</run_address>
         <size>0x4</size>
         <input_file_ref idref="fl-53"/>
      </object_component>
      <object_component id="oc-1e2">
         <name>.text</name>
         <load_address>0x3e8000</load_address>
         <run_address>0x3e8000</run_address>
         <size>0x8fc</size>
         <input_file_ref idref="fl-54"/>
      </object_component>
      <object_component id="oc-57">
         <name>.text</name>
         <load_address>0x3e88fc</load_address>
         <run_address>0x3e88fc</run_address>
         <size>0x339</size>
         <input_file_ref idref="fl-5"/>
      </object_component>
      <object_component id="oc-a0">
         <name>.text</name>
         <load_address>0x3e8c35</load_address>
         <run_address>0x3e8c35</run_address>
         <size>0x2a1</size>
         <input_file_ref idref="fl-f"/>
      </object_component>
      <object_component id="oc-11a">
         <name>.text</name>
         <load_address>0x3e8ed6</load_address>
         <run_address>0x3e8ed6</run_address>
         <size>0x203</size>
         <input_file_ref idref="fl-1d"/>
      </object_component>
      <object_component id="oc-165">
         <name>.text</name>
         <load_address>0x3e90d9</load_address>
         <run_address>0x3e90d9</run_address>
         <size>0x201</size>
         <input_file_ref idref="fl-3c"/>
      </object_component>
      <object_component id="oc-18f">
         <name>.text</name>
         <load_address>0x3e92da</load_address>
         <run_address>0x3e92da</run_address>
         <size>0x1f0</size>
         <input_file_ref idref="fl-44"/>
      </object_component>
      <object_component id="oc-88">
         <name>.text</name>
         <load_address>0x3e94ca</load_address>
         <run_address>0x3e94ca</run_address>
         <size>0x1ca</size>
         <input_file_ref idref="fl-c"/>
      </object_component>
      <object_component id="oc-1da">
         <name>.text</name>
         <load_address>0x3e9694</load_address>
         <run_address>0x3e9694</run_address>
         <size>0x1c7</size>
         <input_file_ref idref="fl-53"/>
      </object_component>
      <object_component id="oc-10b">
         <name>.text:retain</name>
         <load_address>0x3e985b</load_address>
         <run_address>0x3e985b</run_address>
         <size>0x17c</size>
         <input_file_ref idref="fl-1a"/>
      </object_component>
      <object_component id="oc-64">
         <name>.text</name>
         <load_address>0x3e99d7</load_address>
         <run_address>0x3e99d7</run_address>
         <size>0x16b</size>
         <input_file_ref idref="fl-7"/>
      </object_component>
      <object_component id="oc-ad">
         <name>.text</name>
         <load_address>0x3e9b42</load_address>
         <run_address>0x3e9b42</run_address>
         <size>0x137</size>
         <input_file_ref idref="fl-11"/>
      </object_component>
      <object_component id="oc-6d">
         <name>.text</name>
         <load_address>0x3e9c79</load_address>
         <run_address>0x3e9c79</run_address>
         <size>0x12e</size>
         <input_file_ref idref="fl-8"/>
      </object_component>
      <object_component id="oc-231">
         <name>.text</name>
         <load_address>0x3e9da7</load_address>
         <run_address>0x3e9da7</run_address>
         <size>0x107</size>
         <input_file_ref idref="fl-66"/>
      </object_component>
      <object_component id="oc-12f">
         <name>.text</name>
         <load_address>0x3e9eae</load_address>
         <run_address>0x3e9eae</run_address>
         <size>0xff</size>
         <input_file_ref idref="fl-30"/>
      </object_component>
      <object_component id="oc-75">
         <name>.text</name>
         <load_address>0x3e9fad</load_address>
         <run_address>0x3e9fad</run_address>
         <size>0xee</size>
         <input_file_ref idref="fl-9"/>
      </object_component>
      <object_component id="oc-99">
         <name>.text</name>
         <load_address>0x3ea09b</load_address>
         <run_address>0x3ea09b</run_address>
         <size>0xed</size>
         <input_file_ref idref="fl-e"/>
      </object_component>
      <object_component id="oc-81">
         <name>.text</name>
         <load_address>0x3ea188</load_address>
         <run_address>0x3ea188</run_address>
         <size>0xc8</size>
         <input_file_ref idref="fl-b"/>
      </object_component>
      <object_component id="oc-105">
         <name>.text</name>
         <load_address>0x3ea250</load_address>
         <run_address>0x3ea250</run_address>
         <size>0xc4</size>
         <input_file_ref idref="fl-19"/>
      </object_component>
      <object_component id="oc-a4">
         <name>.text:retain</name>
         <load_address>0x3ea314</load_address>
         <run_address>0x3ea314</run_address>
         <size>0xc1</size>
         <input_file_ref idref="fl-f"/>
      </object_component>
      <object_component id="oc-1c0">
         <name>.text</name>
         <load_address>0x3ea3d5</load_address>
         <run_address>0x3ea3d5</run_address>
         <size>0xa5</size>
         <input_file_ref idref="fl-4e"/>
      </object_component>
      <object_component id="oc-1ac">
         <name>.text</name>
         <load_address>0x3ea47a</load_address>
         <run_address>0x3ea47a</run_address>
         <size>0x9d</size>
         <input_file_ref idref="fl-4a"/>
      </object_component>
      <object_component id="oc-24c">
         <name>.text</name>
         <load_address>0x3ea517</load_address>
         <run_address>0x3ea517</run_address>
         <size>0x9c</size>
         <input_file_ref idref="fl-6c"/>
      </object_component>
      <object_component id="oc-7c">
         <name>.text</name>
         <load_address>0x3ea5b3</load_address>
         <run_address>0x3ea5b3</run_address>
         <size>0x9b</size>
         <input_file_ref idref="fl-a"/>
      </object_component>
      <object_component id="oc-c3">
         <name>.text</name>
         <load_address>0x3ea64e</load_address>
         <run_address>0x3ea64e</run_address>
         <size>0x8e</size>
         <input_file_ref idref="fl-15"/>
      </object_component>
      <object_component id="oc-19d">
         <name>.text</name>
         <load_address>0x3ea6dc</load_address>
         <run_address>0x3ea6dc</run_address>
         <size>0x8e</size>
         <input_file_ref idref="fl-47"/>
      </object_component>
      <object_component id="oc-1d0">
         <name>.text</name>
         <load_address>0x3ea76a</load_address>
         <run_address>0x3ea76a</run_address>
         <size>0x8d</size>
         <input_file_ref idref="fl-51"/>
      </object_component>
      <object_component id="oc-203">
         <name>.text</name>
         <load_address>0x3ea7f7</load_address>
         <run_address>0x3ea7f7</run_address>
         <size>0x8b</size>
         <input_file_ref idref="fl-5b"/>
      </object_component>
      <object_component id="oc-171">
         <name>.text</name>
         <load_address>0x3ea882</load_address>
         <run_address>0x3ea882</run_address>
         <size>0x87</size>
         <input_file_ref idref="fl-3e"/>
      </object_component>
      <object_component id="oc-207">
         <name>.text</name>
         <load_address>0x3ea909</load_address>
         <run_address>0x3ea909</run_address>
         <size>0x83</size>
         <input_file_ref idref="fl-5c"/>
      </object_component>
      <object_component id="oc-13e">
         <name>.text</name>
         <load_address>0x3ea98c</load_address>
         <run_address>0x3ea98c</run_address>
         <size>0x83</size>
         <input_file_ref idref="fl-33"/>
      </object_component>
      <object_component id="oc-5f">
         <name>.text</name>
         <load_address>0x3eaa0f</load_address>
         <run_address>0x3eaa0f</run_address>
         <size>0x7e</size>
         <input_file_ref idref="fl-6"/>
      </object_component>
      <object_component id="oc-136">
         <name>.text</name>
         <load_address>0x3eaa8d</load_address>
         <run_address>0x3eaa8d</run_address>
         <size>0x78</size>
         <input_file_ref idref="fl-31"/>
      </object_component>
      <object_component id="oc-17b">
         <name>.text</name>
         <load_address>0x3eab05</load_address>
         <run_address>0x3eab05</run_address>
         <size>0x78</size>
         <input_file_ref idref="fl-40"/>
      </object_component>
      <object_component id="oc-10f">
         <name>.text</name>
         <load_address>0x3eab7d</load_address>
         <run_address>0x3eab7d</run_address>
         <size>0x76</size>
         <input_file_ref idref="fl-1b"/>
      </object_component>
      <object_component id="oc-45">
         <name>.text</name>
         <load_address>0x3eabf3</load_address>
         <run_address>0x3eabf3</run_address>
         <size>0x71</size>
         <input_file_ref idref="fl-2"/>
      </object_component>
      <object_component id="oc-1b6">
         <name>.text</name>
         <load_address>0x3eac64</load_address>
         <run_address>0x3eac64</run_address>
         <size>0x6b</size>
         <input_file_ref idref="fl-4c"/>
      </object_component>
      <object_component id="oc-1c6">
         <name>.text</name>
         <load_address>0x3eaccf</load_address>
         <run_address>0x3eaccf</run_address>
         <size>0x65</size>
         <input_file_ref idref="fl-4f"/>
      </object_component>
      <object_component id="oc-1b1">
         <name>.text</name>
         <load_address>0x3ead34</load_address>
         <run_address>0x3ead34</run_address>
         <size>0x5b</size>
         <input_file_ref idref="fl-4b"/>
      </object_component>
      <object_component id="oc-142">
         <name>.text</name>
         <load_address>0x3ead8f</load_address>
         <run_address>0x3ead8f</run_address>
         <size>0x5a</size>
         <input_file_ref idref="fl-34"/>
      </object_component>
      <object_component id="oc-68">
         <name>.text:retain</name>
         <load_address>0x3eade9</load_address>
         <run_address>0x3eade9</run_address>
         <size>0x54</size>
         <input_file_ref idref="fl-7"/>
      </object_component>
      <object_component id="oc-4e">
         <name>.text:retain</name>
         <load_address>0x3eae3d</load_address>
         <run_address>0x3eae3d</run_address>
         <size>0x54</size>
         <input_file_ref idref="fl-3"/>
      </object_component>
      <object_component id="oc-1bb">
         <name>.text</name>
         <load_address>0x3eae91</load_address>
         <run_address>0x3eae91</run_address>
         <size>0x50</size>
         <input_file_ref idref="fl-4d"/>
      </object_component>
      <object_component id="oc-84">
         <name>.text:retain</name>
         <load_address>0x3eaee1</load_address>
         <run_address>0x3eaee1</run_address>
         <size>0x47</size>
         <input_file_ref idref="fl-b"/>
      </object_component>
      <object_component id="oc-44">
         <name>.text</name>
         <load_address>0x3eaf28</load_address>
         <run_address>0x3eaf28</run_address>
         <size>0x44</size>
         <input_file_ref idref="fl-2d"/>
      </object_component>
      <object_component id="oc-1cb">
         <name>.text</name>
         <load_address>0x3eaf6c</load_address>
         <run_address>0x3eaf6c</run_address>
         <size>0x3f</size>
         <input_file_ref idref="fl-50"/>
      </object_component>
      <object_component id="oc-4a">
         <name>.text</name>
         <load_address>0x3eafab</load_address>
         <run_address>0x3eafab</run_address>
         <size>0x3f</size>
         <input_file_ref idref="fl-3"/>
      </object_component>
      <object_component id="oc-220">
         <name>.text</name>
         <load_address>0x3eafea</load_address>
         <run_address>0x3eafea</run_address>
         <size>0x3d</size>
         <input_file_ref idref="fl-62"/>
      </object_component>
      <object_component id="oc-176">
         <name>.text</name>
         <load_address>0x3eb027</load_address>
         <run_address>0x3eb027</run_address>
         <size>0x32</size>
         <input_file_ref idref="fl-3f"/>
      </object_component>
      <object_component id="oc-1f8">
         <name>.text</name>
         <load_address>0x3eb059</load_address>
         <run_address>0x3eb059</run_address>
         <size>0x31</size>
         <input_file_ref idref="fl-58"/>
      </object_component>
      <object_component id="oc-239">
         <name>.text</name>
         <load_address>0x3eb08a</load_address>
         <run_address>0x3eb08a</run_address>
         <size>0x2c</size>
         <input_file_ref idref="fl-68"/>
      </object_component>
      <object_component id="oc-52">
         <name>.text</name>
         <load_address>0x3eb0b6</load_address>
         <run_address>0x3eb0b6</run_address>
         <size>0x2b</size>
         <input_file_ref idref="fl-4"/>
      </object_component>
      <object_component id="oc-1ff">
         <name>.text</name>
         <load_address>0x3eb0e1</load_address>
         <run_address>0x3eb0e1</run_address>
         <size>0x2a</size>
         <input_file_ref idref="fl-5a"/>
      </object_component>
      <object_component id="oc-15a">
         <name>.text</name>
         <load_address>0x3eb10b</load_address>
         <run_address>0x3eb10b</run_address>
         <size>0x2a</size>
         <input_file_ref idref="fl-3a"/>
      </object_component>
      <object_component id="oc-91">
         <name>.text</name>
         <load_address>0x3eb135</load_address>
         <run_address>0x3eb135</run_address>
         <size>0x29</size>
         <input_file_ref idref="fl-d"/>
      </object_component>
      <object_component id="oc-14e">
         <name>.text</name>
         <load_address>0x3eb15e</load_address>
         <run_address>0x3eb15e</run_address>
         <size>0x29</size>
         <input_file_ref idref="fl-37"/>
      </object_component>
      <object_component id="oc-be">
         <name>.text</name>
         <load_address>0x3eb187</load_address>
         <run_address>0x3eb187</run_address>
         <size>0x28</size>
         <input_file_ref idref="fl-14"/>
      </object_component>
      <object_component id="oc-b8">
         <name>.text</name>
         <load_address>0x3eb1af</load_address>
         <run_address>0x3eb1af</run_address>
         <size>0x25</size>
         <input_file_ref idref="fl-13"/>
      </object_component>
      <object_component id="oc-71">
         <name>.text:retain</name>
         <load_address>0x3eb1d4</load_address>
         <run_address>0x3eb1d4</run_address>
         <size>0x25</size>
         <input_file_ref idref="fl-8"/>
      </object_component>
      <object_component id="oc-14a">
         <name>.text</name>
         <load_address>0x3eb1f9</load_address>
         <run_address>0x3eb1f9</run_address>
         <size>0x25</size>
         <input_file_ref idref="fl-36"/>
      </object_component>
      <object_component id="oc-152">
         <name>.text</name>
         <load_address>0x3eb21e</load_address>
         <run_address>0x3eb21e</run_address>
         <size>0x22</size>
         <input_file_ref idref="fl-38"/>
      </object_component>
      <object_component id="oc-18a">
         <name>.text</name>
         <load_address>0x3eb240</load_address>
         <run_address>0x3eb240</run_address>
         <size>0x22</size>
         <input_file_ref idref="fl-43"/>
      </object_component>
      <object_component id="oc-213">
         <name>.text</name>
         <load_address>0x3eb262</load_address>
         <run_address>0x3eb262</run_address>
         <size>0x21</size>
         <input_file_ref idref="fl-5f"/>
      </object_component>
      <object_component id="oc-16c">
         <name>.text</name>
         <load_address>0x3eb283</load_address>
         <run_address>0x3eb283</run_address>
         <size>0x21</size>
         <input_file_ref idref="fl-3d"/>
      </object_component>
      <object_component id="oc-95">
         <name>.text:retain</name>
         <load_address>0x3eb2a4</load_address>
         <run_address>0x3eb2a4</run_address>
         <size>0x1f</size>
         <input_file_ref idref="fl-d"/>
      </object_component>
      <object_component id="oc-217">
         <name>.text</name>
         <load_address>0x3eb2c3</load_address>
         <run_address>0x3eb2c3</run_address>
         <size>0x1f</size>
         <input_file_ref idref="fl-60"/>
      </object_component>
      <object_component id="oc-22d">
         <name>.text</name>
         <load_address>0x3eb2e2</load_address>
         <run_address>0x3eb2e2</run_address>
         <size>0x1e</size>
         <input_file_ref idref="fl-65"/>
      </object_component>
      <object_component id="oc-225">
         <name>.text</name>
         <load_address>0x3eb300</load_address>
         <run_address>0x3eb300</run_address>
         <size>0x1c</size>
         <input_file_ref idref="fl-63"/>
      </object_component>
      <object_component id="oc-23e">
         <name>.text</name>
         <load_address>0x3eb31c</load_address>
         <run_address>0x3eb31c</run_address>
         <size>0x1c</size>
         <input_file_ref idref="fl-69"/>
      </object_component>
      <object_component id="oc-b3">
         <name>.text</name>
         <load_address>0x3eb338</load_address>
         <run_address>0x3eb338</run_address>
         <size>0x1a</size>
         <input_file_ref idref="fl-12"/>
      </object_component>
      <object_component id="oc-156">
         <name>.text</name>
         <load_address>0x3eb352</load_address>
         <run_address>0x3eb352</run_address>
         <size>0x1a</size>
         <input_file_ref idref="fl-39"/>
      </object_component>
      <object_component id="oc-c9">
         <name>.text</name>
         <load_address>0x3eb36c</load_address>
         <run_address>0x3eb36c</run_address>
         <size>0x19</size>
         <input_file_ref idref="fl-16"/>
      </object_component>
      <object_component id="oc-1a3">
         <name>.text</name>
         <load_address>0x3eb385</load_address>
         <run_address>0x3eb385</run_address>
         <size>0x19</size>
         <input_file_ref idref="fl-48"/>
      </object_component>
      <object_component id="oc-128">
         <name>.text</name>
         <load_address>0x3eb39e</load_address>
         <run_address>0x3eb39e</run_address>
         <size>0x19</size>
         <input_file_ref idref="fl-2f"/>
      </object_component>
      <object_component id="oc-229">
         <name>.text</name>
         <load_address>0x3eb3b7</load_address>
         <run_address>0x3eb3b7</run_address>
         <size>0x18</size>
         <input_file_ref idref="fl-64"/>
      </object_component>
      <object_component id="oc-13a">
         <name>.text</name>
         <load_address>0x3eb3cf</load_address>
         <run_address>0x3eb3cf</run_address>
         <size>0x17</size>
         <input_file_ref idref="fl-32"/>
      </object_component>
      <object_component id="oc-21b">
         <name>.text</name>
         <load_address>0x3eb3e6</load_address>
         <run_address>0x3eb3e6</run_address>
         <size>0x14</size>
         <input_file_ref idref="fl-61"/>
      </object_component>
      <object_component id="oc-235">
         <name>.text</name>
         <load_address>0x3eb3fa</load_address>
         <run_address>0x3eb3fa</run_address>
         <size>0x14</size>
         <input_file_ref idref="fl-67"/>
      </object_component>
      <object_component id="oc-ce">
         <name>.text</name>
         <load_address>0x3eb40e</load_address>
         <run_address>0x3eb40e</run_address>
         <size>0x13</size>
         <input_file_ref idref="fl-17"/>
      </object_component>
      <object_component id="oc-1d5">
         <name>.text</name>
         <load_address>0x3eb421</load_address>
         <run_address>0x3eb421</run_address>
         <size>0x10</size>
         <input_file_ref idref="fl-52"/>
      </object_component>
      <object_component id="oc-199">
         <name>.text</name>
         <load_address>0x3eb431</load_address>
         <run_address>0x3eb431</run_address>
         <size>0x10</size>
         <input_file_ref idref="fl-46"/>
      </object_component>
      <object_component id="oc-20f">
         <name>.text</name>
         <load_address>0x3eb441</load_address>
         <run_address>0x3eb441</run_address>
         <size>0xe</size>
         <input_file_ref idref="fl-5e"/>
      </object_component>
      <object_component id="oc-242">
         <name>.text</name>
         <load_address>0x3eb44f</load_address>
         <run_address>0x3eb44f</run_address>
         <size>0xd</size>
         <input_file_ref idref="fl-6a"/>
      </object_component>
      <object_component id="oc-247">
         <name>.text</name>
         <load_address>0x3eb45c</load_address>
         <run_address>0x3eb45c</run_address>
         <size>0xc</size>
         <input_file_ref idref="fl-6b"/>
      </object_component>
      <object_component id="oc-180">
         <name>.text</name>
         <load_address>0x3eb468</load_address>
         <run_address>0x3eb468</run_address>
         <size>0xb</size>
         <input_file_ref idref="fl-41"/>
      </object_component>
      <object_component id="oc-195">
         <name>.text</name>
         <load_address>0x3eb473</load_address>
         <run_address>0x3eb473</run_address>
         <size>0xb</size>
         <input_file_ref idref="fl-45"/>
      </object_component>
      <object_component id="oc-185">
         <name>.text</name>
         <load_address>0x3eb47e</load_address>
         <run_address>0x3eb47e</run_address>
         <size>0xa</size>
         <input_file_ref idref="fl-42"/>
      </object_component>
      <object_component id="oc-8c">
         <name>.text:retain</name>
         <load_address>0x3eb488</load_address>
         <run_address>0x3eb488</run_address>
         <size>0x9</size>
         <input_file_ref idref="fl-c"/>
      </object_component>
      <object_component id="oc-15e">
         <name>.text</name>
         <load_address>0x3eb491</load_address>
         <run_address>0x3eb491</run_address>
         <size>0x9</size>
         <input_file_ref idref="fl-3b"/>
      </object_component>
      <object_component id="oc-20b">
         <name>.text</name>
         <load_address>0x3eb49a</load_address>
         <run_address>0x3eb49a</run_address>
         <size>0x9</size>
         <input_file_ref idref="fl-5d"/>
      </object_component>
      <object_component id="oc-115">
         <name>.text</name>
         <load_address>0x3eb4a3</load_address>
         <run_address>0x3eb4a3</run_address>
         <size>0x8</size>
         <input_file_ref idref="fl-1c"/>
      </object_component>
      <object_component id="oc-1f3">
         <name>.text</name>
         <load_address>0x3eb4ab</load_address>
         <run_address>0x3eb4ab</run_address>
         <size>0x8</size>
         <input_file_ref idref="fl-57"/>
      </object_component>
      <object_component id="oc-146">
         <name>.text</name>
         <load_address>0x3eb4b3</load_address>
         <run_address>0x3eb4b3</run_address>
         <size>0x5</size>
         <input_file_ref idref="fl-35"/>
      </object_component>
      <object_component id="oc-1ee">
         <name>.text</name>
         <load_address>0x3eb4b8</load_address>
         <run_address>0x3eb4b8</run_address>
         <size>0x5</size>
         <input_file_ref idref="fl-56"/>
      </object_component>
      <object_component id="oc-1e9">
         <name>.text</name>
         <load_address>0x3eb4bd</load_address>
         <run_address>0x3eb4bd</run_address>
         <size>0x3</size>
         <input_file_ref idref="fl-55"/>
      </object_component>
      <object_component id="oc-116">
         <name>codestart</name>
         <load_address>0x3f7ff6</load_address>
         <run_address>0x3f7ff6</run_address>
         <size>0x2</size>
         <input_file_ref idref="fl-1c"/>
      </object_component>
      <object_component id="oc-af">
         <name>ramfuncs</name>
         <load_address>0x3f5000</load_address>
         <run_address>0x8000</run_address>
         <size>0x1b</size>
         <input_file_ref idref="fl-11"/>
      </object_component>
      <object_component id="oc-a9">
         <name>ramfuncs</name>
         <load_address>0x3f501b</load_address>
         <run_address>0x801b</run_address>
         <size>0x4</size>
         <input_file_ref idref="fl-10"/>
      </object_component>
      <object_component id="oc-11f">
         <name>.stack</name>
         <uninitialized>true</uninitialized>
         <run_address>0x50</run_address>
         <size>0x0</size>
         <input_file_ref idref="fl-2d"/>
      </object_component>
      <object_component id="oc-29e">
         <name>.stack</name>
         <uninitialized>true</uninitialized>
         <run_address>0x50</run_address>
         <size>0x0</size>
      </object_component>
      <object_component id="oc-4d">
         <name>.ebss</name>
         <uninitialized>true</uninitialized>
         <run_address>0x370</run_address>
         <size>0x4</size>
         <input_file_ref idref="fl-3"/>
      </object_component>
      <object_component id="oc-5a">
         <name>.ebss</name>
         <uninitialized>true</uninitialized>
         <run_address>0x380</run_address>
         <size>0x5a</size>
         <input_file_ref idref="fl-5"/>
      </object_component>
      <object_component id="oc-67">
         <name>.ebss</name>
         <uninitialized>true</uninitialized>
         <run_address>0x400</run_address>
         <size>0x18</size>
         <input_file_ref idref="fl-7"/>
      </object_component>
      <object_component id="oc-70">
         <name>.ebss</name>
         <uninitialized>true</uninitialized>
         <run_address>0x3da</run_address>
         <size>0x22</size>
         <input_file_ref idref="fl-8"/>
      </object_component>
      <object_component id="oc-78">
         <name>.ebss</name>
         <uninitialized>true</uninitialized>
         <run_address>0x374</run_address>
         <size>0x3</size>
         <input_file_ref idref="fl-9"/>
      </object_component>
      <object_component id="oc-83">
         <name>.ebss</name>
         <uninitialized>true</uninitialized>
         <run_address>0x214</run_address>
         <size>0x24</size>
         <input_file_ref idref="fl-b"/>
      </object_component>
      <object_component id="oc-8b">
         <name>.ebss</name>
         <uninitialized>true</uninitialized>
         <run_address>0x300</run_address>
         <size>0x70</size>
         <input_file_ref idref="fl-c"/>
      </object_component>
      <object_component id="oc-94">
         <name>.ebss</name>
         <uninitialized>true</uninitialized>
         <run_address>0x213</run_address>
         <size>0x1</size>
         <input_file_ref idref="fl-d"/>
      </object_component>
      <object_component id="oc-9c">
         <name>.ebss</name>
         <uninitialized>true</uninitialized>
         <run_address>0x2c8</run_address>
         <size>0x2e</size>
         <input_file_ref idref="fl-e"/>
      </object_component>
      <object_component id="oc-a3">
         <name>.ebss</name>
         <uninitialized>true</uninitialized>
         <run_address>0x180</run_address>
         <size>0x93</size>
         <input_file_ref idref="fl-f"/>
      </object_component>
      <object_component id="oc-c5">
         <name>.ebss</name>
         <uninitialized>true</uninitialized>
         <run_address>0x2fe</run_address>
         <size>0x2</size>
         <input_file_ref idref="fl-15"/>
      </object_component>
      <object_component id="oc-111">
         <name>.ebss</name>
         <uninitialized>true</uninitialized>
         <run_address>0x160</run_address>
         <size>0x18</size>
         <input_file_ref idref="fl-1b"/>
      </object_component>
      <object_component id="oc-126">
         <name>.ebss</name>
         <uninitialized>true</uninitialized>
         <run_address>0x0</run_address>
         <size>0x160</size>
         <input_file_ref idref="fl-2e"/>
      </object_component>
      <object_component id="oc-12b">
         <name>.ebss</name>
         <uninitialized>true</uninitialized>
         <run_address>0x2fa</run_address>
         <size>0x4</size>
         <input_file_ref idref="fl-2f"/>
      </object_component>
      <object_component id="oc-132">
         <name>.ebss</name>
         <uninitialized>true</uninitialized>
         <run_address>0x378</run_address>
         <size>0x1</size>
         <input_file_ref idref="fl-30"/>
      </object_component>
      <object_component id="oc-161">
         <name>.ebss</name>
         <uninitialized>true</uninitialized>
         <run_address>0x2f6</run_address>
         <size>0x4</size>
         <input_file_ref idref="fl-3b"/>
      </object_component>
      <object_component id="oc-168">
         <name>.ebss</name>
         <uninitialized>true</uninitialized>
         <run_address>0x240</run_address>
         <size>0x88</size>
         <input_file_ref idref="fl-3c"/>
      </object_component>
      <object_component id="oc-191">
         <name>.ebss</name>
         <uninitialized>true</uninitialized>
         <run_address>0x238</run_address>
         <size>0x8</size>
         <input_file_ref idref="fl-44"/>
      </object_component>
      <object_component id="oc-1aa">
         <name>.ebss</name>
         <uninitialized>true</uninitialized>
         <run_address>0x377</run_address>
         <size>0x1</size>
         <input_file_ref idref="fl-49"/>
      </object_component>
      <object_component id="oc-1dd">
         <name>.ebss</name>
         <uninitialized>true</uninitialized>
         <run_address>0x178</run_address>
         <size>0x8</size>
         <input_file_ref idref="fl-53"/>
      </object_component>
      <object_component id="oc-250">
         <name>.econst:.string:__ctypes_</name>
         <load_address>0x3eb4c0</load_address>
         <run_address>0x3eb4c0</run_address>
         <size>0x101</size>
         <input_file_ref idref="fl-59"/>
      </object_component>
      <object_component id="oc-ba">
         <name>.econst</name>
         <load_address>0x3eb5c2</load_address>
         <run_address>0x3eb5c2</run_address>
         <size>0x100</size>
         <input_file_ref idref="fl-13"/>
      </object_component>
      <object_component id="oc-69">
         <name>.econst:.string</name>
         <load_address>0x3eb6c2</load_address>
         <run_address>0x3eb6c2</run_address>
         <size>0xf4</size>
         <input_file_ref idref="fl-7"/>
      </object_component>
      <object_component id="oc-a5">
         <name>.econst:.string</name>
         <load_address>0x3eb7b6</load_address>
         <run_address>0x3eb7b6</run_address>
         <size>0xdb</size>
         <input_file_ref idref="fl-f"/>
      </object_component>
      <object_component id="oc-5b">
         <name>.econst:.string</name>
         <load_address>0x3eb892</load_address>
         <run_address>0x3eb892</run_address>
         <size>0x4d</size>
         <input_file_ref idref="fl-5"/>
      </object_component>
      <object_component id="oc-8d">
         <name>.econst:.string</name>
         <load_address>0x3eb8e0</load_address>
         <run_address>0x3eb8e0</run_address>
         <size>0x24</size>
         <input_file_ref idref="fl-c"/>
      </object_component>
      <object_component id="oc-1e5">
         <name>.econst:.string</name>
         <load_address>0x3eb904</load_address>
         <run_address>0x3eb904</run_address>
         <size>0x24</size>
         <input_file_ref idref="fl-54"/>
      </object_component>
      <object_component id="oc-1e4">
         <name>.econst</name>
         <load_address>0x3eb928</load_address>
         <run_address>0x3eb928</run_address>
         <size>0x18</size>
         <input_file_ref idref="fl-54"/>
      </object_component>
      <object_component id="oc-1c2">
         <name>.econst:.string</name>
         <load_address>0x3eb940</load_address>
         <run_address>0x3eb940</run_address>
         <size>0x2</size>
         <input_file_ref idref="fl-4e"/>
      </object_component>
      <object_component id="oc-120">
         <name>.reset</name>
         <load_address>0x3fffc0</load_address>
         <run_address>0x3fffc0</run_address>
         <size>0x2</size>
         <input_file_ref idref="fl-2d"/>
      </object_component>
      <object_component id="oc-46">
         <name>.debug_info</name>
         <load_address>0x0</load_address>
         <run_address>0x0</run_address>
         <size>0x4222</size>
         <input_file_ref idref="fl-2"/>
      </object_component>
      <object_component id="oc-4b">
         <name>.debug_info</name>
         <load_address>0x4222</load_address>
         <run_address>0x4222</run_address>
         <size>0x2507</size>
         <input_file_ref idref="fl-3"/>
      </object_component>
      <object_component id="oc-53">
         <name>.debug_info</name>
         <load_address>0x6729</load_address>
         <run_address>0x6729</run_address>
         <size>0x16ff</size>
         <input_file_ref idref="fl-4"/>
      </object_component>
      <object_component id="oc-58">
         <name>.debug_info</name>
         <load_address>0x7e28</load_address>
         <run_address>0x7e28</run_address>
         <size>0x1598</size>
         <input_file_ref idref="fl-5"/>
      </object_component>
      <object_component id="oc-60">
         <name>.debug_info</name>
         <load_address>0x93c0</load_address>
         <run_address>0x93c0</run_address>
         <size>0x22e6</size>
         <input_file_ref idref="fl-6"/>
      </object_component>
      <object_component id="oc-65">
         <name>.debug_info</name>
         <load_address>0xb6a6</load_address>
         <run_address>0xb6a6</run_address>
         <size>0x301c</size>
         <input_file_ref idref="fl-7"/>
      </object_component>
      <object_component id="oc-6e">
         <name>.debug_info</name>
         <load_address>0xe6c2</load_address>
         <run_address>0xe6c2</run_address>
         <size>0x359e</size>
         <input_file_ref idref="fl-8"/>
      </object_component>
      <object_component id="oc-76">
         <name>.debug_info</name>
         <load_address>0x11c60</load_address>
         <run_address>0x11c60</run_address>
         <size>0x3f22</size>
         <input_file_ref idref="fl-9"/>
      </object_component>
      <object_component id="oc-7d">
         <name>.debug_info</name>
         <load_address>0x15b82</load_address>
         <run_address>0x15b82</run_address>
         <size>0x176f</size>
         <input_file_ref idref="fl-a"/>
      </object_component>
      <object_component id="oc-82">
         <name>.debug_info</name>
         <load_address>0x172f1</load_address>
         <run_address>0x172f1</run_address>
         <size>0x3467</size>
         <input_file_ref idref="fl-b"/>
      </object_component>
      <object_component id="oc-89">
         <name>.debug_info</name>
         <load_address>0x1a758</load_address>
         <run_address>0x1a758</run_address>
         <size>0x3bef</size>
         <input_file_ref idref="fl-c"/>
      </object_component>
      <object_component id="oc-92">
         <name>.debug_info</name>
         <load_address>0x1e347</load_address>
         <run_address>0x1e347</run_address>
         <size>0x4e2e</size>
         <input_file_ref idref="fl-d"/>
      </object_component>
      <object_component id="oc-9a">
         <name>.debug_info</name>
         <load_address>0x23175</load_address>
         <run_address>0x23175</run_address>
         <size>0x6a0</size>
         <input_file_ref idref="fl-e"/>
      </object_component>
      <object_component id="oc-a1">
         <name>.debug_info</name>
         <load_address>0x23815</load_address>
         <run_address>0x23815</run_address>
         <size>0x7ae7</size>
         <input_file_ref idref="fl-f"/>
      </object_component>
      <object_component id="oc-aa">
         <name>.debug_info</name>
         <load_address>0x2b2fc</load_address>
         <run_address>0x2b2fc</run_address>
         <size>0x182</size>
         <input_file_ref idref="fl-10"/>
      </object_component>
      <object_component id="oc-ae">
         <name>.debug_info</name>
         <load_address>0x2b47e</load_address>
         <run_address>0x2b47e</run_address>
         <size>0x2533</size>
         <input_file_ref idref="fl-11"/>
      </object_component>
      <object_component id="oc-b4">
         <name>.debug_info</name>
         <load_address>0x2d9b1</load_address>
         <run_address>0x2d9b1</run_address>
         <size>0x1738</size>
         <input_file_ref idref="fl-12"/>
      </object_component>
      <object_component id="oc-b9">
         <name>.debug_info</name>
         <load_address>0x2f0e9</load_address>
         <run_address>0x2f0e9</run_address>
         <size>0x2290</size>
         <input_file_ref idref="fl-13"/>
      </object_component>
      <object_component id="oc-bf">
         <name>.debug_info</name>
         <load_address>0x31379</load_address>
         <run_address>0x31379</run_address>
         <size>0xbd2</size>
         <input_file_ref idref="fl-14"/>
      </object_component>
      <object_component id="oc-c4">
         <name>.debug_info</name>
         <load_address>0x31f4b</load_address>
         <run_address>0x31f4b</run_address>
         <size>0x3980</size>
         <input_file_ref idref="fl-15"/>
      </object_component>
      <object_component id="oc-ca">
         <name>.debug_info</name>
         <load_address>0x358cb</load_address>
         <run_address>0x358cb</run_address>
         <size>0x1647</size>
         <input_file_ref idref="fl-16"/>
      </object_component>
      <object_component id="oc-cf">
         <name>.debug_info</name>
         <load_address>0x36f12</load_address>
         <run_address>0x36f12</run_address>
         <size>0x1571</size>
         <input_file_ref idref="fl-17"/>
      </object_component>
      <object_component id="oc-d3">
         <name>.debug_info</name>
         <load_address>0x38483</load_address>
         <run_address>0x38483</run_address>
         <size>0x13a42</size>
         <input_file_ref idref="fl-18"/>
      </object_component>
      <object_component id="oc-106">
         <name>.debug_info</name>
         <load_address>0x4bec5</load_address>
         <run_address>0x4bec5</run_address>
         <size>0x1ecf</size>
         <input_file_ref idref="fl-19"/>
      </object_component>
      <object_component id="oc-10a">
         <name>.debug_info</name>
         <load_address>0x4dd94</load_address>
         <run_address>0x4dd94</run_address>
         <size>0x472a</size>
         <input_file_ref idref="fl-1a"/>
      </object_component>
      <object_component id="oc-110">
         <name>.debug_info</name>
         <load_address>0x524be</load_address>
         <run_address>0x524be</run_address>
         <size>0xa36</size>
         <input_file_ref idref="fl-1b"/>
      </object_component>
      <object_component id="oc-117">
         <name>.debug_info</name>
         <load_address>0x52ef4</load_address>
         <run_address>0x52ef4</run_address>
         <size>0x203</size>
         <input_file_ref idref="fl-1c"/>
      </object_component>
      <object_component id="oc-11b">
         <name>.debug_info</name>
         <load_address>0x530f7</load_address>
         <run_address>0x530f7</run_address>
         <size>0x4471</size>
         <input_file_ref idref="fl-1d"/>
      </object_component>
      <object_component id="oc-121">
         <name>.debug_info</name>
         <load_address>0x57568</load_address>
         <run_address>0x57568</run_address>
         <size>0xde</size>
         <input_file_ref idref="fl-2d"/>
      </object_component>
      <object_component id="oc-124">
         <name>.debug_info</name>
         <load_address>0x57646</load_address>
         <run_address>0x57646</run_address>
         <size>0x3a7</size>
         <input_file_ref idref="fl-2e"/>
      </object_component>
      <object_component id="oc-129">
         <name>.debug_info</name>
         <load_address>0x579ed</load_address>
         <run_address>0x579ed</run_address>
         <size>0x3d6</size>
         <input_file_ref idref="fl-2f"/>
      </object_component>
      <object_component id="oc-130">
         <name>.debug_info</name>
         <load_address>0x57dc3</load_address>
         <run_address>0x57dc3</run_address>
         <size>0x850</size>
         <input_file_ref idref="fl-30"/>
      </object_component>
      <object_component id="oc-137">
         <name>.debug_info</name>
         <load_address>0x58613</load_address>
         <run_address>0x58613</run_address>
         <size>0xc0</size>
         <input_file_ref idref="fl-31"/>
      </object_component>
      <object_component id="oc-13b">
         <name>.debug_info</name>
         <load_address>0x586d3</load_address>
         <run_address>0x586d3</run_address>
         <size>0xc0</size>
         <input_file_ref idref="fl-32"/>
      </object_component>
      <object_component id="oc-13f">
         <name>.debug_info</name>
         <load_address>0x58793</load_address>
         <run_address>0x58793</run_address>
         <size>0xc0</size>
         <input_file_ref idref="fl-33"/>
      </object_component>
      <object_component id="oc-143">
         <name>.debug_info</name>
         <load_address>0x58853</load_address>
         <run_address>0x58853</run_address>
         <size>0xc0</size>
         <input_file_ref idref="fl-34"/>
      </object_component>
      <object_component id="oc-147">
         <name>.debug_info</name>
         <load_address>0x58913</load_address>
         <run_address>0x58913</run_address>
         <size>0xc0</size>
         <input_file_ref idref="fl-35"/>
      </object_component>
      <object_component id="oc-14b">
         <name>.debug_info</name>
         <load_address>0x589d3</load_address>
         <run_address>0x589d3</run_address>
         <size>0xcc</size>
         <input_file_ref idref="fl-36"/>
      </object_component>
      <object_component id="oc-14f">
         <name>.debug_info</name>
         <load_address>0x58a9f</load_address>
         <run_address>0x58a9f</run_address>
         <size>0xcc</size>
         <input_file_ref idref="fl-37"/>
      </object_component>
      <object_component id="oc-153">
         <name>.debug_info</name>
         <load_address>0x58b6b</load_address>
         <run_address>0x58b6b</run_address>
         <size>0xeb</size>
         <input_file_ref idref="fl-38"/>
      </object_component>
      <object_component id="oc-157">
         <name>.debug_info</name>
         <load_address>0x58c56</load_address>
         <run_address>0x58c56</run_address>
         <size>0xc6</size>
         <input_file_ref idref="fl-39"/>
      </object_component>
      <object_component id="oc-15b">
         <name>.debug_info</name>
         <load_address>0x58d1c</load_address>
         <run_address>0x58d1c</run_address>
         <size>0x14b</size>
         <input_file_ref idref="fl-3a"/>
      </object_component>
      <object_component id="oc-15f">
         <name>.debug_info</name>
         <load_address>0x58e67</load_address>
         <run_address>0x58e67</run_address>
         <size>0x3fc</size>
         <input_file_ref idref="fl-3b"/>
      </object_component>
      <object_component id="oc-166">
         <name>.debug_info</name>
         <load_address>0x59263</load_address>
         <run_address>0x59263</run_address>
         <size>0x1254</size>
         <input_file_ref idref="fl-3c"/>
      </object_component>
      <object_component id="oc-16d">
         <name>.debug_info</name>
         <load_address>0x5a4b7</load_address>
         <run_address>0x5a4b7</run_address>
         <size>0x3a3</size>
         <input_file_ref idref="fl-3d"/>
      </object_component>
      <object_component id="oc-172">
         <name>.debug_info</name>
         <load_address>0x5a85a</load_address>
         <run_address>0x5a85a</run_address>
         <size>0x44d</size>
         <input_file_ref idref="fl-3e"/>
      </object_component>
      <object_component id="oc-177">
         <name>.debug_info</name>
         <load_address>0x5aca7</load_address>
         <run_address>0x5aca7</run_address>
         <size>0x630</size>
         <input_file_ref idref="fl-3f"/>
      </object_component>
      <object_component id="oc-17c">
         <name>.debug_info</name>
         <load_address>0x5b2d7</load_address>
[...]
         <object_component_ref idref="oc-11a"/>
      </symbol>
      <symbol id="sm-485">
         <name>_InitAdcAio</name>
         <value>0x3e8ef4</value>
         <object_component_ref idref="oc-11a"/>
      </symbol>
      <symbol id="sm-486">
         <name>_AdcOffsetSelfCal</name>
         <value>0x3e8f16</value>
         <object_component_ref idref="oc-11a"/>
      </symbol>
      <symbol id="sm-487">
         <name>_AdcChanSelect</name>
         <value>0x3e8f3d</value>
         <object_component_ref idref="oc-11a"/>
      </symbol>
      <symbol id="sm-488">
         <name>_AdcConversion</name>
         <value>0x3e8fb2</value>
         <object_component_ref idref="oc-11a"/>
      </symbol>
      <symbol id="sm-49c">
         <name>_c_int00</name>
         <value>0x3eaf28</value>
         <object_component_ref idref="oc-44"/>
      </symbol>
      <symbol id="sm-49d">
         <name>__stack</name>
         <value>0x50</value>
         <object_component_ref idref="oc-11f"/>
      </symbol>
      <symbol id="sm-4a7">
         <name>___TI_ft_end</name>
         <value>0x0</value>
         <object_component_ref idref="oc-126"/>
      </symbol>
      <symbol id="sm-4a8">
         <name>___TI_tmpnams</name>
         <value>0xc0</value>
         <object_component_ref idref="oc-126"/>
      </symbol>
      <symbol id="sm-4a9">
         <name>__ftable</name>
         <value>0x40</value>
         <object_component_ref idref="oc-126"/>
      </symbol>
      <symbol id="sm-4ba">
         <name>C$$EXIT</name>
         <value>0x3eb39e</value>
         <object_component_ref idref="oc-128"/>
      </symbol>
      <symbol id="sm-4bb">
         <name>_exit</name>
         <value>0x3eb3a0</value>
         <object_component_ref idref="oc-128"/>
      </symbol>
      <symbol id="sm-4bc">
         <name>___TI_cleanup_ptr</name>
         <value>0x2fa</value>
         <object_component_ref idref="oc-12b"/>
      </symbol>
      <symbol id="sm-4bd">
         <name>_abort</name>
         <value>0x3eb39e</value>
         <object_component_ref idref="oc-128"/>
      </symbol>
      <symbol id="sm-4be">
         <name>___TI_dtors_ptr</name>
         <value>0x2fc</value>
         <object_component_ref idref="oc-12b"/>
      </symbol>
      <symbol id="sm-4f1">
         <name>_fopen</name>
         <value>0x3e9f93</value>
         <object_component_ref idref="oc-12f"/>
      </symbol>
      <symbol id="sm-4f2">
         <name>___TI_cleanup</name>
         <value>0x3e9f26</value>
         <object_component_ref idref="oc-12f"/>
      </symbol>
      <symbol id="sm-4f3">
         <name>_freopen</name>
         <value>0x3e9f43</value>
         <object_component_ref idref="oc-12f"/>
      </symbol>
      <symbol id="sm-509">
         <name>FS$$ADD</name>
         <value>0x3eaa92</value>
         <object_component_ref idref="oc-136"/>
      </symbol>
      <symbol id="sm-50a">
         <name>FS$$SUB</name>
         <value>0x3eaa8d</value>
         <object_component_ref idref="oc-136"/>
      </symbol>
      <symbol id="sm-518">
         <name>FS$$CMP</name>
         <value>0x3eb3cf</value>
         <object_component_ref idref="oc-13a"/>
      </symbol>
      <symbol id="sm-525">
         <name>FS$$DIV</name>
         <value>0x3ea98c</value>
         <object_component_ref idref="oc-13e"/>
      </symbol>
      <symbol id="sm-532">
         <name>FS$$MPY</name>
         <value>0x3ead8f</value>
         <object_component_ref idref="oc-142"/>
      </symbol>
      <symbol id="sm-53b">
         <name>FS$$NEG</name>
         <value>0x3eb4b3</value>
         <object_component_ref idref="oc-146"/>
      </symbol>
      <symbol id="sm-548">
         <name>FS$$TOI</name>
         <value>0x3eb1f9</value>
         <object_component_ref idref="oc-14a"/>
      </symbol>
      <symbol id="sm-557">
         <name>FS$$TOL</name>
         <value>0x3eb15e</value>
         <object_component_ref idref="oc-14e"/>
      </symbol>
      <symbol id="sm-561">
         <name>I$$MOD</name>
         <value>0x3eb22f</value>
         <object_component_ref idref="oc-152"/>
      </symbol>
      <symbol id="sm-562">
         <name>I$$DIV</name>
         <value>0x3eb21e</value>
         <object_component_ref idref="oc-152"/>
      </symbol>
      <symbol id="sm-56d">
         <name>I$$TOFS</name>
         <value>0x3eb352</value>
         <object_component_ref idref="oc-156"/>
      </symbol>
      <symbol id="sm-575">
         <name>UL$$MOD</name>
         <value>0x3eb12f</value>
         <object_component_ref idref="oc-15a"/>
      </symbol>
      <symbol id="sm-576">
         <name>L$$MOD</name>
         <value>0x3eb11a</value>
         <object_component_ref idref="oc-15a"/>
      </symbol>
      <symbol id="sm-577">
         <name>L$$DIV</name>
         <value>0x3eb10b</value>
         <object_component_ref idref="oc-15a"/>
      </symbol>
      <symbol id="sm-578">
         <name>UL$$DIV</name>
         <value>0x3eb128</value>
         <object_component_ref idref="oc-15a"/>
      </symbol>
      <symbol id="sm-586">
         <name>__unlock</name>
         <value>0x2f6</value>
         <object_component_ref idref="oc-161"/>
      </symbol>
      <symbol id="sm-587">
         <name>__lock</name>
         <value>0x2f8</value>
         <object_component_ref idref="oc-161"/>
      </symbol>
      <symbol id="sm-588">
         <name>__register_lock</name>
         <value>0x3eb495</value>
         <object_component_ref idref="oc-15e"/>
      </symbol>
      <symbol id="sm-589">
         <name>__nop</name>
         <value>0x3eb499</value>
         <object_component_ref idref="oc-15e"/>
      </symbol>
      <symbol id="sm-58a">
         <name>__register_unlock</name>
         <value>0x3eb491</value>
         <object_component_ref idref="oc-15e"/>
      </symbol>
      <symbol id="sm-5bf">
         <name>_add_device</name>
         <value>0x3e926e</value>
         <object_component_ref idref="oc-165"/>
      </symbol>
      <symbol id="sm-5c0">
         <name>_rename</name>
         <value>0x3e9157</value>
         <object_component_ref idref="oc-165"/>
      </symbol>
      <symbol id="sm-5c1">
         <name>_read</name>
         <value>0x3e919a</value>
         <object_component_ref idref="oc-165"/>
      </symbol>
      <symbol id="sm-5c2">
         <name>_unlink</name>
         <value>0x3e913f</value>
         <object_component_ref idref="oc-165"/>
      </symbol>
      <symbol id="sm-5c3">
         <name>_remove_device</name>
         <value>0x3e9180</value>
         <object_component_ref idref="oc-165"/>
      </symbol>
      <symbol id="sm-5c4">
         <name>_open</name>
         <value>0x3e91b2</value>
         <object_component_ref idref="oc-165"/>
      </symbol>
      <symbol id="sm-5c5">
         <name>_lseek</name>
         <value>0x3e9224</value>
         <object_component_ref idref="oc-165"/>
      </symbol>
      <symbol id="sm-5c6">
         <name>_close</name>
         <value>0x3e923c</value>
         <object_component_ref idref="oc-165"/>
      </symbol>
      <symbol id="sm-5c7">
         <name>_write</name>
         <value>0x3e90d9</value>
         <object_component_ref idref="oc-165"/>
      </symbol>
      <symbol id="sm-5d6">
         <name>___memcpy_ff</name>
         <value>0x3eb283</value>
         <object_component_ref idref="oc-16c"/>
      </symbol>
      <symbol id="sm-5e9">
         <name>_pow</name>
         <value>0x3ea882</value>
         <object_component_ref idref="oc-171"/>
      </symbol>
      <symbol id="sm-5f7">
         <name>_printf</name>
         <value>0x3eb02d</value>
         <object_component_ref idref="oc-176"/>
      </symbol>
      <symbol id="sm-60c">
         <name>_setvbuf</name>
         <value>0x3eab05</value>
         <object_component_ref idref="oc-17b"/>
      </symbol>
      <symbol id="sm-619">
         <name>_strchr</name>
         <value>0x3eb468</value>
         <object_component_ref idref="oc-180"/>
      </symbol>
      <symbol id="sm-625">
         <name>_strcmp</name>
         <value>0x3eb47e</value>
         <object_component_ref idref="oc-185"/>
      </symbol>
      <symbol id="sm-633">
         <name>_strncpy</name>
         <value>0x3eb240</value>
         <object_component_ref idref="oc-18a"/>
      </symbol>
      <symbol id="sm-644">
         <name>_HOSTopen</name>
         <value>0x3e93d3</value>
         <object_component_ref idref="oc-18f"/>
      </symbol>
      <symbol id="sm-645">
         <name>_HOSTread</name>
         <value>0x3e939d</value>
         <object_component_ref idref="oc-18f"/>
      </symbol>
      <symbol id="sm-646">
         <name>_HOSTgetenv</name>
         <value>0x3e9451</value>
         <object_component_ref idref="oc-18f"/>
      </symbol>
      <symbol id="sm-647">
         <name>_HOSTtime</name>
         <value>0x3e9335</value>
         <object_component_ref idref="oc-18f"/>
      </symbol>
      <symbol id="sm-648">
         <name>_HOSTrename</name>
         <value>0x3e935f</value>
         <object_component_ref idref="oc-18f"/>
      </symbol>
      <symbol id="sm-649">
         <name>_HOSTclock</name>
         <value>0x3e94a0</value>
         <object_component_ref idref="oc-18f"/>
      </symbol>
      <symbol id="sm-64a">
         <name>_HOSTwrite</name>
         <value>0x3e92da</value>
         <object_component_ref idref="oc-18f"/>
      </symbol>
      <symbol id="sm-64b">
         <name>_HOSTlseek</name>
         <value>0x3e940a</value>
         <object_component_ref idref="oc-18f"/>
      </symbol>
      <symbol id="sm-64c">
         <name>_HOSTunlink</name>
         <value>0x3e9310</value>
         <object_component_ref idref="oc-18f"/>
      </symbol>
      <symbol id="sm-64d">
         <name>_HOSTclose</name>
         <value>0x3e9479</value>
         <object_component_ref idref="oc-18f"/>
      </symbol>
      <symbol id="sm-655">
         <name>U$$MOD</name>
         <value>0x3eb478</value>
         <object_component_ref idref="oc-195"/>
      </symbol>
      <symbol id="sm-656">
         <name>U$$DIV</name>
         <value>0x3eb473</value>
         <object_component_ref idref="oc-195"/>
      </symbol>
      <symbol id="sm-660">
         <name>U$$TOFS</name>
         <value>0x3eb431</value>
         <object_component_ref idref="oc-199"/>
      </symbol>
      <symbol id="sm-676">
         <name>___TI_readmsg</name>
         <value>0x3ea730</value>
         <object_component_ref idref="oc-19d"/>
      </symbol>
      <symbol id="sm-677">
         <name>C$$IO$$</name>
         <value>0x3ea72c</value>
         <object_component_ref idref="oc-19d"/>
      </symbol>
      <symbol id="sm-678">
         <name>__CIOBUF_</name>
         <value>0x8c00</value>
         <object_component_ref idref="oc-19f"/>
      </symbol>
      <symbol id="sm-679">
         <name>___TI_writemsg</name>
         <value>0x3ea6dc</value>
         <object_component_ref idref="oc-19d"/>
      </symbol>
      <symbol id="sm-685">
         <name>__args_main</name>
         <value>0x3eb385</value>
         <object_component_ref idref="oc-1a3"/>
      </symbol>
      <symbol id="sm-686">
         <name>__TI_args_main</name>
         <value>0x1</value>
      </symbol>
      <symbol id="sm-690">
         <name>_errno</name>
         <value>0x377</value>
         <object_component_ref idref="oc-1aa"/>
      </symbol>
      <symbol id="sm-69e">
         <name>_exp</name>
         <value>0x3ea47a</value>
         <object_component_ref idref="oc-1ac"/>
      </symbol>
      <symbol id="sm-6ad">
         <name>___TI_closefile</name>
         <value>0x3ead34</value>
         <object_component_ref idref="oc-1b1"/>
      </symbol>
      <symbol id="sm-6ae">
         <name>_fclose</name>
         <value>0x3ead76</value>
         <object_component_ref idref="oc-1b1"/>
      </symbol>
      <symbol id="sm-6c1">
         <name>___TI_doflush</name>
         <value>0x3eac64</value>
         <object_component_ref idref="oc-1b6"/>
      </symbol>
      <symbol id="sm-6c2">
         <name>_fflush</name>
         <value>0x3eac93</value>
         <object_component_ref idref="oc-1b6"/>
      </symbol>
      <symbol id="sm-6d2">
         <name>_putchar</name>
         <value>0x3eaedc</value>
         <object_component_ref idref="oc-1bb"/>
      </symbol>
      <symbol id="sm-6d3">
         <name>_putc</name>
         <value>0x3eae91</value>
         <object_component_ref idref="oc-1bb"/>
      </symbol>
      <symbol id="sm-6d4">
         <name>_fputc</name>
         <value>0x3eae91</value>
         <object_component_ref idref="oc-1bb"/>
      </symbol>
      <symbol id="sm-6ee">
         <name>_puts</name>
         <value>0x3ea468</value>
         <object_component_ref idref="oc-1c0"/>
      </symbol>
      <symbol id="sm-6ef">
         <name>_fputs</name>
         <value>0x3ea3d5</value>
         <object_component_ref idref="oc-1c0"/>
      </symbol>
      <symbol id="sm-704">
         <name>___TI_rd_ok</name>
         <value>0x3ead09</value>
         <object_component_ref idref="oc-1c6"/>
      </symbol>
      <symbol id="sm-705">
         <name>___TI_wrt_ok</name>
         <value>0x3eaccf</value>
         <object_component_ref idref="oc-1c6"/>
      </symbol>
      <symbol id="sm-714">
         <name>_ldexp</name>
         <value>0x3eaf6c</value>
         <object_component_ref idref="oc-1cb"/>
      </symbol>
      <symbol id="sm-720">
         <name>__log</name>
         <value>0x3ea76a</value>
         <object_component_ref idref="oc-1d0"/>
      </symbol>
      <symbol id="sm-72d">
         <name>_memchr</name>
         <value>0x3eb421</value>
         <object_component_ref idref="oc-1d5"/>
      </symbol>
      <symbol id="sm-773">
         <name>__sys_memory</name>
         <value>0x400</value>
         <object_component_ref idref="oc-1de"/>
      </symbol>
      <symbol id="sm-774">
         <name>_chkheap</name>
         <value>0x3e9842</value>
         <object_component_ref idref="oc-1da"/>
      </symbol>
      <symbol id="sm-775">
         <name>_realloc</name>
         <value>0x3e9756</value>
         <object_component_ref idref="oc-1da"/>
      </symbol>
      <symbol id="sm-776">
         <name>_free_memory</name>
         <value>0x3e9826</value>
         <object_component_ref idref="oc-1da"/>
      </symbol>
      <symbol id="sm-777">
         <name>_max_free</name>
         <value>0x3e9806</value>
         <object_component_ref idref="oc-1da"/>
      </symbol>
      <symbol id="sm-778">
         <name>_free</name>
         <value>0x3e9694</value>
         <object_component_ref idref="oc-1da"/>
      </symbol>
      <symbol id="sm-779">
         <name>_calloc</name>
         <value>0x3e9844</value>
         <object_component_ref idref="oc-1da"/>
      </symbol>
      <symbol id="sm-77a">
         <name>_malloc</name>
         <value>0x3e96fd</value>
         <object_component_ref idref="oc-1da"/>
      </symbol>
      <symbol id="sm-77b">
         <name>_minit</name>
         <value>0x3e96d9</value>
         <object_component_ref idref="oc-1da"/>
      </symbol>
      <symbol id="sm-883">
         <name>___TI_printfi</name>
         <value>0x3e880f</value>
         <object_component_ref idref="oc-1e2"/>
      </symbol>
      <symbol id="sm-88d">
         <name>_remove</name>
         <value>0x3eb4bd</value>
         <object_component_ref idref="oc-1e9"/>
      </symbol>
      <symbol id="sm-898">
         <name>_strcpy</name>
         <value>0x3eb4b8</value>
         <object_component_ref idref="oc-1ee"/>
      </symbol>
      <symbol id="sm-8a3">
         <name>_strlen</name>
         <value>0x3eb4ab</value>
         <object_component_ref idref="oc-1f3"/>
      </symbol>
      <symbol id="sm-8b4">
         <name>_atoi</name>
         <value>0x3eb059</value>
         <object_component_ref idref="oc-1f8"/>
      </symbol>
      <symbol id="sm-8bc">
         <name>__ctypes_</name>
         <value>0x3eb4c0</value>
         <object_component_ref idref="oc-250"/>
      </symbol>
      <symbol id="sm-8c8">
         <name>FD$$CMP</name>
         <value>0x3eb0e1</value>
         <object_component_ref idref="oc-1ff"/>
      </symbol>
      <symbol id="sm-8db">
         <name>FD$$DIV</name>
         <value>0x3ea7f7</value>
         <object_component_ref idref="oc-203"/>
      </symbol>
      <symbol id="sm-8e9">
         <name>FD$$MPY</name>
         <value>0x3ea909</value>
         <object_component_ref idref="oc-207"/>
      </symbol>
      <symbol id="sm-8f2">
         <name>FD$$NEG</name>
         <value>0x3eb49a</value>
         <object_component_ref idref="oc-20b"/>
      </symbol>
      <symbol id="sm-8fa">
         <name>FD$$SUB</name>
         <value>0x3eb441</value>
         <object_component_ref idref="oc-20f"/>
      </symbol>
      <symbol id="sm-905">
         <name>FD$$TOI</name>
         <value>0x3eb262</value>
         <object_component_ref idref="oc-213"/>
      </symbol>
      <symbol id="sm-910">
         <name>FD$$TOL</name>
         <value>0x3eb2c3</value>
         <object_component_ref idref="oc-217"/>
      </symbol>
      <symbol id="sm-91d">
         <name>_frexp</name>
         <value>0x3eb3e6</value>
         <object_component_ref idref="oc-21b"/>
      </symbol>
      <symbol id="sm-92b">
         <name>_fseek</name>
         <value>0x3eafea</value>
         <object_component_ref idref="oc-220"/>
      </symbol>
      <symbol id="sm-937">
         <name>FS$$TOFD</name>
         <value>0x3eb300</value>
         <object_component_ref idref="oc-225"/>
      </symbol>
      <symbol id="sm-93f">
         <name>LL$$AND</name>
         <value>0x3eb3b7</value>
         <object_component_ref idref="oc-229"/>
      </symbol>
      <symbol id="sm-940">
         <name>LL$$OR</name>
         <value>0x3eb3bf</value>
         <object_component_ref idref="oc-229"/>
      </symbol>
      <symbol id="sm-941">
         <name>LL$$XOR</name>
         <value>0x3eb3c7</value>
         <object_component_ref idref="oc-229"/>
      </symbol>
      <symbol id="sm-94b">
         <name>ULL$$CMP</name>
         <value>0x3eb2f4</value>
         <object_component_ref idref="oc-22d"/>
      </symbol>
      <symbol id="sm-94c">
         <name>LL$$CMP</name>
         <value>0x3eb2e2</value>
         <object_component_ref idref="oc-22d"/>
      </symbol>
      <symbol id="sm-973">
         <name>ULL$$MOD</name>
         <value>0x3e9e4c</value>
         <object_component_ref idref="oc-231"/>
      </symbol>
      <symbol id="sm-974">
         <name>ULL$$DIV</name>
         <value>0x3e9e1d</value>
         <object_component_ref idref="oc-231"/>
      </symbol>
      <symbol id="sm-975">
         <name>LL$$MOD</name>
         <value>0x3e9de3</value>
         <object_component_ref idref="oc-231"/>
      </symbol>
      <symbol id="sm-976">
         <name>LL$$DIV</name>
         <value>0x3e9da7</value>
         <object_component_ref idref="oc-231"/>
      </symbol>
      <symbol id="sm-97e">
         <name>LL$$MPY</name>
         <value>0x3eb3fa</value>
         <object_component_ref idref="oc-235"/>
      </symbol>
      <symbol id="sm-98a">
         <name>_ltoa</name>
         <value>0x3eb08a</value>
         <object_component_ref idref="oc-239"/>
      </symbol>
      <symbol id="sm-996">
         <name>L$$TOFD</name>
         <value>0x3eb31c</value>
         <object_component_ref idref="oc-23e"/>
      </symbol>
      <symbol id="sm-9a3">
         <name>_memccpy</name>
         <value>0x3eb44f</value>
         <object_component_ref idref="oc-242"/>
      </symbol>
      <symbol id="sm-9af">
         <name>_memset</name>
         <value>0x3eb45c</value>
         <object_component_ref idref="oc-247"/>
      </symbol>
      <symbol id="sm-9c6">
         <name>FD$$ADD</name>
         <value>0x3ea517</value>
         <object_component_ref idref="oc-24c"/>
      </symbol>
   </symbol_table>
   <title>Link errors: red sections failed placement,available memory ranges in purple</title>
</link_info>
