******************************************************************************
             TMS320C2000 Linker PC v6.2.0                      
******************************************************************************
>> Linked Mon Mar 27 16:05:48 2017

OUTPUT FILE NAME:   <U2_AD_SOC.out>
ENTRY POINT SYMBOL: "_c_int00"  address: 003eaf28


MEMORY CONFIGURATION

         name            origin    length      used     unused   attr    fill
----------------------  --------  ---------  --------  --------  ----  --------
PAGE 0:
  RAML0                 00008000   00000800  0000001f  000007e1  RWIX
  RAML1                 00008800   00000400  00000000  00000400  RWIX
  OTP                   003d7800   00000400  00000000  00000400  RWIX
  FLASHCDEFGH           003e8000   0000c000  00003aac  00008554  RWIX
  FLASHB2               003f5000   00001000  0000001f  00000fe1  RWIX
  FLASHA                003f6000   00001f80  00000000  00001f80  RWIX
  CSM_RSVD              003f7f80   00000076  00000000  00000076  RWIX
  BEGIN                 003f7ff6   00000002  00000002  00000000  RWIX
  CSM_PWL_P0            003f7ff8   00000008  00000000  00000008  RWIX
  IQTABLES              003fe000   00000b50  00000000  00000b50  RWIX
  IQTABLES2             003feb50   0000008c  00000000  0000008c  RWIX
  IQTABLES3             003febdc   000000aa  00000000  000000aa  RWIX
  ROM                   003ff27c   00000d44  00000000  00000d44  RWIX
  RESET                 003fffc0   00000002  00000000  00000002  RWIX
  VECTORS               003fffc2   0000003e  00000000  0000003e  RWIX

PAGE 1:
  BOOT_RSVD             00000000   00000050  00000000  00000050  RWIX
  RAMM0                 00000050   000003b0  00000300  000000b0  RWIX
  RAMM1                 00000400   00000400  00000400  00000000  RWIX
  DEV_EMU               00000880   00000105  00000004  00000101  RWIX
  SYS_PWR_CTL           00000985   00000003  00000003  00000000  RWIX
  FLASH_REGS            00000a80   00000060  00000008  00000058  RWIX
  CSM                   00000ae0   00000010  00000010  00000000  RWIX
  ADC_RESULT            00000b00   00000020  00000020  00000000  RWIX
  CPU_TIMER0            00000c00   00000008  00000008  00000000  RWIX
  CPU_TIMER1            00000c08   00000008  00000008  00000000  RWIX
  CPU_TIMER2            00000c10   00000008  00000008  00000000  RWIX
  PIE_CTRL              00000ce0   00000020  0000001a  00000006  RWIX
  PIE_VECT              00000d00   00000100  00000100  00000000  RWIX
  CLA1                  00001400   00000080  00000040  00000040  RWIX
  ECANA                 00006000   00000040  00000034  0000000c  RWIX
  ECANA_LAM             00006040   00000040  00000040  00000000  RWIX
  ECANA_MOTS            00006080   00000040  00000040  00000000  RWIX
  ECANA_MOTO            000060c0   00000040  00000040  00000000  RWIX
  ECANA_MBOX            00006100   00000100  00000100  00000000  RWIX
  COMP1                 00006400   00000020  00000014  0000000c  RWIX
  COMP2                 00006420   00000020  00000014  0000000c  RWIX
  COMP3                 00006440   00000020  00000014  0000000c  RWIX
  EPWM1                 00006800   00000040  00000040  00000000  RWIX
  EPWM2                 00006840   00000040  00000040  00000000  RWIX
  EPWM3                 00006880   00000040  00000040  00000000  RWIX
  EPWM4                 000068c0   00000040  00000040  00000000  RWIX
  EPWM5                 00006900   00000040  00000040  00000000  RWIX
  EPWM6                 00006940   00000040  00000040  00000000  RWIX
  EPWM7                 00006980   00000040  00000040  00000000  RWIX
  ECAP1                 00006a00   00000020  00000020  00000000  RWIX
  HRCAP1                00006ac0   00000020  00000020  00000000  RWIX
  HRCAP2                00006ae0   00000020  00000020  00000000  RWIX
  EQEP1                 00006b00   00000040  00000040  00000000  RWIX
  LINA                  00006c00   00000080  0000004a  00000036  RWIX
  GPIOCTRL              00006f80   00000040  00000040  00000000  RWIX
  GPIODAT               00006fc0   00000020  00000020  00000000  RWIX
  GPIOINT               00006fe0   00000020  0000000c  00000014  RWIX
  SYSTEM                00007010   00000020  00000020  00000000  RWIX
  SPIA                  00007040   00000010  00000010  00000000  RWIX
  SCIA                  00007050   00000010  00000010  00000000  RWIX
  NMIINTRUPT            00007060   00000010  00000010  00000000  RWIX
  XINTRUPT              00007070   00000010  00000010  00000000  RWIX
  ADC                   00007100   00000080  00000050  00000030  RWIX
  SPIB                  00007740   00000010  00000010  00000000  RWIX
  I2CA                  00007900   00000040  00000022  0000001e  RWIX
  RAML2                 00008c00   00000400  00000120  000002e0  RWIX
  RAML3                 00009000   00001000  00000000  00001000  RWIX
  PARTID                003d7e80   00000001  00000001  00000000  RWIX
  FLASHB1               003f4000   00001000  00000000  00001000  RWIX
  CSM_PWL               003f7ff8   00000008  00000008  00000000  RWIX


SECTION ALLOCATION MAP

 output                                  attributes/
section   page    origin      length       input sections
--------  ----  ----------  ----------   ----------------
.pinit     0    003e8000    00000000     UNINITIALIZED

.ebss      1    00000000    00000418     FAILED TO ALLOCATE
.text      0    003e8000    000034c0     
                  003e8000    000008fc     rts2800_ml.lib : _printfi.obj (.text)
                  003e88fc    00000339     segscan.obj (.text)
                  003e8c35    000002a1     CANcomm.obj (.text)
                  003e8ed6    00000203     DSP2803x_Adc.obj (.text)
                  003e90d9    00000201     rts2800_ml.lib : lowlev.obj (.text)
                  003e92da    000001f0                    : trgdrv.obj (.text)
                  003e94ca    000001ca     TM1650_IIC.obj (.text)
                  003e9694    000001c7     rts2800_ml.lib : memory.obj (.text)
                  003e985b    0000017c     DSP2803x_DefaultIsr.obj (.text:retain)
                  003e99d7    0000016b     printf_uart.obj (.text)
                  003e9b42    00000137     DSP2803x_SysCtrl.obj (.text)
                  003e9c79    0000012e     pid.obj (.text)
                  003e9da7    00000107     rts2800_ml.lib : ll_div.obj (.text)
                  003e9eae    000000ff                    : fopen.obj (.text)
                  003e9fad    000000ee     main.obj (.text)
                  003ea09b    000000ed     DataScope_DP.obj (.text)
                  003ea188    000000c8     ad.obj (.text)
                  003ea250    000000c4     DSP2803x_EPwm.obj (.text)
                  003ea314    000000c1     CANcomm.obj (.text:retain)
                  003ea3d5    000000a5     rts2800_ml.lib : fputs.obj (.text)
                  003ea47a    0000009d                    : exp.obj (.text)
                  003ea517    0000009c                    : fd_add.obj (.text)
                  003ea5b3    0000009b     led.obj (.text)
                  003ea64e    0000008e     DSP2803x_Lin.obj (.text)
                  003ea6dc    0000008e     rts2800_ml.lib : ankmsg.obj (.text)
                  003ea76a    0000008d                    : _log.obj (.text)
                  003ea7f7    0000008b                    : fd_div.obj (.text)
                  003ea882    00000087                    : pow.obj (.text)
                  003ea909    00000083                    : fd_mpy.obj (.text)
                  003ea98c    00000083                    : fs_div.obj (.text)
                  003eaa0f    0000007e     pwm.obj (.text)
                  003eaa8d    00000078     rts2800_ml.lib : fs_add.obj (.text)
                  003eab05    00000078                    : setvbuf.obj (.text)
                  003eab7d    00000076     DSP2803x_CpuTimers.obj (.text)
                  003eabf3    00000071     zm5168.obj (.text)
                  003eac64    0000006b     rts2800_ml.lib : fflush.obj (.text)
                  003eaccf    00000065                    : _io_perm.obj (.text)
                  003ead34    0000005b                    : fclose.obj (.text)
                  003ead8f    0000005a                    : fs_mpy.obj (.text)
                  003eade9    00000054     printf_uart.obj (.text:retain)
                  003eae3d    00000054     timer.obj (.text:retain)
                  003eae91    00000050     rts2800_ml.lib : fputc.obj (.text)
                  003eaee1    00000047     ad.obj (.text:retain)
                  003eaf28    00000044     rts2800_ml.lib : boot.obj (.text)
                  003eaf6c    0000003f                    : ldexp.obj (.text)
                  003eafab    0000003f     timer.obj (.text)
                  003eafea    0000003d     rts2800_ml.lib : fseek.obj (.text)
                  003eb027    00000032                    : printf.obj (.text)
                  003eb059    00000031                    : atoi.obj (.text)
                  003eb08a    0000002c                    : ltoa.obj (.text)
                  003eb0b6    0000002b     sim_spi.obj (.text)
                  003eb0e1    0000002a     rts2800_ml.lib : fd_cmp.obj (.text)
                  003eb10b    0000002a                    : l_div.obj (.text)
                  003eb135    00000029     Exint.obj (.text)
                  003eb15e    00000029     rts2800_ml.lib : fs_tol.obj (.text)
                  003eb187    00000028     DSP2803x_PieCtrl.obj (.text)
                  003eb1af    00000025     DSP2803x_PieVect.obj (.text)
                  003eb1d4    00000025     pid.obj (.text:retain)
                  003eb1f9    00000025     rts2800_ml.lib : fs_toi.obj (.text)
                  003eb21e    00000022                    : i_div.obj (.text)
                  003eb240    00000022                    : strncpy.obj (.text)
                  003eb262    00000021                    : fd_toi.obj (.text)
                  003eb283    00000021                    : memcpy_ff.obj (.text)
                  003eb2a4    0000001f     Exint.obj (.text:retain)
                  003eb2c3    0000001f     rts2800_ml.lib : fd_tol.obj (.text)
                  003eb2e2    0000001e                    : ll_cmp.obj (.text)
                  003eb300    0000001c                    : fs_tofd.obj (.text)
                  003eb31c    0000001c                    : l_tofd.obj (.text)
                  003eb338    0000001a     DSP2803x_Sci.obj (.text)
                  003eb352    0000001a     rts2800_ml.lib : i_tofs.obj (.text)
                  003eb36c    00000019     DSP2803x_I2C.obj (.text)
                  003eb385    00000019     rts2800_ml.lib : args_main.obj (.text)
                  003eb39e    00000019                    : exit.obj (.text)
                  003eb3b7    00000018                    : ll_aox.obj (.text)
                  003eb3cf    00000017                    : fs_cmp.obj (.text)
                  003eb3e6    00000014                    : frexp.obj (.text)
                  003eb3fa    00000014                    : ll_mpy.obj (.text)
                  003eb40e    00000013     DSP2803x_Gpio.obj (.text)
                  003eb421    00000010     rts2800_ml.lib : memchr.obj (.text)
                  003eb431    00000010                    : u_tofs.obj (.text)
                  003eb441    0000000e                    : fd_sub.obj (.text)
                  003eb44f    0000000d                    : memccpy.obj (.text)
                  003eb45c    0000000c                    : memset.obj (.text)
                  003eb468    0000000b                    : strchr.obj (.text)
                  003eb473    0000000b                    : u_div.obj (.text)
                  003eb47e    0000000a                    : strcmp.obj (.text)
                  003eb488    00000009     TM1650_IIC.obj (.text:retain)
                  003eb491    00000009     rts2800_ml.lib : _lock.obj (.text)
                  003eb49a    00000009                    : fd_neg.obj (.text)
                  003eb4a3    00000008     DSP2803x_CodeStartBranch.obj (.text)
                  003eb4ab    00000008     rts2800_ml.lib : strlen.obj (.text)
                  003eb4b3    00000005                    : fs_neg.obj (.text)
                  003eb4b8    00000005                    : strcpy.obj (.text)
                  003eb4bd    00000003                    : remove.obj (.text)

.econst    0    003eb4c0    00000482     
                  003eb4c0    00000101     rts2800_ml.lib : ctype.obj (.econst:.string:__ctypes_)
                  003eb5c1    00000001     --HOLE-- [fill = 0]
                  003eb5c2    00000100     DSP2803x_PieVect.obj (.econst)
                  003eb6c2    000000f4     printf_uart.obj (.econst:.string)
                  003eb7b6    000000db     CANcomm.obj (.econst:.string)
                  003eb891    00000001     --HOLE-- [fill = 0]
                  003eb892    0000004d     segscan.obj (.econst:.string)
                  003eb8df    00000001     --HOLE-- [fill = 0]
                  003eb8e0    00000024     TM1650_IIC.obj (.econst:.string)
                  003eb904    00000024     rts2800_ml.lib : _printfi.obj (.econst:.string)
                  003eb928    00000018                    : _printfi.obj (.econst)
                  003eb940    00000002                    : fputs.obj (.econst:.string)

.cinit     0    003eb942    0000016a     
                  003eb942    0000005d     segscan.obj (.cinit)
                  003eb99f    00000048     TM1650_IIC.obj (.cinit)
                  003eb9e7    00000031     rts2800_ml.lib : lowlev.obj (.cinit)
                  003eba18    0000002a                    : defs.obj (.cinit)
                  003eba42    00000022     CANcomm.obj (.cinit)
                  003eba64    0000000b     printf_uart.obj (.cinit)
                  003eba6f    0000000a     rts2800_ml.lib : _lock.obj (.cinit)
                  003eba79    0000000a                    : exit.obj (.cinit)
                  003eba83    00000008     main.obj (.cinit)
                  003eba8b    00000007     timer.obj (.cinit)
                  003eba92    00000004     DataScope_DP.obj (.cinit)
                  003eba96    00000004     Exint.obj (.cinit)
                  003eba9a    00000004     pid.obj (.cinit)
                  003eba9e    00000004     rts2800_ml.lib : errno.obj (.cinit)
                  003ebaa2    00000004                    : fopen.obj (.cinit)
                  003ebaa6    00000004                    : memory.obj (.cinit)
                  003ebaaa    00000002     --HOLE-- [fill = 0]

ramfuncs   0    003f5000    0000001f     RUN ADDR = 00008000
                  003f5000    0000001b     DSP2803x_SysCtrl.obj (ramfuncs)
                  003f501b    00000004     DSP2803x_usDelay.obj (ramfuncs)

codestart 
*          0    003f7ff6    00000002     
                  003f7ff6    00000002     DSP2803x_CodeStartBranch.obj (codestart)

.reset     0    003fffc0    00000002     DSECT
                  003fffc0    00000002     rts2800_ml.lib : boot.obj (.reset)

vectors    0    003fffc2    00000000     DSECT

.stack     1    00000050    00000300     UNINITIALIZED
                  00000050    00000300     --HOLE--

.sysmem    1    00000400    00000400     UNINITIALIZED
                  00000400    00000001     rts2800_ml.lib : memory.obj (.sysmem)
                  00000401    000003ff     --HOLE--

DevEmuRegsFile 
*          1    00000880    00000004     UNINITIALIZED
                  00000880    00000004     DSP2803x_GlobalVariableDefs.obj (DevEmuRegsFile)

SysPwrCtrlRegsFile 
*          1    00000985    00000003     UNINITIALIZED
                  00000985    00000003     DSP2803x_GlobalVariableDefs.obj (SysPwrCtrlRegsFile)

FlashRegsFile 
*          1    00000a80    00000008     UNINITIALIZED
                  00000a80    00000008     DSP2803x_GlobalVariableDefs.obj (FlashRegsFile)

CsmRegsFile 
*          1    00000ae0    00000010     UNINITIALIZED
                  00000ae0    00000010     DSP2803x_GlobalVariableDefs.obj (CsmRegsFile)

AdcResultFile 
*          1    00000b00    00000020     UNINITIALIZED
                  00000b00    00000020     DSP2803x_GlobalVariableDefs.obj (AdcResultFile)

CpuTimer0RegsFile 
*          1    00000c00    00000008     UNINITIALIZED
                  00000c00    00000008     DSP2803x_GlobalVariableDefs.obj (CpuTimer0RegsFile)

CpuTimer1RegsFile 
*          1    00000c08    00000008     UNINITIALIZED
                  00000c08    00000008     DSP2803x_GlobalVariableDefs.obj (CpuTimer1RegsFile)

CpuTimer2RegsFile 
*          1    00000c10    00000008     UNINITIALIZED
                  00000c10    00000008     DSP2803x_GlobalVariableDefs.obj (CpuTimer2RegsFile)

PieCtrlRegsFile 
*          1    00000ce0    0000001a     UNINITIALIZED
                  00000ce0    0000001a     DSP2803x_GlobalVariableDefs.obj (PieCtrlRegsFile)

PieVectTableFile 
*          1    00000d00    00000100     UNINITIALIZED
                  00000d00    00000100     DSP2803x_GlobalVariableDefs.obj (PieVectTableFile)

EmuKeyVar 
*          1    00000d00    00000001     UNINITIALIZED
                  00000d00    00000001     DSP2803x_GlobalVariableDefs.obj (EmuKeyVar)

EmuBModeVar 
*          1    00000d01    00000001     UNINITIALIZED
                  00000d01    00000001     DSP2803x_GlobalVariableDefs.obj (EmuBModeVar)

FlashCallbackVar 
*          1    00000d02    00000002     UNINITIALIZED
                  00000d02    00000002     DSP2803x_GlobalVariableDefs.obj (FlashCallbackVar)

FlashScalingVar 
*          1    00000d04    00000002     UNINITIALIZED
                  00000d04    00000002     DSP2803x_GlobalVariableDefs.obj (FlashScalingVar)

Cla1RegsFile 
*          1    00001400    00000040     UNINITIALIZED
                  00001400    00000040     DSP2803x_GlobalVariableDefs.obj (Cla1RegsFile)

ECanaRegsFile 
*          1    00006000    00000034     UNINITIALIZED
                  00006000    00000034     DSP2803x_GlobalVariableDefs.obj (ECanaRegsFile)

ECanaLAMRegsFile 
*          1    00006040    00000040     UNINITIALIZED
                  00006040    00000040     DSP2803x_GlobalVariableDefs.obj (ECanaLAMRegsFile)

ECanaMOTSRegsFile 
*          1    00006080    00000040     UNINITIALIZED
                  00006080    00000040     DSP2803x_GlobalVariableDefs.obj (ECanaMOTSRegsFile)

ECanaMOTORegsFile 
*          1    000060c0    00000040     UNINITIALIZED
                  000060c0    00000040     DSP2803x_GlobalVariableDefs.obj (ECanaMOTORegsFile)

ECanaMboxesFile 
*          1    00006100    00000100     UNINITIALIZED
                  00006100    00000100     DSP2803x_GlobalVariableDefs.obj (ECanaMboxesFile)

Comp1RegsFile 
*          1    00006400    00000014     UNINITIALIZED
                  00006400    00000014     DSP2803x_GlobalVariableDefs.obj (Comp1RegsFile)

Comp2RegsFile 
*          1    00006420    00000014     UNINITIALIZED
                  00006420    00000014     DSP2803x_GlobalVariableDefs.obj (Comp2RegsFile)

Comp3RegsFile 
*          1    00006440    00000014     UNINITIALIZED
                  00006440    00000014     DSP2803x_GlobalVariableDefs.obj (Comp3RegsFile)

EPwm1RegsFile 
*          1    00006800    00000040     UNINITIALIZED
                  00006800    00000040     DSP2803x_GlobalVariableDefs.obj (EPwm1RegsFile)

EPwm2RegsFile 
*          1    00006840    00000040     UNINITIALIZED
                  00006840    00000040     DSP2803x_GlobalVariableDefs.obj (EPwm2RegsFile)

EPwm3RegsFile 
*          1    00006880    00000040     UNINITIALIZED
                  00006880    00000040     DSP2803x_GlobalVariableDefs.obj (EPwm3RegsFile)

EPwm4RegsFile 
*          1    000068c0    00000040     UNINITIALIZED
                  000068c0    00000040     DSP2803x_GlobalVariableDefs.obj (EPwm4RegsFile)

EPwm5RegsFile 
*          1    00006900    00000040     UNINITIALIZED
                  00006900    00000040     DSP2803x_GlobalVariableDefs.obj (EPwm5RegsFile)

EPwm6RegsFile 
*          1    00006940    00000040     UNINITIALIZED
                  00006940    00000040     DSP2803x_GlobalVariableDefs.obj (EPwm6RegsFile)

EPwm7RegsFile 
*          1    00006980    00000040     UNINITIALIZED
                  00006980    00000040     DSP2803x_GlobalVariableDefs.obj (EPwm7RegsFile)

ECap1RegsFile 
*          1    00006a00    00000020     UNINITIALIZED
                  00006a00    00000020     DSP2803x_GlobalVariableDefs.obj (ECap1RegsFile)

HRCap1RegsFile 
*          1    00006ac0    00000020     UNINITIALIZED
                  00006ac0    00000020     DSP2803x_GlobalVariableDefs.obj (HRCap1RegsFile)

HRCap2RegsFile 
*          1    00006ae0    00000020     UNINITIALIZED
                  00006ae0    00000020     DSP2803x_GlobalVariableDefs.obj (HRCap2RegsFile)

EQep1RegsFile 
*          1    00006b00    00000040     UNINITIALIZED
                  00006b00    00000040     DSP2803x_GlobalVariableDefs.obj (EQep1RegsFile)

LinaRegsFile 
*          1    00006c00    0000004a     UNINITIALIZED
                  00006c00    0000004a     DSP2803x_GlobalVariableDefs.obj (LinaRegsFile)

GpioCtrlRegsFile 
*          1    00006f80    00000040     UNINITIALIZED
                  00006f80    00000040     DSP2803x_GlobalVariableDefs.obj (GpioCtrlRegsFile)

GpioDataRegsFile 
*          1    00006fc0    00000020     UNINITIALIZED
                  00006fc0    00000020     DSP2803x_GlobalVariableDefs.obj (GpioDataRegsFile)

GpioIntRegsFile 
*          1    00006fe0    0000000c     UNINITIALIZED
                  00006fe0    0000000c     DSP2803x_GlobalVariableDefs.obj (GpioIntRegsFile)

SysCtrlRegsFile 
*          1    00007010    00000020     UNINITIALIZED
                  00007010    00000020     DSP2803x_GlobalVariableDefs.obj (SysCtrlRegsFile)

SpiaRegsFile 
*          1    00007040    00000010     UNINITIALIZED
                  00007040    00000010     DSP2803x_GlobalVariableDefs.obj (SpiaRegsFile)

SciaRegsFile 
*          1    00007050    00000010     UNINITIALIZED
                  00007050    00000010     DSP2803x_GlobalVariableDefs.obj (SciaRegsFile)

NmiIntruptRegsFile 
*          1    00007060    00000010     UNINITIALIZED
                  00007060    00000010     DSP2803x_GlobalVariableDefs.obj (NmiIntruptRegsFile)

XIntruptRegsFile 
*          1    00007070    00000010     UNINITIALIZED
                  00007070    00000010     DSP2803x_GlobalVariableDefs.obj (XIntruptRegsFile)

AdcRegsFile 
*          1    00007100    00000050     UNINITIALIZED
                  00007100    00000050     DSP2803x_GlobalVariableDefs.obj (AdcRegsFile)

SpibRegsFile 
*          1    00007740    00000010     UNINITIALIZED
                  00007740    00000010     DSP2803x_GlobalVariableDefs.obj (SpibRegsFile)

I2caRegsFile 
*          1    00007900    00000022     UNINITIALIZED
                  00007900    00000022     DSP2803x_GlobalVariableDefs.obj (I2caRegsFile)

.cio       1    00008c00    00000120     UNINITIALIZED
                  00008c00    00000120     rts2800_ml.lib : ankmsg.obj (.cio)

PartIdRegsFile 
*          1    003d7e80    00000001     UNINITIALIZED
                  003d7e80    00000001     DSP2803x_GlobalVariableDefs.obj (PartIdRegsFile)

CsmPwlFile 
*          1    003f7ff8    00000008     UNINITIALIZED
                  003f7ff8    00000008     DSP2803x_GlobalVariableDefs.obj (CsmPwlFile)


GLOBAL DATA SYMBOLS: SORTED BY DATA PAGE

address     data page           name
--------    ----------------    ----
00000000       0 (00000000)     ___TI_ft_end

00000040       1 (00000040)     __ftable
00000050       1 (00000040)     __stack

000000c0       3 (000000c0)     ___TI_tmpnams

00000160       5 (00000140)     _CpuTimer1
00000168       5 (00000140)     _CpuTimer2
00000170       5 (00000140)     _CpuTimer0

00000180       6 (00000180)     _PtrCanTx
00000182       6 (00000180)     _lastSendMBox
00000184       6 (00000180)     _PtrCanRx
00000186       6 (00000180)     _CANTxMsg

000001c0       7 (000001c0)     _CANRxMsg

00000213       8 (00000200)     _xx
00000214       8 (00000200)     _regulate_I
00000216       8 (00000200)     _regulate_V
00000218       8 (00000200)     _ADResReg

000002c8       b (000002c0)     _temp3
000002c9       b (000002c0)     _temp4
000002ca       b (000002c0)     _temp2
000002cb       b (000002c0)     _temp1
000002cc       b (000002c0)     _DataScope_OutPut_Buffer
000002f6       b (000002c0)     __unlock
000002f8       b (000002c0)     __lock
000002fa       b (000002c0)     ___TI_cleanup_ptr
000002fc       b (000002c0)     ___TI_dtors_ptr
000002fe       b (000002c0)     _P1
000002ff       b (000002c0)     _P0

00000300       c (00000300)     _keyVal
00000301       c (00000300)     _LigntVal
00000302       c (00000300)     _PtrMsg
00000306       c (00000300)     _IIC_ISR_String
00000316       c (00000300)     _SEG7Table
00000326       c (00000300)     _ICF8591Msg

00000340       d (00000340)     _TM1650
00000358       d (00000340)     _AT24C02Msg
00000370       d (00000340)     _timer0Base
00000374       d (00000340)     _Tmp
00000375       d (00000340)     _Error
00000376       d (00000340)     _key
00000377       d (00000340)     _errno

00000380       e (00000380)     _poitPosition
00000384       e (00000380)     _ftestData
00000386       e (00000380)     _keyValCode
00000389       e (00000380)     _TM1650SegVal
00000392       e (00000380)     _keyStr
00000398       e (00000380)     _ftest
000003a0       e (00000380)     _RGB_Code

000003c0       f (000003c0)     _Running
000003da       f (000003c0)     _Send_Count
000003db       f (000003c0)     _xfeq
000003dc       f (000003c0)     _V_OUT
000003dd       f (000003c0)     _F_OUT
000003de       f (000003c0)     _j
000003e0       f (000003c0)     _PID_V
000003ee       f (000003c0)     _PID_F

00000400      10 (00000400)     _SCI_Msg
00000400      10 (00000400)     __sys_memory

00000880      22 (00000880)     _DevEmuRegs

00000985      26 (00000980)     _SysPwrCtrlRegs

00000a80      2a (00000a80)     _FlashRegs

00000ae0      2b (00000ac0)     _CsmRegs

00000b00      2c (00000b00)     _AdcResult

00000c00      30 (00000c00)     _CpuTimer0Regs
00000c08      30 (00000c00)     _CpuTimer1Regs
00000c10      30 (00000c00)     _CpuTimer2Regs

00000ce0      33 (00000cc0)     _PieCtrlRegs

00000d00      34 (00000d00)     _EmuKey
00000d00      34 (00000d00)     _PieVectTable
00000d01      34 (00000d00)     _EmuBMode
00000d02      34 (00000d00)     _Flash_CallbackPtr
00000d04      34 (00000d00)     _Flash_CPUScaleFactor

00001400      50 (00001400)     _Cla1Regs

00006000     180 (00006000)     _ECanaRegs

00006040     181 (00006040)     _ECanaLAMRegs

00006080     182 (00006080)     _ECanaMOTSRegs

000060c0     183 (000060c0)     _ECanaMOTORegs

00006100     184 (00006100)     _ECanaMboxes

00006400     190 (00006400)     _Comp1Regs
00006420     190 (00006400)     _Comp2Regs

00006440     191 (00006440)     _Comp3Regs

00006800     1a0 (00006800)     _EPwm1Regs

00006840     1a1 (00006840)     _EPwm2Regs

00006880     1a2 (00006880)     _EPwm3Regs

000068c0     1a3 (000068c0)     _EPwm4Regs

00006900     1a4 (00006900)     _EPwm5Regs

00006940     1a5 (00006940)     _EPwm6Regs

00006980     1a6 (00006980)     _EPwm7Regs

00006a00     1a8 (00006a00)     _ECap1Regs

00006ac0     1ab (00006ac0)     _HRCap1Regs
00006ae0     1ab (00006ac0)     _HRCap2Regs

00006b00     1ac (00006b00)     _EQep1Regs

00006c00     1b0 (00006c00)     _LinaRegs

00006f80     1be (00006f80)     _GpioCtrlRegs

00006fc0     1bf (00006fc0)     _GpioDataRegs
00006fe0     1bf (00006fc0)     _GpioIntRegs

00007010     1c0 (00007000)     _SysCtrlRegs

00007040     1c1 (00007040)     _SpiaRegs
00007050     1c1 (00007040)     _SciaRegs
00007060     1c1 (00007040)     _NmiIntruptRegs
00007070     1c1 (00007040)     _XIntruptRegs

00007100     1c4 (00007100)     _AdcRegs

00007740     1dd (00007740)     _SpibRegs

00007900     1e4 (00007900)     _I2caRegs

00008c00     230 (00008c00)     __CIOBUF_

003d7e80    f5fa (003d7e80)     _PartIdRegs

003eb4c0    fad3 (003eb4c0)     __ctypes_

003eb5c2    fad7 (003eb5c0)     _PieVectTableInit

003f7ff8    fdff (003f7fc0)     _CsmPwl


GLOBAL SYMBOLS: SORTED ALPHABETICALLY BY Name 

address    name
--------   ----
003e8000   .text
003eb39e   C$$EXIT
003ea72c   C$$IO$$
003ea517   FD$$ADD
003eb0e1   FD$$CMP
003ea7f7   FD$$DIV
003ea909   FD$$MPY
003eb49a   FD$$NEG
003eb441   FD$$SUB
003eb262   FD$$TOI
003eb2c3   FD$$TOL
003eaa92   FS$$ADD
003eb3cf   FS$$CMP
003ea98c   FS$$DIV
003ead8f   FS$$MPY
003eb4b3   FS$$NEG
003eaa8d   FS$$SUB
003eb300   FS$$TOFD
003eb1f9   FS$$TOI
003eb15e   FS$$TOL
003eb21e   I$$DIV
003eb22f   I$$MOD
003eb352   I$$TOFS
003eb10b   L$$DIV
003eb11a   L$$MOD
003eb31c   L$$TOFD
003eb3b7   LL$$AND
003eb2e2   LL$$CMP
003e9da7   LL$$DIV
003e9de3   LL$$MOD
003eb3fa   LL$$MPY
003eb3bf   LL$$OR
003eb3c7   LL$$XOR
003eb473   U$$DIV
003eb478   U$$MOD
003eb431   U$$TOFS
003eb128   UL$$DIV
003eb12f   UL$$MOD
003eb2f4   ULL$$CMP
003e9e1d   ULL$$DIV
003e9e4c   ULL$$MOD
003e98ba   _ADCINT1_ISR
003e98bf   _ADCINT2_ISR
003e9973   _ADCINT3_ISR
003e9978   _ADCINT4_ISR
003e997d   _ADCINT5_ISR
003e9982   _ADCINT6_ISR
003e9987   _ADCINT7_ISR
003e998c   _ADCINT8_ISR
003e98ce   _ADCINT9_ISR
003ea188   _ADC_Config
00000218   _ADResReg
00000358   _AT24C02Msg
003e8f3d   _AdcChanSelect
003e8fb2   _AdcConversion
003e8f16   _AdcOffsetSelfCal
00007100   _AdcRegs
00000b00   _AdcResult
003e8c4b   _CANInit
000001c0   _CANRxMsg
00000186   _CANTxMsg
003e8d66   _CAN_Init_Interrupt
003e8db0   _CAN_Send
003e9991   _CLA1_INT1_ISR
003e9996   _CLA1_INT2_ISR
003e999b   _CLA1_INT3_ISR
003e99a0   _CLA1_INT4_ISR
003e99a5   _CLA1_INT5_ISR
003e99aa   _CLA1_INT6_ISR
003e99af   _CLA1_INT7_ISR
003e99b4   _CLA1_INT8_ISR
00001400   _Cla1Regs
00006400   _Comp1Regs
00006420   _Comp2Regs
00006440   _Comp3Regs
003eabbe   _ConfigCpuTimer
00000170   _CpuTimer0
00000c00   _CpuTimer0Regs
00000160   _CpuTimer1
00000c08   _CpuTimer1Regs
00000168   _CpuTimer2
00000c10   _CpuTimer2Regs
003f7ff8   _CsmPwl
00000ae0   _CsmRegs
003e9bfa   _CsmUnlock
003e9865   _DATALOG_ISR
0000801b   _DSP28x_usDelay
003ea136   _DataScope_Data_Generate
003ea0c0   _DataScope_Get_Channel_Data
000002cc   _DataScope_OutPut_Buffer
00000880   _DevEmuRegs
003e9b66   _DisableDog
003e9969   _ECAN0INTA_ISR
003e996e   _ECAN1INTA_ISR
003e9923   _ECAP1_INT_ISR
00006040   _ECanaLAMRegs
000060c0   _ECanaMOTORegs
00006080   _ECanaMOTSRegs
00006100   _ECanaMboxes
00006000   _ECanaRegs
00006a00   _ECap1Regs
003e99c8   _EMPTY_ISR
003e986f   _EMUINT_ISR
003eaa0f   _EPWM1_Config
003e9900   _EPWM1_INT_ISR
003e98dd   _EPWM1_TZINT_ISR
003eaa57   _EPWM2_Config
003e9905   _EPWM2_INT_ISR
003e98e2   _EPWM2_TZINT_ISR
003e990a   _EPWM3_INT_ISR
003e98e7   _EPWM3_TZINT_ISR
003e990f   _EPWM4_INT_ISR
003e98ec   _EPWM4_TZINT_ISR
003e9914   _EPWM5_INT_ISR
003e98f1   _EPWM5_TZINT_ISR
003e9919   _EPWM6_INT_ISR
003e98f6   _EPWM6_TZINT_ISR
003e991e   _EPWM7_INT_ISR
003e98fb   _EPWM7_TZINT_ISR
00006800   _EPwm1Regs
00006840   _EPwm2Regs
00006880   _EPwm3Regs
000068c0   _EPwm4Regs
00006900   _EPwm5Regs
00006940   _EPwm6Regs
00006980   _EPwm7Regs
003e9932   _EQEP1_INT_ISR
00006b00   _EQep1Regs
00000d01   _EmuBMode
00000d00   _EmuKey
003eb1a6   _EnableInterrupts
00000375   _Error
003eb135   _ExInt_Init
003e9c63   _ExtOscSel
000003dd   _F_OUT
00000a80   _FlashRegs
00000d04   _Flash_CPUScaleFactor
00000d02   _Flash_CallbackPtr
003ea09b   _Float2Byte
003ea699   _GenIdParity
00006f80   _GpioCtrlRegs
00006fc0   _GpioDataRegs
00006fe0   _GpioIntRegs
003e94a0   _HOSTclock
003e9479   _HOSTclose
003e9451   _HOSTgetenv
003e940a   _HOSTlseek
003e93d3   _HOSTopen
003e939d   _HOSTread
003e935f   _HOSTrename
003e9335   _HOSTtime
003e9310   _HOSTunlink
003e92da   _HOSTwrite
003e9928   _HRCAP1_INT_ISR
003e992d   _HRCAP2_INT_ISR
00006ac0   _HRCap1Regs
00006ae0   _HRCap2Regs
003e94e0   _I2CA_Init
003e955a   _I2CA_Rxdata_STOP
003e952a   _I2CA_Tx_STOP
003e994b   _I2CINT1A_ISR
003e9950   _I2CINT2A_ISR
00007900   _I2caRegs
00000326   _ICF8591Msg
00000306   _IIC_ISR_String
003e9879   _ILLEGAL_ISR
003e985b   _INT13_ISR
003e9860   _INT14_ISR
003e8ed6   _InitAdc
003e8ef4   _InitAdcAio
003eab7d   _InitCpuTimers
003e8c54   _InitECana_1
003ea250   _InitEPwm
003ea260   _InitEPwm1Gpio
003ea272   _InitEPwm2Gpio
003ea284   _InitEPwm3Gpio
003ea298   _InitEPwm4Gpio
003ea2ac   _InitEPwm5Gpio
003ea2be   _InitEPwm6Gpio
003ea2d0   _InitEPwm7Gpio
003ea251   _InitEPwmGpio
003ea2e2   _InitEPwmSyncGpio
00008000   _InitFlash
003eb40e   _InitGpio
003eb36c   _InitI2C
003eb36d   _InitI2CGpio
003e94ca   _InitI2C_Gpio
003ea07d   _InitLED
003ea64e   _InitLin
003ea6c5   _InitLinGpio
003ea651   _InitLina
003ea6c8   _InitLinaGpio
003e9bbe   _InitPeripheralClocks
003eb187   _InitPieCtrl
003eb1af   _InitPieVectTable
003e9b6e   _InitPll
003eb338   _InitSci
003eb339   _InitSciGpio
003eb33c   _InitSciaGpio
003e9b42   _InitSysCtrl
003ea2f3   _InitTzGpio
003e8c35   _Init_CANA_Gpio
003eabf3   _Init_LinaGpio
003e9c2b   _IntOsc1Sel
003e9c3b   _IntOsc2Sel
003ea5e7   _KEY_Init
003ea615   _KEY_Scan
003ea5b3   _LED_INit
003e995f   _LIN0INTA_ISR
003e9964   _LIN1INTA_ISR
003e99c3   _LUF_ISR
003e99be   _LVF_ISR
00000301   _LigntVal
00006c00   _LinaRegs
003e9874   _NMI_ISR
00007060   _NmiIntruptRegs
000002ff   _P0
000002fe   _P1
003e9c8f   _PID_Control_F
003e9cf3   _PID_Control_V
000003ee   _PID_F
003e9c79   _PID_Init
000003e0   _PID_V
003e99cd   _PIE_RESERVED
003d7e80   _PartIdRegs
00000ce0   _PieCtrlRegs
00000d00   _PieVectTable
003eb5c2   _PieVectTableInit
003e9a86   _PrintLongInt
00000184   _PtrCanRx
00000180   _PtrCanTx
00000302   _PtrMsg
000003a0   _RGB_Code
003e986a   _RTOSINT_ISR
0000001f   _RamfuncsLoadSize
003f5000   _RamfuncsLoadStart
00008000   _RamfuncsRunStart
000003c0   _Running
003e9955   _SCIRXINTA_ISR
003e995a   _SCITXINTA_ISR
003e9a32   _SCI_Init
00000400   _SCI_Msg
00000316   _SEG7Table
003eb0b6   _SPIGpio_Init
003e9937   _SPIRXINTA_ISR
003e9941   _SPIRXINTB_ISR
003e993c   _SPITXINTA_ISR
003e9946   _SPITXINTB_ISR
003eb0de   _SPI_INit
003ea642   _STOP_Scan
00007050   _SciaRegs
003e8ac4   _SegScanTask
000003da   _Send_Count
003e9b5c   _ServiceDog
003eac03   _SetupSCI
003e88fc   _ShumaSlt
00007040   _SpiaRegs
00007740   _SpibRegs
00007010   _SysCtrlRegs
00000985   _SysPwrCtrlRegs
003e98d3   _TINT0_ISR
00000340   _TM1650
00000389   _TM1650SegVal
003e9659   _TM1650_Read
003e962b   _TM1650_Send
003eafab   _Timer0_init
003eafcd   _Timer1_init
00000374   _Tmp
003e9a7d   _USART_Transmit
003e98ab   _USER10_ISR
003e98b0   _USER11_ISR
003e98b5   _USER12_ISR
003e987e   _USER1_ISR
003e9883   _USER2_ISR
003e9888   _USER3_ISR
003e988d   _USER4_ISR
003e9892   _USER5_ISR
003e9897   _USER6_ISR
003e989c   _USER7_ISR
003e98a1   _USER8_ISR
003e98a6   _USER9_ISR
003e9d60   _Upper_Uart
000003dc   _V_OUT
003e98d8   _WAKEINT_ISR
003e98c4   _XINT1_ISR
003e98c9   _XINT2_ISR
003e99b9   _XINT3_ISR
00007070   _XIntruptRegs
003e9c4f   _XtalOscSel
003eac48   _ZM5168_INit
00008c00   __CIOBUF_
00000350   __STACK_END
00000300   __STACK_SIZE
00000400   __SYSMEM_SIZE
00000001   __TI_args_main
003e9f26   ___TI_cleanup
000002fa   ___TI_cleanup_ptr
003ead34   ___TI_closefile
003eac64   ___TI_doflush
000002fc   ___TI_dtors_ptr
00000000   ___TI_ft_end
003e880f   ___TI_printfi
003ead09   ___TI_rd_ok
003ea730   ___TI_readmsg
000000c0   ___TI_tmpnams
003ea6dc   ___TI_writemsg
003eaccf   ___TI_wrt_ok
ffffffff   ___binit__
ffffffff   ___c_args__
003eb942   ___cinit__
003eb4c0   ___etext__
003eb283   ___memcpy_ff
ffffffff   ___pinit__
003e8000   ___text__
003eb385   __args_main
003eb4c0   __ctypes_
00000040   __ftable
000002f8   __lock
003ea76a   __log
003eb499   __nop
003eb495   __register_lock
003eb491   __register_unlock
00000050   __stack
00000400   __sys_memory
000002f6   __unlock
003eb39e   _abort
003eaee1   _adc_isr
003e926e   _add_device
003eb059   _atoi
003eaf28   _c_int00
003e9844   _calloc
003ea314   _canA_isr0
003ea34c   _canA_isr1
003e8ccf   _canMailboxInit
003e9842   _chkheap
003e923c   _close
003eae3d   _cpu_timer0_isr
003eb1d4   _cpu_timer1_isr
00000377   _errno
003eb3a0   _exit
003ea47a   _exp
003ead76   _fclose
003eac93   _fflush
003e9f93   _fopen
003eae91   _fputc
003ea3d5   _fputs
003e9694   _free
003e9826   _free_memory
003e9f43   _freopen
003eb3e6   _frexp
003eafea   _fseek
00000398   _ftest
00000384   _ftestData
003e8e1d   _handleCANRxFIFO
003e99d7   _handleRxFIFO
003e8ba9   _handleScanKey
003eb488   _i2c_int1a_isr
000003de   _j
00000376   _key
00000392   _keyStr
00000300   _keyVal
00000386   _keyValCode
00000182   _lastSendMBox
003eaf6c   _ldexp
003e9224   _lseek
003eb08a   _ltoa
003e9fad   _main
003e96fd   _malloc
003e9806   _max_free
003eb44f   _memccpy
003eb421   _memchr
003eb45c   _memset
003e96d9   _minit
003e9b00   _my_close
003e9b28   _my_lseek
003e9af7   _my_open
003e9b05   _my_read
003e9b38   _my_rename
003e9b31   _my_unlink
003e9b0e   _my_write
003e91b2   _open
003e9ac7   _open_uart_debug
00000380   _poitPosition
003ea882   _pow
003eb02d   _printf
003eae91   _putc
003eaedc   _putchar
003ea468   _puts
003e919a   _read
003e9756   _realloc
00000214   _regulate_I
00000216   _regulate_V
003eb4bd   _remove
003e9180   _remove_device
003e9157   _rename
003e99d2   _rsvd_ISR
003e9a63   _scia_xmit
003e8912   _segGetShow
003eab05   _setvbuf
003e956b   _softResetIIC_BUS
003eb468   _strchr
003eb47e   _strcmp
003eb4b8   _strcpy
003eb4ab   _strlen
003eb240   _strncpy
000002cb   _temp1
000002ca   _temp2
000002c8   _temp3
000002c9   _temp4
00000370   _timer0Base
003eade9   _uartRx_isr
003e913f   _unlink
003e90d9   _write
000003db   _xfeq
003eb2a4   _xint1_isr
00000213   _xx
ffffffff   binit
003eb942   cinit
003f7ff6   code_start
003eb4c0   etext
ffffffff   pinit


GLOBAL SYMBOLS: SORTED BY Symbol Address 

address    name
--------   ----
00000000   ___TI_ft_end
00000001   __TI_args_main
0000001f   _RamfuncsLoadSize
00000040   __ftable
00000050   __stack
000000c0   ___TI_tmpnams
00000160   _CpuTimer1
00000168   _CpuTimer2
00000170   _CpuTimer0
00000180   _PtrCanTx
00000182   _lastSendMBox
00000184   _PtrCanRx
00000186   _CANTxMsg
000001c0   _CANRxMsg
00000213   _xx
00000214   _regulate_I
00000216   _regulate_V
00000218   _ADResReg
000002c8   _temp3
000002c9   _temp4
000002ca   _temp2
000002cb   _temp1
000002cc   _DataScope_OutPut_Buffer
000002f6   __unlock
000002f8   __lock
000002fa   ___TI_cleanup_ptr
000002fc   ___TI_dtors_ptr
000002fe   _P1
000002ff   _P0
00000300   __STACK_SIZE
00000300   _keyVal
00000301   _LigntVal
00000302   _PtrMsg
00000306   _IIC_ISR_String
00000316   _SEG7Table
00000326   _ICF8591Msg
00000340   _TM1650
00000350   __STACK_END
00000358   _AT24C02Msg
00000370   _timer0Base
00000374   _Tmp
00000375   _Error
00000376   _key
00000377   _errno
00000380   _poitPosition
00000384   _ftestData
00000386   _keyValCode
00000389   _TM1650SegVal
00000392   _keyStr
00000398   _ftest
000003a0   _RGB_Code
000003c0   _Running
000003da   _Send_Count
000003db   _xfeq
000003dc   _V_OUT
000003dd   _F_OUT
000003de   _j
000003e0   _PID_V
000003ee   _PID_F
00000400   _SCI_Msg
00000400   __SYSMEM_SIZE
00000400   __sys_memory
00000880   _DevEmuRegs
00000985   _SysPwrCtrlRegs
00000a80   _FlashRegs
00000ae0   _CsmRegs
00000b00   _AdcResult
00000c00   _CpuTimer0Regs
00000c08   _CpuTimer1Regs
00000c10   _CpuTimer2Regs
00000ce0   _PieCtrlRegs
00000d00   _EmuKey
00000d00   _PieVectTable
00000d01   _EmuBMode
00000d02   _Flash_CallbackPtr
00000d04   _Flash_CPUScaleFactor
00001400   _Cla1Regs
00006000   _ECanaRegs
00006040   _ECanaLAMRegs
00006080   _ECanaMOTSRegs
000060c0   _ECanaMOTORegs
00006100   _ECanaMboxes
00006400   _Comp1Regs
00006420   _Comp2Regs
00006440   _Comp3Regs
00006800   _EPwm1Regs
00006840   _EPwm2Regs
00006880   _EPwm3Regs
000068c0   _EPwm4Regs
00006900   _EPwm5Regs
00006940   _EPwm6Regs
00006980   _EPwm7Regs
00006a00   _ECap1Regs
00006ac0   _HRCap1Regs
00006ae0   _HRCap2Regs
00006b00   _EQep1Regs
00006c00   _LinaRegs
00006f80   _GpioCtrlRegs
00006fc0   _GpioDataRegs
00006fe0   _GpioIntRegs
00007010   _SysCtrlRegs
00007040   _SpiaRegs
00007050   _SciaRegs
00007060   _NmiIntruptRegs
00007070   _XIntruptRegs
00007100   _AdcRegs
00007740   _SpibRegs
00007900   _I2caRegs
00008000   _InitFlash
00008000   _RamfuncsRunStart
0000801b   _DSP28x_usDelay
00008c00   __CIOBUF_
003d7e80   _PartIdRegs
003e8000   .text
003e8000   ___text__
003e880f   ___TI_printfi
003e88fc   _ShumaSlt
003e8912   _segGetShow
003e8ac4   _SegScanTask
003e8ba9   _handleScanKey
003e8c35   _Init_CANA_Gpio
003e8c4b   _CANInit
003e8c54   _InitECana_1
003e8ccf   _canMailboxInit
003e8d66   _CAN_Init_Interrupt
003e8db0   _CAN_Send
003e8e1d   _handleCANRxFIFO
003e8ed6   _InitAdc
003e8ef4   _InitAdcAio
003e8f16   _AdcOffsetSelfCal
003e8f3d   _AdcChanSelect
003e8fb2   _AdcConversion
003e90d9   _write
003e913f   _unlink
003e9157   _rename
003e9180   _remove_device
003e919a   _read
003e91b2   _open
003e9224   _lseek
003e923c   _close
003e926e   _add_device
003e92da   _HOSTwrite
003e9310   _HOSTunlink
003e9335   _HOSTtime
003e935f   _HOSTrename
003e939d   _HOSTread
003e93d3   _HOSTopen
003e940a   _HOSTlseek
003e9451   _HOSTgetenv
003e9479   _HOSTclose
003e94a0   _HOSTclock
003e94ca   _InitI2C_Gpio
003e94e0   _I2CA_Init
003e952a   _I2CA_Tx_STOP
003e955a   _I2CA_Rxdata_STOP
003e956b   _softResetIIC_BUS
003e962b   _TM1650_Send
003e9659   _TM1650_Read
003e9694   _free
003e96d9   _minit
003e96fd   _malloc
003e9756   _realloc
003e9806   _max_free
003e9826   _free_memory
003e9842   _chkheap
003e9844   _calloc
003e985b   _INT13_ISR
003e9860   _INT14_ISR
003e9865   _DATALOG_ISR
003e986a   _RTOSINT_ISR
003e986f   _EMUINT_ISR
003e9874   _NMI_ISR
003e9879   _ILLEGAL_ISR
003e987e   _USER1_ISR
003e9883   _USER2_ISR
003e9888   _USER3_ISR
003e988d   _USER4_ISR
003e9892   _USER5_ISR
003e9897   _USER6_ISR
003e989c   _USER7_ISR
003e98a1   _USER8_ISR
003e98a6   _USER9_ISR
003e98ab   _USER10_ISR
003e98b0   _USER11_ISR
003e98b5   _USER12_ISR
003e98ba   _ADCINT1_ISR
003e98bf   _ADCINT2_ISR
003e98c4   _XINT1_ISR
003e98c9   _XINT2_ISR
003e98ce   _ADCINT9_ISR
003e98d3   _TINT0_ISR
003e98d8   _WAKEINT_ISR
003e98dd   _EPWM1_TZINT_ISR
003e98e2   _EPWM2_TZINT_ISR
003e98e7   _EPWM3_TZINT_ISR
003e98ec   _EPWM4_TZINT_ISR
003e98f1   _EPWM5_TZINT_ISR
003e98f6   _EPWM6_TZINT_ISR
003e98fb   _EPWM7_TZINT_ISR
003e9900   _EPWM1_INT_ISR
003e9905   _EPWM2_INT_ISR
003e990a   _EPWM3_INT_ISR
003e990f   _EPWM4_INT_ISR
003e9914   _EPWM5_INT_ISR
003e9919   _EPWM6_INT_ISR
003e991e   _EPWM7_INT_ISR
003e9923   _ECAP1_INT_ISR
003e9928   _HRCAP1_INT_ISR
003e992d   _HRCAP2_INT_ISR
003e9932   _EQEP1_INT_ISR
003e9937   _SPIRXINTA_ISR
003e993c   _SPITXINTA_ISR
003e9941   _SPIRXINTB_ISR
003e9946   _SPITXINTB_ISR
003e994b   _I2CINT1A_ISR
003e9950   _I2CINT2A_ISR
003e9955   _SCIRXINTA_ISR
003e995a   _SCITXINTA_ISR
003e995f   _LIN0INTA_ISR
003e9964   _LIN1INTA_ISR
003e9969   _ECAN0INTA_ISR
003e996e   _ECAN1INTA_ISR
003e9973   _ADCINT3_ISR
003e9978   _ADCINT4_ISR
003e997d   _ADCINT5_ISR
003e9982   _ADCINT6_ISR
003e9987   _ADCINT7_ISR
003e998c   _ADCINT8_ISR
003e9991   _CLA1_INT1_ISR
003e9996   _CLA1_INT2_ISR
003e999b   _CLA1_INT3_ISR
003e99a0   _CLA1_INT4_ISR
003e99a5   _CLA1_INT5_ISR
003e99aa   _CLA1_INT6_ISR
003e99af   _CLA1_INT7_ISR
003e99b4   _CLA1_INT8_ISR
003e99b9   _XINT3_ISR
003e99be   _LVF_ISR
003e99c3   _LUF_ISR
003e99c8   _EMPTY_ISR
003e99cd   _PIE_RESERVED
003e99d2   _rsvd_ISR
003e99d7   _handleRxFIFO
003e9a32   _SCI_Init
003e9a63   _scia_xmit
003e9a7d   _USART_Transmit
003e9a86   _PrintLongInt
003e9ac7   _open_uart_debug
003e9af7   _my_open
003e9b00   _my_close
003e9b05   _my_read
003e9b0e   _my_write
003e9b28   _my_lseek
003e9b31   _my_unlink
003e9b38   _my_rename
003e9b42   _InitSysCtrl
003e9b5c   _ServiceDog
003e9b66   _DisableDog
003e9b6e   _InitPll
003e9bbe   _InitPeripheralClocks
003e9bfa   _CsmUnlock
003e9c2b   _IntOsc1Sel
003e9c3b   _IntOsc2Sel
003e9c4f   _XtalOscSel
003e9c63   _ExtOscSel
003e9c79   _PID_Init
003e9c8f   _PID_Control_F
003e9cf3   _PID_Control_V
003e9d60   _Upper_Uart
003e9da7   LL$$DIV
003e9de3   LL$$MOD
003e9e1d   ULL$$DIV
003e9e4c   ULL$$MOD
003e9f26   ___TI_cleanup
003e9f43   _freopen
003e9f93   _fopen
003e9fad   _main
003ea07d   _InitLED
003ea09b   _Float2Byte
003ea0c0   _DataScope_Get_Channel_Data
003ea136   _DataScope_Data_Generate
003ea188   _ADC_Config
003ea250   _InitEPwm
003ea251   _InitEPwmGpio
003ea260   _InitEPwm1Gpio
003ea272   _InitEPwm2Gpio
003ea284   _InitEPwm3Gpio
003ea298   _InitEPwm4Gpio
003ea2ac   _InitEPwm5Gpio
003ea2be   _InitEPwm6Gpio
003ea2d0   _InitEPwm7Gpio
003ea2e2   _InitEPwmSyncGpio
003ea2f3   _InitTzGpio
003ea314   _canA_isr0
003ea34c   _canA_isr1
003ea3d5   _fputs
003ea468   _puts
003ea47a   _exp
003ea517   FD$$ADD
003ea5b3   _LED_INit
003ea5e7   _KEY_Init
003ea615   _KEY_Scan
003ea642   _STOP_Scan
003ea64e   _InitLin
003ea651   _InitLina
003ea699   _GenIdParity
003ea6c5   _InitLinGpio
003ea6c8   _InitLinaGpio
003ea6dc   ___TI_writemsg
003ea72c   C$$IO$$
003ea730   ___TI_readmsg
003ea76a   __log
003ea7f7   FD$$DIV
003ea882   _pow
003ea909   FD$$MPY
003ea98c   FS$$DIV
003eaa0f   _EPWM1_Config
003eaa57   _EPWM2_Config
003eaa8d   FS$$SUB
003eaa92   FS$$ADD
003eab05   _setvbuf
003eab7d   _InitCpuTimers
003eabbe   _ConfigCpuTimer
003eabf3   _Init_LinaGpio
003eac03   _SetupSCI
003eac48   _ZM5168_INit
003eac64   ___TI_doflush
003eac93   _fflush
003eaccf   ___TI_wrt_ok
003ead09   ___TI_rd_ok
003ead34   ___TI_closefile
003ead76   _fclose
003ead8f   FS$$MPY
003eade9   _uartRx_isr
003eae3d   _cpu_timer0_isr
003eae91   _fputc
003eae91   _putc
003eaedc   _putchar
003eaee1   _adc_isr
003eaf28   _c_int00
003eaf6c   _ldexp
003eafab   _Timer0_init
003eafcd   _Timer1_init
003eafea   _fseek
003eb02d   _printf
003eb059   _atoi
003eb08a   _ltoa
003eb0b6   _SPIGpio_Init
003eb0de   _SPI_INit
003eb0e1   FD$$CMP
003eb10b   L$$DIV
003eb11a   L$$MOD
003eb128   UL$$DIV
003eb12f   UL$$MOD
003eb135   _ExInt_Init
003eb15e   FS$$TOL
003eb187   _InitPieCtrl
003eb1a6   _EnableInterrupts
003eb1af   _InitPieVectTable
003eb1d4   _cpu_timer1_isr
003eb1f9   FS$$TOI
003eb21e   I$$DIV
003eb22f   I$$MOD
003eb240   _strncpy
003eb262   FD$$TOI
003eb283   ___memcpy_ff
003eb2a4   _xint1_isr
003eb2c3   FD$$TOL
003eb2e2   LL$$CMP
003eb2f4   ULL$$CMP
003eb300   FS$$TOFD
003eb31c   L$$TOFD
003eb338   _InitSci
003eb339   _InitSciGpio
003eb33c   _InitSciaGpio
003eb352   I$$TOFS
003eb36c   _InitI2C
003eb36d   _InitI2CGpio
003eb385   __args_main
003eb39e   C$$EXIT
003eb39e   _abort
003eb3a0   _exit
003eb3b7   LL$$AND
003eb3bf   LL$$OR
003eb3c7   LL$$XOR
003eb3cf   FS$$CMP
003eb3e6   _frexp
003eb3fa   LL$$MPY
003eb40e   _InitGpio
003eb421   _memchr
003eb431   U$$TOFS
003eb441   FD$$SUB
003eb44f   _memccpy
003eb45c   _memset
003eb468   _strchr
003eb473   U$$DIV
003eb478   U$$MOD
003eb47e   _strcmp
003eb488   _i2c_int1a_isr
003eb491   __register_unlock
003eb495   __register_lock
003eb499   __nop
003eb49a   FD$$NEG
003eb4ab   _strlen
003eb4b3   FS$$NEG
003eb4b8   _strcpy
003eb4bd   _remove
003eb4c0   ___etext__
003eb4c0   __ctypes_
003eb4c0   etext
003eb5c2   _PieVectTableInit
003eb942   ___cinit__
003eb942   cinit
003f5000   _RamfuncsLoadStart
003f7ff6   code_start
003f7ff8   _CsmPwl
ffffffff   ___binit__
ffffffff   ___c_args__
ffffffff   ___pinit__
ffffffff   binit
ffffffff   pinit

[421 symbols]
