******************************************************************************
             TMS320C2000 Linker PC v6.2.0                      
******************************************************************************
>> Linked Fri Mar 31 16:17:13 2017

OUTPUT FILE NAME:   <WXCD_FS.out>
ENTRY POINT SYMBOL: "_c_int00"  address: 003ea80f


MEMORY CONFIGURATION

         name            origin    length      used     unused   attr    fill
----------------------  --------  ---------  --------  --------  ----  --------
PAGE 0:
  RAML0                 00008000   00000800  0000001f  000007e1  RWIX
  RAML1                 00008800   00000400  00000000  00000400  RWIX
  OTP                   003d7800   00000400  00000000  00000400  RWIX
  FLASHCDEFGH           003e8000   0000c000  000032db  00008d25  RWIX
  FLASHB2               003f5000   00001000  0000001f  00000fe1  RWIX
  FLASHA                003f6000   00001f80  00000000  00001f80  RWIX
  CSM_RSVD              003f7f80   00000076  00000000  00000076  RWIX
  BEGIN                 003f7ff6   00000002  00000002  00000000  RWIX
  CSM_PWL_P0            003f7ff8   00000008  00000000  00000008  RWIX
  IQTABLES              003fe000   00000b50  00000000  00000b50  RWIX
  IQTABLES2             003feb50   0000008c  00000000  0000008c  RWIX
  IQTABLES3             003febdc   000000aa  00000000  000000aa  RWIX
  ROM                   003ff27c   00000d44  00000000  00000d44  RWIX
  RESET                 003fffc0   00000002  00000000  00000002  RWIX
  VECTORS               003fffc2   0000003e  00000000  0000003e  RWIX

PAGE 1:
  BOOT_RSVD             00000000   00000050  00000000  00000050  RWIX
  RAMM0                 00000050   000003b0  00000300  000000b0  RWIX
  RAMM1                 00000400   00000400  00000400  00000000  RWIX
  DEV_EMU               00000880   00000105  00000004  00000101  RWIX
  SYS_PWR_CTL           00000985   00000003  00000003  00000000  RWIX
  FLASH_REGS            00000a80   00000060  00000008  00000058  RWIX
  CSM                   00000ae0   00000010  00000010  00000000  RWIX
  ADC_RESULT            00000b00   00000020  00000020  00000000  RWIX
  CPU_TIMER0            00000c00   00000008  00000008  00000000  RWIX
  CPU_TIMER1            00000c08   00000008  00000008  00000000  RWIX
  CPU_TIMER2            00000c10   00000008  00000008  00000000  RWIX
  PIE_CTRL              00000ce0   00000020  0000001a  00000006  RWIX
  PIE_VECT              00000d00   00000100  00000100  00000000  RWIX
  CLA1                  00001400   00000080  00000040  00000040  RWIX
  ECANA                 00006000   00000040  00000034  0000000c  RWIX
  ECANA_LAM             00006040   00000040  00000040  00000000  RWIX
  ECANA_MOTS            00006080   00000040  00000040  00000000  RWIX
  ECANA_MOTO            000060c0   00000040  00000040  00000000  RWIX
  ECANA_MBOX            00006100   00000100  00000100  00000000  RWIX
  COMP1                 00006400   00000020  00000014  0000000c  RWIX
  COMP2                 00006420   00000020  00000014  0000000c  RWIX
  COMP3                 00006440   00000020  00000014  0000000c  RWIX
  EPWM1                 00006800   00000040  00000040  00000000  RWIX
  EPWM2                 00006840   00000040  00000040  00000000  RWIX
  EPWM3                 00006880   00000040  00000040  00000000  RWIX
  EPWM4                 000068c0   00000040  00000040  00000000  RWIX
  EPWM5                 00006900   00000040  00000040  00000000  RWIX
  EPWM6                 00006940   00000040  00000040  00000000  RWIX
  EPWM7                 00006980   00000040  00000040  00000000  RWIX
  ECAP1                 00006a00   00000020  00000020  00000000  RWIX
  HRCAP1                00006ac0   00000020  00000020  00000000  RWIX
  HRCAP2                00006ae0   00000020  00000020  00000000  RWIX
  EQEP1                 00006b00   00000040  00000040  00000000  RWIX
  LINA                  00006c00   00000080  0000004a  00000036  RWIX
  GPIOCTRL              00006f80   00000040  00000040  00000000  RWIX
  GPIODAT               00006fc0   00000020  00000020  00000000  RWIX
  GPIOINT               00006fe0   00000020  0000000c  00000014  RWIX
  SYSTEM                00007010   00000020  00000020  00000000  RWIX
  SPIA                  00007040   00000010  00000010  00000000  RWIX
  SCIA                  00007050   00000010  00000010  00000000  RWIX
  NMIINTRUPT            00007060   00000010  00000010  00000000  RWIX
  XINTRUPT              00007070   00000010  00000010  00000000  RWIX
  ADC                   00007100   00000080  00000050  00000030  RWIX
  SPIB                  00007740   00000010  00000010  00000000  RWIX
  I2CA                  00007900   00000040  00000022  0000001e  RWIX
  RAML2                 00008c00   00000400  000003dc  00000024  RWIX
  RAML3                 00009000   00001000  00000120  00000ee0  RWIX
  PARTID                003d7e80   00000001  00000001  00000000  RWIX
  FLASHB1               003f4000   00001000  00000000  00001000  RWIX
  CSM_PWL               003f7ff8   00000008  00000008  00000000  RWIX


SECTION ALLOCATION MAP

 output                                  attributes/
section   page    origin      length       input sections
--------  ----  ----------  ----------   ----------------
.pinit     0    003e8000    00000000     UNINITIALIZED

.text      0    003e8000    00002d99     
                  003e8000    000008fc     rts2800_ml.lib : _printfi.obj (.text)
                  003e88fc    00000282     CANcomm.obj (.text)
                  003e8b7e    00000203     DSP2803x_Adc.obj (.text)
                  003e8d81    00000201     rts2800_ml.lib : lowlev.obj (.text)
                  003e8f82    000001f0                    : trgdrv.obj (.text)
                  003e9172    000001c7                    : memory.obj (.text)
                  003e9339    0000017c     DSP2803x_DefaultIsr.obj (.text:retain)
                  003e94b5    00000147     printf_uart.obj (.text)
                  003e95fc    00000137     DSP2803x_SysCtrl.obj (.text)
                  003e9733    0000012e     pid.obj (.text)
                  003e9861    0000010b     pwm.obj (.text)
                  003e996c    00000107     rts2800_ml.lib : ll_div.obj (.text)
                  003e9a73    000000ff                    : fopen.obj (.text)
                  003e9b72    000000ed     DataScope_DP.obj (.text)
                  003e9c5f    000000ca     TM1650_IIC.obj (.text)
                  003e9d29    000000c5     main.obj (.text)
                  003e9dee    000000c4     DSP2803x_EPwm.obj (.text)
                  003e9eb2    000000c1     CANcomm.obj (.text:retain)
                  003e9f73    000000a5     rts2800_ml.lib : fputs.obj (.text)
                  003ea018    0000009c                    : fd_add.obj (.text)
                  003ea0b4    00000097     led.obj (.text)
                  003ea14b    0000008e     DSP2803x_Lin.obj (.text)
                  003ea1d9    0000008e     rts2800_ml.lib : ankmsg.obj (.text)
                  003ea267    0000008b                    : fd_div.obj (.text)
                  003ea2f2    00000083                    : fd_mpy.obj (.text)
                  003ea375    00000083                    : fs_div.obj (.text)
                  003ea3f8    00000078                    : fs_add.obj (.text)
                  003ea470    00000078                    : setvbuf.obj (.text)
                  003ea4e8    00000076     DSP2803x_CpuTimers.obj (.text)
                  003ea55e    00000073     ad.obj (.text)
                  003ea5d1    0000006b     rts2800_ml.lib : fflush.obj (.text)
                  003ea63c    00000069     zm5168.obj (.text)
                  003ea6a5    00000065     rts2800_ml.lib : _io_perm.obj (.text)
                  003ea70a    0000005b                    : fclose.obj (.text)
                  003ea765    0000005a                    : fs_mpy.obj (.text)
                  003ea7bf    00000050                    : fputc.obj (.text)
                  003ea80f    00000044                    : boot.obj (.text)
                  003ea853    0000003f     timer.obj (.text)
                  003ea892    0000003d     rts2800_ml.lib : fseek.obj (.text)
                  003ea8cf    00000032                    : printf.obj (.text)
                  003ea901    00000031                    : atoi.obj (.text)
                  003ea932    0000002f     ad.obj (.text:retain)
                  003ea961    0000002c     rts2800_ml.lib : ltoa.obj (.text)
                  003ea98d    0000002b     sim_spi.obj (.text)
                  003ea9b8    0000002a     rts2800_ml.lib : fd_cmp.obj (.text)
                  003ea9e2    0000002a                    : l_div.obj (.text)
                  003eaa0c    00000029     Exint.obj (.text)
                  003eaa35    00000029     rts2800_ml.lib : fs_tol.obj (.text)
                  003eaa5e    00000028     DSP2803x_PieCtrl.obj (.text)
                  003eaa86    00000025     DSP2803x_PieVect.obj (.text)
                  003eaaab    00000025     pid.obj (.text:retain)
                  003eaad0    00000025     printf_uart.obj (.text:retain)
                  003eaaf5    00000025     rts2800_ml.lib : fs_toi.obj (.text)
                  003eab1a    00000022                    : strncpy.obj (.text)
                  003eab3c    00000021                    : fd_toi.obj (.text)
                  003eab5d    00000021                    : memcpy_ff.obj (.text)
                  003eab7e    0000001f                    : fd_tol.obj (.text)
                  003eab9d    0000001e                    : ll_cmp.obj (.text)
                  003eabbb    0000001d                    : fs_tou.obj (.text)
                  003eabd8    0000001c                    : fs_tofd.obj (.text)
                  003eabf4    0000001c                    : l_tofd.obj (.text)
                  003eac10    0000001a     DSP2803x_Sci.obj (.text)
                  003eac2a    0000001a     timer.obj (.text:retain)
                  003eac44    0000001a     rts2800_ml.lib : i_tofs.obj (.text)
                  003eac5e    00000019     DSP2803x_I2C.obj (.text)
                  003eac77    00000019     rts2800_ml.lib : args_main.obj (.text)
                  003eac90    00000019                    : exit.obj (.text)
                  003eaca9    00000018                    : ll_aox.obj (.text)
                  003eacc1    00000017     Exint.obj (.text:retain)
                  003eacd8    00000014     rts2800_ml.lib : ll_mpy.obj (.text)
                  003eacec    00000013     DSP2803x_Gpio.obj (.text)
                  003eacff    00000010     rts2800_ml.lib : memchr.obj (.text)
                  003ead0f    00000010                    : u_tofs.obj (.text)
                  003ead1f    0000000e                    : fd_sub.obj (.text)
                  003ead2d    0000000d                    : memccpy.obj (.text)
                  003ead3a    0000000c                    : memset.obj (.text)
                  003ead46    0000000b                    : strchr.obj (.text)
                  003ead51    0000000b                    : u_div.obj (.text)
                  003ead5c    0000000a                    : strcmp.obj (.text)
                  003ead66    00000009     TM1650_IIC.obj (.text:retain)
                  003ead6f    00000009     rts2800_ml.lib : _lock.obj (.text)
                  003ead78    00000009                    : fd_neg.obj (.text)
                  003ead81    00000008     DSP2803x_CodeStartBranch.obj (.text)
                  003ead89    00000008     rts2800_ml.lib : strlen.obj (.text)
                  003ead91    00000005                    : strcpy.obj (.text)
                  003ead96    00000003                    : remove.obj (.text)

.econst    0    003ead9a    00000434     
                  003ead9a    00000101     rts2800_ml.lib : ctype.obj (.econst:.string:__ctypes_)
                  003eae9b    00000001     --HOLE-- [fill = 0]
                  003eae9c    00000100     DSP2803x_PieVect.obj (.econst)
                  003eaf9c    000000f4     printf_uart.obj (.econst:.string)
                  003eb090    000000db     CANcomm.obj (.econst:.string)
                  003eb16b    00000001     --HOLE-- [fill = 0]
                  003eb16c    00000024     TM1650_IIC.obj (.econst:.string)
                  003eb190    00000024     rts2800_ml.lib : _printfi.obj (.econst:.string)
                  003eb1b4    00000018                    : _printfi.obj (.econst)
                  003eb1cc    00000002                    : fputs.obj (.econst:.string)

.cinit     0    003eb1ce    0000010e     
                  003eb1ce    00000048     TM1650_IIC.obj (.cinit)
                  003eb216    00000031     rts2800_ml.lib : lowlev.obj (.cinit)
                  003eb247    0000002a                    : defs.obj (.cinit)
                  003eb271    00000022     CANcomm.obj (.cinit)
                  003eb293    0000000c     main.obj (.cinit)
                  003eb29f    0000000b     printf_uart.obj (.cinit)
                  003eb2aa    0000000a     rts2800_ml.lib : _lock.obj (.cinit)
                  003eb2b4    0000000a                    : exit.obj (.cinit)
                  003eb2be    00000007     timer.obj (.cinit)
                  003eb2c5    00000005     pwm.obj (.cinit)
                  003eb2ca    00000004     DataScope_DP.obj (.cinit)
                  003eb2ce    00000004     pid.obj (.cinit)
                  003eb2d2    00000004     rts2800_ml.lib : fopen.obj (.cinit)
                  003eb2d6    00000004                    : memory.obj (.cinit)
                  003eb2da    00000002     --HOLE-- [fill = 0]

ramfuncs   0    003f5000    0000001f     RUN ADDR = 00008000
                  003f5000    0000001b     DSP2803x_SysCtrl.obj (ramfuncs)
                  003f501b    00000004     DSP2803x_usDelay.obj (ramfuncs)

codestart 
*          0    003f7ff6    00000002     
                  003f7ff6    00000002     DSP2803x_CodeStartBranch.obj (codestart)

.reset     0    003fffc0    00000002     DSECT
                  003fffc0    00000002     rts2800_ml.lib : boot.obj (.reset)

vectors    0    003fffc2    00000000     DSECT

.stack     1    00000050    00000300     UNINITIALIZED
                  00000050    00000300     --HOLE--

.sysmem    1    00000400    00000400     UNINITIALIZED
                  00000400    00000001     rts2800_ml.lib : memory.obj (.sysmem)
                  00000401    000003ff     --HOLE--

DevEmuRegsFile 
*          1    00000880    00000004     UNINITIALIZED
                  00000880    00000004     DSP2803x_GlobalVariableDefs.obj (DevEmuRegsFile)

SysPwrCtrlRegsFile 
*          1    00000985    00000003     UNINITIALIZED
                  00000985    00000003     DSP2803x_GlobalVariableDefs.obj (SysPwrCtrlRegsFile)

FlashRegsFile 
*          1    00000a80    00000008     UNINITIALIZED
                  00000a80    00000008     DSP2803x_GlobalVariableDefs.obj (FlashRegsFile)

CsmRegsFile 
*          1    00000ae0    00000010     UNINITIALIZED
                  00000ae0    00000010     DSP2803x_GlobalVariableDefs.obj (CsmRegsFile)

AdcResultFile 
*          1    00000b00    00000020     UNINITIALIZED
                  00000b00    00000020     DSP2803x_GlobalVariableDefs.obj (AdcResultFile)

CpuTimer0RegsFile 
*          1    00000c00    00000008     UNINITIALIZED
                  00000c00    00000008     DSP2803x_GlobalVariableDefs.obj (CpuTimer0RegsFile)

CpuTimer1RegsFile 
*          1    00000c08    00000008     UNINITIALIZED
                  00000c08    00000008     DSP2803x_GlobalVariableDefs.obj (CpuTimer1RegsFile)

CpuTimer2RegsFile 
*          1    00000c10    00000008     UNINITIALIZED
                  00000c10    00000008     DSP2803x_GlobalVariableDefs.obj (CpuTimer2RegsFile)

PieCtrlRegsFile 
*          1    00000ce0    0000001a     UNINITIALIZED
                  00000ce0    0000001a     DSP2803x_GlobalVariableDefs.obj (PieCtrlRegsFile)

PieVectTableFile 
*          1    00000d00    00000100     UNINITIALIZED
                  00000d00    00000100     DSP2803x_GlobalVariableDefs.obj (PieVectTableFile)

EmuKeyVar 
*          1    00000d00    00000001     UNINITIALIZED
                  00000d00    00000001     DSP2803x_GlobalVariableDefs.obj (EmuKeyVar)

EmuBModeVar 
*          1    00000d01    00000001     UNINITIALIZED
                  00000d01    00000001     DSP2803x_GlobalVariableDefs.obj (EmuBModeVar)

FlashCallbackVar 
*          1    00000d02    00000002     UNINITIALIZED
                  00000d02    00000002     DSP2803x_GlobalVariableDefs.obj (FlashCallbackVar)

FlashScalingVar 
*          1    00000d04    00000002     UNINITIALIZED
                  00000d04    00000002     DSP2803x_GlobalVariableDefs.obj (FlashScalingVar)

Cla1RegsFile 
*          1    00001400    00000040     UNINITIALIZED
                  00001400    00000040     DSP2803x_GlobalVariableDefs.obj (Cla1RegsFile)

ECanaRegsFile 
*          1    00006000    00000034     UNINITIALIZED
                  00006000    00000034     DSP2803x_GlobalVariableDefs.obj (ECanaRegsFile)

ECanaLAMRegsFile 
*          1    00006040    00000040     UNINITIALIZED
                  00006040    00000040     DSP2803x_GlobalVariableDefs.obj (ECanaLAMRegsFile)

ECanaMOTSRegsFile 
*          1    00006080    00000040     UNINITIALIZED
                  00006080    00000040     DSP2803x_GlobalVariableDefs.obj (ECanaMOTSRegsFile)

ECanaMOTORegsFile 
*          1    000060c0    00000040     UNINITIALIZED
                  000060c0    00000040     DSP2803x_GlobalVariableDefs.obj (ECanaMOTORegsFile)

ECanaMboxesFile 
*          1    00006100    00000100     UNINITIALIZED
                  00006100    00000100     DSP2803x_GlobalVariableDefs.obj (ECanaMboxesFile)

Comp1RegsFile 
*          1    00006400    00000014     UNINITIALIZED
                  00006400    00000014     DSP2803x_GlobalVariableDefs.obj (Comp1RegsFile)

Comp2RegsFile 
*          1    00006420    00000014     UNINITIALIZED
                  00006420    00000014     DSP2803x_GlobalVariableDefs.obj (Comp2RegsFile)

Comp3RegsFile 
*          1    00006440    00000014     UNINITIALIZED
                  00006440    00000014     DSP2803x_GlobalVariableDefs.obj (Comp3RegsFile)

EPwm1RegsFile 
*          1    00006800    00000040     UNINITIALIZED
                  00006800    00000040     DSP2803x_GlobalVariableDefs.obj (EPwm1RegsFile)

EPwm2RegsFile 
*          1    00006840    00000040     UNINITIALIZED
                  00006840    00000040     DSP2803x_GlobalVariableDefs.obj (EPwm2RegsFile)

EPwm3RegsFile 
*          1    00006880    00000040     UNINITIALIZED
                  00006880    00000040     DSP2803x_GlobalVariableDefs.obj (EPwm3RegsFile)

EPwm4RegsFile 
*          1    000068c0    00000040     UNINITIALIZED
                  000068c0    00000040     DSP2803x_GlobalVariableDefs.obj (EPwm4RegsFile)

EPwm5RegsFile 
*          1    00006900    00000040     UNINITIALIZED
                  00006900    00000040     DSP2803x_GlobalVariableDefs.obj (EPwm5RegsFile)

EPwm6RegsFile 
*          1    00006940    00000040     UNINITIALIZED
                  00006940    00000040     DSP2803x_GlobalVariableDefs.obj (EPwm6RegsFile)

EPwm7RegsFile 
*          1    00006980    00000040     UNINITIALIZED
                  00006980    00000040     DSP2803x_GlobalVariableDefs.obj (EPwm7RegsFile)

ECap1RegsFile 
*          1    00006a00    00000020     UNINITIALIZED
                  00006a00    00000020     DSP2803x_GlobalVariableDefs.obj (ECap1RegsFile)

HRCap1RegsFile 
*          1    00006ac0    00000020     UNINITIALIZED
                  00006ac0    00000020     DSP2803x_GlobalVariableDefs.obj (HRCap1RegsFile)

HRCap2RegsFile 
*          1    00006ae0    00000020     UNINITIALIZED
                  00006ae0    00000020     DSP2803x_GlobalVariableDefs.obj (HRCap2RegsFile)

EQep1RegsFile 
*          1    00006b00    00000040     UNINITIALIZED
                  00006b00    00000040     DSP2803x_GlobalVariableDefs.obj (EQep1RegsFile)

LinaRegsFile 
*          1    00006c00    0000004a     UNINITIALIZED
                  00006c00    0000004a     DSP2803x_GlobalVariableDefs.obj (LinaRegsFile)

GpioCtrlRegsFile 
*          1    00006f80    00000040     UNINITIALIZED
                  00006f80    00000040     DSP2803x_GlobalVariableDefs.obj (GpioCtrlRegsFile)

GpioDataRegsFile 
*          1    00006fc0    00000020     UNINITIALIZED
                  00006fc0    00000020     DSP2803x_GlobalVariableDefs.obj (GpioDataRegsFile)

GpioIntRegsFile 
*          1    00006fe0    0000000c     UNINITIALIZED
                  00006fe0    0000000c     DSP2803x_GlobalVariableDefs.obj (GpioIntRegsFile)

SysCtrlRegsFile 
*          1    00007010    00000020     UNINITIALIZED
                  00007010    00000020     DSP2803x_GlobalVariableDefs.obj (SysCtrlRegsFile)

SpiaRegsFile 
*          1    00007040    00000010     UNINITIALIZED
                  00007040    00000010     DSP2803x_GlobalVariableDefs.obj (SpiaRegsFile)

SciaRegsFile 
*          1    00007050    00000010     UNINITIALIZED
                  00007050    00000010     DSP2803x_GlobalVariableDefs.obj (SciaRegsFile)

NmiIntruptRegsFile 
*          1    00007060    00000010     UNINITIALIZED
                  00007060    00000010     DSP2803x_GlobalVariableDefs.obj (NmiIntruptRegsFile)

XIntruptRegsFile 
*          1    00007070    00000010     UNINITIALIZED
                  00007070    00000010     DSP2803x_GlobalVariableDefs.obj (XIntruptRegsFile)

AdcRegsFile 
*          1    00007100    00000050     UNINITIALIZED
                  00007100    00000050     DSP2803x_GlobalVariableDefs.obj (AdcRegsFile)

SpibRegsFile 
*          1    00007740    00000010     UNINITIALIZED
                  00007740    00000010     DSP2803x_GlobalVariableDefs.obj (SpibRegsFile)

I2caRegsFile 
*          1    00007900    00000022     UNINITIALIZED
                  00007900    00000022     DSP2803x_GlobalVariableDefs.obj (I2caRegsFile)

.ebss      1    00008c00    000003dc     UNINITIALIZED
                  00008c00    00000160     rts2800_ml.lib : defs.obj (.ebss)
                  00008d60    00000018     DSP2803x_CpuTimers.obj (.ebss)
                  00008d78    00000008     rts2800_ml.lib : memory.obj (.ebss)
                  00008d80    00000098     TM1650_IIC.obj (.ebss)
                  00008e18    00000024     ad.obj (.ebss)
                  00008e3c    00000004     main.obj (.ebss)
                  00008e40    00000093     CANcomm.obj (.ebss)
                  00008ed3    00000001     rts2800_ml.lib : fopen.obj (.ebss)
                  00008ed4    00000022     pid.obj (.ebss)
                  00008ef6    00000008     rts2800_ml.lib : trgdrv.obj (.ebss)
                  00008efe    00000002     DSP2803x_Lin.obj (.ebss)
                  00008f00    00000088     rts2800_ml.lib : lowlev.obj (.ebss)
                  00008f88    0000002e     DataScope_DP.obj (.ebss)
                  00008fb6    00000004     rts2800_ml.lib : _lock.obj (.ebss)
                  00008fba    00000004                    : exit.obj (.ebss)
                  00008fbe    00000002     pwm.obj (.ebss)
                  00008fc0    00000018     printf_uart.obj (.ebss)
                  00008fd8    00000004     timer.obj (.ebss)

.cio       1    00009000    00000120     UNINITIALIZED
                  00009000    00000120     rts2800_ml.lib : ankmsg.obj (.cio)

PartIdRegsFile 
*          1    003d7e80    00000001     UNINITIALIZED
                  003d7e80    00000001     DSP2803x_GlobalVariableDefs.obj (PartIdRegsFile)

CsmPwlFile 
*          1    003f7ff8    00000008     UNINITIALIZED
                  003f7ff8    00000008     DSP2803x_GlobalVariableDefs.obj (CsmPwlFile)


GLOBAL DATA SYMBOLS: SORTED BY DATA PAGE

address     data page           name
--------    ----------------    ----
00000050       1 (00000040)     __stack

00000400      10 (00000400)     __sys_memory

00000880      22 (00000880)     _DevEmuRegs

00000985      26 (00000980)     _SysPwrCtrlRegs

00000a80      2a (00000a80)     _FlashRegs

00000ae0      2b (00000ac0)     _CsmRegs

00000b00      2c (00000b00)     _AdcResult

00000c00      30 (00000c00)     _CpuTimer0Regs
00000c08      30 (00000c00)     _CpuTimer1Regs
00000c10      30 (00000c00)     _CpuTimer2Regs

00000ce0      33 (00000cc0)     _PieCtrlRegs

00000d00      34 (00000d00)     _EmuKey
00000d00      34 (00000d00)     _PieVectTable
00000d01      34 (00000d00)     _EmuBMode
00000d02      34 (00000d00)     _Flash_CallbackPtr
00000d04      34 (00000d00)     _Flash_CPUScaleFactor

00001400      50 (00001400)     _Cla1Regs

00006000     180 (00006000)     _ECanaRegs

00006040     181 (00006040)     _ECanaLAMRegs

00006080     182 (00006080)     _ECanaMOTSRegs

000060c0     183 (000060c0)     _ECanaMOTORegs

00006100     184 (00006100)     _ECanaMboxes

00006400     190 (00006400)     _Comp1Regs
00006420     190 (00006400)     _Comp2Regs

00006440     191 (00006440)     _Comp3Regs

00006800     1a0 (00006800)     _EPwm1Regs

00006840     1a1 (00006840)     _EPwm2Regs

00006880     1a2 (00006880)     _EPwm3Regs

000068c0     1a3 (000068c0)     _EPwm4Regs

00006900     1a4 (00006900)     _EPwm5Regs

00006940     1a5 (00006940)     _EPwm6Regs

00006980     1a6 (00006980)     _EPwm7Regs

00006a00     1a8 (00006a00)     _ECap1Regs

00006ac0     1ab (00006ac0)     _HRCap1Regs
00006ae0     1ab (00006ac0)     _HRCap2Regs

00006b00     1ac (00006b00)     _EQep1Regs

00006c00     1b0 (00006c00)     _LinaRegs

00006f80     1be (00006f80)     _GpioCtrlRegs

00006fc0     1bf (00006fc0)     _GpioDataRegs
00006fe0     1bf (00006fc0)     _GpioIntRegs

00007010     1c0 (00007000)     _SysCtrlRegs

00007040     1c1 (00007040)     _SpiaRegs
00007050     1c1 (00007040)     _SciaRegs
00007060     1c1 (00007040)     _NmiIntruptRegs
00007070     1c1 (00007040)     _XIntruptRegs

00007100     1c4 (00007100)     _AdcRegs

00007740     1dd (00007740)     _SpibRegs

00007900     1e4 (00007900)     _I2caRegs

00008c00     230 (00008c00)     ___TI_ft_end

00008c40     231 (00008c40)     __ftable

00008cc0     233 (00008cc0)     ___TI_tmpnams

00008d60     235 (00008d40)     _CpuTimer1
00008d68     235 (00008d40)     _CpuTimer2
00008d70     235 (00008d40)     _CpuTimer0

00008d80     236 (00008d80)     _keyVal
00008d81     236 (00008d80)     _LigntVal
00008d82     236 (00008d80)     _PtrMsg
00008d86     236 (00008d80)     _SEG7Table
00008d96     236 (00008d80)     _IIC_ISR_String
00008da6     236 (00008d80)     _ICF8591Msg

00008dc0     237 (00008dc0)     _MCP79411
00008dd8     237 (00008dc0)     _AT24C02Msg

00008e00     238 (00008e00)     _TM1650
00008e18     238 (00008e00)     _regulate_I
00008e1a     238 (00008e00)     _regulate_V
00008e1c     238 (00008e00)     _ADResReg
00008e3c     238 (00008e00)     _i
00008e3d     238 (00008e00)     _key
00008e3e     238 (00008e00)     _Error
00008e3f     238 (00008e00)     _Tmp

00008e40     239 (00008e40)     _lastSendMBox
00008e42     239 (00008e40)     _PtrCanRx
00008e44     239 (00008e40)     _PtrCanTx
00008e46     239 (00008e40)     _CANTxMsg

00008e80     23a (00008e80)     _CANRxMsg

00008ed4     23b (00008ec0)     _Send_Count
00008ed5     23b (00008ec0)     _xfeq
00008ed6     23b (00008ec0)     _V_OUT
00008ed7     23b (00008ec0)     _F_OUT
00008ed8     23b (00008ec0)     _j
00008eda     23b (00008ec0)     _PID_V
00008ee8     23b (00008ec0)     _PID_F
00008efe     23b (00008ec0)     _P1
00008eff     23b (00008ec0)     _P0

00008f88     23e (00008f80)     _temp3
00008f89     23e (00008f80)     _temp4
00008f8a     23e (00008f80)     _temp2
00008f8b     23e (00008f80)     _temp1
00008f8c     23e (00008f80)     _DataScope_OutPut_Buffer
00008fb6     23e (00008f80)     __unlock
00008fb8     23e (00008f80)     __lock
00008fba     23e (00008f80)     ___TI_cleanup_ptr
00008fbc     23e (00008f80)     ___TI_dtors_ptr
00008fbe     23e (00008f80)     _EPWM1_TIMER_TBPRD

00008fc0     23f (00008fc0)     _SCI_Msg
00008fd8     23f (00008fc0)     _timer0Base

00009000     240 (00009000)     __CIOBUF_

003d7e80    f5fa (003d7e80)     _PartIdRegs

003ead9a    fab6 (003ead80)     __ctypes_

003eae9c    faba (003eae80)     _PieVectTableInit

003f7ff8    fdff (003f7fc0)     _CsmPwl


GLOBAL SYMBOLS: SORTED ALPHABETICALLY BY Name 

address    name
--------   ----
003e8000   .text
003eac90   C$$EXIT
003ea229   C$$IO$$
003ea018   FD$$ADD
003ea9b8   FD$$CMP
003ea267   FD$$DIV
003ea2f2   FD$$MPY
003ead78   FD$$NEG
003ead1f   FD$$SUB
003eab3c   FD$$TOI
003eab7e   FD$$TOL
003ea3fd   FS$$ADD
003ea375   FS$$DIV
003ea765   FS$$MPY
003ea3f8   FS$$SUB
003eabd8   FS$$TOFD
003eaaf5   FS$$TOI
003eaa35   FS$$TOL
003eabbb   FS$$TOU
003eac44   I$$TOFS
003ea9e2   L$$DIV
003ea9f1   L$$MOD
003eabf4   L$$TOFD
003eaca9   LL$$AND
003eab9d   LL$$CMP
003e996c   LL$$DIV
003e99a8   LL$$MOD
003eacd8   LL$$MPY
003eacb1   LL$$OR
003eacb9   LL$$XOR
003ead51   U$$DIV
003ead56   U$$MOD
003ead0f   U$$TOFS
003ea9ff   UL$$DIV
003eaa06   UL$$MOD
003eabaf   ULL$$CMP
003e99e2   ULL$$DIV
003e9a11   ULL$$MOD
003e9398   _ADCINT1_ISR
003e939d   _ADCINT2_ISR
003e9451   _ADCINT3_ISR
003e9456   _ADCINT4_ISR
003e945b   _ADCINT5_ISR
003e9460   _ADCINT6_ISR
003e9465   _ADCINT7_ISR
003e946a   _ADCINT8_ISR
003e93ac   _ADCINT9_ISR
003ea55e   _ADC_Config
00008e1c   _ADResReg
00008dd8   _AT24C02Msg
003e8be5   _AdcChanSelect
003e8c5a   _AdcConversion
003e8bbe   _AdcOffsetSelfCal
00007100   _AdcRegs
00000b00   _AdcResult
003e8912   _CANInit
00008e80   _CANRxMsg
00008e46   _CANTxMsg
003e8a2d   _CAN_Init_Interrupt
003e8a77   _CAN_Send
003e946f   _CLA1_INT1_ISR
003e9474   _CLA1_INT2_ISR
003e9479   _CLA1_INT3_ISR
003e947e   _CLA1_INT4_ISR
003e9483   _CLA1_INT5_ISR
003e9488   _CLA1_INT6_ISR
003e948d   _CLA1_INT7_ISR
003e9492   _CLA1_INT8_ISR
00001400   _Cla1Regs
00006400   _Comp1Regs
00006420   _Comp2Regs
00006440   _Comp3Regs
003ea529   _ConfigCpuTimer
00008d70   _CpuTimer0
00000c00   _CpuTimer0Regs
00008d60   _CpuTimer1
00000c08   _CpuTimer1Regs
00008d68   _CpuTimer2
00000c10   _CpuTimer2Regs
003f7ff8   _CsmPwl
00000ae0   _CsmRegs
003e96b4   _CsmUnlock
003e9343   _DATALOG_ISR
003ea116   _DIP_Scan
0000801b   _DSP28x_usDelay
003e9c0d   _DataScope_Data_Generate
003e9b97   _DataScope_Get_Channel_Data
00008f8c   _DataScope_OutPut_Buffer
00000880   _DevEmuRegs
003e9620   _DisableDog
003e9447   _ECAN0INTA_ISR
003e944c   _ECAN1INTA_ISR
003e9401   _ECAP1_INT_ISR
00006040   _ECanaLAMRegs
000060c0   _ECanaMOTORegs
00006080   _ECanaMOTSRegs
00006100   _ECanaMboxes
00006000   _ECanaRegs
00006a00   _ECap1Regs
003e94a6   _EMPTY_ISR
003e934d   _EMUINT_ISR
003e9861   _EPWM1_Config
003e93de   _EPWM1_INT_ISR
00008fbe   _EPWM1_TIMER_TBPRD
003e93bb   _EPWM1_TZINT_ISR
003e98a9   _EPWM2_Config
003e93e3   _EPWM2_INT_ISR
003e93c0   _EPWM2_TZINT_ISR
003e93e8   _EPWM3_INT_ISR
003e93c5   _EPWM3_TZINT_ISR
003e93ed   _EPWM4_INT_ISR
003e93ca   _EPWM4_TZINT_ISR
003e93f2   _EPWM5_INT_ISR
003e93cf   _EPWM5_TZINT_ISR
003e93f7   _EPWM6_INT_ISR
003e93d4   _EPWM6_TZINT_ISR
003e93fc   _EPWM7_INT_ISR
003e93d9   _EPWM7_TZINT_ISR
00006800   _EPwm1Regs
00006840   _EPwm2Regs
00006880   _EPwm3Regs
000068c0   _EPwm4Regs
00006900   _EPwm5Regs
00006940   _EPwm6Regs
00006980   _EPwm7Regs
003e9410   _EQEP1_INT_ISR
00006b00   _EQep1Regs
00000d01   _EmuBMode
00000d00   _EmuKey
003eaa7d   _EnableInterrupts
00008e3e   _Error
003eaa0c   _ExInt_Init
003e971d   _ExtOscSel
00008ed7   _F_OUT
00000a80   _FlashRegs
00000d04   _Flash_CPUScaleFactor
00000d02   _Flash_CallbackPtr
003e9b72   _Float2Byte
003ea196   _GenIdParity
00006f80   _GpioCtrlRegs
00006fc0   _GpioDataRegs
00006fe0   _GpioIntRegs
003e9148   _HOSTclock
003e9121   _HOSTclose
003e90f9   _HOSTgetenv
003e90b2   _HOSTlseek
003e907b   _HOSTopen
003e9045   _HOSTread
003e9007   _HOSTrename
003e8fdd   _HOSTtime
003e8fb8   _HOSTunlink
003e8f82   _HOSTwrite
003e9406   _HRCAP1_INT_ISR
003e940b   _HRCAP2_INT_ISR
00006ac0   _HRCap1Regs
00006ae0   _HRCap2Regs
003e9c75   _I2CA_Init
003e9ced   _I2CA_Rxdata_STOP
003e9cc1   _I2CA_Tx_STOP
003e9429   _I2CINT1A_ISR
003e942e   _I2CINT2A_ISR
00007900   _I2caRegs
00008da6   _ICF8591Msg
00008d96   _IIC_ISR_String
003e9357   _ILLEGAL_ISR
003e9339   _INT13_ISR
003e933e   _INT14_ISR
003e8b7e   _InitAdc
003e8b9c   _InitAdcAio
003ea4e8   _InitCpuTimers
003e891b   _InitECana_1
003e9dee   _InitEPwm
003e98f4   _InitEPwm1Example
003e9dfe   _InitEPwm1Gpio
003e9931   _InitEPwm2Example
003e9e10   _InitEPwm2Gpio
003e9e22   _InitEPwm3Gpio
003e9e36   _InitEPwm4Gpio
003e9e4a   _InitEPwm5Gpio
003e9e5c   _InitEPwm6Gpio
003e9e6e   _InitEPwm7Gpio
003e9def   _InitEPwmGpio
003e9e80   _InitEPwmSyncGpio
00008000   _InitFlash
003eacec   _InitGpio
003eac5e   _InitI2C
003eac5f   _InitI2CGpio
003e9c5f   _InitI2C_Gpio
003e9dd0   _InitLED
003ea14b   _InitLin
003ea1c2   _InitLinGpio
003ea14e   _InitLina
003ea1c5   _InitLinaGpio
003e9678   _InitPeripheralClocks
003eaa5e   _InitPieCtrl
003eaa86   _InitPieVectTable
003e9628   _InitPll
003eac10   _InitSci
003eac11   _InitSciGpio
003eac14   _InitSciaGpio
003e95fc   _InitSysCtrl
003e9e91   _InitTzGpio
003e88fc   _Init_CANA_Gpio
003ea63c   _Init_LinaGpio
003e96e5   _IntOsc1Sel
003e96f5   _IntOsc2Sel
003ea0e8   _KEY_Init
003ea0b4   _LED_INit
003e943d   _LIN0INTA_ISR
003e9442   _LIN1INTA_ISR
003e94a1   _LUF_ISR
003e949c   _LVF_ISR
00008d81   _LigntVal
00006c00   _LinaRegs
00008dc0   _MCP79411
003e9cfa   _MCP79411_INit
003e9352   _NMI_ISR
00007060   _NmiIntruptRegs
00008eff   _P0
00008efe   _P1
003e9749   _PID_Control_F
003e97ad   _PID_Control_V
00008ee8   _PID_F
003e9733   _PID_Init
00008eda   _PID_V
003e94ab   _PIE_RESERVED
003d7e80   _PartIdRegs
00000ce0   _PieCtrlRegs
00000d00   _PieVectTable
003eae9c   _PieVectTableInit
00008e42   _PtrCanRx
00008e44   _PtrCanTx
00008d82   _PtrMsg
003e9348   _RTOSINT_ISR
0000001f   _RamfuncsLoadSize
003f5000   _RamfuncsLoadStart
00008000   _RamfuncsRunStart
003e9433   _SCIRXINTA_ISR
003e9438   _SCITXINTA_ISR
003e9525   _SCI_Init
00008fc0   _SCI_Msg
00008d86   _SEG7Table
003ea98d   _SPIGpio_Init
003e9415   _SPIRXINTA_ISR
003e941f   _SPIRXINTB_ISR
003e941a   _SPITXINTA_ISR
003e9424   _SPITXINTB_ISR
003ea9b5   _SPI_INit
003ea143   _STOP_Scan
00007050   _SciaRegs
00008ed4   _Send_Count
003e9616   _ServiceDog
003ea64c   _SetupSCI
00007040   _SpiaRegs
00007740   _SpibRegs
00007010   _SysCtrlRegs
00000985   _SysPwrCtrlRegs
003e93b1   _TINT0_ISR
00008e00   _TM1650
003ea853   _Timer0_init
003ea875   _Timer1_init
00008e3f   _Tmp
003e9389   _USER10_ISR
003e938e   _USER11_ISR
003e9393   _USER12_ISR
003e935c   _USER1_ISR
003e9361   _USER2_ISR
003e9366   _USER3_ISR
003e936b   _USER4_ISR
003e9370   _USER5_ISR
003e9375   _USER6_ISR
003e937a   _USER7_ISR
003e937f   _USER8_ISR
003e9384   _USER9_ISR
003e981a   _Upper_Uart
00008ed6   _V_OUT
003e93b6   _WAKEINT_ISR
003e93a2   _XINT1_ISR
003e93a7   _XINT2_ISR
003e9497   _XINT3_ISR
00007070   _XIntruptRegs
003e9709   _XtalOscSel
003ea691   _ZM5168_INit
00009000   __CIOBUF_
00000350   __STACK_END
00000300   __STACK_SIZE
00000400   __SYSMEM_SIZE
00000001   __TI_args_main
003e9aeb   ___TI_cleanup
00008fba   ___TI_cleanup_ptr
003ea70a   ___TI_closefile
003ea5d1   ___TI_doflush
00008fbc   ___TI_dtors_ptr
00008c00   ___TI_ft_end
003e880f   ___TI_printfi
003ea6df   ___TI_rd_ok
003ea22d   ___TI_readmsg
00008cc0   ___TI_tmpnams
003ea1d9   ___TI_writemsg
003ea6a5   ___TI_wrt_ok
ffffffff   ___binit__
ffffffff   ___c_args__
003eb1ce   ___cinit__
003ead99   ___etext__
003eab5d   ___memcpy_ff
ffffffff   ___pinit__
003e8000   ___text__
003eac77   __args_main
003ead9a   __ctypes_
00008c40   __ftable
00008fb8   __lock
003ead77   __nop
003ead73   __register_lock
003ead6f   __register_unlock
00000050   __stack
00000400   __sys_memory
00008fb6   __unlock
003eac90   _abort
003ea932   _adc_isr
003e8f16   _add_device
003ea901   _atoi
003ea80f   _c_int00
003e9322   _calloc
003e9eb2   _canA_isr0
003e9eea   _canA_isr1
003e8996   _canMailboxInit
003e9320   _chkheap
003e8ee4   _close
003eac2a   _cpu_timer0_isr
003eaaab   _cpu_timer1_isr
003eac92   _exit
003ea74c   _fclose
003ea600   _fflush
003e9b58   _fopen
003ea7bf   _fputc
003e9f73   _fputs
003e9172   _free
003e9304   _free_memory
003e9b08   _freopen
003ea892   _fseek
003e8ae4   _handleCANRxFIFO
003e94b5   _handleRxFIFO
00008e3c   _i
003ead66   _i2c_int1a_isr
00008ed8   _j
00008e3d   _key
00008d80   _keyVal
00008e40   _lastSendMBox
003e8ecc   _lseek
003ea961   _ltoa
003e9d29   _main
003e91db   _malloc
003e92e4   _max_free
003ead2d   _memccpy
003eacff   _memchr
003ead3a   _memset
003e91b7   _minit
003e95ba   _my_close
003e95e2   _my_lseek
003e95b1   _my_open
003e95bf   _my_read
003e95f2   _my_rename
003e95eb   _my_unlink
003e95c8   _my_write
003e8e5a   _open
003e9581   _open_uart_debug
003ea8d5   _printf
003ea7bf   _putc
003ea80a   _putchar
003ea006   _puts
003e8e42   _read
003e9234   _realloc
00008e18   _regulate_I
00008e1a   _regulate_V
003ead96   _remove
003e8e28   _remove_device
003e8dff   _rename
003e94b0   _rsvd_ISR
003e9567   _scia_xmit
003ea470   _setvbuf
003ead46   _strchr
003ead5c   _strcmp
003ead91   _strcpy
003ead89   _strlen
003eab1a   _strncpy
00008f8b   _temp1
00008f8a   _temp2
00008f88   _temp3
00008f89   _temp4
00008fd8   _timer0Base
003eaad0   _uartRx_isr
003e8de7   _unlink
003e8d81   _write
00008ed5   _xfeq
003eacc1   _xint1_isr
ffffffff   binit
003eb1ce   cinit
003f7ff6   code_start
003ead99   etext
ffffffff   pinit


GLOBAL SYMBOLS: SORTED BY Symbol Address 

address    name
--------   ----
00000001   __TI_args_main
0000001f   _RamfuncsLoadSize
00000050   __stack
00000300   __STACK_SIZE
00000350   __STACK_END
00000400   __SYSMEM_SIZE
00000400   __sys_memory
00000880   _DevEmuRegs
00000985   _SysPwrCtrlRegs
00000a80   _FlashRegs
00000ae0   _CsmRegs
00000b00   _AdcResult
00000c00   _CpuTimer0Regs
00000c08   _CpuTimer1Regs
00000c10   _CpuTimer2Regs
00000ce0   _PieCtrlRegs
00000d00   _EmuKey
00000d00   _PieVectTable
00000d01   _EmuBMode
00000d02   _Flash_CallbackPtr
00000d04   _Flash_CPUScaleFactor
00001400   _Cla1Regs
00006000   _ECanaRegs
00006040   _ECanaLAMRegs
00006080   _ECanaMOTSRegs
000060c0   _ECanaMOTORegs
00006100   _ECanaMboxes
00006400   _Comp1Regs
00006420   _Comp2Regs
00006440   _Comp3Regs
00006800   _EPwm1Regs
00006840   _EPwm2Regs
00006880   _EPwm3Regs
000068c0   _EPwm4Regs
00006900   _EPwm5Regs
00006940   _EPwm6Regs
00006980   _EPwm7Regs
00006a00   _ECap1Regs
00006ac0   _HRCap1Regs
00006ae0   _HRCap2Regs
00006b00   _EQep1Regs
00006c00   _LinaRegs
00006f80   _GpioCtrlRegs
00006fc0   _GpioDataRegs
00006fe0   _GpioIntRegs
00007010   _SysCtrlRegs
00007040   _SpiaRegs
00007050   _SciaRegs
00007060   _NmiIntruptRegs
00007070   _XIntruptRegs
00007100   _AdcRegs
00007740   _SpibRegs
00007900   _I2caRegs
00008000   _InitFlash
00008000   _RamfuncsRunStart
0000801b   _DSP28x_usDelay
00008c00   ___TI_ft_end
00008c40   __ftable
00008cc0   ___TI_tmpnams
00008d60   _CpuTimer1
00008d68   _CpuTimer2
00008d70   _CpuTimer0
00008d80   _keyVal
00008d81   _LigntVal
00008d82   _PtrMsg
00008d86   _SEG7Table
00008d96   _IIC_ISR_String
00008da6   _ICF8591Msg
00008dc0   _MCP79411
00008dd8   _AT24C02Msg
00008e00   _TM1650
00008e18   _regulate_I
00008e1a   _regulate_V
00008e1c   _ADResReg
00008e3c   _i
00008e3d   _key
00008e3e   _Error
00008e3f   _Tmp
00008e40   _lastSendMBox
00008e42   _PtrCanRx
00008e44   _PtrCanTx
00008e46   _CANTxMsg
00008e80   _CANRxMsg
00008ed4   _Send_Count
00008ed5   _xfeq
00008ed6   _V_OUT
00008ed7   _F_OUT
00008ed8   _j
00008eda   _PID_V
00008ee8   _PID_F
00008efe   _P1
00008eff   _P0
00008f88   _temp3
00008f89   _temp4
00008f8a   _temp2
00008f8b   _temp1
00008f8c   _DataScope_OutPut_Buffer
00008fb6   __unlock
00008fb8   __lock
00008fba   ___TI_cleanup_ptr
00008fbc   ___TI_dtors_ptr
00008fbe   _EPWM1_TIMER_TBPRD
00008fc0   _SCI_Msg
00008fd8   _timer0Base
00009000   __CIOBUF_
003d7e80   _PartIdRegs
003e8000   .text
003e8000   ___text__
003e880f   ___TI_printfi
003e88fc   _Init_CANA_Gpio
003e8912   _CANInit
003e891b   _InitECana_1
003e8996   _canMailboxInit
003e8a2d   _CAN_Init_Interrupt
003e8a77   _CAN_Send
003e8ae4   _handleCANRxFIFO
003e8b7e   _InitAdc
003e8b9c   _InitAdcAio
003e8bbe   _AdcOffsetSelfCal
003e8be5   _AdcChanSelect
003e8c5a   _AdcConversion
003e8d81   _write
003e8de7   _unlink
003e8dff   _rename
003e8e28   _remove_device
003e8e42   _read
003e8e5a   _open
003e8ecc   _lseek
003e8ee4   _close
003e8f16   _add_device
003e8f82   _HOSTwrite
003e8fb8   _HOSTunlink
003e8fdd   _HOSTtime
003e9007   _HOSTrename
003e9045   _HOSTread
003e907b   _HOSTopen
003e90b2   _HOSTlseek
003e90f9   _HOSTgetenv
003e9121   _HOSTclose
003e9148   _HOSTclock
003e9172   _free
003e91b7   _minit
003e91db   _malloc
003e9234   _realloc
003e92e4   _max_free
003e9304   _free_memory
003e9320   _chkheap
003e9322   _calloc
003e9339   _INT13_ISR
003e933e   _INT14_ISR
003e9343   _DATALOG_ISR
003e9348   _RTOSINT_ISR
003e934d   _EMUINT_ISR
003e9352   _NMI_ISR
003e9357   _ILLEGAL_ISR
003e935c   _USER1_ISR
003e9361   _USER2_ISR
003e9366   _USER3_ISR
003e936b   _USER4_ISR
003e9370   _USER5_ISR
003e9375   _USER6_ISR
003e937a   _USER7_ISR
003e937f   _USER8_ISR
003e9384   _USER9_ISR
003e9389   _USER10_ISR
003e938e   _USER11_ISR
003e9393   _USER12_ISR
003e9398   _ADCINT1_ISR
003e939d   _ADCINT2_ISR
003e93a2   _XINT1_ISR
003e93a7   _XINT2_ISR
003e93ac   _ADCINT9_ISR
003e93b1   _TINT0_ISR
003e93b6   _WAKEINT_ISR
003e93bb   _EPWM1_TZINT_ISR
003e93c0   _EPWM2_TZINT_ISR
003e93c5   _EPWM3_TZINT_ISR
003e93ca   _EPWM4_TZINT_ISR
003e93cf   _EPWM5_TZINT_ISR
003e93d4   _EPWM6_TZINT_ISR
003e93d9   _EPWM7_TZINT_ISR
003e93de   _EPWM1_INT_ISR
003e93e3   _EPWM2_INT_ISR
003e93e8   _EPWM3_INT_ISR
003e93ed   _EPWM4_INT_ISR
003e93f2   _EPWM5_INT_ISR
003e93f7   _EPWM6_INT_ISR
003e93fc   _EPWM7_INT_ISR
003e9401   _ECAP1_INT_ISR
003e9406   _HRCAP1_INT_ISR
003e940b   _HRCAP2_INT_ISR
003e9410   _EQEP1_INT_ISR
003e9415   _SPIRXINTA_ISR
003e941a   _SPITXINTA_ISR
003e941f   _SPIRXINTB_ISR
003e9424   _SPITXINTB_ISR
003e9429   _I2CINT1A_ISR
003e942e   _I2CINT2A_ISR
003e9433   _SCIRXINTA_ISR
003e9438   _SCITXINTA_ISR
003e943d   _LIN0INTA_ISR
003e9442   _LIN1INTA_ISR
003e9447   _ECAN0INTA_ISR
003e944c   _ECAN1INTA_ISR
003e9451   _ADCINT3_ISR
003e9456   _ADCINT4_ISR
003e945b   _ADCINT5_ISR
003e9460   _ADCINT6_ISR
003e9465   _ADCINT7_ISR
003e946a   _ADCINT8_ISR
003e946f   _CLA1_INT1_ISR
003e9474   _CLA1_INT2_ISR
003e9479   _CLA1_INT3_ISR
003e947e   _CLA1_INT4_ISR
003e9483   _CLA1_INT5_ISR
003e9488   _CLA1_INT6_ISR
003e948d   _CLA1_INT7_ISR
003e9492   _CLA1_INT8_ISR
003e9497   _XINT3_ISR
003e949c   _LVF_ISR
003e94a1   _LUF_ISR
003e94a6   _EMPTY_ISR
003e94ab   _PIE_RESERVED
003e94b0   _rsvd_ISR
003e94b5   _handleRxFIFO
003e9525   _SCI_Init
003e9567   _scia_xmit
003e9581   _open_uart_debug
003e95b1   _my_open
003e95ba   _my_close
003e95bf   _my_read
003e95c8   _my_write
003e95e2   _my_lseek
003e95eb   _my_unlink
003e95f2   _my_rename
003e95fc   _InitSysCtrl
003e9616   _ServiceDog
003e9620   _DisableDog
003e9628   _InitPll
003e9678   _InitPeripheralClocks
003e96b4   _CsmUnlock
003e96e5   _IntOsc1Sel
003e96f5   _IntOsc2Sel
003e9709   _XtalOscSel
003e971d   _ExtOscSel
003e9733   _PID_Init
003e9749   _PID_Control_F
003e97ad   _PID_Control_V
003e981a   _Upper_Uart
003e9861   _EPWM1_Config
003e98a9   _EPWM2_Config
003e98f4   _InitEPwm1Example
003e9931   _InitEPwm2Example
003e996c   LL$$DIV
003e99a8   LL$$MOD
003e99e2   ULL$$DIV
003e9a11   ULL$$MOD
003e9aeb   ___TI_cleanup
003e9b08   _freopen
003e9b58   _fopen
003e9b72   _Float2Byte
003e9b97   _DataScope_Get_Channel_Data
003e9c0d   _DataScope_Data_Generate
003e9c5f   _InitI2C_Gpio
003e9c75   _I2CA_Init
003e9cc1   _I2CA_Tx_STOP
003e9ced   _I2CA_Rxdata_STOP
003e9cfa   _MCP79411_INit
003e9d29   _main
003e9dd0   _InitLED
003e9dee   _InitEPwm
003e9def   _InitEPwmGpio
003e9dfe   _InitEPwm1Gpio
003e9e10   _InitEPwm2Gpio
003e9e22   _InitEPwm3Gpio
003e9e36   _InitEPwm4Gpio
003e9e4a   _InitEPwm5Gpio
003e9e5c   _InitEPwm6Gpio
003e9e6e   _InitEPwm7Gpio
003e9e80   _InitEPwmSyncGpio
003e9e91   _InitTzGpio
003e9eb2   _canA_isr0
003e9eea   _canA_isr1
003e9f73   _fputs
003ea006   _puts
003ea018   FD$$ADD
003ea0b4   _LED_INit
003ea0e8   _KEY_Init
003ea116   _DIP_Scan
003ea143   _STOP_Scan
003ea14b   _InitLin
003ea14e   _InitLina
003ea196   _GenIdParity
003ea1c2   _InitLinGpio
003ea1c5   _InitLinaGpio
003ea1d9   ___TI_writemsg
003ea229   C$$IO$$
003ea22d   ___TI_readmsg
003ea267   FD$$DIV
003ea2f2   FD$$MPY
003ea375   FS$$DIV
003ea3f8   FS$$SUB
003ea3fd   FS$$ADD
003ea470   _setvbuf
003ea4e8   _InitCpuTimers
003ea529   _ConfigCpuTimer
003ea55e   _ADC_Config
003ea5d1   ___TI_doflush
003ea600   _fflush
003ea63c   _Init_LinaGpio
003ea64c   _SetupSCI
003ea691   _ZM5168_INit
003ea6a5   ___TI_wrt_ok
003ea6df   ___TI_rd_ok
003ea70a   ___TI_closefile
003ea74c   _fclose
003ea765   FS$$MPY
003ea7bf   _fputc
003ea7bf   _putc
003ea80a   _putchar
003ea80f   _c_int00
003ea853   _Timer0_init
003ea875   _Timer1_init
003ea892   _fseek
003ea8d5   _printf
003ea901   _atoi
003ea932   _adc_isr
003ea961   _ltoa
003ea98d   _SPIGpio_Init
003ea9b5   _SPI_INit
003ea9b8   FD$$CMP
003ea9e2   L$$DIV
003ea9f1   L$$MOD
003ea9ff   UL$$DIV
003eaa06   UL$$MOD
003eaa0c   _ExInt_Init
003eaa35   FS$$TOL
003eaa5e   _InitPieCtrl
003eaa7d   _EnableInterrupts
003eaa86   _InitPieVectTable
003eaaab   _cpu_timer1_isr
003eaad0   _uartRx_isr
003eaaf5   FS$$TOI
003eab1a   _strncpy
003eab3c   FD$$TOI
003eab5d   ___memcpy_ff
003eab7e   FD$$TOL
003eab9d   LL$$CMP
003eabaf   ULL$$CMP
003eabbb   FS$$TOU
003eabd8   FS$$TOFD
003eabf4   L$$TOFD
003eac10   _InitSci
003eac11   _InitSciGpio
003eac14   _InitSciaGpio
003eac2a   _cpu_timer0_isr
003eac44   I$$TOFS
003eac5e   _InitI2C
003eac5f   _InitI2CGpio
003eac77   __args_main
003eac90   C$$EXIT
003eac90   _abort
003eac92   _exit
003eaca9   LL$$AND
003eacb1   LL$$OR
003eacb9   LL$$XOR
003eacc1   _xint1_isr
003eacd8   LL$$MPY
003eacec   _InitGpio
003eacff   _memchr
003ead0f   U$$TOFS
003ead1f   FD$$SUB
003ead2d   _memccpy
003ead3a   _memset
003ead46   _strchr
003ead51   U$$DIV
003ead56   U$$MOD
003ead5c   _strcmp
003ead66   _i2c_int1a_isr
003ead6f   __register_unlock
003ead73   __register_lock
003ead77   __nop
003ead78   FD$$NEG
003ead89   _strlen
003ead91   _strcpy
003ead96   _remove
003ead99   ___etext__
003ead99   etext
003ead9a   __ctypes_
003eae9c   _PieVectTableInit
003eb1ce   ___cinit__
003eb1ce   cinit
003f5000   _RamfuncsLoadStart
003f7ff6   code_start
003f7ff8   _CsmPwl
ffffffff   ___binit__
ffffffff   ___c_args__
ffffffff   ___pinit__
ffffffff   binit
ffffffff   pinit

[400 symbols]
