******************************************************************************
             TMS320C2000 Linker PC v6.2.0                      
******************************************************************************
>> Linked Fri Apr 21 16:10:57 2017

OUTPUT FILE NAME:   <WXCD_FS.out>
ENTRY POINT SYMBOL: "_c_int00"  address: 003e97d8


MEMORY CONFIGURATION

         name            origin    length      used     unused   attr    fill
----------------------  --------  ---------  --------  --------  ----  --------
PAGE 0:
  RAML0                 00008000   00000800  0000001f  000007e1  RWIX
  RAML1                 00008800   00000400  00000000  00000400  RWIX
  OTP                   003d7800   00000400  00000000  00000400  RWIX
  FLASHCDEFGH           003e8000   0000c000  00001d38  0000a2c8  RWIX
  FLASHB2               003f5000   00001000  0000001f  00000fe1  RWIX
  FLASHA                003f6000   00001f80  00000000  00001f80  RWIX
  CSM_RSVD              003f7f80   00000076  00000000  00000076  RWIX
  BEGIN                 003f7ff6   00000002  00000002  00000000  RWIX
  CSM_PWL_P0            003f7ff8   00000008  00000000  00000008  RWIX
  IQTABLES              003fe000   00000b50  00000000  00000b50  RWIX
  IQTABLES2             003feb50   0000008c  00000000  0000008c  RWIX
  IQTABLES3             003febdc   000000aa  00000000  000000aa  RWIX
  ROM                   003ff27c   00000d44  00000000  00000d44  RWIX
  RESET                 003fffc0   00000002  00000000  00000002  RWIX
  VECTORS               003fffc2   0000003e  00000000  0000003e  RWIX

PAGE 1:
  BOOT_RSVD             00000000   00000050  00000000  00000050  RWIX
  RAMM0                 00000050   000003b0  00000300  000000b0  RWIX
  RAMM1                 00000400   00000400  00000400  00000000  RWIX
  DEV_EMU               00000880   00000105  00000004  00000101  RWIX
  SYS_PWR_CTL           00000985   00000003  00000003  00000000  RWIX
  FLASH_REGS            00000a80   00000060  00000008  00000058  RWIX
  CSM                   00000ae0   00000010  00000010  00000000  RWIX
  ADC_RESULT            00000b00   00000020  00000020  00000000  RWIX
  CPU_TIMER0            00000c00   00000008  00000008  00000000  RWIX
  CPU_TIMER1            00000c08   00000008  00000008  00000000  RWIX
  CPU_TIMER2            00000c10   00000008  00000008  00000000  RWIX
  PIE_CTRL              00000ce0   00000020  0000001a  00000006  RWIX
  PIE_VECT              00000d00   00000100  00000100  00000000  RWIX
  CLA1                  00001400   00000080  00000040  00000040  RWIX
  ECANA                 00006000   00000040  00000034  0000000c  RWIX
  ECANA_LAM             00006040   00000040  00000040  00000000  RWIX
  ECANA_MOTS            00006080   00000040  00000040  00000000  RWIX
  ECANA_MOTO            000060c0   00000040  00000040  00000000  RWIX
  ECANA_MBOX            00006100   00000100  00000100  00000000  RWIX
  COMP1                 00006400   00000020  00000014  0000000c  RWIX
  COMP2                 00006420   00000020  00000014  0000000c  RWIX
  COMP3                 00006440   00000020  00000014  0000000c  RWIX
  EPWM1                 00006800   00000040  00000040  00000000  RWIX
  EPWM2                 00006840   00000040  00000040  00000000  RWIX
  EPWM3                 00006880   00000040  00000040  00000000  RWIX
  EPWM4                 000068c0   00000040  00000040  00000000  RWIX
  EPWM5                 00006900   00000040  00000040  00000000  RWIX
  EPWM6                 00006940   00000040  00000040  00000000  RWIX
  EPWM7                 00006980   00000040  00000040  00000000  RWIX
  ECAP1                 00006a00   00000020  00000020  00000000  RWIX
  HRCAP1                00006ac0   00000020  00000020  00000000  RWIX
  HRCAP2                00006ae0   00000020  00000020  00000000  RWIX
  EQEP1                 00006b00   00000040  00000040  00000000  RWIX
  LINA                  00006c00   00000080  0000004a  00000036  RWIX
  GPIOCTRL              00006f80   00000040  00000040  00000000  RWIX
  GPIODAT               00006fc0   00000020  00000020  00000000  RWIX
  GPIOINT               00006fe0   00000020  0000000c  00000014  RWIX
  SYSTEM                00007010   00000020  00000020  00000000  RWIX
  SPIA                  00007040   00000010  00000010  00000000  RWIX
  SCIA                  00007050   00000010  00000010  00000000  RWIX
  NMIINTRUPT            00007060   00000010  00000010  00000000  RWIX
  XINTRUPT              00007070   00000010  00000010  00000000  RWIX
  ADC                   00007100   00000080  00000050  00000030  RWIX
  SPIB                  00007740   00000010  00000010  00000000  RWIX
  I2CA                  00007900   00000040  00000022  0000001e  RWIX
  RAML2                 00008c00   00000400  00000337  000000c9  RWIX
  RAML3                 00009000   00001000  00000120  00000ee0  RWIX
  PARTID                003d7e80   00000001  00000001  00000000  RWIX
  FLASHB1               003f4000   00001000  00000000  00001000  RWIX
  CSM_PWL               003f7ff8   00000008  00000008  00000000  RWIX


SECTION ALLOCATION MAP

 output                                  attributes/
section   page    origin      length       input sections
--------  ----  ----------  ----------   ----------------
.pinit     0    003e8000    00000000     UNINITIALIZED

.text      0    003e8000    00001b21     
                  003e8000    00000203     DSP2803x_Adc.obj (.text)
                  003e8203    00000201     rts2800_ml.lib : lowlev.obj (.text)
                  003e8404    000001f0                    : trgdrv.obj (.text)
                  003e85f4    000001c7                    : memory.obj (.text)
                  003e87bb    0000017c     DSP2803x_DefaultIsr.obj (.text:retain)
                  003e8937    00000137     DSP2803x_SysCtrl.obj (.text)
                  003e8a6e    0000011b     pwm.obj (.text)
                  003e8b89    00000114     pid.obj (.text)
                  003e8c9d    00000102     sim_spi.obj (.text)
                  003e8d9f    000000ff     rts2800_ml.lib : fopen.obj (.text)
                  003e8e9e    000000ed     DataScope_DP.obj (.text)
                  003e8f8b    000000cb     printf_uart.obj (.text)
                  003e9056    000000ca     TM1650_IIC.obj (.text)
                  003e9120    000000ca     main.obj (.text)
                  003e91ea    000000c4     DSP2803x_EPwm.obj (.text)
                  003e92ae    00000097     gpio.obj (.text)
                  003e9345    0000008e     DSP2803x_Lin.obj (.text)
                  003e93d3    0000008e     rts2800_ml.lib : ankmsg.obj (.text)
                  003e9461    0000007e     zm5168.obj (.text)
                  003e94df    00000078     rts2800_ml.lib : fs_add.obj (.text)
                  003e9557    00000078                    : setvbuf.obj (.text)
                  003e95cf    00000076     DSP2803x_CpuTimers.obj (.text)
                  003e9645    00000073     ad.obj (.text)
                  003e96b8    0000006b     rts2800_ml.lib : fflush.obj (.text)
                  003e9723    0000005b                    : fclose.obj (.text)
                  003e977e    0000005a                    : fs_mpy.obj (.text)
                  003e97d8    00000044                    : boot.obj (.text)
                  003e981c    00000043     pid.obj (.text:retain)
                  003e985f    0000003e     timer.obj (.text)
                  003e989d    0000002c     ad.obj (.text:retain)
                  003e98c9    0000002a     rts2800_ml.lib : l_div.obj (.text)
                  003e98f3    00000029     Exint.obj (.text)
                  003e991c    00000029     rts2800_ml.lib : fs_tol.obj (.text)
                  003e9945    00000028     DSP2803x_PieCtrl.obj (.text)
                  003e996d    00000025     DSP2803x_PieVect.obj (.text)
                  003e9992    00000025     rts2800_ml.lib : fs_toi.obj (.text)
                  003e99b7    00000022                    : strncpy.obj (.text)
                  003e99d9    00000021                    : memcpy_ff.obj (.text)
                  003e99fa    0000001d                    : fs_tou.obj (.text)
                  003e9a17    0000001a     DSP2803x_Sci.obj (.text)
                  003e9a31    0000001a     rts2800_ml.lib : i_tofs.obj (.text)
                  003e9a4b    00000019     DSP2803x_I2C.obj (.text)
                  003e9a64    00000019     rts2800_ml.lib : args_main.obj (.text)
                  003e9a7d    00000019                    : exit.obj (.text)
                  003e9a96    00000017     Exint.obj (.text:retain)
                  003e9aad    00000013     DSP2803x_Gpio.obj (.text)
                  003e9ac0    00000012     timer.obj (.text:retain)
                  003e9ad2    00000010     rts2800_ml.lib : u_tofs.obj (.text)
                  003e9ae2    0000000b                    : strchr.obj (.text)
                  003e9aed    0000000a                    : strcmp.obj (.text)
                  003e9af7    00000009     TM1650_IIC.obj (.text:retain)
                  003e9b00    00000009     rts2800_ml.lib : _lock.obj (.text)
                  003e9b09    00000008     DSP2803x_CodeStartBranch.obj (.text)
                  003e9b11    00000008     rts2800_ml.lib : strlen.obj (.text)
                  003e9b19    00000005                    : strcpy.obj (.text)
                  003e9b1e    00000003                    : remove.obj (.text)

.econst    0    003e9b22    00000132     
                  003e9b22    00000100     DSP2803x_PieVect.obj (.econst)
                  003e9c22    00000024     TM1650_IIC.obj (.econst:.string)
                  003e9c46    0000000e     printf_uart.obj (.econst:.string)

.cinit     0    003e9c54    000000e5     
                  003e9c54    00000048     TM1650_IIC.obj (.cinit)
                  003e9c9c    00000031     rts2800_ml.lib : lowlev.obj (.cinit)
                  003e9ccd    0000002a                    : defs.obj (.cinit)
                  003e9cf7    0000000c     main.obj (.cinit)
                  003e9d03    0000000a     rts2800_ml.lib : _lock.obj (.cinit)
                  003e9d0d    0000000a                    : exit.obj (.cinit)
                  003e9d17    00000008     pid.obj (.cinit)
                  003e9d1f    00000007     timer.obj (.cinit)
                  003e9d26    00000005     pwm.obj (.cinit)
                  003e9d2b    00000004     DataScope_DP.obj (.cinit)
                  003e9d2f    00000004     rts2800_ml.lib : fopen.obj (.cinit)
                  003e9d33    00000004                    : memory.obj (.cinit)
                  003e9d37    00000002     --HOLE-- [fill = 0]

ramfuncs   0    003f5000    0000001f     RUN ADDR = 00008000
                  003f5000    0000001b     DSP2803x_SysCtrl.obj (ramfuncs)
                  003f501b    00000004     DSP2803x_usDelay.obj (ramfuncs)

codestart 
*          0    003f7ff6    00000002     
                  003f7ff6    00000002     DSP2803x_CodeStartBranch.obj (codestart)

.reset     0    003fffc0    00000002     DSECT
                  003fffc0    00000002     rts2800_ml.lib : boot.obj (.reset)

vectors    0    003fffc2    00000000     DSECT

.stack     1    00000050    00000300     UNINITIALIZED
                  00000050    00000300     --HOLE--

.sysmem    1    00000400    00000400     UNINITIALIZED
                  00000400    00000001     rts2800_ml.lib : memory.obj (.sysmem)
                  00000401    000003ff     --HOLE--

DevEmuRegsFile 
*          1    00000880    00000004     UNINITIALIZED
                  00000880    00000004     DSP2803x_GlobalVariableDefs.obj (DevEmuRegsFile)

SysPwrCtrlRegsFile 
*          1    00000985    00000003     UNINITIALIZED
                  00000985    00000003     DSP2803x_GlobalVariableDefs.obj (SysPwrCtrlRegsFile)

FlashRegsFile 
*          1    00000a80    00000008     UNINITIALIZED
                  00000a80    00000008     DSP2803x_GlobalVariableDefs.obj (FlashRegsFile)

CsmRegsFile 
*          1    00000ae0    00000010     UNINITIALIZED
                  00000ae0    00000010     DSP2803x_GlobalVariableDefs.obj (CsmRegsFile)

AdcResultFile 
*          1    00000b00    00000020     UNINITIALIZED
                  00000b00    00000020     DSP2803x_GlobalVariableDefs.obj (AdcResultFile)

CpuTimer0RegsFile 
*          1    00000c00    00000008     UNINITIALIZED
                  00000c00    00000008     DSP2803x_GlobalVariableDefs.obj (CpuTimer0RegsFile)

CpuTimer1RegsFile 
*          1    00000c08    00000008     UNINITIALIZED
                  00000c08    00000008     DSP2803x_GlobalVariableDefs.obj (CpuTimer1RegsFile)

CpuTimer2RegsFile 
*          1    00000c10    00000008     UNINITIALIZED
                  00000c10    00000008     DSP2803x_GlobalVariableDefs.obj (CpuTimer2RegsFile)

PieCtrlRegsFile 
*          1    00000ce0    0000001a     UNINITIALIZED
                  00000ce0    0000001a     DSP2803x_GlobalVariableDefs.obj (PieCtrlRegsFile)

PieVectTableFile 
*          1    00000d00    00000100     UNINITIALIZED
                  00000d00    00000100     DSP2803x_GlobalVariableDefs.obj (PieVectTableFile)

EmuKeyVar 
*          1    00000d00    00000001     UNINITIALIZED
                  00000d00    00000001     DSP2803x_GlobalVariableDefs.obj (EmuKeyVar)

EmuBModeVar 
*          1    00000d01    00000001     UNINITIALIZED
                  00000d01    00000001     DSP2803x_GlobalVariableDefs.obj (EmuBModeVar)

FlashCallbackVar 
*          1    00000d02    00000002     UNINITIALIZED
                  00000d02    00000002     DSP2803x_GlobalVariableDefs.obj (FlashCallbackVar)

FlashScalingVar 
*          1    00000d04    00000002     UNINITIALIZED
                  00000d04    00000002     DSP2803x_GlobalVariableDefs.obj (FlashScalingVar)

Cla1RegsFile 
*          1    00001400    00000040     UNINITIALIZED
                  00001400    00000040     DSP2803x_GlobalVariableDefs.obj (Cla1RegsFile)

ECanaRegsFile 
*          1    00006000    00000034     UNINITIALIZED
                  00006000    00000034     DSP2803x_GlobalVariableDefs.obj (ECanaRegsFile)

ECanaLAMRegsFile 
*          1    00006040    00000040     UNINITIALIZED
                  00006040    00000040     DSP2803x_GlobalVariableDefs.obj (ECanaLAMRegsFile)

ECanaMOTSRegsFile 
*          1    00006080    00000040     UNINITIALIZED
                  00006080    00000040     DSP2803x_GlobalVariableDefs.obj (ECanaMOTSRegsFile)

ECanaMOTORegsFile 
*          1    000060c0    00000040     UNINITIALIZED
                  000060c0    00000040     DSP2803x_GlobalVariableDefs.obj (ECanaMOTORegsFile)

ECanaMboxesFile 
*          1    00006100    00000100     UNINITIALIZED
                  00006100    00000100     DSP2803x_GlobalVariableDefs.obj (ECanaMboxesFile)

Comp1RegsFile 
*          1    00006400    00000014     UNINITIALIZED
                  00006400    00000014     DSP2803x_GlobalVariableDefs.obj (Comp1RegsFile)

Comp2RegsFile 
*          1    00006420    00000014     UNINITIALIZED
                  00006420    00000014     DSP2803x_GlobalVariableDefs.obj (Comp2RegsFile)

Comp3RegsFile 
*          1    00006440    00000014     UNINITIALIZED
                  00006440    00000014     DSP2803x_GlobalVariableDefs.obj (Comp3RegsFile)

EPwm1RegsFile 
*          1    00006800    00000040     UNINITIALIZED
                  00006800    00000040     DSP2803x_GlobalVariableDefs.obj (EPwm1RegsFile)

EPwm2RegsFile 
*          1    00006840    00000040     UNINITIALIZED
                  00006840    00000040     DSP2803x_GlobalVariableDefs.obj (EPwm2RegsFile)

EPwm3RegsFile 
*          1    00006880    00000040     UNINITIALIZED
                  00006880    00000040     DSP2803x_GlobalVariableDefs.obj (EPwm3RegsFile)

EPwm4RegsFile 
*          1    000068c0    00000040     UNINITIALIZED
                  000068c0    00000040     DSP2803x_GlobalVariableDefs.obj (EPwm4RegsFile)

EPwm5RegsFile 
*          1    00006900    00000040     UNINITIALIZED
                  00006900    00000040     DSP2803x_GlobalVariableDefs.obj (EPwm5RegsFile)

EPwm6RegsFile 
*          1    00006940    00000040     UNINITIALIZED
                  00006940    00000040     DSP2803x_GlobalVariableDefs.obj (EPwm6RegsFile)

EPwm7RegsFile 
*          1    00006980    00000040     UNINITIALIZED
                  00006980    00000040     DSP2803x_GlobalVariableDefs.obj (EPwm7RegsFile)

ECap1RegsFile 
*          1    00006a00    00000020     UNINITIALIZED
                  00006a00    00000020     DSP2803x_GlobalVariableDefs.obj (ECap1RegsFile)

HRCap1RegsFile 
*          1    00006ac0    00000020     UNINITIALIZED
                  00006ac0    00000020     DSP2803x_GlobalVariableDefs.obj (HRCap1RegsFile)

HRCap2RegsFile 
*          1    00006ae0    00000020     UNINITIALIZED
                  00006ae0    00000020     DSP2803x_GlobalVariableDefs.obj (HRCap2RegsFile)

EQep1RegsFile 
*          1    00006b00    00000040     UNINITIALIZED
                  00006b00    00000040     DSP2803x_GlobalVariableDefs.obj (EQep1RegsFile)

LinaRegsFile 
*          1    00006c00    0000004a     UNINITIALIZED
                  00006c00    0000004a     DSP2803x_GlobalVariableDefs.obj (LinaRegsFile)

GpioCtrlRegsFile 
*          1    00006f80    00000040     UNINITIALIZED
                  00006f80    00000040     DSP2803x_GlobalVariableDefs.obj (GpioCtrlRegsFile)

GpioDataRegsFile 
*          1    00006fc0    00000020     UNINITIALIZED
                  00006fc0    00000020     DSP2803x_GlobalVariableDefs.obj (GpioDataRegsFile)

GpioIntRegsFile 
*          1    00006fe0    0000000c     UNINITIALIZED
                  00006fe0    0000000c     DSP2803x_GlobalVariableDefs.obj (GpioIntRegsFile)

SysCtrlRegsFile 
*          1    00007010    00000020     UNINITIALIZED
                  00007010    00000020     DSP2803x_GlobalVariableDefs.obj (SysCtrlRegsFile)

SpiaRegsFile 
*          1    00007040    00000010     UNINITIALIZED
                  00007040    00000010     DSP2803x_GlobalVariableDefs.obj (SpiaRegsFile)

SciaRegsFile 
*          1    00007050    00000010     UNINITIALIZED
                  00007050    00000010     DSP2803x_GlobalVariableDefs.obj (SciaRegsFile)

NmiIntruptRegsFile 
*          1    00007060    00000010     UNINITIALIZED
                  00007060    00000010     DSP2803x_GlobalVariableDefs.obj (NmiIntruptRegsFile)

XIntruptRegsFile 
*          1    00007070    00000010     UNINITIALIZED
                  00007070    00000010     DSP2803x_GlobalVariableDefs.obj (XIntruptRegsFile)

AdcRegsFile 
*          1    00007100    00000050     UNINITIALIZED
                  00007100    00000050     DSP2803x_GlobalVariableDefs.obj (AdcRegsFile)

SpibRegsFile 
*          1    00007740    00000010     UNINITIALIZED
                  00007740    00000010     DSP2803x_GlobalVariableDefs.obj (SpibRegsFile)

I2caRegsFile 
*          1    00007900    00000022     UNINITIALIZED
                  00007900    00000022     DSP2803x_GlobalVariableDefs.obj (I2caRegsFile)

.ebss      1    00008c00    00000337     UNINITIALIZED
                  00008c00    00000160     rts2800_ml.lib : defs.obj (.ebss)
                  00008d60    00000018     DSP2803x_CpuTimers.obj (.ebss)
                  00008d78    00000008     rts2800_ml.lib : memory.obj (.ebss)
                  00008d80    00000098     TM1650_IIC.obj (.ebss)
                  00008e18    00000028     pid.obj (.ebss)
                  00008e40    00000088     rts2800_ml.lib : lowlev.obj (.ebss)
                  00008ec8    0000002e     DataScope_DP.obj (.ebss)
                  00008ef6    00000008     rts2800_ml.lib : trgdrv.obj (.ebss)
                  00008efe    00000002     DSP2803x_Lin.obj (.ebss)
                  00008f00    00000024     ad.obj (.ebss)
                  00008f24    00000004     main.obj (.ebss)
                  00008f28    00000004     rts2800_ml.lib : _lock.obj (.ebss)
                  00008f2c    00000004                    : exit.obj (.ebss)
                  00008f30    00000004     timer.obj (.ebss)
                  00008f34    00000002     pwm.obj (.ebss)
                  00008f36    00000001     rts2800_ml.lib : fopen.obj (.ebss)

.cio       1    00009000    00000120     UNINITIALIZED
                  00009000    00000120     rts2800_ml.lib : ankmsg.obj (.cio)

PartIdRegsFile 
*          1    003d7e80    00000001     UNINITIALIZED
                  003d7e80    00000001     DSP2803x_GlobalVariableDefs.obj (PartIdRegsFile)

CsmPwlFile 
*          1    003f7ff8    00000008     UNINITIALIZED
                  003f7ff8    00000008     DSP2803x_GlobalVariableDefs.obj (CsmPwlFile)


GLOBAL DATA SYMBOLS: SORTED BY DATA PAGE

address     data page           name
--------    ----------------    ----
00000050       1 (00000040)     __stack

00000400      10 (00000400)     __sys_memory

00000880      22 (00000880)     _DevEmuRegs

00000985      26 (00000980)     _SysPwrCtrlRegs

00000a80      2a (00000a80)     _FlashRegs

00000ae0      2b (00000ac0)     _CsmRegs

00000b00      2c (00000b00)     _AdcResult

00000c00      30 (00000c00)     _CpuTimer0Regs
00000c08      30 (00000c00)     _CpuTimer1Regs
00000c10      30 (00000c00)     _CpuTimer2Regs

00000ce0      33 (00000cc0)     _PieCtrlRegs

00000d00      34 (00000d00)     _EmuKey
00000d00      34 (00000d00)     _PieVectTable
00000d01      34 (00000d00)     _EmuBMode
00000d02      34 (00000d00)     _Flash_CallbackPtr
00000d04      34 (00000d00)     _Flash_CPUScaleFactor

00001400      50 (00001400)     _Cla1Regs

00006000     180 (00006000)     _ECanaRegs

00006040     181 (00006040)     _ECanaLAMRegs

00006080     182 (00006080)     _ECanaMOTSRegs

000060c0     183 (000060c0)     _ECanaMOTORegs

00006100     184 (00006100)     _ECanaMboxes

00006400     190 (00006400)     _Comp1Regs
00006420     190 (00006400)     _Comp2Regs

00006440     191 (00006440)     _Comp3Regs

00006800     1a0 (00006800)     _EPwm1Regs

00006840     1a1 (00006840)     _EPwm2Regs

00006880     1a2 (00006880)     _EPwm3Regs

000068c0     1a3 (000068c0)     _EPwm4Regs

00006900     1a4 (00006900)     _EPwm5Regs

00006940     1a5 (00006940)     _EPwm6Regs

00006980     1a6 (00006980)     _EPwm7Regs

00006a00     1a8 (00006a00)     _ECap1Regs

00006ac0     1ab (00006ac0)     _HRCap1Regs
00006ae0     1ab (00006ac0)     _HRCap2Regs

00006b00     1ac (00006b00)     _EQep1Regs

00006c00     1b0 (00006c00)     _LinaRegs

00006f80     1be (00006f80)     _GpioCtrlRegs

00006fc0     1bf (00006fc0)     _GpioDataRegs
00006fe0     1bf (00006fc0)     _GpioIntRegs

00007010     1c0 (00007000)     _SysCtrlRegs

00007040     1c1 (00007040)     _SpiaRegs
00007050     1c1 (00007040)     _SciaRegs
00007060     1c1 (00007040)     _NmiIntruptRegs
00007070     1c1 (00007040)     _XIntruptRegs

00007100     1c4 (00007100)     _AdcRegs

00007740     1dd (00007740)     _SpibRegs

00007900     1e4 (00007900)     _I2caRegs

00008c00     230 (00008c00)     ___TI_ft_end

00008c40     231 (00008c40)     __ftable

00008cc0     233 (00008cc0)     ___TI_tmpnams

00008d60     235 (00008d40)     _CpuTimer1
00008d68     235 (00008d40)     _CpuTimer2
00008d70     235 (00008d40)     _CpuTimer0

00008d80     236 (00008d80)     _keyVal
00008d81     236 (00008d80)     _LigntVal
00008d82     236 (00008d80)     _PtrMsg
00008d86     236 (00008d80)     _SEG7Table
00008d96     236 (00008d80)     _IIC_ISR_String
00008da6     236 (00008d80)     _ICF8591Msg

00008dc0     237 (00008dc0)     _MCP79411
00008dd8     237 (00008dc0)     _AT24C02Msg

00008e00     238 (00008e00)     _TM1650
00008e18     238 (00008e00)     _xfeq
00008e19     238 (00008e00)     _V_OUT
00008e1a     238 (00008e00)     _F_OUT
00008e1b     238 (00008e00)     _count
00008e1c     238 (00008e00)     _j
00008e1d     238 (00008e00)     _Send_Count
00008e1e     238 (00008e00)     _temp
00008e24     238 (00008e00)     _PID_V
00008e32     238 (00008e00)     _PID_F

00008ec8     23b (00008ec0)     _temp3
00008ec9     23b (00008ec0)     _temp4
00008eca     23b (00008ec0)     _temp2
00008ecb     23b (00008ec0)     _temp1
00008ecc     23b (00008ec0)     _DataScope_OutPut_Buffer
00008efe     23b (00008ec0)     _P1
00008eff     23b (00008ec0)     _P0

00008f00     23c (00008f00)     _regulate_I
00008f02     23c (00008f00)     _regulate_V
00008f04     23c (00008f00)     _ADResReg
00008f24     23c (00008f00)     _Error
00008f25     23c (00008f00)     _i
00008f26     23c (00008f00)     _Tmp
00008f27     23c (00008f00)     _key
00008f28     23c (00008f00)     __unlock
00008f2a     23c (00008f00)     __lock
00008f2c     23c (00008f00)     ___TI_cleanup_ptr
00008f2e     23c (00008f00)     ___TI_dtors_ptr
00008f30     23c (00008f00)     _timer0Base
00008f34     23c (00008f00)     _EPWM1_TIMER_TBPRD

00009000     240 (00009000)     __CIOBUF_

003d7e80    f5fa (003d7e80)     _PartIdRegs

003e9b22    fa6c (003e9b00)     _PieVectTableInit

003f7ff8    fdff (003f7fc0)     _CsmPwl


GLOBAL SYMBOLS: SORTED ALPHABETICALLY BY Name 

address    name
--------   ----
003e8000   .text
003e9a7d   C$$EXIT
003e9423   C$$IO$$
003e94e4   FS$$ADD
003e977e   FS$$MPY
003e94df   FS$$SUB
003e9992   FS$$TOI
003e991c   FS$$TOL
003e99fa   FS$$TOU
003e9a31   I$$TOFS
003e98c9   L$$DIV
003e98d8   L$$MOD
003e9ad2   U$$TOFS
003e98e6   UL$$DIV
003e98ed   UL$$MOD
003e881a   _ADCINT1_ISR
003e881f   _ADCINT2_ISR
003e88d3   _ADCINT3_ISR
003e88d8   _ADCINT4_ISR
003e88dd   _ADCINT5_ISR
003e88e2   _ADCINT6_ISR
003e88e7   _ADCINT7_ISR
003e88ec   _ADCINT8_ISR
003e882e   _ADCINT9_ISR
003e9645   _ADC_Config
00008f04   _ADResReg
00008dd8   _AT24C02Msg
003e8067   _AdcChanSelect
003e80dc   _AdcConversion
003e8040   _AdcOffsetSelfCal
00007100   _AdcRegs
00000b00   _AdcResult
003e88f1   _CLA1_INT1_ISR
003e88f6   _CLA1_INT2_ISR
003e88fb   _CLA1_INT3_ISR
003e8900   _CLA1_INT4_ISR
003e8905   _CLA1_INT5_ISR
003e890a   _CLA1_INT6_ISR
003e890f   _CLA1_INT7_ISR
003e8914   _CLA1_INT8_ISR
00001400   _Cla1Regs
00006400   _Comp1Regs
00006420   _Comp2Regs
00006440   _Comp3Regs
003e9610   _ConfigCpuTimer
00008d70   _CpuTimer0
00000c00   _CpuTimer0Regs
00008d60   _CpuTimer1
00000c08   _CpuTimer1Regs
00008d68   _CpuTimer2
00000c10   _CpuTimer2Regs
003f7ff8   _CsmPwl
00000ae0   _CsmRegs
003e89ef   _CsmUnlock
003e87c5   _DATALOG_ISR
003e9310   _DIP_Scan
0000801b   _DSP28x_usDelay
003e8cec   _DataFlash_SPI_BUSY_OrNot
003e8cda   _DataFlash_WriteDisable
003e8cc8   _DataFlash_WriteEnable
003e8d6c   _DataFlash_Write_Byte
003e8f39   _DataScope_Data_Generate
003e8ec3   _DataScope_Get_Channel_Data
00008ecc   _DataScope_OutPut_Buffer
00000880   _DevEmuRegs
003e895b   _DisableDog
003e88c9   _ECAN0INTA_ISR
003e88ce   _ECAN1INTA_ISR
003e8883   _ECAP1_INT_ISR
00006040   _ECanaLAMRegs
000060c0   _ECanaMOTORegs
00006080   _ECanaMOTSRegs
00006100   _ECanaMboxes
00006000   _ECanaRegs
00006a00   _ECap1Regs
003e8928   _EMPTY_ISR
003e87cf   _EMUINT_ISR
003e8a6e   _EPWM1_Config
003e8860   _EPWM1_INT_ISR
00008f34   _EPWM1_TIMER_TBPRD
003e883d   _EPWM1_TZINT_ISR
003e8ab6   _EPWM2_Config
003e8865   _EPWM2_INT_ISR
003e8842   _EPWM2_TZINT_ISR
003e886a   _EPWM3_INT_ISR
003e8847   _EPWM3_TZINT_ISR
003e886f   _EPWM4_INT_ISR
003e884c   _EPWM4_TZINT_ISR
003e8874   _EPWM5_INT_ISR
003e8851   _EPWM5_TZINT_ISR
003e8879   _EPWM6_INT_ISR
003e8856   _EPWM6_TZINT_ISR
003e887e   _EPWM7_INT_ISR
003e885b   _EPWM7_TZINT_ISR
00006800   _EPwm1Regs
00006840   _EPwm2Regs
00006880   _EPwm3Regs
000068c0   _EPwm4Regs
00006900   _EPwm5Regs
00006940   _EPwm6Regs
00006980   _EPwm7Regs
003e8892   _EQEP1_INT_ISR
00006b00   _EQep1Regs
00000d01   _EmuBMode
00000d00   _EmuKey
003e9964   _EnableInterrupts
00008f24   _Error
003e98f3   _ExInt_Init
003e8a58   _ExtOscSel
00008e1a   _F_OUT
00000a80   _FlashRegs
00000d04   _Flash_CPUScaleFactor
00000d02   _Flash_CallbackPtr
003e8e9e   _Float2Byte
003e92ae   _GPIO_INit
003e9390   _GenIdParity
00006f80   _GpioCtrlRegs
00006fc0   _GpioDataRegs
00006fe0   _GpioIntRegs
003e85ca   _HOSTclock
003e85a3   _HOSTclose
003e857b   _HOSTgetenv
003e8534   _HOSTlseek
003e84fd   _HOSTopen
003e84c7   _HOSTread
003e8489   _HOSTrename
003e845f   _HOSTtime
003e843a   _HOSTunlink
003e8404   _HOSTwrite
003e8888   _HRCAP1_INT_ISR
003e888d   _HRCAP2_INT_ISR
00006ac0   _HRCap1Regs
00006ae0   _HRCap2Regs
003e906c   _I2CA_Init
003e90e4   _I2CA_Rxdata_STOP
003e90b8   _I2CA_Tx_STOP
003e88ab   _I2CINT1A_ISR
003e88b0   _I2CINT2A_ISR
00007900   _I2caRegs
00008da6   _ICF8591Msg
00008d96   _IIC_ISR_String
003e87d9   _ILLEGAL_ISR
003e87bb   _INT13_ISR
003e87c0   _INT14_ISR
003e8000   _InitAdc
003e801e   _InitAdcAio
003e95cf   _InitCpuTimers
003e91ea   _InitEPwm
003e8b01   _InitEPwm1
003e91fa   _InitEPwm1Gpio
003e8b46   _InitEPwm2
003e920c   _InitEPwm2Gpio
003e921e   _InitEPwm3Gpio
003e9232   _InitEPwm4Gpio
003e9246   _InitEPwm5Gpio
003e9258   _InitEPwm6Gpio
003e926a   _InitEPwm7Gpio
003e91eb   _InitEPwmGpio
003e927c   _InitEPwmSyncGpio
00008000   _InitFlash
003e9aad   _InitGpio
003e9a4b   _InitI2C
003e9a4c   _InitI2CGpio
003e9056   _InitI2C_Gpio
003e91cc   _InitLED
003e9345   _InitLin
003e93bc   _InitLinGpio
003e9348   _InitLina
003e93bf   _InitLinaGpio
003e89b3   _InitPeripheralClocks
003e9945   _InitPieCtrl
003e996d   _InitPieVectTable
003e8963   _InitPll
003e9a17   _InitSci
003e9a18   _InitSciGpio
003e9a1b   _InitSciaGpio
003e8937   _InitSysCtrl
003e928d   _InitTzGpio
003e9461   _Init_LinaGpio
003e8a20   _IntOsc1Sel
003e8a30   _IntOsc2Sel
003e92e2   _KEY_Init
003e88bf   _LIN0INTA_ISR
003e88c4   _LIN1INTA_ISR
003e8923   _LUF_ISR
003e891e   _LVF_ISR
00008d81   _LigntVal
00006c00   _LinaRegs
00008dc0   _MCP79411
003e90f1   _MCP79411_INit
003e87d4   _NMI_ISR
00007060   _NmiIntruptRegs
00008eff   _P0
00008efe   _P1
003e8b9f   _PID_Control_F
003e8c03   _PID_Control_V
00008e32   _PID_F
003e8b89   _PID_Init
00008e24   _PID_V
003e892d   _PIE_RESERVED
003d7e80   _PartIdRegs
00000ce0   _PieCtrlRegs
00000d00   _PieVectTable
003e9b22   _PieVectTableInit
00008d82   _PtrMsg
003e87ca   _RTOSINT_ISR
0000001f   _RamfuncsLoadSize
003f5000   _RamfuncsLoadStart
00008000   _RamfuncsRunStart
003e88b5   _SCIRXINTA_ISR
003e88ba   _SCITXINTA_ISR
003e8f8b   _SCI_Init
00008d86   _SEG7Table
003e8c9d   _SPIGpio_Init
003e8897   _SPIRXINTA_ISR
003e88a1   _SPIRXINTB_ISR
003e889c   _SPITXINTA_ISR
003e88a6   _SPITXINTB_ISR
003e8d09   _SPI_Flash_Read
003e8d3f   _SPI_Flash_ReadID
003e8cc5   _SPI_INit
003e933d   _STOP_Scan
00007050   _SciaRegs
00008e1d   _Send_Count
003e8951   _ServiceDog
003e9471   _SetupSCI
00007040   _SpiaRegs
00007740   _SpibRegs
00007010   _SysCtrlRegs
00000985   _SysPwrCtrlRegs
003e8833   _TINT0_ISR
00008e00   _TM1650
003e985f   _Timer0_init
003e9881   _Timer1_init
00008f26   _Tmp
003e880b   _USER10_ISR
003e8810   _USER11_ISR
003e8815   _USER12_ISR
003e87de   _USER1_ISR
003e87e3   _USER2_ISR
003e87e8   _USER3_ISR
003e87ed   _USER4_ISR
003e87f2   _USER5_ISR
003e87f7   _USER6_ISR
003e87fc   _USER7_ISR
003e8801   _USER8_ISR
003e8806   _USER9_ISR
003e8c6d   _Upper_Uart
00008e19   _V_OUT
003e8838   _WAKEINT_ISR
003e8824   _XINT1_ISR
003e8829   _XINT2_ISR
003e8919   _XINT3_ISR
00007070   _XIntruptRegs
003e8a44   _XtalOscSel
003e94c5   _ZM5168_INit
00009000   __CIOBUF_
00000350   __STACK_END
00000300   __STACK_SIZE
00000400   __SYSMEM_SIZE
00000001   __TI_args_main
003e8e17   ___TI_cleanup
00008f2c   ___TI_cleanup_ptr
003e9723   ___TI_closefile
003e96b8   ___TI_doflush
00008f2e   ___TI_dtors_ptr
00008c00   ___TI_ft_end
003e9427   ___TI_readmsg
00008cc0   ___TI_tmpnams
003e93d3   ___TI_writemsg
ffffffff   ___binit__
ffffffff   ___c_args__
003e9c54   ___cinit__
003e9b21   ___etext__
003e99d9   ___memcpy_ff
ffffffff   ___pinit__
003e8000   ___text__
003e9a64   __args_main
00008c40   __ftable
00008f2a   __lock
003e9b08   __nop
003e9b04   __register_lock
003e9b00   __register_unlock
00000050   __stack
00000400   __sys_memory
00008f28   __unlock
003e9a7d   _abort
003e989d   _adc_isr
003e8398   _add_device
003e97d8   _c_int00
003e87a4   _calloc
003e87a2   _chkheap
003e8366   _close
00008e1b   _count
003e9ac0   _cpu_timer0_isr
003e9849   _cpu_timer1_isr
003e9a7f   _exit
003e9765   _fclose
003e96e7   _fflush
003e8e84   _fopen
003e85f4   _free
003e8786   _free_memory
003e8e34   _freopen
00008f25   _i
003e9af7   _i2c_int1a_isr
00008e1c   _j
00008f27   _key
00008d80   _keyVal
003e834e   _lseek
003e9120   _main
003e865d   _malloc
003e8766   _max_free
003e8639   _minit
003e9014   _my_close
003e903c   _my_lseek
003e900b   _my_open
003e9019   _my_read
003e904c   _my_rename
003e9045   _my_unlink
003e9022   _my_write
003e82dc   _open
003e8fdb   _open_uart_debug
003e82c4   _read
003e86b6   _realloc
00008f00   _regulate_I
00008f02   _regulate_V
003e9b1e   _remove
003e82aa   _remove_device
003e8281   _rename
003e8932   _rsvd_ISR
003e8fcd   _scia_xmit
003e9557   _setvbuf
003e9ae2   _strchr
003e9aed   _strcmp
003e9b19   _strcpy
003e9b11   _strlen
003e99b7   _strncpy
00008e1e   _temp
00008ecb   _temp1
00008eca   _temp2
00008ec8   _temp3
00008ec9   _temp4
00008f30   _timer0Base
003e981c   _uartRx_isr
003e8269   _unlink
003e8203   _write
00008e18   _xfeq
003e9a96   _xint1_isr
ffffffff   binit
003e9c54   cinit
003f7ff6   code_start
003e9b21   etext
ffffffff   pinit


GLOBAL SYMBOLS: SORTED BY Symbol Address 

address    name
--------   ----
00000001   __TI_args_main
0000001f   _RamfuncsLoadSize
00000050   __stack
00000300   __STACK_SIZE
00000350   __STACK_END
00000400   __SYSMEM_SIZE
00000400   __sys_memory
00000880   _DevEmuRegs
00000985   _SysPwrCtrlRegs
00000a80   _FlashRegs
00000ae0   _CsmRegs
00000b00   _AdcResult
00000c00   _CpuTimer0Regs
00000c08   _CpuTimer1Regs
00000c10   _CpuTimer2Regs
00000ce0   _PieCtrlRegs
00000d00   _EmuKey
00000d00   _PieVectTable
00000d01   _EmuBMode
00000d02   _Flash_CallbackPtr
00000d04   _Flash_CPUScaleFactor
00001400   _Cla1Regs
00006000   _ECanaRegs
00006040   _ECanaLAMRegs
00006080   _ECanaMOTSRegs
000060c0   _ECanaMOTORegs
00006100   _ECanaMboxes
00006400   _Comp1Regs
00006420   _Comp2Regs
00006440   _Comp3Regs
00006800   _EPwm1Regs
00006840   _EPwm2Regs
00006880   _EPwm3Regs
000068c0   _EPwm4Regs
00006900   _EPwm5Regs
00006940   _EPwm6Regs
00006980   _EPwm7Regs
00006a00   _ECap1Regs
00006ac0   _HRCap1Regs
00006ae0   _HRCap2Regs
00006b00   _EQep1Regs
00006c00   _LinaRegs
00006f80   _GpioCtrlRegs
00006fc0   _GpioDataRegs
00006fe0   _GpioIntRegs
00007010   _SysCtrlRegs
00007040   _SpiaRegs
00007050   _SciaRegs
00007060   _NmiIntruptRegs
00007070   _XIntruptRegs
00007100   _AdcRegs
00007740   _SpibRegs
00007900   _I2caRegs
00008000   _InitFlash
00008000   _RamfuncsRunStart
0000801b   _DSP28x_usDelay
00008c00   ___TI_ft_end
00008c40   __ftable
00008cc0   ___TI_tmpnams
00008d60   _CpuTimer1
00008d68   _CpuTimer2
00008d70   _CpuTimer0
00008d80   _keyVal
00008d81   _LigntVal
00008d82   _PtrMsg
00008d86   _SEG7Table
00008d96   _IIC_ISR_String
00008da6   _ICF8591Msg
00008dc0   _MCP79411
00008dd8   _AT24C02Msg
00008e00   _TM1650
00008e18   _xfeq
00008e19   _V_OUT
00008e1a   _F_OUT
00008e1b   _count
00008e1c   _j
00008e1d   _Send_Count
00008e1e   _temp
00008e24   _PID_V
00008e32   _PID_F
00008ec8   _temp3
00008ec9   _temp4
00008eca   _temp2
00008ecb   _temp1
00008ecc   _DataScope_OutPut_Buffer
00008efe   _P1
00008eff   _P0
00008f00   _regulate_I
00008f02   _regulate_V
00008f04   _ADResReg
00008f24   _Error
00008f25   _i
00008f26   _Tmp
00008f27   _key
00008f28   __unlock
00008f2a   __lock
00008f2c   ___TI_cleanup_ptr
00008f2e   ___TI_dtors_ptr
00008f30   _timer0Base
00008f34   _EPWM1_TIMER_TBPRD
00009000   __CIOBUF_
003d7e80   _PartIdRegs
003e8000   .text
003e8000   _InitAdc
003e8000   ___text__
003e801e   _InitAdcAio
003e8040   _AdcOffsetSelfCal
003e8067   _AdcChanSelect
003e80dc   _AdcConversion
003e8203   _write
003e8269   _unlink
003e8281   _rename
003e82aa   _remove_device
003e82c4   _read
003e82dc   _open
003e834e   _lseek
003e8366   _close
003e8398   _add_device
003e8404   _HOSTwrite
003e843a   _HOSTunlink
003e845f   _HOSTtime
003e8489   _HOSTrename
003e84c7   _HOSTread
003e84fd   _HOSTopen
003e8534   _HOSTlseek
003e857b   _HOSTgetenv
003e85a3   _HOSTclose
003e85ca   _HOSTclock
003e85f4   _free
003e8639   _minit
003e865d   _malloc
003e86b6   _realloc
003e8766   _max_free
003e8786   _free_memory
003e87a2   _chkheap
003e87a4   _calloc
003e87bb   _INT13_ISR
003e87c0   _INT14_ISR
003e87c5   _DATALOG_ISR
003e87ca   _RTOSINT_ISR
003e87cf   _EMUINT_ISR
003e87d4   _NMI_ISR
003e87d9   _ILLEGAL_ISR
003e87de   _USER1_ISR
003e87e3   _USER2_ISR
003e87e8   _USER3_ISR
003e87ed   _USER4_ISR
003e87f2   _USER5_ISR
003e87f7   _USER6_ISR
003e87fc   _USER7_ISR
003e8801   _USER8_ISR
003e8806   _USER9_ISR
003e880b   _USER10_ISR
003e8810   _USER11_ISR
003e8815   _USER12_ISR
003e881a   _ADCINT1_ISR
003e881f   _ADCINT2_ISR
003e8824   _XINT1_ISR
003e8829   _XINT2_ISR
003e882e   _ADCINT9_ISR
003e8833   _TINT0_ISR
003e8838   _WAKEINT_ISR
003e883d   _EPWM1_TZINT_ISR
003e8842   _EPWM2_TZINT_ISR
003e8847   _EPWM3_TZINT_ISR
003e884c   _EPWM4_TZINT_ISR
003e8851   _EPWM5_TZINT_ISR
003e8856   _EPWM6_TZINT_ISR
003e885b   _EPWM7_TZINT_ISR
003e8860   _EPWM1_INT_ISR
003e8865   _EPWM2_INT_ISR
003e886a   _EPWM3_INT_ISR
003e886f   _EPWM4_INT_ISR
003e8874   _EPWM5_INT_ISR
003e8879   _EPWM6_INT_ISR
003e887e   _EPWM7_INT_ISR
003e8883   _ECAP1_INT_ISR
003e8888   _HRCAP1_INT_ISR
003e888d   _HRCAP2_INT_ISR
003e8892   _EQEP1_INT_ISR
003e8897   _SPIRXINTA_ISR
003e889c   _SPITXINTA_ISR
003e88a1   _SPIRXINTB_ISR
003e88a6   _SPITXINTB_ISR
003e88ab   _I2CINT1A_ISR
003e88b0   _I2CINT2A_ISR
003e88b5   _SCIRXINTA_ISR
003e88ba   _SCITXINTA_ISR
003e88bf   _LIN0INTA_ISR
003e88c4   _LIN1INTA_ISR
003e88c9   _ECAN0INTA_ISR
003e88ce   _ECAN1INTA_ISR
003e88d3   _ADCINT3_ISR
003e88d8   _ADCINT4_ISR
003e88dd   _ADCINT5_ISR
003e88e2   _ADCINT6_ISR
003e88e7   _ADCINT7_ISR
003e88ec   _ADCINT8_ISR
003e88f1   _CLA1_INT1_ISR
003e88f6   _CLA1_INT2_ISR
003e88fb   _CLA1_INT3_ISR
003e8900   _CLA1_INT4_ISR
003e8905   _CLA1_INT5_ISR
003e890a   _CLA1_INT6_ISR
003e890f   _CLA1_INT7_ISR
003e8914   _CLA1_INT8_ISR
003e8919   _XINT3_ISR
003e891e   _LVF_ISR
003e8923   _LUF_ISR
003e8928   _EMPTY_ISR
003e892d   _PIE_RESERVED
003e8932   _rsvd_ISR
003e8937   _InitSysCtrl
003e8951   _ServiceDog
003e895b   _DisableDog
003e8963   _InitPll
003e89b3   _InitPeripheralClocks
003e89ef   _CsmUnlock
003e8a20   _IntOsc1Sel
003e8a30   _IntOsc2Sel
003e8a44   _XtalOscSel
003e8a58   _ExtOscSel
003e8a6e   _EPWM1_Config
003e8ab6   _EPWM2_Config
003e8b01   _InitEPwm1
003e8b46   _InitEPwm2
003e8b89   _PID_Init
003e8b9f   _PID_Control_F
003e8c03   _PID_Control_V
003e8c6d   _Upper_Uart
003e8c9d   _SPIGpio_Init
003e8cc5   _SPI_INit
003e8cc8   _DataFlash_WriteEnable
003e8cda   _DataFlash_WriteDisable
003e8cec   _DataFlash_SPI_BUSY_OrNot
003e8d09   _SPI_Flash_Read
003e8d3f   _SPI_Flash_ReadID
003e8d6c   _DataFlash_Write_Byte
003e8e17   ___TI_cleanup
003e8e34   _freopen
003e8e84   _fopen
003e8e9e   _Float2Byte
003e8ec3   _DataScope_Get_Channel_Data
003e8f39   _DataScope_Data_Generate
003e8f8b   _SCI_Init
003e8fcd   _scia_xmit
003e8fdb   _open_uart_debug
003e900b   _my_open
003e9014   _my_close
003e9019   _my_read
003e9022   _my_write
003e903c   _my_lseek
003e9045   _my_unlink
003e904c   _my_rename
003e9056   _InitI2C_Gpio
003e906c   _I2CA_Init
003e90b8   _I2CA_Tx_STOP
003e90e4   _I2CA_Rxdata_STOP
003e90f1   _MCP79411_INit
003e9120   _main
003e91cc   _InitLED
003e91ea   _InitEPwm
003e91eb   _InitEPwmGpio
003e91fa   _InitEPwm1Gpio
003e920c   _InitEPwm2Gpio
003e921e   _InitEPwm3Gpio
003e9232   _InitEPwm4Gpio
003e9246   _InitEPwm5Gpio
003e9258   _InitEPwm6Gpio
003e926a   _InitEPwm7Gpio
003e927c   _InitEPwmSyncGpio
003e928d   _InitTzGpio
003e92ae   _GPIO_INit
003e92e2   _KEY_Init
003e9310   _DIP_Scan
003e933d   _STOP_Scan
003e9345   _InitLin
003e9348   _InitLina
003e9390   _GenIdParity
003e93bc   _InitLinGpio
003e93bf   _InitLinaGpio
003e93d3   ___TI_writemsg
003e9423   C$$IO$$
003e9427   ___TI_readmsg
003e9461   _Init_LinaGpio
003e9471   _SetupSCI
003e94c5   _ZM5168_INit
003e94df   FS$$SUB
003e94e4   FS$$ADD
003e9557   _setvbuf
003e95cf   _InitCpuTimers
003e9610   _ConfigCpuTimer
003e9645   _ADC_Config
003e96b8   ___TI_doflush
003e96e7   _fflush
003e9723   ___TI_closefile
003e9765   _fclose
003e977e   FS$$MPY
003e97d8   _c_int00
003e981c   _uartRx_isr
003e9849   _cpu_timer1_isr
003e985f   _Timer0_init
003e9881   _Timer1_init
003e989d   _adc_isr
003e98c9   L$$DIV
003e98d8   L$$MOD
003e98e6   UL$$DIV
003e98ed   UL$$MOD
003e98f3   _ExInt_Init
003e991c   FS$$TOL
003e9945   _InitPieCtrl
003e9964   _EnableInterrupts
003e996d   _InitPieVectTable
003e9992   FS$$TOI
003e99b7   _strncpy
003e99d9   ___memcpy_ff
003e99fa   FS$$TOU
003e9a17   _InitSci
003e9a18   _InitSciGpio
003e9a1b   _InitSciaGpio
003e9a31   I$$TOFS
003e9a4b   _InitI2C
003e9a4c   _InitI2CGpio
003e9a64   __args_main
003e9a7d   C$$EXIT
003e9a7d   _abort
003e9a7f   _exit
003e9a96   _xint1_isr
003e9aad   _InitGpio
003e9ac0   _cpu_timer0_isr
003e9ad2   U$$TOFS
003e9ae2   _strchr
003e9aed   _strcmp
003e9af7   _i2c_int1a_isr
003e9b00   __register_unlock
003e9b04   __register_lock
003e9b08   __nop
003e9b11   _strlen
003e9b19   _strcpy
003e9b1e   _remove
003e9b21   ___etext__
003e9b21   etext
003e9b22   _PieVectTableInit
003e9c54   ___cinit__
003e9c54   cinit
003f5000   _RamfuncsLoadStart
003f7ff6   code_start
003f7ff8   _CsmPwl
ffffffff   ___binit__
ffffffff   ___c_args__
ffffffff   ___pinit__
ffffffff   binit
ffffffff   pinit

[353 symbols]
