******************************************************************************
             TMS320C2000 Linker PC v6.2.0                      
******************************************************************************
>> Linked Sat May 27 16:59:45 2017

OUTPUT FILE NAME:   <WXCD_FS.out>
ENTRY POINT SYMBOL: "_c_int00"  address: 003e9b85


MEMORY CONFIGURATION

         name            origin    length      used     unused   attr    fill
----------------------  --------  ---------  --------  --------  ----  --------
PAGE 0:
  RAML0                 00008000   00000800  0000001f  000007e1  RWIX
  RAML1                 00008800   00000400  00000000  00000400  RWIX
  OTP                   003d7800   00000400  00000000  00000400  RWIX
  FLASHCDEFGH           003e8000   0000c000  00002100  00009f00  RWIX
  FLASHB2               003f5000   00001000  0000001f  00000fe1  RWIX
  FLASHA                003f6000   00001f80  00000000  00001f80  RWIX
  CSM_RSVD              003f7f80   00000076  00000000  00000076  RWIX
  BEGIN                 003f7ff6   00000002  00000002  00000000  RWIX
  CSM_PWL_P0            003f7ff8   00000008  00000000  00000008  RWIX
  IQTABLES              003fe000   00000b50  00000000  00000b50  RWIX
  IQTABLES2             003feb50   0000008c  00000000  0000008c  RWIX
  IQTABLES3             003febdc   000000aa  00000000  000000aa  RWIX
  ROM                   003ff27c   00000d44  00000000  00000d44  RWIX
  RESET                 003fffc0   00000002  00000000  00000002  RWIX
  VECTORS               003fffc2   0000003e  00000000  0000003e  RWIX

PAGE 1:
  BOOT_RSVD             00000000   00000050  00000000  00000050  RWIX
  RAMM0                 00000050   00000300  00000300  00000000  RWIX
  RAMM1                 00000350   00000350  00000300  00000050  RWIX
  DEV_EMU               00000880   00000105  00000004  00000101  RWIX
  SYS_PWR_CTL           00000985   00000003  00000003  00000000  RWIX
  FLASH_REGS            00000a80   00000060  00000008  00000058  RWIX
  CSM                   00000ae0   00000010  00000010  00000000  RWIX
  ADC_RESULT            00000b00   00000020  00000020  00000000  RWIX
  CPU_TIMER0            00000c00   00000008  00000008  00000000  RWIX
  CPU_TIMER1            00000c08   00000008  00000008  00000000  RWIX
  CPU_TIMER2            00000c10   00000008  00000008  00000000  RWIX
  PIE_CTRL              00000ce0   00000020  0000001a  00000006  RWIX
  PIE_VECT              00000d00   00000100  00000100  00000000  RWIX
  CLA1                  00001400   00000080  00000040  00000040  RWIX
  ECANA                 00006000   00000040  00000034  0000000c  RWIX
  ECANA_LAM             00006040   00000040  00000040  00000000  RWIX
  ECANA_MOTS            00006080   00000040  00000040  00000000  RWIX
  ECANA_MOTO            000060c0   00000040  00000040  00000000  RWIX
  ECANA_MBOX            00006100   00000100  00000100  00000000  RWIX
  COMP1                 00006400   00000020  00000014  0000000c  RWIX
  COMP2                 00006420   00000020  00000014  0000000c  RWIX
  COMP3                 00006440   00000020  00000014  0000000c  RWIX
  EPWM1                 00006800   00000040  00000040  00000000  RWIX
  EPWM2                 00006840   00000040  00000040  00000000  RWIX
  EPWM3                 00006880   00000040  00000040  00000000  RWIX
  EPWM4                 000068c0   00000040  00000040  00000000  RWIX
  EPWM5                 00006900   00000040  00000040  00000000  RWIX
  EPWM6                 00006940   00000040  00000040  00000000  RWIX
  EPWM7                 00006980   00000040  00000040  00000000  RWIX
  ECAP1                 00006a00   00000020  00000020  00000000  RWIX
  HRCAP1                00006ac0   00000020  00000020  00000000  RWIX
  HRCAP2                00006ae0   00000020  00000020  00000000  RWIX
  EQEP1                 00006b00   00000040  00000040  00000000  RWIX
  LINA                  00006c00   00000080  0000004a  00000036  RWIX
  GPIOCTRL              00006f80   00000040  00000040  00000000  RWIX
  GPIODAT               00006fc0   00000020  00000020  00000000  RWIX
  GPIOINT               00006fe0   00000020  0000000c  00000014  RWIX
  SYSTEM                00007010   00000020  00000020  00000000  RWIX
  SPIA                  00007040   00000010  00000010  00000000  RWIX
  SCIA                  00007050   00000010  00000010  00000000  RWIX
  NMIINTRUPT            00007060   00000010  00000010  00000000  RWIX
  XINTRUPT              00007070   00000010  00000010  00000000  RWIX
  ADC                   00007100   00000080  00000050  00000030  RWIX
  SPIB                  00007740   00000010  00000010  00000000  RWIX
  I2CA                  00007900   00000040  00000022  0000001e  RWIX
  RAML2                 00008b00   00000900  000006c3  0000023d  RWIX
  RAML3                 00009400   00000900  00000000  00000900  RWIX
  PARTID                003d7e80   00000001  00000001  00000000  RWIX
  FLASHB1               003f4000   00001000  00000000  00001000  RWIX
  CSM_PWL               003f7ff8   00000008  00000008  00000000  RWIX


SECTION ALLOCATION MAP

 output                                  attributes/
section   page    origin      length       input sections
--------  ----  ----------  ----------   ----------------
.pinit     0    003e8000    00000000     UNINITIALIZED

.text      0    003e8000    00001eac     
                  003e8000    00000203     DSP2803x_Adc.obj (.text)
                  003e8203    00000201     rts2800_ml.lib : lowlev.obj (.text)
                  003e8404    000001f0                    : trgdrv.obj (.text)
                  003e85f4    000001c7                    : memory.obj (.text)
                  003e87bb    000001ba     zm5168.obj (.text)
                  003e8975    0000019c     communicationSci.obj (.text)
                  003e8b11    0000017c     DSP2803x_DefaultIsr.obj (.text:retain)
                  003e8c8d    00000169     gpio.obj (.text)
                  003e8df6    00000137     DSP2803x_SysCtrl.obj (.text)
                  003e8f2d    00000119     pwm.obj (.text)
                  003e9046    00000102     sim_spi.obj (.text)
                  003e9148    000000ff     rts2800_ml.lib : fopen.obj (.text)
                  003e9247    000000f4     pid.obj (.text)
                  003e933b    000000ed     DataScope_DP.obj (.text)
                  003e9428    000000ca     hardiic.obj (.text)
                  003e94f2    000000c4     DSP2803x_EPwm.obj (.text)
                  003e95b6    0000008e     DSP2803x_Lin.obj (.text)
                  003e9644    0000008e     rts2800_ml.lib : ankmsg.obj (.text)
                  003e96d2    0000008d     communicationSci.obj (.text:retain)
                  003e975f    00000078     rts2800_ml.lib : fs_add.obj (.text)
                  003e97d7    00000078                    : setvbuf.obj (.text)
                  003e984f    00000076     DSP2803x_CpuTimers.obj (.text)
                  003e98c5    00000076     GlobalVariableDefandInits.obj (.text)
                  003e993b    00000072     ad.obj (.text)
                  003e99ad    0000006c     main.obj (.text)
                  003e9a19    0000006b     rts2800_ml.lib : fflush.obj (.text)
                  003e9a84    0000005b                    : fclose.obj (.text)
                  003e9adf    0000005a                    : fs_mpy.obj (.text)
                  003e9b39    0000004c     Exint.obj (.text)
                  003e9b85    00000044     rts2800_ml.lib : boot.obj (.text)
                  003e9bc9    0000003e     ad.obj (.text:retain)
                  003e9c07    00000034     testpwm.obj (.text)
                  003e9c3b    0000002a     Exint.obj (.text:retain)
                  003e9c65    0000002a     rts2800_ml.lib : l_div.obj (.text)
                  003e9c8f    00000029                    : fs_tol.obj (.text)
                  003e9cb8    00000028     DSP2803x_PieCtrl.obj (.text)
                  003e9ce0    00000027     timer.obj (.text:retain)
                  003e9d07    00000025     DSP2803x_PieVect.obj (.text)
                  003e9d2c    00000022     rts2800_ml.lib : strncpy.obj (.text)
                  003e9d4e    00000022     timer.obj (.text)
                  003e9d70    00000021     rts2800_ml.lib : memcpy_ff.obj (.text)
                  003e9d91    0000001d                    : fs_tou.obj (.text)
                  003e9dae    0000001a     DSP2803x_Sci.obj (.text)
                  003e9dc8    0000001a     rts2800_ml.lib : i_tofs.obj (.text)
                  003e9de2    0000001a                    : l_tofs.obj (.text)
                  003e9dfc    00000019     DSP2803x_I2C.obj (.text)
                  003e9e15    00000019     rts2800_ml.lib : args_main.obj (.text)
                  003e9e2e    00000019                    : exit.obj (.text)
                  003e9e47    00000013     DSP2803x_Gpio.obj (.text)
                  003e9e5a    00000013     rts2800_ml.lib : ul_tofs.obj (.text)
                  003e9e6d    0000000b                    : strchr.obj (.text)
                  003e9e78    0000000a                    : strcmp.obj (.text)
                  003e9e82    00000009     hardiic.obj (.text:retain)
                  003e9e8b    00000009     rts2800_ml.lib : _lock.obj (.text)
                  003e9e94    00000008     DSP2803x_CodeStartBranch.obj (.text)
                  003e9e9c    00000008     rts2800_ml.lib : strlen.obj (.text)
                  003e9ea4    00000005                    : strcpy.obj (.text)
                  003e9ea9    00000003                    : remove.obj (.text)

.econst    0    003e9eac    00000132     
                  003e9eac    00000100     DSP2803x_PieVect.obj (.econst)
                  003e9fac    00000024     hardiic.obj (.econst:.string)
                  003e9fd0    0000000e     communicationSci.obj (.econst:.string)

.cinit     0    003e9fde    00000122     
                  003e9fde    00000048     hardiic.obj (.cinit)
                  003ea026    00000031     rts2800_ml.lib : lowlev.obj (.cinit)
                  003ea057    0000002a                    : defs.obj (.cinit)
                  003ea081    00000020     communicationSci.obj (.cinit)
                  003ea0a1    00000019     pid.obj (.cinit)
                  003ea0ba    0000000c     zm5168.obj (.cinit)
                  003ea0c6    0000000a     rts2800_ml.lib : _lock.obj (.cinit)
                  003ea0d0    0000000a                    : exit.obj (.cinit)
                  003ea0da    00000008     testpwm.obj (.cinit)
                  003ea0e2    00000007     timer.obj (.cinit)
                  003ea0e9    00000005     pwm.obj (.cinit)
                  003ea0ee    00000004     DataScope_DP.obj (.cinit)
                  003ea0f2    00000004     main.obj (.cinit)
                  003ea0f6    00000004     rts2800_ml.lib : fopen.obj (.cinit)
                  003ea0fa    00000004                    : memory.obj (.cinit)
                  003ea0fe    00000002     --HOLE-- [fill = 0]

ramfuncs   0    003f5000    0000001f     RUN ADDR = 00008000
                  003f5000    0000001b     DSP2803x_SysCtrl.obj (ramfuncs)
                  003f501b    00000004     DSP2803x_usDelay.obj (ramfuncs)

codestart 
*          0    003f7ff6    00000002     
                  003f7ff6    00000002     DSP2803x_CodeStartBranch.obj (codestart)

.reset     0    003fffc0    00000002     DSECT
                  003fffc0    00000002     rts2800_ml.lib : boot.obj (.reset)

vectors    0    003fffc2    00000000     DSECT

.stack     1    00000050    00000300     UNINITIALIZED
                  00000050    00000300     --HOLE--

.sysmem    1    00000350    00000300     UNINITIALIZED
                  00000350    00000001     rts2800_ml.lib : memory.obj (.sysmem)
                  00000351    000002ff     --HOLE--

DevEmuRegsFile 
*          1    00000880    00000004     UNINITIALIZED
                  00000880    00000004     DSP2803x_GlobalVariableDefs.obj (DevEmuRegsFile)

SysPwrCtrlRegsFile 
*          1    00000985    00000003     UNINITIALIZED
                  00000985    00000003     DSP2803x_GlobalVariableDefs.obj (SysPwrCtrlRegsFile)

FlashRegsFile 
*          1    00000a80    00000008     UNINITIALIZED
                  00000a80    00000008     DSP2803x_GlobalVariableDefs.obj (FlashRegsFile)

CsmRegsFile 
*          1    00000ae0    00000010     UNINITIALIZED
                  00000ae0    00000010     DSP2803x_GlobalVariableDefs.obj (CsmRegsFile)

AdcResultFile 
*          1    00000b00    00000020     UNINITIALIZED
                  00000b00    00000020     DSP2803x_GlobalVariableDefs.obj (AdcResultFile)

CpuTimer0RegsFile 
*          1    00000c00    00000008     UNINITIALIZED
                  00000c00    00000008     DSP2803x_GlobalVariableDefs.obj (CpuTimer0RegsFile)

CpuTimer1RegsFile 
*          1    00000c08    00000008     UNINITIALIZED
                  00000c08    00000008     DSP2803x_GlobalVariableDefs.obj (CpuTimer1RegsFile)

CpuTimer2RegsFile 
*          1    00000c10    00000008     UNINITIALIZED
                  00000c10    00000008     DSP2803x_GlobalVariableDefs.obj (CpuTimer2RegsFile)

PieCtrlRegsFile 
*          1    00000ce0    0000001a     UNINITIALIZED
                  00000ce0    0000001a     DSP2803x_GlobalVariableDefs.obj (PieCtrlRegsFile)

PieVectTableFile 
*          1    00000d00    00000100     UNINITIALIZED
                  00000d00    00000100     DSP2803x_GlobalVariableDefs.obj (PieVectTableFile)

EmuKeyVar 
*          1    00000d00    00000001     UNINITIALIZED
                  00000d00    00000001     DSP2803x_GlobalVariableDefs.obj (EmuKeyVar)

EmuBModeVar 
*          1    00000d01    00000001     UNINITIALIZED
                  00000d01    00000001     DSP2803x_GlobalVariableDefs.obj (EmuBModeVar)

FlashCallbackVar 
*          1    00000d02    00000002     UNINITIALIZED
                  00000d02    00000002     DSP2803x_GlobalVariableDefs.obj (FlashCallbackVar)

FlashScalingVar 
*          1    00000d04    00000002     UNINITIALIZED
                  00000d04    00000002     DSP2803x_GlobalVariableDefs.obj (FlashScalingVar)

Cla1RegsFile 
*          1    00001400    00000040     UNINITIALIZED
                  00001400    00000040     DSP2803x_GlobalVariableDefs.obj (Cla1RegsFile)

ECanaRegsFile 
*          1    00006000    00000034     UNINITIALIZED
                  00006000    00000034     DSP2803x_GlobalVariableDefs.obj (ECanaRegsFile)

ECanaLAMRegsFile 
*          1    00006040    00000040     UNINITIALIZED
                  00006040    00000040     DSP2803x_GlobalVariableDefs.obj (ECanaLAMRegsFile)

ECanaMOTSRegsFile 
*          1    00006080    00000040     UNINITIALIZED
                  00006080    00000040     DSP2803x_GlobalVariableDefs.obj (ECanaMOTSRegsFile)

ECanaMOTORegsFile 
*          1    000060c0    00000040     UNINITIALIZED
                  000060c0    00000040     DSP2803x_GlobalVariableDefs.obj (ECanaMOTORegsFile)

ECanaMboxesFile 
*          1    00006100    00000100     UNINITIALIZED
                  00006100    00000100     DSP2803x_GlobalVariableDefs.obj (ECanaMboxesFile)

Comp1RegsFile 
*          1    00006400    00000014     UNINITIALIZED
                  00006400    00000014     DSP2803x_GlobalVariableDefs.obj (Comp1RegsFile)

Comp2RegsFile 
*          1    00006420    00000014     UNINITIALIZED
                  00006420    00000014     DSP2803x_GlobalVariableDefs.obj (Comp2RegsFile)

Comp3RegsFile 
*          1    00006440    00000014     UNINITIALIZED
                  00006440    00000014     DSP2803x_GlobalVariableDefs.obj (Comp3RegsFile)

EPwm1RegsFile 
*          1    00006800    00000040     UNINITIALIZED
                  00006800    00000040     DSP2803x_GlobalVariableDefs.obj (EPwm1RegsFile)

EPwm2RegsFile 
*          1    00006840    00000040     UNINITIALIZED
                  00006840    00000040     DSP2803x_GlobalVariableDefs.obj (EPwm2RegsFile)

EPwm3RegsFile 
*          1    00006880    00000040     UNINITIALIZED
                  00006880    00000040     DSP2803x_GlobalVariableDefs.obj (EPwm3RegsFile)

EPwm4RegsFile 
*          1    000068c0    00000040     UNINITIALIZED
                  000068c0    00000040     DSP2803x_GlobalVariableDefs.obj (EPwm4RegsFile)

EPwm5RegsFile 
*          1    00006900    00000040     UNINITIALIZED
                  00006900    00000040     DSP2803x_GlobalVariableDefs.obj (EPwm5RegsFile)

EPwm6RegsFile 
*          1    00006940    00000040     UNINITIALIZED
                  00006940    00000040     DSP2803x_GlobalVariableDefs.obj (EPwm6RegsFile)

EPwm7RegsFile 
*          1    00006980    00000040     UNINITIALIZED
                  00006980    00000040     DSP2803x_GlobalVariableDefs.obj (EPwm7RegsFile)

ECap1RegsFile 
*          1    00006a00    00000020     UNINITIALIZED
                  00006a00    00000020     DSP2803x_GlobalVariableDefs.obj (ECap1RegsFile)

HRCap1RegsFile 
*          1    00006ac0    00000020     UNINITIALIZED
                  00006ac0    00000020     DSP2803x_GlobalVariableDefs.obj (HRCap1RegsFile)

HRCap2RegsFile 
*          1    00006ae0    00000020     UNINITIALIZED
                  00006ae0    00000020     DSP2803x_GlobalVariableDefs.obj (HRCap2RegsFile)

EQep1RegsFile 
*          1    00006b00    00000040     UNINITIALIZED
                  00006b00    00000040     DSP2803x_GlobalVariableDefs.obj (EQep1RegsFile)

LinaRegsFile 
*          1    00006c00    0000004a     UNINITIALIZED
                  00006c00    0000004a     DSP2803x_GlobalVariableDefs.obj (LinaRegsFile)

GpioCtrlRegsFile 
*          1    00006f80    00000040     UNINITIALIZED
                  00006f80    00000040     DSP2803x_GlobalVariableDefs.obj (GpioCtrlRegsFile)

GpioDataRegsFile 
*          1    00006fc0    00000020     UNINITIALIZED
                  00006fc0    00000020     DSP2803x_GlobalVariableDefs.obj (GpioDataRegsFile)

GpioIntRegsFile 
*          1    00006fe0    0000000c     UNINITIALIZED
                  00006fe0    0000000c     DSP2803x_GlobalVariableDefs.obj (GpioIntRegsFile)

SysCtrlRegsFile 
*          1    00007010    00000020     UNINITIALIZED
                  00007010    00000020     DSP2803x_GlobalVariableDefs.obj (SysCtrlRegsFile)

SpiaRegsFile 
*          1    00007040    00000010     UNINITIALIZED
                  00007040    00000010     DSP2803x_GlobalVariableDefs.obj (SpiaRegsFile)

SciaRegsFile 
*          1    00007050    00000010     UNINITIALIZED
                  00007050    00000010     DSP2803x_GlobalVariableDefs.obj (SciaRegsFile)

NmiIntruptRegsFile 
*          1    00007060    00000010     UNINITIALIZED
                  00007060    00000010     DSP2803x_GlobalVariableDefs.obj (NmiIntruptRegsFile)

XIntruptRegsFile 
*          1    00007070    00000010     UNINITIALIZED
                  00007070    00000010     DSP2803x_GlobalVariableDefs.obj (XIntruptRegsFile)

AdcRegsFile 
*          1    00007100    00000050     UNINITIALIZED
                  00007100    00000050     DSP2803x_GlobalVariableDefs.obj (AdcRegsFile)

SpibRegsFile 
*          1    00007740    00000010     UNINITIALIZED
                  00007740    00000010     DSP2803x_GlobalVariableDefs.obj (SpibRegsFile)

I2caRegsFile 
*          1    00007900    00000022     UNINITIALIZED
                  00007900    00000022     DSP2803x_GlobalVariableDefs.obj (I2caRegsFile)

.ebss      1    00008b00    000005a3     UNINITIALIZED
                  00008b00    0000022a     GlobalVariableDefandInits.obj (.ebss)
                  00008d2a    00000008     rts2800_ml.lib : memory.obj (.ebss)
                  00008d32    00000008                    : trgdrv.obj (.ebss)
                  00008d3a    00000004                    : _lock.obj (.ebss)
                  00008d3e    00000002     DSP2803x_Lin.obj (.ebss)
                  00008d40    00000160     rts2800_ml.lib : defs.obj (.ebss)
                  00008ea0    00000018     DSP2803x_CpuTimers.obj (.ebss)
                  00008eb8    00000004     rts2800_ml.lib : exit.obj (.ebss)
                  00008ebc    00000004     timer.obj (.ebss)
                  00008ec0    00000098     hardiic.obj (.ebss)
                  00008f58    00000024     communicationSci.obj (.ebss)
                  00008f7c    00000002     pwm.obj (.ebss)
                  00008f7e    00000002     testpwm.obj (.ebss)
                  00008f80    00000088     rts2800_ml.lib : lowlev.obj (.ebss)
                  00009008    0000002e     DataScope_DP.obj (.ebss)
                  00009036    00000001     main.obj (.ebss)
                  00009037    00000001     rts2800_ml.lib : fopen.obj (.ebss)
                  00009038    00000008     --HOLE--
                  00009040    0000002c     pid.obj (.ebss)
                  0000906c    00000014     --HOLE--
                  00009080    00000023     zm5168.obj (.ebss)

.cio       1    000090c0    00000120     UNINITIALIZED
                  000090c0    00000120     rts2800_ml.lib : ankmsg.obj (.cio)

PartIdRegsFile 
*          1    003d7e80    00000001     UNINITIALIZED
                  003d7e80    00000001     DSP2803x_GlobalVariableDefs.obj (PartIdRegsFile)

CsmPwlFile 
*          1    003f7ff8    00000008     UNINITIALIZED
                  003f7ff8    00000008     DSP2803x_GlobalVariableDefs.obj (CsmPwlFile)


GLOBAL DATA SYMBOLS: SORTED BY DATA PAGE

address     data page           name
--------    ----------------    ----
00000050       1 (00000040)     __stack

00000350       d (00000340)     __sys_memory

00000880      22 (00000880)     _DevEmuRegs

00000985      26 (00000980)     _SysPwrCtrlRegs

00000a80      2a (00000a80)     _FlashRegs

00000ae0      2b (00000ac0)     _CsmRegs

00000b00      2c (00000b00)     _AdcResult

00000c00      30 (00000c00)     _CpuTimer0Regs
00000c08      30 (00000c00)     _CpuTimer1Regs
00000c10      30 (00000c00)     _CpuTimer2Regs

00000ce0      33 (00000cc0)     _PieCtrlRegs

00000d00      34 (00000d00)     _EmuKey
00000d00      34 (00000d00)     _PieVectTable
00000d01      34 (00000d00)     _EmuBMode
00000d02      34 (00000d00)     _Flash_CallbackPtr
00000d04      34 (00000d00)     _Flash_CPUScaleFactor

00001400      50 (00001400)     _Cla1Regs

00006000     180 (00006000)     _ECanaRegs

00006040     181 (00006040)     _ECanaLAMRegs

00006080     182 (00006080)     _ECanaMOTSRegs

000060c0     183 (000060c0)     _ECanaMOTORegs

00006100     184 (00006100)     _ECanaMboxes

00006400     190 (00006400)     _Comp1Regs
00006420     190 (00006400)     _Comp2Regs

00006440     191 (00006440)     _Comp3Regs

00006800     1a0 (00006800)     _EPwm1Regs

00006840     1a1 (00006840)     _EPwm2Regs

00006880     1a2 (00006880)     _EPwm3Regs

000068c0     1a3 (000068c0)     _EPwm4Regs

00006900     1a4 (00006900)     _EPwm5Regs

00006940     1a5 (00006940)     _EPwm6Regs

00006980     1a6 (00006980)     _EPwm7Regs

00006a00     1a8 (00006a00)     _ECap1Regs

00006ac0     1ab (00006ac0)     _HRCap1Regs
00006ae0     1ab (00006ac0)     _HRCap2Regs

00006b00     1ac (00006b00)     _EQep1Regs

00006c00     1b0 (00006c00)     _LinaRegs

00006f80     1be (00006f80)     _GpioCtrlRegs

00006fc0     1bf (00006fc0)     _GpioDataRegs
00006fe0     1bf (00006fc0)     _GpioIntRegs

00007010     1c0 (00007000)     _SysCtrlRegs

00007040     1c1 (00007040)     _SpiaRegs
00007050     1c1 (00007040)     _SciaRegs
00007060     1c1 (00007040)     _NmiIntruptRegs
00007070     1c1 (00007040)     _XIntruptRegs

00007100     1c4 (00007100)     _AdcRegs

00007740     1dd (00007740)     _SpibRegs

00007900     1e4 (00007900)     _I2caRegs

00008b00     22c (00008b00)     _ModuleCtlReg

00008b40     22d (00008b40)     _Sample

00008d3a     234 (00008d00)     __unlock
00008d3c     234 (00008d00)     __lock
00008d3e     234 (00008d00)     _P1
00008d3f     234 (00008d00)     _P0

00008d40     235 (00008d40)     ___TI_ft_end

00008d80     236 (00008d80)     __ftable

00008e00     238 (00008e00)     ___TI_tmpnams

00008ea0     23a (00008e80)     _CpuTimer1
00008ea8     23a (00008e80)     _CpuTimer2
00008eb0     23a (00008e80)     _CpuTimer0
00008eb8     23a (00008e80)     ___TI_cleanup_ptr
00008eba     23a (00008e80)     ___TI_dtors_ptr
00008ebc     23a (00008e80)     _timer0Base

00008ec0     23b (00008ec0)     _keyVal
00008ec1     23b (00008ec0)     _LigntVal
00008ec2     23b (00008ec0)     _PtrMsg
00008ec6     23b (00008ec0)     _SEG7Table
00008ed6     23b (00008ec0)     _IIC_ISR_String
00008ee6     23b (00008ec0)     _ICF8591Msg

00008f00     23c (00008f00)     _MCP79411
00008f18     23c (00008f00)     _AT24C02Msg

00008f40     23d (00008f40)     _TM1650
00008f58     23d (00008f40)     _checkOrderflag
00008f59     23d (00008f40)     _SciaResponseCount
00008f5a     23d (00008f40)     _SciaResponTimeoutCount
00008f5b     23d (00008f40)     _SciaReceiveCount
00008f5c     23d (00008f40)     _SciaRecTimeoutCount
00008f5d     23d (00008f40)     _ModuleFault
00008f5e     23d (00008f40)     _SciaResponseBuff
00008f63     23d (00008f40)     _SciaSendBuff
00008f68     23d (00008f40)     _SciaReceiveBuff
00008f72     23d (00008f40)     _DataBuff
00008f7c     23d (00008f40)     _EPWM1_TIMER_TBPRD
00008f7e     23d (00008f40)     _xyxy
00008f7f     23d (00008f40)     _yyyy

00009008     240 (00009000)     _temp3
00009009     240 (00009000)     _temp4
0000900a     240 (00009000)     _temp2
0000900b     240 (00009000)     _temp1
0000900c     240 (00009000)     _DataScope_OutPut_Buffer
00009036     240 (00009000)     _key

00009040     241 (00009040)     _V_OUT
00009041     241 (00009040)     _flashFreq
00009042     241 (00009040)     _flashFreqCount
00009043     241 (00009040)     _flagSW
00009044     241 (00009040)     _j
00009045     241 (00009040)     _Send_Count
00009046     241 (00009040)     _restartCount
00009048     241 (00009040)     _PIDtimeOutCount
0000904a     241 (00009040)     _startCount
0000904c     241 (00009040)     _PID_V
0000905c     241 (00009040)     _PID_F

00009080     242 (00009080)     _DealRxLenth
00009081     242 (00009080)     _DealTxLenth
00009082     242 (00009080)     _zm5168_p2

000090c0     243 (000090c0)     __CIOBUF_

003d7e80    f5fa (003d7e80)     _PartIdRegs

003e9eac    fa7a (003e9e80)     _PieVectTableInit

003f7ff8    fdff (003f7fc0)     _CsmPwl


GLOBAL SYMBOLS: SORTED ALPHABETICALLY BY Name 

address    name
--------   ----
003e8000   .text
003e9e2e   C$$EXIT
003e9694   C$$IO$$
003e9764   FS$$ADD
003e9adf   FS$$MPY
003e975f   FS$$SUB
003e9c8f   FS$$TOL
003e9d91   FS$$TOU
003e9dc8   I$$TOFS
003e9c65   L$$DIV
003e9c74   L$$MOD
003e9de2   L$$TOFS
003e9c82   UL$$DIV
003e9c89   UL$$MOD
003e9e5a   UL$$TOFS
003e8b70   _ADCINT1_ISR
003e8b75   _ADCINT2_ISR
003e8c29   _ADCINT3_ISR
003e8c2e   _ADCINT4_ISR
003e8c33   _ADCINT5_ISR
003e8c38   _ADCINT6_ISR
003e8c3d   _ADCINT7_ISR
003e8c42   _ADCINT8_ISR
003e8b84   _ADCINT9_ISR
003e993b   _ADC_Config
00008f18   _AT24C02Msg
003e8067   _AdcChanSelect
003e80dc   _AdcConversion
003e8040   _AdcOffsetSelfCal
00007100   _AdcRegs
00000b00   _AdcResult
003e99ac   _ArbitramentProtect
003e8c47   _CLA1_INT1_ISR
003e8c4c   _CLA1_INT2_ISR
003e8c51   _CLA1_INT3_ISR
003e8c56   _CLA1_INT4_ISR
003e8c5b   _CLA1_INT5_ISR
003e8c60   _CLA1_INT6_ISR
003e8c65   _CLA1_INT7_ISR
003e8c6a   _CLA1_INT8_ISR
00001400   _Cla1Regs
00006400   _Comp1Regs
00006420   _Comp2Regs
00006440   _Comp3Regs
003e9890   _ConfigCpuTimer
00008eb0   _CpuTimer0
00000c00   _CpuTimer0Regs
00008ea0   _CpuTimer1
00000c08   _CpuTimer1Regs
00008ea8   _CpuTimer2
00000c10   _CpuTimer2Regs
003f7ff8   _CsmPwl
00000ae0   _CsmRegs
003e8eae   _CsmUnlock
003e8b1b   _DATALOG_ISR
003e8dc1   _DIP_Scan
0000801b   _DSP28x_usDelay
00008f72   _DataBuff
003e9095   _DataFlash_SPI_BUSY_OrNot
003e9083   _DataFlash_WriteDisable
003e9071   _DataFlash_WriteEnable
003e9115   _DataFlash_Write_Byte
003e93d6   _DataScope_Data_Generate
003e9360   _DataScope_Get_Channel_Data
0000900c   _DataScope_OutPut_Buffer
00009080   _DealRxLenth
00009081   _DealTxLenth
00000880   _DevEmuRegs
003e8e1a   _DisableDog
003e8c1f   _ECAN0INTA_ISR
003e8c24   _ECAN1INTA_ISR
003e8bd9   _ECAP1_INT_ISR
00006040   _ECanaLAMRegs
000060c0   _ECanaMOTORegs
00006080   _ECanaMOTSRegs
00006100   _ECanaMboxes
00006000   _ECanaRegs
00006a00   _ECap1Regs
003e8c7e   _EMPTY_ISR
003e8b25   _EMUINT_ISR
003e8bb6   _EPWM1_INT_ISR
00008f7c   _EPWM1_TIMER_TBPRD
003e8b93   _EPWM1_TZINT_ISR
003e8bbb   _EPWM2_INT_ISR
003e8b98   _EPWM2_TZINT_ISR
003e8bc0   _EPWM3_INT_ISR
003e8b9d   _EPWM3_TZINT_ISR
003e8bc5   _EPWM4_INT_ISR
003e8ba2   _EPWM4_TZINT_ISR
003e8bca   _EPWM5_INT_ISR
003e8ba7   _EPWM5_TZINT_ISR
003e8bcf   _EPWM6_INT_ISR
003e8bac   _EPWM6_TZINT_ISR
003e8bd4   _EPWM7_INT_ISR
003e8bb1   _EPWM7_TZINT_ISR
003e8f2d   _EPWMA_Config
003e8f75   _EPWMB_Config
00006800   _EPwm1Regs
00006840   _EPwm2Regs
00006880   _EPwm3Regs
000068c0   _EPwm4Regs
00006900   _EPwm5Regs
00006940   _EPwm6Regs
00006980   _EPwm7Regs
003e8be8   _EQEP1_INT_ISR
00006b00   _EQep1Regs
00000d01   _EmuBMode
00000d00   _EmuKey
003e9cd7   _EnableInterrupts
003e9b39   _ExInt_Init
003e8f17   _ExtOscSel
00000a80   _FlashRegs
00000d04   _Flash_CPUScaleFactor
00000d02   _Flash_CallbackPtr
003e933b   _Float2Byte
003e8c8d   _GPIO_INit
003e9601   _GenIdParity
00006f80   _GpioCtrlRegs
00006fc0   _GpioDataRegs
00006fe0   _GpioIntRegs
003e85ca   _HOSTclock
003e85a3   _HOSTclose
003e857b   _HOSTgetenv
003e8534   _HOSTlseek
003e84fd   _HOSTopen
003e84c7   _HOSTread
003e8489   _HOSTrename
003e845f   _HOSTtime
003e843a   _HOSTunlink
003e8404   _HOSTwrite
003e8bde   _HRCAP1_INT_ISR
003e8be3   _HRCAP2_INT_ISR
00006ac0   _HRCap1Regs
00006ae0   _HRCap2Regs
003e943e   _I2CA_Init
003e94b6   _I2CA_Rxdata_STOP
003e948a   _I2CA_Tx_STOP
003e8c01   _I2CINT1A_ISR
003e8c06   _I2CINT2A_ISR
00007900   _I2caRegs
00008ee6   _ICF8591Msg
00008ed6   _IIC_ISR_String
003e8b2f   _ILLEGAL_ISR
003e8b11   _INT13_ISR
003e8b16   _INT14_ISR
003e8000   _InitAdc
003e801e   _InitAdcAio
003e984f   _InitCpuTimers
003e94f2   _InitEPwm
003e8fbe   _InitEPwm1
003e9502   _InitEPwm1Gpio
003e9003   _InitEPwm2
003e9514   _InitEPwm2Gpio
003e9526   _InitEPwm3Gpio
003e953a   _InitEPwm4Gpio
003e954e   _InitEPwm5Gpio
003e9560   _InitEPwm6Gpio
003e9572   _InitEPwm7Gpio
003e94f3   _InitEPwmGpio
003e9584   _InitEPwmSyncGpio
00008000   _InitFlash
003e9e47   _InitGpio
003e9dfc   _InitI2C
003e9dfd   _InitI2CGpio
003e9428   _InitI2C_Gpio
003e95b6   _InitLin
003e962d   _InitLinGpio
003e95b9   _InitLina
003e9630   _InitLinaGpio
003e8e72   _InitPeripheralClocks
003e9cb8   _InitPieCtrl
003e9d07   _InitPieVectTable
003e8e22   _InitPll
003e9dae   _InitSci
003e9daf   _InitSciGpio
003e9db2   _InitSciaGpio
003e8df6   _InitSysCtrl
003e9595   _InitTzGpio
003e98c5   _Init_GlobalVariable
003e8edf   _IntOsc1Sel
003e8eef   _IntOsc2Sel
003e8c15   _LIN0INTA_ISR
003e8c1a   _LIN1INTA_ISR
003e8c79   _LUF_ISR
003e8c74   _LVF_ISR
00008ec1   _LigntVal
00006c00   _LinaRegs
003e87f4   _LocalConfDeal
00008f00   _MCP79411
003e94c3   _MCP79411_INit
00008b00   _ModuleCtlReg
00008f5d   _ModuleFault
003e9bc9   _Module_ADCalibration_ISR
003e96d2   _Module_SciaRxFIFO
003e8b2a   _NMI_ISR
00007060   _NmiIntruptRegs
00008d3f   _P0
00008d3e   _P1
003e925c   _PID_Control_V
0000905c   _PID_F
003e9247   _PID_Init
0000904c   _PID_V
00009048   _PIDtimeOutCount
003e8c83   _PIE_RESERVED
003d7e80   _PartIdRegs
00000ce0   _PieCtrlRegs
00000d00   _PieVectTable
003e9eac   _PieVectTableInit
00008ec2   _PtrMsg
003e8b20   _RTOSINT_ISR
0000001f   _RamfuncsLoadSize
003f5000   _RamfuncsLoadStart
00008000   _RamfuncsRunStart
003e88d2   _ReadLocalConf
003e8905   _ReadRemoteConf
003e8946   _ResetDevice
003e8a18   _ResponseSCI
003e896e   _RestoreDevice
003e8c0b   _SCIRXINTA_ISR
003e8c10   _SCITXINTA_ISR
003e89d6   _SCI_Init
00008ec6   _SEG7Table
003e9046   _SPIGpio_Init
003e8bed   _SPIRXINTA_ISR
003e8bf7   _SPIRXINTB_ISR
003e8bf2   _SPITXINTA_ISR
003e8bfc   _SPITXINTB_ISR
003e90b2   _SPI_Flash_Read
003e90e8   _SPI_Flash_ReadID
003e906e   _SPI_INit
003e8dee   _STOP_Scan
00008b40   _Sample
00008f5c   _SciaRecTimeoutCount
00008f68   _SciaReceiveBuff
00008f5b   _SciaReceiveCount
00007050   _SciaRegs
00008f5a   _SciaResponTimeoutCount
00008f5e   _SciaResponseBuff
00008f59   _SciaResponseCount
00008f63   _SciaSendBuff
003e88ed   _SearchDevice
003e87d9   _SendAgreementFlag
003e8a3b   _SendRequestSCI
00009045   _Send_Count
003e8e10   _ServiceDog
003e88e7   _SetChanelNum
003e8975   _SetupSCI
00007040   _SpiaRegs
00007740   _SpibRegs
00007010   _SysCtrlRegs
00000985   _SysPwrCtrlRegs
003e8b89   _TINT0_ISR
00008f40   _TM1650
003e9d4e   _Timer0_init
003e8b61   _USER10_ISR
003e8b66   _USER11_ISR
003e8b6b   _USER12_ISR
003e8b34   _USER1_ISR
003e8b39   _USER2_ISR
003e8b3e   _USER3_ISR
003e8b43   _USER4_ISR
003e8b48   _USER5_ISR
003e8b4d   _USER6_ISR
003e8b52   _USER7_ISR
003e8b57   _USER8_ISR
003e8b5c   _USER9_ISR
003e9314   _Upper_Uart
00009040   _V_OUT
003e8b8e   _WAKEINT_ISR
003e890b   _WriteConf
003e8b7a   _XINT1_ISR
003e8b7f   _XINT2_ISR
003e8c6f   _XINT3_ISR
00007070   _XIntruptRegs
003e8f03   _XtalOscSel
003e87bb   _ZM5168_INit
000090c0   __CIOBUF_
00000350   __STACK_END
00000300   __STACK_SIZE
00000300   __SYSMEM_SIZE
00000001   __TI_args_main
003e91c0   ___TI_cleanup
00008eb8   ___TI_cleanup_ptr
003e9a84   ___TI_closefile
003e9a19   ___TI_doflush
00008eba   ___TI_dtors_ptr
00008d40   ___TI_ft_end
003e9698   ___TI_readmsg
00008e00   ___TI_tmpnams
003e9644   ___TI_writemsg
ffffffff   ___binit__
ffffffff   ___c_args__
003e9fde   ___cinit__
003e9eac   ___etext__
003e9d70   ___memcpy_ff
ffffffff   ___pinit__
003e8000   ___text__
003e9e15   __args_main
00008d80   __ftable
00008d3c   __lock
003e9e93   __nop
003e9e8f   __register_lock
003e9e8b   __register_unlock
00000050   __stack
00000350   __sys_memory
00008d3a   __unlock
003e9e2e   _abort
003e8398   _add_device
003e9b85   _c_int00
003e87a4   _calloc
00008f58   _checkOrderflag
003e87a2   _chkheap
003e8366   _close
003e9ce0   _cpu_timer0_isr
003e9e30   _exit
003e9ac6   _fclose
003e9a48   _fflush
00009043   _flagSW
00009041   _flashFreq
00009042   _flashFreqCount
003e922d   _fopen
003e85f4   _free
003e8786   _free_memory
003e91dd   _freopen
003e9e82   _i2c_int1a_isr
00009044   _j
00009036   _key
00008ec0   _keyVal
003e834e   _lseek
003e99ad   _main
003e865d   _malloc
003e8766   _max_free
003e8639   _minit
003e8acf   _my_close
003e8af7   _my_lseek
003e8ac6   _my_open
003e8ad4   _my_read
003e8b07   _my_rename
003e8b00   _my_unlink
003e8add   _my_write
003e82dc   _open
003e8a96   _open_uart_debug
003e82c4   _read
003e86b6   _realloc
003e9ea9   _remove
003e82aa   _remove_device
003e8281   _rename
00009046   _restartCount
003e8c88   _rsvd_ISR
003e8a8a   _scia_xmit
003e97d7   _setvbuf
0000904a   _startCount
003e9e6d   _strchr
003e9e78   _strcmp
003e9ea4   _strcpy
003e9e9c   _strlen
003e9d2c   _strncpy
0000900b   _temp1
0000900a   _temp2
00009008   _temp3
00009009   _temp4
003e9c07   _testpwm
00008ebc   _timer0Base
003e8269   _unlink
003e8203   _write
003e9c3b   _xint1_isr
003e9c50   _xint2_isr
00008f7e   _xyxy
00008f7f   _yyyy
00009082   _zm5168_p2
ffffffff   binit
003e9fde   cinit
003f7ff6   code_start
003e9eac   etext
ffffffff   pinit


GLOBAL SYMBOLS: SORTED BY Symbol Address 

address    name
--------   ----
00000001   __TI_args_main
0000001f   _RamfuncsLoadSize
00000050   __stack
00000300   __STACK_SIZE
00000300   __SYSMEM_SIZE
00000350   __STACK_END
00000350   __sys_memory
00000880   _DevEmuRegs
00000985   _SysPwrCtrlRegs
00000a80   _FlashRegs
00000ae0   _CsmRegs
00000b00   _AdcResult
00000c00   _CpuTimer0Regs
00000c08   _CpuTimer1Regs
00000c10   _CpuTimer2Regs
00000ce0   _PieCtrlRegs
00000d00   _EmuKey
00000d00   _PieVectTable
00000d01   _EmuBMode
00000d02   _Flash_CallbackPtr
00000d04   _Flash_CPUScaleFactor
00001400   _Cla1Regs
00006000   _ECanaRegs
00006040   _ECanaLAMRegs
00006080   _ECanaMOTSRegs
000060c0   _ECanaMOTORegs
00006100   _ECanaMboxes
00006400   _Comp1Regs
00006420   _Comp2Regs
00006440   _Comp3Regs
00006800   _EPwm1Regs
00006840   _EPwm2Regs
00006880   _EPwm3Regs
000068c0   _EPwm4Regs
00006900   _EPwm5Regs
00006940   _EPwm6Regs
00006980   _EPwm7Regs
00006a00   _ECap1Regs
00006ac0   _HRCap1Regs
00006ae0   _HRCap2Regs
00006b00   _EQep1Regs
00006c00   _LinaRegs
00006f80   _GpioCtrlRegs
00006fc0   _GpioDataRegs
00006fe0   _GpioIntRegs
00007010   _SysCtrlRegs
00007040   _SpiaRegs
00007050   _SciaRegs
00007060   _NmiIntruptRegs
00007070   _XIntruptRegs
00007100   _AdcRegs
00007740   _SpibRegs
00007900   _I2caRegs
00008000   _InitFlash
00008000   _RamfuncsRunStart
0000801b   _DSP28x_usDelay
00008b00   _ModuleCtlReg
00008b40   _Sample
00008d3a   __unlock
00008d3c   __lock
00008d3e   _P1
00008d3f   _P0
00008d40   ___TI_ft_end
00008d80   __ftable
00008e00   ___TI_tmpnams
00008ea0   _CpuTimer1
00008ea8   _CpuTimer2
00008eb0   _CpuTimer0
00008eb8   ___TI_cleanup_ptr
00008eba   ___TI_dtors_ptr
00008ebc   _timer0Base
00008ec0   _keyVal
00008ec1   _LigntVal
00008ec2   _PtrMsg
00008ec6   _SEG7Table
00008ed6   _IIC_ISR_String
00008ee6   _ICF8591Msg
00008f00   _MCP79411
00008f18   _AT24C02Msg
00008f40   _TM1650
00008f58   _checkOrderflag
00008f59   _SciaResponseCount
00008f5a   _SciaResponTimeoutCount
00008f5b   _SciaReceiveCount
00008f5c   _SciaRecTimeoutCount
00008f5d   _ModuleFault
00008f5e   _SciaResponseBuff
00008f63   _SciaSendBuff
00008f68   _SciaReceiveBuff
00008f72   _DataBuff
00008f7c   _EPWM1_TIMER_TBPRD
00008f7e   _xyxy
00008f7f   _yyyy
00009008   _temp3
00009009   _temp4
0000900a   _temp2
0000900b   _temp1
0000900c   _DataScope_OutPut_Buffer
00009036   _key
00009040   _V_OUT
00009041   _flashFreq
00009042   _flashFreqCount
00009043   _flagSW
00009044   _j
00009045   _Send_Count
00009046   _restartCount
00009048   _PIDtimeOutCount
0000904a   _startCount
0000904c   _PID_V
0000905c   _PID_F
00009080   _DealRxLenth
00009081   _DealTxLenth
00009082   _zm5168_p2
000090c0   __CIOBUF_
003d7e80   _PartIdRegs
003e8000   .text
003e8000   _InitAdc
003e8000   ___text__
003e801e   _InitAdcAio
003e8040   _AdcOffsetSelfCal
003e8067   _AdcChanSelect
003e80dc   _AdcConversion
003e8203   _write
003e8269   _unlink
003e8281   _rename
003e82aa   _remove_device
003e82c4   _read
003e82dc   _open
003e834e   _lseek
003e8366   _close
003e8398   _add_device
003e8404   _HOSTwrite
003e843a   _HOSTunlink
003e845f   _HOSTtime
003e8489   _HOSTrename
003e84c7   _HOSTread
003e84fd   _HOSTopen
003e8534   _HOSTlseek
003e857b   _HOSTgetenv
003e85a3   _HOSTclose
003e85ca   _HOSTclock
003e85f4   _free
003e8639   _minit
003e865d   _malloc
003e86b6   _realloc
003e8766   _max_free
003e8786   _free_memory
003e87a2   _chkheap
003e87a4   _calloc
003e87bb   _ZM5168_INit
003e87d9   _SendAgreementFlag
003e87f4   _LocalConfDeal
003e88d2   _ReadLocalConf
003e88e7   _SetChanelNum
003e88ed   _SearchDevice
003e8905   _ReadRemoteConf
003e890b   _WriteConf
003e8946   _ResetDevice
003e896e   _RestoreDevice
003e8975   _SetupSCI
003e89d6   _SCI_Init
003e8a18   _ResponseSCI
003e8a3b   _SendRequestSCI
003e8a8a   _scia_xmit
003e8a96   _open_uart_debug
003e8ac6   _my_open
003e8acf   _my_close
003e8ad4   _my_read
003e8add   _my_write
003e8af7   _my_lseek
003e8b00   _my_unlink
003e8b07   _my_rename
003e8b11   _INT13_ISR
003e8b16   _INT14_ISR
003e8b1b   _DATALOG_ISR
003e8b20   _RTOSINT_ISR
003e8b25   _EMUINT_ISR
003e8b2a   _NMI_ISR
003e8b2f   _ILLEGAL_ISR
003e8b34   _USER1_ISR
003e8b39   _USER2_ISR
003e8b3e   _USER3_ISR
003e8b43   _USER4_ISR
003e8b48   _USER5_ISR
003e8b4d   _USER6_ISR
003e8b52   _USER7_ISR
003e8b57   _USER8_ISR
003e8b5c   _USER9_ISR
003e8b61   _USER10_ISR
003e8b66   _USER11_ISR
003e8b6b   _USER12_ISR
003e8b70   _ADCINT1_ISR
003e8b75   _ADCINT2_ISR
003e8b7a   _XINT1_ISR
003e8b7f   _XINT2_ISR
003e8b84   _ADCINT9_ISR
003e8b89   _TINT0_ISR
003e8b8e   _WAKEINT_ISR
003e8b93   _EPWM1_TZINT_ISR
003e8b98   _EPWM2_TZINT_ISR
003e8b9d   _EPWM3_TZINT_ISR
003e8ba2   _EPWM4_TZINT_ISR
003e8ba7   _EPWM5_TZINT_ISR
003e8bac   _EPWM6_TZINT_ISR
003e8bb1   _EPWM7_TZINT_ISR
003e8bb6   _EPWM1_INT_ISR
003e8bbb   _EPWM2_INT_ISR
003e8bc0   _EPWM3_INT_ISR
003e8bc5   _EPWM4_INT_ISR
003e8bca   _EPWM5_INT_ISR
003e8bcf   _EPWM6_INT_ISR
003e8bd4   _EPWM7_INT_ISR
003e8bd9   _ECAP1_INT_ISR
003e8bde   _HRCAP1_INT_ISR
003e8be3   _HRCAP2_INT_ISR
003e8be8   _EQEP1_INT_ISR
003e8bed   _SPIRXINTA_ISR
003e8bf2   _SPITXINTA_ISR
003e8bf7   _SPIRXINTB_ISR
003e8bfc   _SPITXINTB_ISR
003e8c01   _I2CINT1A_ISR
003e8c06   _I2CINT2A_ISR
003e8c0b   _SCIRXINTA_ISR
003e8c10   _SCITXINTA_ISR
003e8c15   _LIN0INTA_ISR
003e8c1a   _LIN1INTA_ISR
003e8c1f   _ECAN0INTA_ISR
003e8c24   _ECAN1INTA_ISR
003e8c29   _ADCINT3_ISR
003e8c2e   _ADCINT4_ISR
003e8c33   _ADCINT5_ISR
003e8c38   _ADCINT6_ISR
003e8c3d   _ADCINT7_ISR
003e8c42   _ADCINT8_ISR
003e8c47   _CLA1_INT1_ISR
003e8c4c   _CLA1_INT2_ISR
003e8c51   _CLA1_INT3_ISR
003e8c56   _CLA1_INT4_ISR
003e8c5b   _CLA1_INT5_ISR
003e8c60   _CLA1_INT6_ISR
003e8c65   _CLA1_INT7_ISR
003e8c6a   _CLA1_INT8_ISR
003e8c6f   _XINT3_ISR
003e8c74   _LVF_ISR
003e8c79   _LUF_ISR
003e8c7e   _EMPTY_ISR
003e8c83   _PIE_RESERVED
003e8c88   _rsvd_ISR
003e8c8d   _GPIO_INit
003e8dc1   _DIP_Scan
003e8dee   _STOP_Scan
003e8df6   _InitSysCtrl
003e8e10   _ServiceDog
003e8e1a   _DisableDog
003e8e22   _InitPll
003e8e72   _InitPeripheralClocks
003e8eae   _CsmUnlock
003e8edf   _IntOsc1Sel
003e8eef   _IntOsc2Sel
003e8f03   _XtalOscSel
003e8f17   _ExtOscSel
003e8f2d   _EPWMA_Config
003e8f75   _EPWMB_Config
003e8fbe   _InitEPwm1
003e9003   _InitEPwm2
003e9046   _SPIGpio_Init
003e906e   _SPI_INit
003e9071   _DataFlash_WriteEnable
003e9083   _DataFlash_WriteDisable
003e9095   _DataFlash_SPI_BUSY_OrNot
003e90b2   _SPI_Flash_Read
003e90e8   _SPI_Flash_ReadID
003e9115   _DataFlash_Write_Byte
003e91c0   ___TI_cleanup
003e91dd   _freopen
003e922d   _fopen
003e9247   _PID_Init
003e925c   _PID_Control_V
003e9314   _Upper_Uart
003e933b   _Float2Byte
003e9360   _DataScope_Get_Channel_Data
003e93d6   _DataScope_Data_Generate
003e9428   _InitI2C_Gpio
003e943e   _I2CA_Init
003e948a   _I2CA_Tx_STOP
003e94b6   _I2CA_Rxdata_STOP
003e94c3   _MCP79411_INit
003e94f2   _InitEPwm
003e94f3   _InitEPwmGpio
003e9502   _InitEPwm1Gpio
003e9514   _InitEPwm2Gpio
003e9526   _InitEPwm3Gpio
003e953a   _InitEPwm4Gpio
003e954e   _InitEPwm5Gpio
003e9560   _InitEPwm6Gpio
003e9572   _InitEPwm7Gpio
003e9584   _InitEPwmSyncGpio
003e9595   _InitTzGpio
003e95b6   _InitLin
003e95b9   _InitLina
003e9601   _GenIdParity
003e962d   _InitLinGpio
003e9630   _InitLinaGpio
003e9644   ___TI_writemsg
003e9694   C$$IO$$
003e9698   ___TI_readmsg
003e96d2   _Module_SciaRxFIFO
003e975f   FS$$SUB
003e9764   FS$$ADD
003e97d7   _setvbuf
003e984f   _InitCpuTimers
003e9890   _ConfigCpuTimer
003e98c5   _Init_GlobalVariable
003e993b   _ADC_Config
003e99ac   _ArbitramentProtect
003e99ad   _main
003e9a19   ___TI_doflush
003e9a48   _fflush
003e9a84   ___TI_closefile
003e9ac6   _fclose
003e9adf   FS$$MPY
003e9b39   _ExInt_Init
003e9b85   _c_int00
003e9bc9   _Module_ADCalibration_ISR
003e9c07   _testpwm
003e9c3b   _xint1_isr
003e9c50   _xint2_isr
003e9c65   L$$DIV
003e9c74   L$$MOD
003e9c82   UL$$DIV
003e9c89   UL$$MOD
003e9c8f   FS$$TOL
003e9cb8   _InitPieCtrl
003e9cd7   _EnableInterrupts
003e9ce0   _cpu_timer0_isr
003e9d07   _InitPieVectTable
003e9d2c   _strncpy
003e9d4e   _Timer0_init
003e9d70   ___memcpy_ff
003e9d91   FS$$TOU
003e9dae   _InitSci
003e9daf   _InitSciGpio
003e9db2   _InitSciaGpio
003e9dc8   I$$TOFS
003e9de2   L$$TOFS
003e9dfc   _InitI2C
003e9dfd   _InitI2CGpio
003e9e15   __args_main
003e9e2e   C$$EXIT
003e9e2e   _abort
003e9e30   _exit
003e9e47   _InitGpio
003e9e5a   UL$$TOFS
003e9e6d   _strchr
003e9e78   _strcmp
003e9e82   _i2c_int1a_isr
003e9e8b   __register_unlock
003e9e8f   __register_lock
003e9e93   __nop
003e9e9c   _strlen
003e9ea4   _strcpy
003e9ea9   _remove
003e9eac   _PieVectTableInit
003e9eac   ___etext__
003e9eac   etext
003e9fde   ___cinit__
003e9fde   cinit
003f5000   _RamfuncsLoadStart
003f7ff6   code_start
003f7ff8   _CsmPwl
ffffffff   ___binit__
ffffffff   ___c_args__
ffffffff   ___pinit__
ffffffff   binit
ffffffff   pinit

[375 symbols]
