******************************************************************************
             TMS320C2000 Linker PC v6.2.0                      
******************************************************************************
>> Linked Mon May 15 10:00:46 2017

OUTPUT FILE NAME:   <WXCD_FS.out>
ENTRY POINT SYMBOL: "_c_int00"  address: 003e9b2f


MEMORY CONFIGURATION

         name            origin    length      used     unused   attr    fill
----------------------  --------  ---------  --------  --------  ----  --------
PAGE 0:
  RAML0                 00008000   00000800  0000001f  000007e1  RWIX
  RAML1                 00008800   00000400  00000000  00000400  RWIX
  OTP                   003d7800   00000400  00000000  00000400  RWIX
  FLASHCDEFGH           003e8000   0000c000  00002086  00009f7a  RWIX
  FLASHB2               003f5000   00001000  0000001f  00000fe1  RWIX
  FLASHA                003f6000   00001f80  00000000  00001f80  RWIX
  CSM_RSVD              003f7f80   00000076  00000000  00000076  RWIX
  BEGIN                 003f7ff6   00000002  00000002  00000000  RWIX
  CSM_PWL_P0            003f7ff8   00000008  00000000  00000008  RWIX
  IQTABLES              003fe000   00000b50  00000000  00000b50  RWIX
  IQTABLES2             003feb50   0000008c  00000000  0000008c  RWIX
  IQTABLES3             003febdc   000000aa  00000000  000000aa  RWIX
  ROM                   003ff27c   00000d44  00000000  00000d44  RWIX
  RESET                 003fffc0   00000002  00000000  00000002  RWIX
  VECTORS               003fffc2   0000003e  00000000  0000003e  RWIX

PAGE 1:
  BOOT_RSVD             00000000   00000050  00000000  00000050  RWIX
  RAMM0                 00000050   000003b0  00000300  000000b0  RWIX
  RAMM1                 00000400   00000400  00000400  00000000  RWIX
  DEV_EMU               00000880   00000105  00000004  00000101  RWIX
  SYS_PWR_CTL           00000985   00000003  00000003  00000000  RWIX
  FLASH_REGS            00000a80   00000060  00000008  00000058  RWIX
  CSM                   00000ae0   00000010  00000010  00000000  RWIX
  ADC_RESULT            00000b00   00000020  00000020  00000000  RWIX
  CPU_TIMER0            00000c00   00000008  00000008  00000000  RWIX
  CPU_TIMER1            00000c08   00000008  00000008  00000000  RWIX
  CPU_TIMER2            00000c10   00000008  00000008  00000000  RWIX
  PIE_CTRL              00000ce0   00000020  0000001a  00000006  RWIX
  PIE_VECT              00000d00   00000100  00000100  00000000  RWIX
  CLA1                  00001400   00000080  00000040  00000040  RWIX
  ECANA                 00006000   00000040  00000034  0000000c  RWIX
  ECANA_LAM             00006040   00000040  00000040  00000000  RWIX
  ECANA_MOTS            00006080   00000040  00000040  00000000  RWIX
  ECANA_MOTO            000060c0   00000040  00000040  00000000  RWIX
  ECANA_MBOX            00006100   00000100  00000100  00000000  RWIX
  COMP1                 00006400   00000020  00000014  0000000c  RWIX
  COMP2                 00006420   00000020  00000014  0000000c  RWIX
  COMP3                 00006440   00000020  00000014  0000000c  RWIX
  EPWM1                 00006800   00000040  00000040  00000000  RWIX
  EPWM2                 00006840   00000040  00000040  00000000  RWIX
  EPWM3                 00006880   00000040  00000040  00000000  RWIX
  EPWM4                 000068c0   00000040  00000040  00000000  RWIX
  EPWM5                 00006900   00000040  00000040  00000000  RWIX
  EPWM6                 00006940   00000040  00000040  00000000  RWIX
  EPWM7                 00006980   00000040  00000040  00000000  RWIX
  ECAP1                 00006a00   00000020  00000020  00000000  RWIX
  HRCAP1                00006ac0   00000020  00000020  00000000  RWIX
  HRCAP2                00006ae0   00000020  00000020  00000000  RWIX
  EQEP1                 00006b00   00000040  00000040  00000000  RWIX
  LINA                  00006c00   00000080  0000004a  00000036  RWIX
  GPIOCTRL              00006f80   00000040  00000040  00000000  RWIX
  GPIODAT               00006fc0   00000020  00000020  00000000  RWIX
  GPIOINT               00006fe0   00000020  0000000c  00000014  RWIX
  SYSTEM                00007010   00000020  00000020  00000000  RWIX
  SPIA                  00007040   00000010  00000010  00000000  RWIX
  SCIA                  00007050   00000010  00000010  00000000  RWIX
  NMIINTRUPT            00007060   00000010  00000010  00000000  RWIX
  XINTRUPT              00007070   00000010  00000010  00000000  RWIX
  ADC                   00007100   00000080  00000050  00000030  RWIX
  SPIB                  00007740   00000010  00000010  00000000  RWIX
  I2CA                  00007900   00000040  00000022  0000001e  RWIX
  RAML23                00008c00   00001400  0000067c  00000d84  RWIX
  PARTID                003d7e80   00000001  00000001  00000000  RWIX
  FLASHB1               003f4000   00001000  00000000  00001000  RWIX
  CSM_PWL               003f7ff8   00000008  00000008  00000000  RWIX


SECTION ALLOCATION MAP

 output                                  attributes/
section   page    origin      length       input sections
--------  ----  ----------  ----------   ----------------
.pinit     0    003e8000    00000000     UNINITIALIZED

.text      0    003e8000    00001e57     
                  003e8000    00000203     DSP2803x_Adc.obj (.text)
                  003e8203    00000201     rts2800_ml.lib : lowlev.obj (.text)
                  003e8404    000001f0                    : trgdrv.obj (.text)
                  003e85f4    000001c7                    : memory.obj (.text)
                  003e87bb    0000017c     DSP2803x_DefaultIsr.obj (.text:retain)
                  003e8937    00000175     gpio.obj (.text)
                  003e8aac    0000013b     communicationSci.obj (.text)
                  003e8be7    0000013b     ad.obj (.text:retain)
                  003e8d22    00000137     DSP2803x_SysCtrl.obj (.text)
                  003e8e59    0000011a     pid.obj (.text)
                  003e8f73    0000011a     pwm.obj (.text)
                  003e908d    00000102     sim_spi.obj (.text)
                  003e918f    000000ff     rts2800_ml.lib : fopen.obj (.text)
                  003e928e    000000ed     DataScope_DP.obj (.text)
                  003e937b    000000ca     hardiic.obj (.text)
                  003e9445    000000c8     communicationSci.obj (.text:retain)
                  003e950d    000000c4     DSP2803x_EPwm.obj (.text)
                  003e95d1    0000008e     DSP2803x_Lin.obj (.text)
                  003e965f    0000008e     rts2800_ml.lib : ankmsg.obj (.text)
                  003e96ed    00000078                    : fs_add.obj (.text)
                  003e9765    00000078                    : setvbuf.obj (.text)
                  003e97dd    00000076     DSP2803x_CpuTimers.obj (.text)
                  003e9853    00000072     ad.obj (.text)
                  003e98c5    00000071     GlobalVariableDefandInits.obj (.text)
                  003e9936    00000071     main.obj (.text)
                  003e99a7    0000006b     rts2800_ml.lib : fflush.obj (.text)
                  003e9a12    00000068     zm5168.obj (.text)
                  003e9a7a    0000005b     rts2800_ml.lib : fclose.obj (.text)
                  003e9ad5    0000005a                    : fs_mpy.obj (.text)
                  003e9b2f    00000044                    : boot.obj (.text)
                  003e9b73    0000003f     timer.obj (.text)
                  003e9bb2    00000033     pid.obj (.text:retain)
                  003e9be5    0000002a     rts2800_ml.lib : l_div.obj (.text)
                  003e9c0f    00000029     Exint.obj (.text)
                  003e9c38    00000029     rts2800_ml.lib : fs_tol.obj (.text)
                  003e9c61    00000028     DSP2803x_PieCtrl.obj (.text)
                  003e9c89    00000027     timer.obj (.text:retain)
                  003e9cb0    00000025     DSP2803x_PieVect.obj (.text)
                  003e9cd5    00000025     rts2800_ml.lib : fs_toi.obj (.text)
                  003e9cfa    00000022                    : i_div.obj (.text)
                  003e9d1c    00000022                    : strncpy.obj (.text)
                  003e9d3e    00000021                    : memcpy_ff.obj (.text)
                  003e9d5f    0000001a     DSP2803x_Sci.obj (.text)
                  003e9d79    0000001a     rts2800_ml.lib : i_tofs.obj (.text)
                  003e9d93    00000019     DSP2803x_I2C.obj (.text)
                  003e9dac    00000019     rts2800_ml.lib : args_main.obj (.text)
                  003e9dc5    00000019                    : exit.obj (.text)
                  003e9dde    00000017     Exint.obj (.text:retain)
                  003e9df5    00000013     DSP2803x_Gpio.obj (.text)
                  003e9e08    00000010     rts2800_ml.lib : u_tofs.obj (.text)
                  003e9e18    0000000b                    : strchr.obj (.text)
                  003e9e23    0000000a                    : strcmp.obj (.text)
                  003e9e2d    00000009     hardiic.obj (.text:retain)
                  003e9e36    00000009     rts2800_ml.lib : _lock.obj (.text)
                  003e9e3f    00000008     DSP2803x_CodeStartBranch.obj (.text)
                  003e9e47    00000008     rts2800_ml.lib : strlen.obj (.text)
                  003e9e4f    00000005                    : strcpy.obj (.text)
                  003e9e54    00000003                    : remove.obj (.text)

.econst    0    003e9e58    00000132     
                  003e9e58    00000100     DSP2803x_PieVect.obj (.econst)
                  003e9f58    00000024     hardiic.obj (.econst:.string)
                  003e9f7c    0000000e     communicationSci.obj (.econst:.string)

.cinit     0    003e9f8a    000000fd     
                  003e9f8a    00000048     hardiic.obj (.cinit)
                  003e9fd2    00000031     rts2800_ml.lib : lowlev.obj (.cinit)
                  003ea003    0000002a                    : defs.obj (.cinit)
                  003ea02d    00000018     communicationSci.obj (.cinit)
                  003ea045    0000000c     main.obj (.cinit)
                  003ea051    0000000a     rts2800_ml.lib : _lock.obj (.cinit)
                  003ea05b    0000000a                    : exit.obj (.cinit)
                  003ea065    00000008     pid.obj (.cinit)
                  003ea06d    00000007     timer.obj (.cinit)
                  003ea074    00000005     pwm.obj (.cinit)
                  003ea079    00000004     DataScope_DP.obj (.cinit)
                  003ea07d    00000004     rts2800_ml.lib : fopen.obj (.cinit)
                  003ea081    00000004                    : memory.obj (.cinit)
                  003ea085    00000002     --HOLE-- [fill = 0]

ramfuncs   0    003f5000    0000001f     RUN ADDR = 00008000
                  003f5000    0000001b     DSP2803x_SysCtrl.obj (ramfuncs)
                  003f501b    00000004     DSP2803x_usDelay.obj (ramfuncs)

codestart 
*          0    003f7ff6    00000002     
                  003f7ff6    00000002     DSP2803x_CodeStartBranch.obj (codestart)

.reset     0    003fffc0    00000002     DSECT
                  003fffc0    00000002     rts2800_ml.lib : boot.obj (.reset)

vectors    0    003fffc2    00000000     DSECT

.stack     1    00000050    00000300     UNINITIALIZED
                  00000050    00000300     --HOLE--

.sysmem    1    00000400    00000400     UNINITIALIZED
                  00000400    00000001     rts2800_ml.lib : memory.obj (.sysmem)
                  00000401    000003ff     --HOLE--

DevEmuRegsFile 
*          1    00000880    00000004     UNINITIALIZED
                  00000880    00000004     DSP2803x_GlobalVariableDefs.obj (DevEmuRegsFile)

SysPwrCtrlRegsFile 
*          1    00000985    00000003     UNINITIALIZED
                  00000985    00000003     DSP2803x_GlobalVariableDefs.obj (SysPwrCtrlRegsFile)

FlashRegsFile 
*          1    00000a80    00000008     UNINITIALIZED
                  00000a80    00000008     DSP2803x_GlobalVariableDefs.obj (FlashRegsFile)

CsmRegsFile 
*          1    00000ae0    00000010     UNINITIALIZED
                  00000ae0    00000010     DSP2803x_GlobalVariableDefs.obj (CsmRegsFile)

AdcResultFile 
*          1    00000b00    00000020     UNINITIALIZED
                  00000b00    00000020     DSP2803x_GlobalVariableDefs.obj (AdcResultFile)

CpuTimer0RegsFile 
*          1    00000c00    00000008     UNINITIALIZED
                  00000c00    00000008     DSP2803x_GlobalVariableDefs.obj (CpuTimer0RegsFile)

CpuTimer1RegsFile 
*          1    00000c08    00000008     UNINITIALIZED
                  00000c08    00000008     DSP2803x_GlobalVariableDefs.obj (CpuTimer1RegsFile)

CpuTimer2RegsFile 
*          1    00000c10    00000008     UNINITIALIZED
                  00000c10    00000008     DSP2803x_GlobalVariableDefs.obj (CpuTimer2RegsFile)

PieCtrlRegsFile 
*          1    00000ce0    0000001a     UNINITIALIZED
                  00000ce0    0000001a     DSP2803x_GlobalVariableDefs.obj (PieCtrlRegsFile)

PieVectTableFile 
*          1    00000d00    00000100     UNINITIALIZED
                  00000d00    00000100     DSP2803x_GlobalVariableDefs.obj (PieVectTableFile)

EmuKeyVar 
*          1    00000d00    00000001     UNINITIALIZED
                  00000d00    00000001     DSP2803x_GlobalVariableDefs.obj (EmuKeyVar)

EmuBModeVar 
*          1    00000d01    00000001     UNINITIALIZED
                  00000d01    00000001     DSP2803x_GlobalVariableDefs.obj (EmuBModeVar)

FlashCallbackVar 
*          1    00000d02    00000002     UNINITIALIZED
                  00000d02    00000002     DSP2803x_GlobalVariableDefs.obj (FlashCallbackVar)

FlashScalingVar 
*          1    00000d04    00000002     UNINITIALIZED
                  00000d04    00000002     DSP2803x_GlobalVariableDefs.obj (FlashScalingVar)

Cla1RegsFile 
*          1    00001400    00000040     UNINITIALIZED
                  00001400    00000040     DSP2803x_GlobalVariableDefs.obj (Cla1RegsFile)

ECanaRegsFile 
*          1    00006000    00000034     UNINITIALIZED
                  00006000    00000034     DSP2803x_GlobalVariableDefs.obj (ECanaRegsFile)

ECanaLAMRegsFile 
*          1    00006040    00000040     UNINITIALIZED
                  00006040    00000040     DSP2803x_GlobalVariableDefs.obj (ECanaLAMRegsFile)

ECanaMOTSRegsFile 
*          1    00006080    00000040     UNINITIALIZED
                  00006080    00000040     DSP2803x_GlobalVariableDefs.obj (ECanaMOTSRegsFile)

ECanaMOTORegsFile 
*          1    000060c0    00000040     UNINITIALIZED
                  000060c0    00000040     DSP2803x_GlobalVariableDefs.obj (ECanaMOTORegsFile)

ECanaMboxesFile 
*          1    00006100    00000100     UNINITIALIZED
                  00006100    00000100     DSP2803x_GlobalVariableDefs.obj (ECanaMboxesFile)

Comp1RegsFile 
*          1    00006400    00000014     UNINITIALIZED
                  00006400    00000014     DSP2803x_GlobalVariableDefs.obj (Comp1RegsFile)

Comp2RegsFile 
*          1    00006420    00000014     UNINITIALIZED
                  00006420    00000014     DSP2803x_GlobalVariableDefs.obj (Comp2RegsFile)

Comp3RegsFile 
*          1    00006440    00000014     UNINITIALIZED
                  00006440    00000014     DSP2803x_GlobalVariableDefs.obj (Comp3RegsFile)

EPwm1RegsFile 
*          1    00006800    00000040     UNINITIALIZED
                  00006800    00000040     DSP2803x_GlobalVariableDefs.obj (EPwm1RegsFile)

EPwm2RegsFile 
*          1    00006840    00000040     UNINITIALIZED
                  00006840    00000040     DSP2803x_GlobalVariableDefs.obj (EPwm2RegsFile)

EPwm3RegsFile 
*          1    00006880    00000040     UNINITIALIZED
                  00006880    00000040     DSP2803x_GlobalVariableDefs.obj (EPwm3RegsFile)

EPwm4RegsFile 
*          1    000068c0    00000040     UNINITIALIZED
                  000068c0    00000040     DSP2803x_GlobalVariableDefs.obj (EPwm4RegsFile)

EPwm5RegsFile 
*          1    00006900    00000040     UNINITIALIZED
                  00006900    00000040     DSP2803x_GlobalVariableDefs.obj (EPwm5RegsFile)

EPwm6RegsFile 
*          1    00006940    00000040     UNINITIALIZED
                  00006940    00000040     DSP2803x_GlobalVariableDefs.obj (EPwm6RegsFile)

EPwm7RegsFile 
*          1    00006980    00000040     UNINITIALIZED
                  00006980    00000040     DSP2803x_GlobalVariableDefs.obj (EPwm7RegsFile)

ECap1RegsFile 
*          1    00006a00    00000020     UNINITIALIZED
                  00006a00    00000020     DSP2803x_GlobalVariableDefs.obj (ECap1RegsFile)

HRCap1RegsFile 
*          1    00006ac0    00000020     UNINITIALIZED
                  00006ac0    00000020     DSP2803x_GlobalVariableDefs.obj (HRCap1RegsFile)

HRCap2RegsFile 
*          1    00006ae0    00000020     UNINITIALIZED
                  00006ae0    00000020     DSP2803x_GlobalVariableDefs.obj (HRCap2RegsFile)

EQep1RegsFile 
*          1    00006b00    00000040     UNINITIALIZED
                  00006b00    00000040     DSP2803x_GlobalVariableDefs.obj (EQep1RegsFile)

LinaRegsFile 
*          1    00006c00    0000004a     UNINITIALIZED
                  00006c00    0000004a     DSP2803x_GlobalVariableDefs.obj (LinaRegsFile)

GpioCtrlRegsFile 
*          1    00006f80    00000040     UNINITIALIZED
                  00006f80    00000040     DSP2803x_GlobalVariableDefs.obj (GpioCtrlRegsFile)

GpioDataRegsFile 
*          1    00006fc0    00000020     UNINITIALIZED
                  00006fc0    00000020     DSP2803x_GlobalVariableDefs.obj (GpioDataRegsFile)

GpioIntRegsFile 
*          1    00006fe0    0000000c     UNINITIALIZED
                  00006fe0    0000000c     DSP2803x_GlobalVariableDefs.obj (GpioIntRegsFile)

SysCtrlRegsFile 
*          1    00007010    00000020     UNINITIALIZED
                  00007010    00000020     DSP2803x_GlobalVariableDefs.obj (SysCtrlRegsFile)

SpiaRegsFile 
*          1    00007040    00000010     UNINITIALIZED
                  00007040    00000010     DSP2803x_GlobalVariableDefs.obj (SpiaRegsFile)

SciaRegsFile 
*          1    00007050    00000010     UNINITIALIZED
                  00007050    00000010     DSP2803x_GlobalVariableDefs.obj (SciaRegsFile)

NmiIntruptRegsFile 
*          1    00007060    00000010     UNINITIALIZED
                  00007060    00000010     DSP2803x_GlobalVariableDefs.obj (NmiIntruptRegsFile)

XIntruptRegsFile 
*          1    00007070    00000010     UNINITIALIZED
                  00007070    00000010     DSP2803x_GlobalVariableDefs.obj (XIntruptRegsFile)

AdcRegsFile 
*          1    00007100    00000050     UNINITIALIZED
                  00007100    00000050     DSP2803x_GlobalVariableDefs.obj (AdcRegsFile)

SpibRegsFile 
*          1    00007740    00000010     UNINITIALIZED
                  00007740    00000010     DSP2803x_GlobalVariableDefs.obj (SpibRegsFile)

I2caRegsFile 
*          1    00007900    00000022     UNINITIALIZED
                  00007900    00000022     DSP2803x_GlobalVariableDefs.obj (I2caRegsFile)

.ebss      1    00008c00    0000055c     UNINITIALIZED
                  00008c00    0000022a     GlobalVariableDefandInits.obj (.ebss)
                  00008e2a    00000008     rts2800_ml.lib : memory.obj (.ebss)
                  00008e32    00000008                    : trgdrv.obj (.ebss)
                  00008e3a    00000004     main.obj (.ebss)
                  00008e3e    00000002     DSP2803x_Lin.obj (.ebss)
                  00008e40    00000160     rts2800_ml.lib : defs.obj (.ebss)
                  00008fa0    0000001e     communicationSci.obj (.ebss)
                  00008fbe    00000002     pwm.obj (.ebss)
                  00008fc0    00000098     hardiic.obj (.ebss)
                  00009058    00000028     pid.obj (.ebss)
                  00009080    00000088     rts2800_ml.lib : lowlev.obj (.ebss)
                  00009108    0000002e     DataScope_DP.obj (.ebss)
                  00009136    00000004     rts2800_ml.lib : _lock.obj (.ebss)
                  0000913a    00000004                    : exit.obj (.ebss)
                  0000913e    00000001                    : fopen.obj (.ebss)
                  0000913f    00000001     --HOLE--
                  00009140    00000018     DSP2803x_CpuTimers.obj (.ebss)
                  00009158    00000004     timer.obj (.ebss)

.cio       1    00009180    00000120     UNINITIALIZED
                  00009180    00000120     rts2800_ml.lib : ankmsg.obj (.cio)

PartIdRegsFile 
*          1    003d7e80    00000001     UNINITIALIZED
                  003d7e80    00000001     DSP2803x_GlobalVariableDefs.obj (PartIdRegsFile)

CsmPwlFile 
*          1    003f7ff8    00000008     UNINITIALIZED
                  003f7ff8    00000008     DSP2803x_GlobalVariableDefs.obj (CsmPwlFile)


GLOBAL DATA SYMBOLS: SORTED BY DATA PAGE

address     data page           name
--------    ----------------    ----
00000050       1 (00000040)     __stack

00000400      10 (00000400)     __sys_memory

00000880      22 (00000880)     _DevEmuRegs

00000985      26 (00000980)     _SysPwrCtrlRegs

00000a80      2a (00000a80)     _FlashRegs

00000ae0      2b (00000ac0)     _CsmRegs

00000b00      2c (00000b00)     _AdcResult

00000c00      30 (00000c00)     _CpuTimer0Regs
00000c08      30 (00000c00)     _CpuTimer1Regs
00000c10      30 (00000c00)     _CpuTimer2Regs

00000ce0      33 (00000cc0)     _PieCtrlRegs

00000d00      34 (00000d00)     _EmuKey
00000d00      34 (00000d00)     _PieVectTable
00000d01      34 (00000d00)     _EmuBMode
00000d02      34 (00000d00)     _Flash_CallbackPtr
00000d04      34 (00000d00)     _Flash_CPUScaleFactor

00001400      50 (00001400)     _Cla1Regs

00006000     180 (00006000)     _ECanaRegs

00006040     181 (00006040)     _ECanaLAMRegs

00006080     182 (00006080)     _ECanaMOTSRegs

000060c0     183 (000060c0)     _ECanaMOTORegs

00006100     184 (00006100)     _ECanaMboxes

00006400     190 (00006400)     _Comp1Regs
00006420     190 (00006400)     _Comp2Regs

00006440     191 (00006440)     _Comp3Regs

00006800     1a0 (00006800)     _EPwm1Regs

00006840     1a1 (00006840)     _EPwm2Regs

00006880     1a2 (00006880)     _EPwm3Regs

000068c0     1a3 (000068c0)     _EPwm4Regs

00006900     1a4 (00006900)     _EPwm5Regs

00006940     1a5 (00006940)     _EPwm6Regs

00006980     1a6 (00006980)     _EPwm7Regs

00006a00     1a8 (00006a00)     _ECap1Regs

00006ac0     1ab (00006ac0)     _HRCap1Regs
00006ae0     1ab (00006ac0)     _HRCap2Regs

00006b00     1ac (00006b00)     _EQep1Regs

00006c00     1b0 (00006c00)     _LinaRegs

00006f80     1be (00006f80)     _GpioCtrlRegs

00006fc0     1bf (00006fc0)     _GpioDataRegs
00006fe0     1bf (00006fc0)     _GpioIntRegs

00007010     1c0 (00007000)     _SysCtrlRegs

00007040     1c1 (00007040)     _SpiaRegs
00007050     1c1 (00007040)     _SciaRegs
00007060     1c1 (00007040)     _NmiIntruptRegs
00007070     1c1 (00007040)     _XIntruptRegs

00007100     1c4 (00007100)     _AdcRegs

00007740     1dd (00007740)     _SpibRegs

00007900     1e4 (00007900)     _I2caRegs

00008c00     230 (00008c00)     _ModuleCtlReg

00008c40     231 (00008c40)     _Sample

00008e3a     238 (00008e00)     _Error
00008e3b     238 (00008e00)     _Tmp
00008e3c     238 (00008e00)     _key
00008e3d     238 (00008e00)     _i
00008e3e     238 (00008e00)     _P1
00008e3f     238 (00008e00)     _P0

00008e40     239 (00008e40)     ___TI_ft_end

00008e80     23a (00008e80)     __ftable

00008f00     23c (00008f00)     ___TI_tmpnams

00008fa0     23e (00008f80)     _ModuleFault
00008fa1     23e (00008f80)     _SciaResponseCount
00008fa2     23e (00008f80)     _SciaResponTimeoutCount
00008fa3     23e (00008f80)     _SciaReceiveCount
00008fa4     23e (00008f80)     _SciaRecTimeoutCount
00008fa5     23e (00008f80)     _SciaSendBuff
00008faa     23e (00008f80)     _SciaResponseBuff
00008faf     23e (00008f80)     _SciaReceiveBuff
00008fb4     23e (00008f80)     _DataBuff
00008fbe     23e (00008f80)     _EPWM1_TIMER_TBPRD

00008fc0     23f (00008fc0)     _keyVal
00008fc1     23f (00008fc0)     _LigntVal
00008fc2     23f (00008fc0)     _PtrMsg
00008fc6     23f (00008fc0)     _SEG7Table
00008fd6     23f (00008fc0)     _IIC_ISR_String
00008fe6     23f (00008fc0)     _ICF8591Msg

00009000     240 (00009000)     _MCP79411
00009018     240 (00009000)     _AT24C02Msg

00009040     241 (00009040)     _TM1650
00009058     241 (00009040)     _count
00009059     241 (00009040)     _x
0000905a     241 (00009040)     _xfeq
0000905b     241 (00009040)     _j
0000905c     241 (00009040)     _V_OUT
0000905d     241 (00009040)     _Send_Count
0000905e     241 (00009040)     _temp
00009064     241 (00009040)     _PID_V
00009072     241 (00009040)     _PID_F

00009108     244 (00009100)     _temp3
00009109     244 (00009100)     _temp4
0000910a     244 (00009100)     _temp2
0000910b     244 (00009100)     _temp1
0000910c     244 (00009100)     _DataScope_OutPut_Buffer
00009136     244 (00009100)     __unlock
00009138     244 (00009100)     __lock
0000913a     244 (00009100)     ___TI_cleanup_ptr
0000913c     244 (00009100)     ___TI_dtors_ptr

00009140     245 (00009140)     _CpuTimer1
00009148     245 (00009140)     _CpuTimer2
00009150     245 (00009140)     _CpuTimer0
00009158     245 (00009140)     _timer0Base

00009180     246 (00009180)     __CIOBUF_

003d7e80    f5fa (003d7e80)     _PartIdRegs

003e9e58    fa79 (003e9e40)     _PieVectTableInit

003f7ff8    fdff (003f7fc0)     _CsmPwl


GLOBAL SYMBOLS: SORTED ALPHABETICALLY BY Name 

address    name
--------   ----
003e8000   .text
003e9dc5   C$$EXIT
003e96af   C$$IO$$
003e96f2   FS$$ADD
003e9ad5   FS$$MPY
003e96ed   FS$$SUB
003e9cd5   FS$$TOI
003e9c38   FS$$TOL
003e9cfa   I$$DIV
003e9d0b   I$$MOD
003e9d79   I$$TOFS
003e9be5   L$$DIV
003e9bf4   L$$MOD
003e9e08   U$$TOFS
003e9c02   UL$$DIV
003e9c09   UL$$MOD
003e881a   _ADCINT1_ISR
003e881f   _ADCINT2_ISR
003e88d3   _ADCINT3_ISR
003e88d8   _ADCINT4_ISR
003e88dd   _ADCINT5_ISR
003e88e2   _ADCINT6_ISR
003e88e7   _ADCINT7_ISR
003e88ec   _ADCINT8_ISR
003e882e   _ADCINT9_ISR
003e9853   _ADC_Config
00009018   _AT24C02Msg
003e8067   _AdcChanSelect
003e80dc   _AdcConversion
003e8040   _AdcOffsetSelfCal
00007100   _AdcRegs
00000b00   _AdcResult
003e98c4   _ArbitramentProtect
003e88f1   _CLA1_INT1_ISR
003e88f6   _CLA1_INT2_ISR
003e88fb   _CLA1_INT3_ISR
003e8900   _CLA1_INT4_ISR
003e8905   _CLA1_INT5_ISR
003e890a   _CLA1_INT6_ISR
003e890f   _CLA1_INT7_ISR
003e8914   _CLA1_INT8_ISR
00001400   _Cla1Regs
00006400   _Comp1Regs
00006420   _Comp2Regs
00006440   _Comp3Regs
003e981e   _ConfigCpuTimer
00009150   _CpuTimer0
00000c00   _CpuTimer0Regs
00009140   _CpuTimer1
00000c08   _CpuTimer1Regs
00009148   _CpuTimer2
00000c10   _CpuTimer2Regs
003f7ff8   _CsmPwl
00000ae0   _CsmRegs
003e8dda   _CsmUnlock
003e87c5   _DATALOG_ISR
003e8a77   _DIP_Scan
0000801b   _DSP28x_usDelay
00008fb4   _DataBuff
003e90dc   _DataFlash_SPI_BUSY_OrNot
003e90ca   _DataFlash_WriteDisable
003e90b8   _DataFlash_WriteEnable
003e915c   _DataFlash_Write_Byte
003e9329   _DataScope_Data_Generate
003e92b3   _DataScope_Get_Channel_Data
0000910c   _DataScope_OutPut_Buffer
00000880   _DevEmuRegs
003e8d46   _DisableDog
003e88c9   _ECAN0INTA_ISR
003e88ce   _ECAN1INTA_ISR
003e8883   _ECAP1_INT_ISR
00006040   _ECanaLAMRegs
000060c0   _ECanaMOTORegs
00006080   _ECanaMOTSRegs
00006100   _ECanaMboxes
00006000   _ECanaRegs
00006a00   _ECap1Regs
003e8928   _EMPTY_ISR
003e87cf   _EMUINT_ISR
003e8860   _EPWM1_INT_ISR
00008fbe   _EPWM1_TIMER_TBPRD
003e883d   _EPWM1_TZINT_ISR
003e8865   _EPWM2_INT_ISR
003e8842   _EPWM2_TZINT_ISR
003e886a   _EPWM3_INT_ISR
003e8847   _EPWM3_TZINT_ISR
003e886f   _EPWM4_INT_ISR
003e884c   _EPWM4_TZINT_ISR
003e8874   _EPWM5_INT_ISR
003e8851   _EPWM5_TZINT_ISR
003e8879   _EPWM6_INT_ISR
003e8856   _EPWM6_TZINT_ISR
003e887e   _EPWM7_INT_ISR
003e885b   _EPWM7_TZINT_ISR
003e8f73   _EPWMA_Config
003e8fbb   _EPWMB_Config
00006800   _EPwm1Regs
00006840   _EPwm2Regs
00006880   _EPwm3Regs
000068c0   _EPwm4Regs
00006900   _EPwm5Regs
00006940   _EPwm6Regs
00006980   _EPwm7Regs
003e8892   _EQEP1_INT_ISR
00006b00   _EQep1Regs
00000d01   _EmuBMode
00000d00   _EmuKey
003e9c80   _EnableInterrupts
00008e3a   _Error
003e9c0f   _ExInt_Init
003e8e43   _ExtOscSel
00000a80   _FlashRegs
00000d04   _Flash_CPUScaleFactor
00000d02   _Flash_CallbackPtr
003e928e   _Float2Byte
003e8937   _GPIO_INit
003e961c   _GenIdParity
00006f80   _GpioCtrlRegs
00006fc0   _GpioDataRegs
00006fe0   _GpioIntRegs
003e85ca   _HOSTclock
003e85a3   _HOSTclose
003e857b   _HOSTgetenv
003e8534   _HOSTlseek
003e84fd   _HOSTopen
003e84c7   _HOSTread
003e8489   _HOSTrename
003e845f   _HOSTtime
003e843a   _HOSTunlink
003e8404   _HOSTwrite
003e8888   _HRCAP1_INT_ISR
003e888d   _HRCAP2_INT_ISR
00006ac0   _HRCap1Regs
00006ae0   _HRCap2Regs
003e9391   _I2CA_Init
003e9409   _I2CA_Rxdata_STOP
003e93dd   _I2CA_Tx_STOP
003e88ab   _I2CINT1A_ISR
003e88b0   _I2CINT2A_ISR
00007900   _I2caRegs
00008fe6   _ICF8591Msg
00008fd6   _IIC_ISR_String
003e87d9   _ILLEGAL_ISR
003e87bb   _INT13_ISR
003e87c0   _INT14_ISR
003e8000   _InitAdc
003e801e   _InitAdcAio
003e97dd   _InitCpuTimers
003e950d   _InitEPwm
003e9005   _InitEPwm1
003e951d   _InitEPwm1Gpio
003e904a   _InitEPwm2
003e952f   _InitEPwm2Gpio
003e9541   _InitEPwm3Gpio
003e9555   _InitEPwm4Gpio
003e9569   _InitEPwm5Gpio
003e957b   _InitEPwm6Gpio
003e958d   _InitEPwm7Gpio
003e950e   _InitEPwmGpio
003e959f   _InitEPwmSyncGpio
00008000   _InitFlash
003e9df5   _InitGpio
003e9d93   _InitI2C
003e9d94   _InitI2CGpio
003e937b   _InitI2C_Gpio
003e95d1   _InitLin
003e9648   _InitLinGpio
003e95d4   _InitLina
003e964b   _InitLinaGpio
003e8d9e   _InitPeripheralClocks
003e9c61   _InitPieCtrl
003e9cb0   _InitPieVectTable
003e8d4e   _InitPll
003e9d5f   _InitSci
003e9d60   _InitSciGpio
003e9d63   _InitSciaGpio
003e8d22   _InitSysCtrl
003e95b0   _InitTzGpio
003e98c5   _Init_GlobalVariable
003e8e0b   _IntOsc1Sel
003e8e1b   _IntOsc2Sel
003e88bf   _LIN0INTA_ISR
003e88c4   _LIN1INTA_ISR
003e8923   _LUF_ISR
003e891e   _LVF_ISR
00008fc1   _LigntVal
00006c00   _LinaRegs
00009000   _MCP79411
003e9416   _MCP79411_INit
00008c00   _ModuleCtlReg
00008fa0   _ModuleFault
003e8be7   _Module_ADCalibration_ISR
003e9445   _Module_SciaRxFIFO
003e87d4   _NMI_ISR
00007060   _NmiIntruptRegs
00008e3f   _P0
00008e3e   _P1
003e8e6d   _PID_Control_I
003e8ed1   _PID_Control_V
00009072   _PID_F
003e8e59   _PID_Init
00009064   _PID_V
003e892d   _PIE_RESERVED
003d7e80   _PartIdRegs
00000ce0   _PieCtrlRegs
00000d00   _PieVectTable
003e9e58   _PieVectTableInit
00008fc2   _PtrMsg
003e87ca   _RTOSINT_ISR
0000001f   _RamfuncsLoadSize
003f5000   _RamfuncsLoadStart
00008000   _RamfuncsRunStart
003e8aee   _ResponseSCI
003e88b5   _SCIRXINTA_ISR
003e88ba   _SCITXINTA_ISR
003e8aac   _SCI_Init
00008fc6   _SEG7Table
003e908d   _SPIGpio_Init
003e8897   _SPIRXINTA_ISR
003e88a1   _SPIRXINTB_ISR
003e889c   _SPITXINTA_ISR
003e88a6   _SPITXINTB_ISR
003e90f9   _SPI_Flash_Read
003e912f   _SPI_Flash_ReadID
003e90b5   _SPI_INit
003e8aa4   _STOP_Scan
00008c40   _Sample
00008fa4   _SciaRecTimeoutCount
00008faf   _SciaReceiveBuff
00008fa3   _SciaReceiveCount
00007050   _SciaRegs
00008fa2   _SciaResponTimeoutCount
00008faa   _SciaResponseBuff
00008fa1   _SciaResponseCount
00008fa5   _SciaSendBuff
003e8b11   _SendRequestSCI
0000905d   _Send_Count
003e8d3c   _ServiceDog
003e9a12   _SetupSCI
00007040   _SpiaRegs
00007740   _SpibRegs
00007010   _SysCtrlRegs
00000985   _SysPwrCtrlRegs
003e8833   _TINT0_ISR
00009040   _TM1650
003e9b73   _Timer0_init
003e9b95   _Timer1_init
00008e3b   _Tmp
003e880b   _USER10_ISR
003e8810   _USER11_ISR
003e8815   _USER12_ISR
003e87de   _USER1_ISR
003e87e3   _USER2_ISR
003e87e8   _USER3_ISR
003e87ed   _USER4_ISR
003e87f2   _USER5_ISR
003e87f7   _USER6_ISR
003e87fc   _USER7_ISR
003e8801   _USER8_ISR
003e8806   _USER9_ISR
003e8f44   _Upper_Uart
0000905c   _V_OUT
003e8838   _WAKEINT_ISR
003e8824   _XINT1_ISR
003e8829   _XINT2_ISR
003e8919   _XINT3_ISR
00007070   _XIntruptRegs
003e8e2f   _XtalOscSel
003e9a62   _ZM5168_INit
00009180   __CIOBUF_
00000350   __STACK_END
00000300   __STACK_SIZE
00000400   __SYSMEM_SIZE
00000001   __TI_args_main
003e9207   ___TI_cleanup
0000913a   ___TI_cleanup_ptr
003e9a7a   ___TI_closefile
003e99a7   ___TI_doflush
0000913c   ___TI_dtors_ptr
00008e40   ___TI_ft_end
003e96b3   ___TI_readmsg
00008f00   ___TI_tmpnams
003e965f   ___TI_writemsg
ffffffff   ___binit__
ffffffff   ___c_args__
003e9f8a   ___cinit__
003e9e57   ___etext__
003e9d3e   ___memcpy_ff
ffffffff   ___pinit__
003e8000   ___text__
003e9dac   __args_main
00008e80   __ftable
00009138   __lock
003e9e3e   __nop
003e9e3a   __register_lock
003e9e36   __register_unlock
00000050   __stack
00000400   __sys_memory
00009136   __unlock
003e9dc5   _abort
003e8398   _add_device
003e9b2f   _c_int00
003e87a4   _calloc
003e87a2   _chkheap
003e8366   _close
00009058   _count
003e9c89   _cpu_timer0_isr
003e9bdf   _cpu_timer1_isr
003e9dc7   _exit
003e9abc   _fclose
003e99d6   _fflush
003e9274   _fopen
003e85f4   _free
003e8786   _free_memory
003e9224   _freopen
00008e3d   _i
003e9e2d   _i2c_int1a_isr
0000905b   _j
00008e3c   _key
00008fc0   _keyVal
003e834e   _lseek
003e9936   _main
003e865d   _malloc
003e8766   _max_free
003e8639   _minit
003e8ba5   _my_close
003e8bcd   _my_lseek
003e8b9c   _my_open
003e8baa   _my_read
003e8bdd   _my_rename
003e8bd6   _my_unlink
003e8bb3   _my_write
003e82dc   _open
003e8b6c   _open_uart_debug
003e82c4   _read
003e86b6   _realloc
003e9e54   _remove
003e82aa   _remove_device
003e8281   _rename
003e8932   _rsvd_ISR
003e8b60   _scia_xmit
003e9765   _setvbuf
003e9e18   _strchr
003e9e23   _strcmp
003e9e4f   _strcpy
003e9e47   _strlen
003e9d1c   _strncpy
0000905e   _temp
0000910b   _temp1
0000910a   _temp2
00009108   _temp3
00009109   _temp4
00009158   _timer0Base
003e9bb2   _uartRx_isr
003e8269   _unlink
003e8203   _write
00009059   _x
0000905a   _xfeq
003e9dde   _xint1_isr
ffffffff   binit
003e9f8a   cinit
003f7ff6   code_start
003e9e57   etext
ffffffff   pinit


GLOBAL SYMBOLS: SORTED BY Symbol Address 

address    name
--------   ----
00000001   __TI_args_main
0000001f   _RamfuncsLoadSize
00000050   __stack
00000300   __STACK_SIZE
00000350   __STACK_END
00000400   __SYSMEM_SIZE
00000400   __sys_memory
00000880   _DevEmuRegs
00000985   _SysPwrCtrlRegs
00000a80   _FlashRegs
00000ae0   _CsmRegs
00000b00   _AdcResult
00000c00   _CpuTimer0Regs
00000c08   _CpuTimer1Regs
00000c10   _CpuTimer2Regs
00000ce0   _PieCtrlRegs
00000d00   _EmuKey
00000d00   _PieVectTable
00000d01   _EmuBMode
00000d02   _Flash_CallbackPtr
00000d04   _Flash_CPUScaleFactor
00001400   _Cla1Regs
00006000   _ECanaRegs
00006040   _ECanaLAMRegs
00006080   _ECanaMOTSRegs
000060c0   _ECanaMOTORegs
00006100   _ECanaMboxes
00006400   _Comp1Regs
00006420   _Comp2Regs
00006440   _Comp3Regs
00006800   _EPwm1Regs
00006840   _EPwm2Regs
00006880   _EPwm3Regs
000068c0   _EPwm4Regs
00006900   _EPwm5Regs
00006940   _EPwm6Regs
00006980   _EPwm7Regs
00006a00   _ECap1Regs
00006ac0   _HRCap1Regs
00006ae0   _HRCap2Regs
00006b00   _EQep1Regs
00006c00   _LinaRegs
00006f80   _GpioCtrlRegs
00006fc0   _GpioDataRegs
00006fe0   _GpioIntRegs
00007010   _SysCtrlRegs
00007040   _SpiaRegs
00007050   _SciaRegs
00007060   _NmiIntruptRegs
00007070   _XIntruptRegs
00007100   _AdcRegs
00007740   _SpibRegs
00007900   _I2caRegs
00008000   _InitFlash
00008000   _RamfuncsRunStart
0000801b   _DSP28x_usDelay
00008c00   _ModuleCtlReg
00008c40   _Sample
00008e3a   _Error
00008e3b   _Tmp
00008e3c   _key
00008e3d   _i
00008e3e   _P1
00008e3f   _P0
00008e40   ___TI_ft_end
00008e80   __ftable
00008f00   ___TI_tmpnams
00008fa0   _ModuleFault
00008fa1   _SciaResponseCount
00008fa2   _SciaResponTimeoutCount
00008fa3   _SciaReceiveCount
00008fa4   _SciaRecTimeoutCount
00008fa5   _SciaSendBuff
00008faa   _SciaResponseBuff
00008faf   _SciaReceiveBuff
00008fb4   _DataBuff
00008fbe   _EPWM1_TIMER_TBPRD
00008fc0   _keyVal
00008fc1   _LigntVal
00008fc2   _PtrMsg
00008fc6   _SEG7Table
00008fd6   _IIC_ISR_String
00008fe6   _ICF8591Msg
00009000   _MCP79411
00009018   _AT24C02Msg
00009040   _TM1650
00009058   _count
00009059   _x
0000905a   _xfeq
0000905b   _j
0000905c   _V_OUT
0000905d   _Send_Count
0000905e   _temp
00009064   _PID_V
00009072   _PID_F
00009108   _temp3
00009109   _temp4
0000910a   _temp2
0000910b   _temp1
0000910c   _DataScope_OutPut_Buffer
00009136   __unlock
00009138   __lock
0000913a   ___TI_cleanup_ptr
0000913c   ___TI_dtors_ptr
00009140   _CpuTimer1
00009148   _CpuTimer2
00009150   _CpuTimer0
00009158   _timer0Base
00009180   __CIOBUF_
003d7e80   _PartIdRegs
003e8000   .text
003e8000   _InitAdc
003e8000   ___text__
003e801e   _InitAdcAio
003e8040   _AdcOffsetSelfCal
003e8067   _AdcChanSelect
003e80dc   _AdcConversion
003e8203   _write
003e8269   _unlink
003e8281   _rename
003e82aa   _remove_device
003e82c4   _read
003e82dc   _open
003e834e   _lseek
003e8366   _close
003e8398   _add_device
003e8404   _HOSTwrite
003e843a   _HOSTunlink
003e845f   _HOSTtime
003e8489   _HOSTrename
003e84c7   _HOSTread
003e84fd   _HOSTopen
003e8534   _HOSTlseek
003e857b   _HOSTgetenv
003e85a3   _HOSTclose
003e85ca   _HOSTclock
003e85f4   _free
003e8639   _minit
003e865d   _malloc
003e86b6   _realloc
003e8766   _max_free
003e8786   _free_memory
003e87a2   _chkheap
003e87a4   _calloc
003e87bb   _INT13_ISR
003e87c0   _INT14_ISR
003e87c5   _DATALOG_ISR
003e87ca   _RTOSINT_ISR
003e87cf   _EMUINT_ISR
003e87d4   _NMI_ISR
003e87d9   _ILLEGAL_ISR
003e87de   _USER1_ISR
003e87e3   _USER2_ISR
003e87e8   _USER3_ISR
003e87ed   _USER4_ISR
003e87f2   _USER5_ISR
003e87f7   _USER6_ISR
003e87fc   _USER7_ISR
003e8801   _USER8_ISR
003e8806   _USER9_ISR
003e880b   _USER10_ISR
003e8810   _USER11_ISR
003e8815   _USER12_ISR
003e881a   _ADCINT1_ISR
003e881f   _ADCINT2_ISR
003e8824   _XINT1_ISR
003e8829   _XINT2_ISR
003e882e   _ADCINT9_ISR
003e8833   _TINT0_ISR
003e8838   _WAKEINT_ISR
003e883d   _EPWM1_TZINT_ISR
003e8842   _EPWM2_TZINT_ISR
003e8847   _EPWM3_TZINT_ISR
003e884c   _EPWM4_TZINT_ISR
003e8851   _EPWM5_TZINT_ISR
003e8856   _EPWM6_TZINT_ISR
003e885b   _EPWM7_TZINT_ISR
003e8860   _EPWM1_INT_ISR
003e8865   _EPWM2_INT_ISR
003e886a   _EPWM3_INT_ISR
003e886f   _EPWM4_INT_ISR
003e8874   _EPWM5_INT_ISR
003e8879   _EPWM6_INT_ISR
003e887e   _EPWM7_INT_ISR
003e8883   _ECAP1_INT_ISR
003e8888   _HRCAP1_INT_ISR
003e888d   _HRCAP2_INT_ISR
003e8892   _EQEP1_INT_ISR
003e8897   _SPIRXINTA_ISR
003e889c   _SPITXINTA_ISR
003e88a1   _SPIRXINTB_ISR
003e88a6   _SPITXINTB_ISR
003e88ab   _I2CINT1A_ISR
003e88b0   _I2CINT2A_ISR
003e88b5   _SCIRXINTA_ISR
003e88ba   _SCITXINTA_ISR
003e88bf   _LIN0INTA_ISR
003e88c4   _LIN1INTA_ISR
003e88c9   _ECAN0INTA_ISR
003e88ce   _ECAN1INTA_ISR
003e88d3   _ADCINT3_ISR
003e88d8   _ADCINT4_ISR
003e88dd   _ADCINT5_ISR
003e88e2   _ADCINT6_ISR
003e88e7   _ADCINT7_ISR
003e88ec   _ADCINT8_ISR
003e88f1   _CLA1_INT1_ISR
003e88f6   _CLA1_INT2_ISR
003e88fb   _CLA1_INT3_ISR
003e8900   _CLA1_INT4_ISR
003e8905   _CLA1_INT5_ISR
003e890a   _CLA1_INT6_ISR
003e890f   _CLA1_INT7_ISR
003e8914   _CLA1_INT8_ISR
003e8919   _XINT3_ISR
003e891e   _LVF_ISR
003e8923   _LUF_ISR
003e8928   _EMPTY_ISR
003e892d   _PIE_RESERVED
003e8932   _rsvd_ISR
003e8937   _GPIO_INit
003e8a77   _DIP_Scan
003e8aa4   _STOP_Scan
003e8aac   _SCI_Init
003e8aee   _ResponseSCI
003e8b11   _SendRequestSCI
003e8b60   _scia_xmit
003e8b6c   _open_uart_debug
003e8b9c   _my_open
003e8ba5   _my_close
003e8baa   _my_read
003e8bb3   _my_write
003e8bcd   _my_lseek
003e8bd6   _my_unlink
003e8bdd   _my_rename
003e8be7   _Module_ADCalibration_ISR
003e8d22   _InitSysCtrl
003e8d3c   _ServiceDog
003e8d46   _DisableDog
003e8d4e   _InitPll
003e8d9e   _InitPeripheralClocks
003e8dda   _CsmUnlock
003e8e0b   _IntOsc1Sel
003e8e1b   _IntOsc2Sel
003e8e2f   _XtalOscSel
003e8e43   _ExtOscSel
003e8e59   _PID_Init
003e8e6d   _PID_Control_I
003e8ed1   _PID_Control_V
003e8f44   _Upper_Uart
003e8f73   _EPWMA_Config
003e8fbb   _EPWMB_Config
003e9005   _InitEPwm1
003e904a   _InitEPwm2
003e908d   _SPIGpio_Init
003e90b5   _SPI_INit
003e90b8   _DataFlash_WriteEnable
003e90ca   _DataFlash_WriteDisable
003e90dc   _DataFlash_SPI_BUSY_OrNot
003e90f9   _SPI_Flash_Read
003e912f   _SPI_Flash_ReadID
003e915c   _DataFlash_Write_Byte
003e9207   ___TI_cleanup
003e9224   _freopen
003e9274   _fopen
003e928e   _Float2Byte
003e92b3   _DataScope_Get_Channel_Data
003e9329   _DataScope_Data_Generate
003e937b   _InitI2C_Gpio
003e9391   _I2CA_Init
003e93dd   _I2CA_Tx_STOP
003e9409   _I2CA_Rxdata_STOP
003e9416   _MCP79411_INit
003e9445   _Module_SciaRxFIFO
003e950d   _InitEPwm
003e950e   _InitEPwmGpio
003e951d   _InitEPwm1Gpio
003e952f   _InitEPwm2Gpio
003e9541   _InitEPwm3Gpio
003e9555   _InitEPwm4Gpio
003e9569   _InitEPwm5Gpio
003e957b   _InitEPwm6Gpio
003e958d   _InitEPwm7Gpio
003e959f   _InitEPwmSyncGpio
003e95b0   _InitTzGpio
003e95d1   _InitLin
003e95d4   _InitLina
003e961c   _GenIdParity
003e9648   _InitLinGpio
003e964b   _InitLinaGpio
003e965f   ___TI_writemsg
003e96af   C$$IO$$
003e96b3   ___TI_readmsg
003e96ed   FS$$SUB
003e96f2   FS$$ADD
003e9765   _setvbuf
003e97dd   _InitCpuTimers
003e981e   _ConfigCpuTimer
003e9853   _ADC_Config
003e98c4   _ArbitramentProtect
003e98c5   _Init_GlobalVariable
003e9936   _main
003e99a7   ___TI_doflush
003e99d6   _fflush
003e9a12   _SetupSCI
003e9a62   _ZM5168_INit
003e9a7a   ___TI_closefile
003e9abc   _fclose
003e9ad5   FS$$MPY
003e9b2f   _c_int00
003e9b73   _Timer0_init
003e9b95   _Timer1_init
003e9bb2   _uartRx_isr
003e9bdf   _cpu_timer1_isr
003e9be5   L$$DIV
003e9bf4   L$$MOD
003e9c02   UL$$DIV
003e9c09   UL$$MOD
003e9c0f   _ExInt_Init
003e9c38   FS$$TOL
003e9c61   _InitPieCtrl
003e9c80   _EnableInterrupts
003e9c89   _cpu_timer0_isr
003e9cb0   _InitPieVectTable
003e9cd5   FS$$TOI
003e9cfa   I$$DIV
003e9d0b   I$$MOD
003e9d1c   _strncpy
003e9d3e   ___memcpy_ff
003e9d5f   _InitSci
003e9d60   _InitSciGpio
003e9d63   _InitSciaGpio
003e9d79   I$$TOFS
003e9d93   _InitI2C
003e9d94   _InitI2CGpio
003e9dac   __args_main
003e9dc5   C$$EXIT
003e9dc5   _abort
003e9dc7   _exit
003e9dde   _xint1_isr
003e9df5   _InitGpio
003e9e08   U$$TOFS
003e9e18   _strchr
003e9e23   _strcmp
003e9e2d   _i2c_int1a_isr
003e9e36   __register_unlock
003e9e3a   __register_lock
003e9e3e   __nop
003e9e47   _strlen
003e9e4f   _strcpy
003e9e54   _remove
003e9e57   ___etext__
003e9e57   etext
003e9e58   _PieVectTableInit
003e9f8a   ___cinit__
003e9f8a   cinit
003f5000   _RamfuncsLoadStart
003f7ff6   code_start
003f7ff8   _CsmPwl
ffffffff   ___binit__
ffffffff   ___c_args__
ffffffff   ___pinit__
ffffffff   binit
ffffffff   pinit

[364 symbols]
