<?xml version="1.0"?>
<link_info>
   <banner>TMS320C2000 Linker PC v6.2.0</banner>
   <copyright>Copyright (c) 1996-2013 Texas Instruments Incorporated</copyright>
   <link_time>0x59190bce</link_time>
   <link_errors>0x0</link_errors>
   <output_file>WXCD_FS.out</output_file>
   <entry_point>
      <name>_c_int00</name>
      <address>0x3e9b2f</address>
   </entry_point>
   <input_file_list>
      <input_file id="fl-2">
         <path>.\user\</path>
         <kind>object</kind>
         <file>zm5168.obj</file>
         <name>zm5168.obj</name>
      </input_file>
      <input_file id="fl-3">
         <path>.\user\</path>
         <kind>object</kind>
         <file>timer.obj</file>
         <name>timer.obj</name>
      </input_file>
      <input_file id="fl-4">
         <path>.\user\</path>
         <kind>object</kind>
         <file>sim_spi.obj</file>
         <name>sim_spi.obj</name>
      </input_file>
      <input_file id="fl-5">
         <path>.\user\</path>
         <kind>object</kind>
         <file>pwm.obj</file>
         <name>pwm.obj</name>
      </input_file>
      <input_file id="fl-6">
         <path>.\user\</path>
         <kind>object</kind>
         <file>pid.obj</file>
         <name>pid.obj</name>
      </input_file>
      <input_file id="fl-7">
         <path>.\user\</path>
         <kind>object</kind>
         <file>main.obj</file>
         <name>main.obj</name>
      </input_file>
      <input_file id="fl-8">
         <path>.\user\</path>
         <kind>object</kind>
         <file>hardiic.obj</file>
         <name>hardiic.obj</name>
      </input_file>
      <input_file id="fl-9">
         <path>.\user\</path>
         <kind>object</kind>
         <file>gpio.obj</file>
         <name>gpio.obj</name>
      </input_file>
      <input_file id="fl-a">
         <path>.\user\</path>
         <kind>object</kind>
         <file>communicationSci.obj</file>
         <name>communicationSci.obj</name>
      </input_file>
      <input_file id="fl-b">
         <path>.\user\</path>
         <kind>object</kind>
         <file>ad.obj</file>
         <name>ad.obj</name>
      </input_file>
      <input_file id="fl-c">
         <path>.\user\</path>
         <kind>object</kind>
         <file>GlobalVariableDefandInits.obj</file>
         <name>GlobalVariableDefandInits.obj</name>
      </input_file>
      <input_file id="fl-d">
         <path>.\user\</path>
         <kind>object</kind>
         <file>Exint.obj</file>
         <name>Exint.obj</name>
      </input_file>
      <input_file id="fl-e">
         <path>.\user\</path>
         <kind>object</kind>
         <file>DataScope_DP.obj</file>
         <name>DataScope_DP.obj</name>
      </input_file>
      <input_file id="fl-f">
         <path>.\</path>
         <kind>object</kind>
         <file>DSP2803x_usDelay.obj</file>
         <name>DSP2803x_usDelay.obj</name>
      </input_file>
      <input_file id="fl-10">
         <path>.\</path>
         <kind>object</kind>
         <file>DSP2803x_SysCtrl.obj</file>
         <name>DSP2803x_SysCtrl.obj</name>
      </input_file>
      <input_file id="fl-11">
         <path>.\</path>
         <kind>object</kind>
         <file>DSP2803x_Sci.obj</file>
         <name>DSP2803x_Sci.obj</name>
      </input_file>
      <input_file id="fl-12">
         <path>.\</path>
         <kind>object</kind>
         <file>DSP2803x_PieVect.obj</file>
         <name>DSP2803x_PieVect.obj</name>
      </input_file>
      <input_file id="fl-13">
         <path>.\</path>
         <kind>object</kind>
         <file>DSP2803x_PieCtrl.obj</file>
         <name>DSP2803x_PieCtrl.obj</name>
      </input_file>
      <input_file id="fl-14">
         <path>.\</path>
         <kind>object</kind>
         <file>DSP2803x_Lin.obj</file>
         <name>DSP2803x_Lin.obj</name>
      </input_file>
      <input_file id="fl-15">
         <path>.\</path>
         <kind>object</kind>
         <file>DSP2803x_I2C.obj</file>
         <name>DSP2803x_I2C.obj</name>
      </input_file>
      <input_file id="fl-16">
         <path>.\</path>
         <kind>object</kind>
         <file>DSP2803x_Gpio.obj</file>
         <name>DSP2803x_Gpio.obj</name>
      </input_file>
      <input_file id="fl-17">
         <path>.\</path>
         <kind>object</kind>
         <file>DSP2803x_GlobalVariableDefs.obj</file>
         <name>DSP2803x_GlobalVariableDefs.obj</name>
      </input_file>
      <input_file id="fl-18">
         <path>.\</path>
         <kind>object</kind>
         <file>DSP2803x_EPwm.obj</file>
         <name>DSP2803x_EPwm.obj</name>
      </input_file>
      <input_file id="fl-19">
         <path>.\</path>
         <kind>object</kind>
         <file>DSP2803x_DefaultIsr.obj</file>
         <name>DSP2803x_DefaultIsr.obj</name>
      </input_file>
      <input_file id="fl-1a">
         <path>.\</path>
         <kind>object</kind>
         <file>DSP2803x_CpuTimers.obj</file>
         <name>DSP2803x_CpuTimers.obj</name>
      </input_file>
      <input_file id="fl-1b">
         <path>.\</path>
         <kind>object</kind>
         <file>DSP2803x_CodeStartBranch.obj</file>
         <name>DSP2803x_CodeStartBranch.obj</name>
      </input_file>
      <input_file id="fl-1c">
         <path>.\</path>
         <kind>object</kind>
         <file>DSP2803x_Adc.obj</file>
         <name>DSP2803x_Adc.obj</name>
      </input_file>
      <input_file id="fl-2c">
         <path>C:\ti\ccsv5\tools\compiler\c2000_6.2.0\lib\</path>
         <kind>archive</kind>
         <file>rts2800_ml.lib</file>
         <name>boot.obj</name>
      </input_file>
      <input_file id="fl-2d">
         <path>C:\ti\ccsv5\tools\compiler\c2000_6.2.0\lib\</path>
         <kind>archive</kind>
         <file>rts2800_ml.lib</file>
         <name>defs.obj</name>
      </input_file>
      <input_file id="fl-2e">
         <path>C:\ti\ccsv5\tools\compiler\c2000_6.2.0\lib\</path>
         <kind>archive</kind>
         <file>rts2800_ml.lib</file>
         <name>exit.obj</name>
      </input_file>
      <input_file id="fl-2f">
         <path>C:\ti\ccsv5\tools\compiler\c2000_6.2.0\lib\</path>
         <kind>archive</kind>
         <file>rts2800_ml.lib</file>
         <name>fopen.obj</name>
      </input_file>
      <input_file id="fl-30">
         <path>C:\ti\ccsv5\tools\compiler\c2000_6.2.0\lib\</path>
         <kind>archive</kind>
         <file>rts2800_ml.lib</file>
         <name>fs_add.obj</name>
      </input_file>
      <input_file id="fl-31">
         <path>C:\ti\ccsv5\tools\compiler\c2000_6.2.0\lib\</path>
         <kind>archive</kind>
         <file>rts2800_ml.lib</file>
         <name>fs_mpy.obj</name>
      </input_file>
      <input_file id="fl-32">
         <path>C:\ti\ccsv5\tools\compiler\c2000_6.2.0\lib\</path>
         <kind>archive</kind>
         <file>rts2800_ml.lib</file>
         <name>fs_toi.obj</name>
      </input_file>
      <input_file id="fl-33">
         <path>C:\ti\ccsv5\tools\compiler\c2000_6.2.0\lib\</path>
         <kind>archive</kind>
         <file>rts2800_ml.lib</file>
         <name>fs_tol.obj</name>
      </input_file>
      <input_file id="fl-34">
         <path>C:\ti\ccsv5\tools\compiler\c2000_6.2.0\lib\</path>
         <kind>archive</kind>
         <file>rts2800_ml.lib</file>
         <name>i_div.obj</name>
      </input_file>
      <input_file id="fl-35">
         <path>C:\ti\ccsv5\tools\compiler\c2000_6.2.0\lib\</path>
         <kind>archive</kind>
         <file>rts2800_ml.lib</file>
         <name>i_tofs.obj</name>
      </input_file>
      <input_file id="fl-36">
         <path>C:\ti\ccsv5\tools\compiler\c2000_6.2.0\lib\</path>
         <kind>archive</kind>
         <file>rts2800_ml.lib</file>
         <name>l_div.obj</name>
      </input_file>
      <input_file id="fl-37">
         <path>C:\ti\ccsv5\tools\compiler\c2000_6.2.0\lib\</path>
         <kind>archive</kind>
         <file>rts2800_ml.lib</file>
         <name>_lock.obj</name>
      </input_file>
      <input_file id="fl-38">
         <path>C:\ti\ccsv5\tools\compiler\c2000_6.2.0\lib\</path>
         <kind>archive</kind>
         <file>rts2800_ml.lib</file>
         <name>lowlev.obj</name>
      </input_file>
      <input_file id="fl-39">
         <path>C:\ti\ccsv5\tools\compiler\c2000_6.2.0\lib\</path>
         <kind>archive</kind>
         <file>rts2800_ml.lib</file>
         <name>memcpy_ff.obj</name>
      </input_file>
      <input_file id="fl-3a">
         <path>C:\ti\ccsv5\tools\compiler\c2000_6.2.0\lib\</path>
         <kind>archive</kind>
         <file>rts2800_ml.lib</file>
         <name>setvbuf.obj</name>
      </input_file>
      <input_file id="fl-3b">
         <path>C:\ti\ccsv5\tools\compiler\c2000_6.2.0\lib\</path>
         <kind>archive</kind>
         <file>rts2800_ml.lib</file>
         <name>strchr.obj</name>
      </input_file>
      <input_file id="fl-3c">
         <path>C:\ti\ccsv5\tools\compiler\c2000_6.2.0\lib\</path>
         <kind>archive</kind>
         <file>rts2800_ml.lib</file>
         <name>strcmp.obj</name>
      </input_file>
      <input_file id="fl-3d">
         <path>C:\ti\ccsv5\tools\compiler\c2000_6.2.0\lib\</path>
         <kind>archive</kind>
         <file>rts2800_ml.lib</file>
         <name>strncpy.obj</name>
      </input_file>
      <input_file id="fl-3e">
         <path>C:\ti\ccsv5\tools\compiler\c2000_6.2.0\lib\</path>
         <kind>archive</kind>
         <file>rts2800_ml.lib</file>
         <name>trgdrv.obj</name>
      </input_file>
      <input_file id="fl-3f">
         <path>C:\ti\ccsv5\tools\compiler\c2000_6.2.0\lib\</path>
         <kind>archive</kind>
         <file>rts2800_ml.lib</file>
         <name>u_tofs.obj</name>
      </input_file>
      <input_file id="fl-40">
         <path>C:\ti\ccsv5\tools\compiler\c2000_6.2.0\lib\</path>
         <kind>archive</kind>
         <file>rts2800_ml.lib</file>
         <name>ankmsg.obj</name>
      </input_file>
      <input_file id="fl-41">
         <path>C:\ti\ccsv5\tools\compiler\c2000_6.2.0\lib\</path>
         <kind>archive</kind>
         <file>rts2800_ml.lib</file>
         <name>args_main.obj</name>
      </input_file>
      <input_file id="fl-42">
         <path>C:\ti\ccsv5\tools\compiler\c2000_6.2.0\lib\</path>
         <kind>archive</kind>
         <file>rts2800_ml.lib</file>
         <name>fclose.obj</name>
      </input_file>
      <input_file id="fl-43">
         <path>C:\ti\ccsv5\tools\compiler\c2000_6.2.0\lib\</path>
         <kind>archive</kind>
         <file>rts2800_ml.lib</file>
         <name>fflush.obj</name>
      </input_file>
      <input_file id="fl-44">
         <path>C:\ti\ccsv5\tools\compiler\c2000_6.2.0\lib\</path>
         <kind>archive</kind>
         <file>rts2800_ml.lib</file>
         <name>memory.obj</name>
      </input_file>
      <input_file id="fl-45">
         <path>C:\ti\ccsv5\tools\compiler\c2000_6.2.0\lib\</path>
         <kind>archive</kind>
         <file>rts2800_ml.lib</file>
         <name>remove.obj</name>
      </input_file>
      <input_file id="fl-46">
         <path>C:\ti\ccsv5\tools\compiler\c2000_6.2.0\lib\</path>
         <kind>archive</kind>
         <file>rts2800_ml.lib</file>
         <name>strcpy.obj</name>
      </input_file>
      <input_file id="fl-47">
         <path>C:\ti\ccsv5\tools\compiler\c2000_6.2.0\lib\</path>
         <kind>archive</kind>
         <file>rts2800_ml.lib</file>
         <name>strlen.obj</name>
      </input_file>
   </input_file_list>
   <object_component_list>
      <object_component id="oc-f6">
         <name>PieVectTableFile</name>
         <uninitialized>true</uninitialized>
         <run_address>0xd00</run_address>
         <size>0x100</size>
         <input_file_ref idref="fl-17"/>
      </object_component>
      <object_component id="oc-c9">
         <name>EmuKeyVar</name>
         <uninitialized>true</uninitialized>
         <run_address>0xd00</run_address>
         <size>0x1</size>
         <input_file_ref idref="fl-17"/>
      </object_component>
      <object_component id="oc-c8">
         <name>EmuBModeVar</name>
         <uninitialized>true</uninitialized>
         <run_address>0xd01</run_address>
         <size>0x1</size>
         <input_file_ref idref="fl-17"/>
      </object_component>
      <object_component id="oc-cb">
         <name>FlashCallbackVar</name>
         <uninitialized>true</uninitialized>
         <run_address>0xd02</run_address>
         <size>0x2</size>
         <input_file_ref idref="fl-17"/>
      </object_component>
      <object_component id="oc-cc">
         <name>FlashScalingVar</name>
         <uninitialized>true</uninitialized>
         <run_address>0xd04</run_address>
         <size>0x2</size>
         <input_file_ref idref="fl-17"/>
      </object_component>
      <object_component id="oc-ce">
         <name>DevEmuRegsFile</name>
         <uninitialized>true</uninitialized>
         <run_address>0x880</run_address>
         <size>0x4</size>
         <input_file_ref idref="fl-17"/>
      </object_component>
      <object_component id="oc-cd">
         <name>SysPwrCtrlRegsFile</name>
         <uninitialized>true</uninitialized>
         <run_address>0x985</run_address>
         <size>0x3</size>
         <input_file_ref idref="fl-17"/>
      </object_component>
      <object_component id="oc-cf">
         <name>FlashRegsFile</name>
         <uninitialized>true</uninitialized>
         <run_address>0xa80</run_address>
         <size>0x8</size>
         <input_file_ref idref="fl-17"/>
      </object_component>
      <object_component id="oc-da">
         <name>CsmRegsFile</name>
         <uninitialized>true</uninitialized>
         <run_address>0xae0</run_address>
         <size>0x10</size>
         <input_file_ref idref="fl-17"/>
      </object_component>
      <object_component id="oc-e4">
         <name>AdcResultFile</name>
         <uninitialized>true</uninitialized>
         <run_address>0xb00</run_address>
         <size>0x20</size>
         <input_file_ref idref="fl-17"/>
      </object_component>
      <object_component id="oc-d2">
         <name>CpuTimer0RegsFile</name>
         <uninitialized>true</uninitialized>
         <run_address>0xc00</run_address>
         <size>0x8</size>
         <input_file_ref idref="fl-17"/>
      </object_component>
      <object_component id="oc-d1">
         <name>CpuTimer1RegsFile</name>
         <uninitialized>true</uninitialized>
         <run_address>0xc08</run_address>
         <size>0x8</size>
         <input_file_ref idref="fl-17"/>
      </object_component>
      <object_component id="oc-d3">
         <name>CpuTimer2RegsFile</name>
         <uninitialized>true</uninitialized>
         <run_address>0xc10</run_address>
         <size>0x8</size>
         <input_file_ref idref="fl-17"/>
      </object_component>
      <object_component id="oc-de">
         <name>PieCtrlRegsFile</name>
         <uninitialized>true</uninitialized>
         <run_address>0xce0</run_address>
         <size>0x1a</size>
         <input_file_ref idref="fl-17"/>
      </object_component>
      <object_component id="oc-e8">
         <name>Cla1RegsFile</name>
         <uninitialized>true</uninitialized>
         <run_address>0x1400</run_address>
         <size>0x40</size>
         <input_file_ref idref="fl-17"/>
      </object_component>
      <object_component id="oc-e6">
         <name>ECanaRegsFile</name>
         <uninitialized>true</uninitialized>
         <run_address>0x6000</run_address>
         <size>0x34</size>
         <input_file_ref idref="fl-17"/>
      </object_component>
      <object_component id="oc-eb">
         <name>ECanaLAMRegsFile</name>
         <uninitialized>true</uninitialized>
         <run_address>0x6040</run_address>
         <size>0x40</size>
         <input_file_ref idref="fl-17"/>
      </object_component>
      <object_component id="oc-f7">
         <name>ECanaMboxesFile</name>
         <uninitialized>true</uninitialized>
         <run_address>0x6100</run_address>
         <size>0x100</size>
         <input_file_ref idref="fl-17"/>
      </object_component>
      <object_component id="oc-ea">
         <name>ECanaMOTSRegsFile</name>
         <uninitialized>true</uninitialized>
         <run_address>0x6080</run_address>
         <size>0x40</size>
         <input_file_ref idref="fl-17"/>
      </object_component>
      <object_component id="oc-f3">
         <name>ECanaMOTORegsFile</name>
         <uninitialized>true</uninitialized>
         <run_address>0x60c0</run_address>
         <size>0x40</size>
         <input_file_ref idref="fl-17"/>
      </object_component>
      <object_component id="oc-e3">
         <name>ECap1RegsFile</name>
         <uninitialized>true</uninitialized>
         <run_address>0x6a00</run_address>
         <size>0x20</size>
         <input_file_ref idref="fl-17"/>
      </object_component>
      <object_component id="oc-e2">
         <name>HRCap1RegsFile</name>
         <uninitialized>true</uninitialized>
         <run_address>0x6ac0</run_address>
         <size>0x20</size>
         <input_file_ref idref="fl-17"/>
      </object_component>
      <object_component id="oc-e1">
         <name>HRCap2RegsFile</name>
         <uninitialized>true</uninitialized>
         <run_address>0x6ae0</run_address>
         <size>0x20</size>
         <input_file_ref idref="fl-17"/>
      </object_component>
      <object_component id="oc-f0">
         <name>EQep1RegsFile</name>
         <uninitialized>true</uninitialized>
         <run_address>0x6b00</run_address>
         <size>0x40</size>
         <input_file_ref idref="fl-17"/>
      </object_component>
      <object_component id="oc-f4">
         <name>LinaRegsFile</name>
         <uninitialized>true</uninitialized>
         <run_address>0x6c00</run_address>
         <size>0x4a</size>
         <input_file_ref idref="fl-17"/>
      </object_component>
      <object_component id="oc-ef">
         <name>GpioCtrlRegsFile</name>
         <uninitialized>true</uninitialized>
         <run_address>0x6f80</run_address>
         <size>0x40</size>
         <input_file_ref idref="fl-17"/>
      </object_component>
      <object_component id="oc-e0">
         <name>GpioDataRegsFile</name>
         <uninitialized>true</uninitialized>
         <run_address>0x6fc0</run_address>
         <size>0x20</size>
         <input_file_ref idref="fl-17"/>
      </object_component>
      <object_component id="oc-d4">
         <name>GpioIntRegsFile</name>
         <uninitialized>true</uninitialized>
         <run_address>0x6fe0</run_address>
         <size>0xc</size>
         <input_file_ref idref="fl-17"/>
      </object_component>
      <object_component id="oc-df">
         <name>SysCtrlRegsFile</name>
         <uninitialized>true</uninitialized>
         <run_address>0x7010</run_address>
         <size>0x20</size>
         <input_file_ref idref="fl-17"/>
      </object_component>
      <object_component id="oc-d5">
         <name>SpiaRegsFile</name>
         <uninitialized>true</uninitialized>
         <run_address>0x7040</run_address>
         <size>0x10</size>
         <input_file_ref idref="fl-17"/>
      </object_component>
      <object_component id="oc-d6">
         <name>SpibRegsFile</name>
         <uninitialized>true</uninitialized>
         <run_address>0x7740</run_address>
         <size>0x10</size>
         <input_file_ref idref="fl-17"/>
      </object_component>
      <object_component id="oc-d8">
         <name>SciaRegsFile</name>
         <uninitialized>true</uninitialized>
         <run_address>0x7050</run_address>
         <size>0x10</size>
         <input_file_ref idref="fl-17"/>
      </object_component>
      <object_component id="oc-d7">
         <name>NmiIntruptRegsFile</name>
         <uninitialized>true</uninitialized>
         <run_address>0x7060</run_address>
         <size>0x10</size>
         <input_file_ref idref="fl-17"/>
      </object_component>
      <object_component id="oc-d9">
         <name>XIntruptRegsFile</name>
         <uninitialized>true</uninitialized>
         <run_address>0x7070</run_address>
         <size>0x10</size>
         <input_file_ref idref="fl-17"/>
      </object_component>
      <object_component id="oc-f5">
         <name>AdcRegsFile</name>
         <uninitialized>true</uninitialized>
         <run_address>0x7100</run_address>
         <size>0x50</size>
         <input_file_ref idref="fl-17"/>
      </object_component>
      <object_component id="oc-e5">
         <name>I2caRegsFile</name>
         <uninitialized>true</uninitialized>
         <run_address>0x7900</run_address>
         <size>0x22</size>
         <input_file_ref idref="fl-17"/>
      </object_component>
      <object_component id="oc-db">
         <name>Comp1RegsFile</name>
         <uninitialized>true</uninitialized>
         <run_address>0x6400</run_address>
         <size>0x14</size>
         <input_file_ref idref="fl-17"/>
      </object_component>
      <object_component id="oc-dc">
         <name>Comp2RegsFile</name>
         <uninitialized>true</uninitialized>
         <run_address>0x6420</run_address>
         <size>0x14</size>
         <input_file_ref idref="fl-17"/>
      </object_component>
      <object_component id="oc-dd">
         <name>Comp3RegsFile</name>
         <uninitialized>true</uninitialized>
         <run_address>0x6440</run_address>
         <size>0x14</size>
         <input_file_ref idref="fl-17"/>
      </object_component>
      <object_component id="oc-e7">
         <name>EPwm1RegsFile</name>
         <uninitialized>true</uninitialized>
         <run_address>0x6800</run_address>
         <size>0x40</size>
         <input_file_ref idref="fl-17"/>
      </object_component>
      <object_component id="oc-e9">
         <name>EPwm2RegsFile</name>
         <uninitialized>true</uninitialized>
         <run_address>0x6840</run_address>
         <size>0x40</size>
         <input_file_ref idref="fl-17"/>
      </object_component>
      <object_component id="oc-ec">
         <name>EPwm3RegsFile</name>
         <uninitialized>true</uninitialized>
         <run_address>0x6880</run_address>
         <size>0x40</size>
         <input_file_ref idref="fl-17"/>
      </object_component>
      <object_component id="oc-f1">
         <name>EPwm4RegsFile</name>
         <uninitialized>true</uninitialized>
         <run_address>0x68c0</run_address>
         <size>0x40</size>
         <input_file_ref idref="fl-17"/>
      </object_component>
      <object_component id="oc-f2">
         <name>EPwm5RegsFile</name>
         <uninitialized>true</uninitialized>
         <run_address>0x6900</run_address>
         <size>0x40</size>
         <input_file_ref idref="fl-17"/>
      </object_component>
      <object_component id="oc-ee">
         <name>EPwm6RegsFile</name>
         <uninitialized>true</uninitialized>
         <run_address>0x6940</run_address>
         <size>0x40</size>
         <input_file_ref idref="fl-17"/>
      </object_component>
      <object_component id="oc-ed">
         <name>EPwm7RegsFile</name>
         <uninitialized>true</uninitialized>
         <run_address>0x6980</run_address>
         <size>0x40</size>
         <input_file_ref idref="fl-17"/>
      </object_component>
      <object_component id="oc-d0">
         <name>CsmPwlFile</name>
         <uninitialized>true</uninitialized>
         <run_address>0x3f7ff8</run_address>
         <size>0x8</size>
         <input_file_ref idref="fl-17"/>
      </object_component>
      <object_component id="oc-ca">
         <name>PartIdRegsFile</name>
         <uninitialized>true</uninitialized>
         <run_address>0x3d7e80</run_address>
         <size>0x1</size>
         <input_file_ref idref="fl-17"/>
      </object_component>
      <object_component id="oc-6f">
         <name>.cinit</name>
         <load_address>0x3e9f8a</load_address>
         <run_address>0x3e9f8a</run_address>
         <size>0x48</size>
         <input_file_ref idref="fl-8"/>
      </object_component>
      <object_component id="oc-14f">
         <name>.cinit</name>
         <load_address>0x3e9fd2</load_address>
         <run_address>0x3e9fd2</run_address>
         <size>0x31</size>
         <input_file_ref idref="fl-38"/>
      </object_component>
      <object_component id="oc-119">
         <name>.cinit</name>
         <load_address>0x3ea003</load_address>
         <run_address>0x3ea003</run_address>
         <size>0x2a</size>
         <input_file_ref idref="fl-2d"/>
      </object_component>
      <object_component id="oc-7d">
         <name>.cinit</name>
         <load_address>0x3ea02d</load_address>
         <run_address>0x3ea02d</run_address>
         <size>0x18</size>
         <input_file_ref idref="fl-a"/>
      </object_component>
      <object_component id="oc-68">
         <name>.cinit</name>
         <load_address>0x3ea045</load_address>
         <run_address>0x3ea045</run_address>
         <size>0xc</size>
         <input_file_ref idref="fl-7"/>
      </object_component>
      <object_component id="oc-148">
         <name>.cinit</name>
         <load_address>0x3ea051</load_address>
         <run_address>0x3ea051</run_address>
         <size>0xa</size>
         <input_file_ref idref="fl-37"/>
      </object_component>
      <object_component id="oc-11e">
         <name>.cinit</name>
         <load_address>0x3ea05b</load_address>
         <run_address>0x3ea05b</run_address>
         <size>0xa</size>
         <input_file_ref idref="fl-2e"/>
      </object_component>
      <object_component id="oc-60">
         <name>.cinit</name>
         <load_address>0x3ea065</load_address>
         <run_address>0x3ea065</run_address>
         <size>0x8</size>
         <input_file_ref idref="fl-6"/>
      </object_component>
      <object_component id="oc-4c">
         <name>.cinit</name>
         <load_address>0x3ea06d</load_address>
         <run_address>0x3ea06d</run_address>
         <size>0x7</size>
         <input_file_ref idref="fl-3"/>
      </object_component>
      <object_component id="oc-59">
         <name>.cinit</name>
         <load_address>0x3ea074</load_address>
         <run_address>0x3ea074</run_address>
         <size>0x5</size>
         <input_file_ref idref="fl-5"/>
      </object_component>
      <object_component id="oc-98">
         <name>.cinit</name>
         <load_address>0x3ea079</load_address>
         <run_address>0x3ea079</run_address>
         <size>0x4</size>
         <input_file_ref idref="fl-e"/>
      </object_component>
      <object_component id="oc-125">
         <name>.cinit</name>
         <load_address>0x3ea07d</load_address>
         <run_address>0x3ea07d</run_address>
         <size>0x4</size>
         <input_file_ref idref="fl-2f"/>
      </object_component>
      <object_component id="oc-18e">
         <name>.cinit</name>
         <load_address>0x3ea081</load_address>
         <run_address>0x3ea081</run_address>
         <size>0x4</size>
         <input_file_ref idref="fl-44"/>
      </object_component>
      <object_component id="oc-10e">
         <name>.text</name>
         <load_address>0x3e8000</load_address>
         <run_address>0x3e8000</run_address>
         <size>0x203</size>
         <input_file_ref idref="fl-1c"/>
      </object_component>
      <object_component id="oc-14d">
         <name>.text</name>
         <load_address>0x3e8203</load_address>
         <run_address>0x3e8203</run_address>
         <size>0x201</size>
         <input_file_ref idref="fl-38"/>
      </object_component>
      <object_component id="oc-16d">
         <name>.text</name>
         <load_address>0x3e8404</load_address>
         <run_address>0x3e8404</run_address>
         <size>0x1f0</size>
         <input_file_ref idref="fl-3e"/>
      </object_component>
      <object_component id="oc-18c">
         <name>.text</name>
         <load_address>0x3e85f4</load_address>
         <run_address>0x3e85f4</run_address>
         <size>0x1c7</size>
         <input_file_ref idref="fl-44"/>
      </object_component>
      <object_component id="oc-ff">
         <name>.text:retain</name>
         <load_address>0x3e87bb</load_address>
         <run_address>0x3e87bb</run_address>
         <size>0x17c</size>
         <input_file_ref idref="fl-19"/>
      </object_component>
      <object_component id="oc-76">
         <name>.text</name>
         <load_address>0x3e8937</load_address>
         <run_address>0x3e8937</run_address>
         <size>0x175</size>
         <input_file_ref idref="fl-9"/>
      </object_component>
      <object_component id="oc-7b">
         <name>.text</name>
         <load_address>0x3e8aac</load_address>
         <run_address>0x3e8aac</run_address>
         <size>0x13b</size>
         <input_file_ref idref="fl-a"/>
      </object_component>
      <object_component id="oc-86">
         <name>.text:retain</name>
         <load_address>0x3e8be7</load_address>
         <run_address>0x3e8be7</run_address>
         <size>0x13b</size>
         <input_file_ref idref="fl-b"/>
      </object_component>
      <object_component id="oc-a1">
         <name>.text</name>
         <load_address>0x3e8d22</load_address>
         <run_address>0x3e8d22</run_address>
         <size>0x137</size>
         <input_file_ref idref="fl-10"/>
      </object_component>
      <object_component id="oc-5e">
         <name>.text</name>
         <load_address>0x3e8e59</load_address>
         <run_address>0x3e8e59</run_address>
         <size>0x11a</size>
         <input_file_ref idref="fl-6"/>
      </object_component>
      <object_component id="oc-57">
         <name>.text</name>
         <load_address>0x3e8f73</load_address>
         <run_address>0x3e8f73</run_address>
         <size>0x11a</size>
         <input_file_ref idref="fl-5"/>
      </object_component>
      <object_component id="oc-52">
         <name>.text</name>
         <load_address>0x3e908d</load_address>
         <run_address>0x3e908d</run_address>
         <size>0x102</size>
         <input_file_ref idref="fl-4"/>
      </object_component>
      <object_component id="oc-123">
         <name>.text</name>
         <load_address>0x3e918f</load_address>
         <run_address>0x3e918f</run_address>
         <size>0xff</size>
         <input_file_ref idref="fl-2f"/>
      </object_component>
      <object_component id="oc-96">
         <name>.text</name>
         <load_address>0x3e928e</load_address>
         <run_address>0x3e928e</run_address>
         <size>0xed</size>
         <input_file_ref idref="fl-e"/>
      </object_component>
      <object_component id="oc-6d">
         <name>.text</name>
         <load_address>0x3e937b</load_address>
         <run_address>0x3e937b</run_address>
         <size>0xca</size>
         <input_file_ref idref="fl-8"/>
      </object_component>
      <object_component id="oc-7f">
         <name>.text:retain</name>
         <load_address>0x3e9445</load_address>
         <run_address>0x3e9445</run_address>
         <size>0xc8</size>
         <input_file_ref idref="fl-a"/>
      </object_component>
      <object_component id="oc-f9">
         <name>.text</name>
         <load_address>0x3e950d</load_address>
         <run_address>0x3e950d</run_address>
         <size>0xc4</size>
         <input_file_ref idref="fl-18"/>
      </object_component>
      <object_component id="oc-b7">
         <name>.text</name>
         <load_address>0x3e95d1</load_address>
         <run_address>0x3e95d1</run_address>
         <size>0x8e</size>
         <input_file_ref idref="fl-14"/>
      </object_component>
      <object_component id="oc-177">
         <name>.text</name>
         <load_address>0x3e965f</load_address>
         <run_address>0x3e965f</run_address>
         <size>0x8e</size>
         <input_file_ref idref="fl-40"/>
      </object_component>
      <object_component id="oc-12a">
         <name>.text</name>
         <load_address>0x3e96ed</load_address>
         <run_address>0x3e96ed</run_address>
         <size>0x78</size>
         <input_file_ref idref="fl-30"/>
      </object_component>
      <object_component id="oc-159">
         <name>.text</name>
         <load_address>0x3e9765</load_address>
         <run_address>0x3e9765</run_address>
         <size>0x78</size>
         <input_file_ref idref="fl-3a"/>
      </object_component>
      <object_component id="oc-103">
         <name>.text</name>
         <load_address>0x3e97dd</load_address>
         <run_address>0x3e97dd</run_address>
         <size>0x76</size>
         <input_file_ref idref="fl-1a"/>
      </object_component>
      <object_component id="oc-84">
         <name>.text</name>
         <load_address>0x3e9853</load_address>
         <run_address>0x3e9853</run_address>
         <size>0x72</size>
         <input_file_ref idref="fl-b"/>
      </object_component>
      <object_component id="oc-8a">
         <name>.text</name>
         <load_address>0x3e98c5</load_address>
         <run_address>0x3e98c5</run_address>
         <size>0x71</size>
         <input_file_ref idref="fl-c"/>
      </object_component>
      <object_component id="oc-66">
         <name>.text</name>
         <load_address>0x3e9936</load_address>
         <run_address>0x3e9936</run_address>
         <size>0x71</size>
         <input_file_ref idref="fl-7"/>
      </object_component>
      <object_component id="oc-187">
         <name>.text</name>
         <load_address>0x3e99a7</load_address>
         <run_address>0x3e99a7</run_address>
         <size>0x6b</size>
         <input_file_ref idref="fl-43"/>
      </object_component>
      <object_component id="oc-45">
         <name>.text</name>
         <load_address>0x3e9a12</load_address>
         <run_address>0x3e9a12</run_address>
         <size>0x68</size>
         <input_file_ref idref="fl-2"/>
      </object_component>
      <object_component id="oc-182">
         <name>.text</name>
         <load_address>0x3e9a7a</load_address>
         <run_address>0x3e9a7a</run_address>
         <size>0x5b</size>
         <input_file_ref idref="fl-42"/>
      </object_component>
      <object_component id="oc-12e">
         <name>.text</name>
         <load_address>0x3e9ad5</load_address>
         <run_address>0x3e9ad5</run_address>
         <size>0x5a</size>
         <input_file_ref idref="fl-31"/>
      </object_component>
      <object_component id="oc-44">
         <name>.text</name>
         <load_address>0x3e9b2f</load_address>
         <run_address>0x3e9b2f</run_address>
         <size>0x44</size>
         <input_file_ref idref="fl-2c"/>
      </object_component>
      <object_component id="oc-4a">
         <name>.text</name>
         <load_address>0x3e9b73</load_address>
         <run_address>0x3e9b73</run_address>
         <size>0x3f</size>
         <input_file_ref idref="fl-3"/>
      </object_component>
      <object_component id="oc-62">
         <name>.text:retain</name>
         <load_address>0x3e9bb2</load_address>
         <run_address>0x3e9bb2</run_address>
         <size>0x33</size>
         <input_file_ref idref="fl-6"/>
      </object_component>
      <object_component id="oc-142">
         <name>.text</name>
         <load_address>0x3e9be5</load_address>
         <run_address>0x3e9be5</run_address>
         <size>0x2a</size>
         <input_file_ref idref="fl-36"/>
      </object_component>
      <object_component id="oc-90">
         <name>.text</name>
         <load_address>0x3e9c0f</load_address>
         <run_address>0x3e9c0f</run_address>
         <size>0x29</size>
         <input_file_ref idref="fl-d"/>
      </object_component>
      <object_component id="oc-136">
         <name>.text</name>
         <load_address>0x3e9c38</load_address>
         <run_address>0x3e9c38</run_address>
         <size>0x29</size>
         <input_file_ref idref="fl-33"/>
      </object_component>
      <object_component id="oc-b2">
         <name>.text</name>
         <load_address>0x3e9c61</load_address>
         <run_address>0x3e9c61</run_address>
         <size>0x28</size>
         <input_file_ref idref="fl-13"/>
      </object_component>
      <object_component id="oc-4e">
         <name>.text:retain</name>
         <load_address>0x3e9c89</load_address>
         <run_address>0x3e9c89</run_address>
         <size>0x27</size>
         <input_file_ref idref="fl-3"/>
      </object_component>
      <object_component id="oc-ac">
         <name>.text</name>
         <load_address>0x3e9cb0</load_address>
         <run_address>0x3e9cb0</run_address>
         <size>0x25</size>
         <input_file_ref idref="fl-12"/>
      </object_component>
      <object_component id="oc-132">
         <name>.text</name>
         <load_address>0x3e9cd5</load_address>
         <run_address>0x3e9cd5</run_address>
         <size>0x25</size>
         <input_file_ref idref="fl-32"/>
      </object_component>
      <object_component id="oc-13a">
         <name>.text</name>
         <load_address>0x3e9cfa</load_address>
         <run_address>0x3e9cfa</run_address>
         <size>0x22</size>
         <input_file_ref idref="fl-34"/>
      </object_component>
      <object_component id="oc-168">
         <name>.text</name>
         <load_address>0x3e9d1c</load_address>
         <run_address>0x3e9d1c</run_address>
         <size>0x22</size>
         <input_file_ref idref="fl-3d"/>
      </object_component>
      <object_component id="oc-154">
         <name>.text</name>
         <load_address>0x3e9d3e</load_address>
         <run_address>0x3e9d3e</run_address>
         <size>0x21</size>
         <input_file_ref idref="fl-39"/>
      </object_component>
      <object_component id="oc-a7">
         <name>.text</name>
         <load_address>0x3e9d5f</load_address>
         <run_address>0x3e9d5f</run_address>
         <size>0x1a</size>
         <input_file_ref idref="fl-11"/>
      </object_component>
      <object_component id="oc-13e">
         <name>.text</name>
         <load_address>0x3e9d79</load_address>
         <run_address>0x3e9d79</run_address>
         <size>0x1a</size>
         <input_file_ref idref="fl-35"/>
      </object_component>
      <object_component id="oc-bd">
         <name>.text</name>
         <load_address>0x3e9d93</load_address>
         <run_address>0x3e9d93</run_address>
         <size>0x19</size>
         <input_file_ref idref="fl-15"/>
      </object_component>
      <object_component id="oc-17d">
         <name>.text</name>
         <load_address>0x3e9dac</load_address>
         <run_address>0x3e9dac</run_address>
         <size>0x19</size>
         <input_file_ref idref="fl-41"/>
      </object_component>
      <object_component id="oc-11c">
         <name>.text</name>
         <load_address>0x3e9dc5</load_address>
         <run_address>0x3e9dc5</run_address>
         <size>0x19</size>
         <input_file_ref idref="fl-2e"/>
      </object_component>
      <object_component id="oc-92">
         <name>.text:retain</name>
         <load_address>0x3e9dde</load_address>
         <run_address>0x3e9dde</run_address>
         <size>0x17</size>
         <input_file_ref idref="fl-d"/>
      </object_component>
      <object_component id="oc-c2">
         <name>.text</name>
         <load_address>0x3e9df5</load_address>
         <run_address>0x3e9df5</run_address>
         <size>0x13</size>
         <input_file_ref idref="fl-16"/>
      </object_component>
      <object_component id="oc-173">
         <name>.text</name>
         <load_address>0x3e9e08</load_address>
         <run_address>0x3e9e08</run_address>
         <size>0x10</size>
         <input_file_ref idref="fl-3f"/>
      </object_component>
      <object_component id="oc-15e">
         <name>.text</name>
         <load_address>0x3e9e18</load_address>
         <run_address>0x3e9e18</run_address>
         <size>0xb</size>
         <input_file_ref idref="fl-3b"/>
      </object_component>
      <object_component id="oc-163">
         <name>.text</name>
         <load_address>0x3e9e23</load_address>
         <run_address>0x3e9e23</run_address>
         <size>0xa</size>
         <input_file_ref idref="fl-3c"/>
      </object_component>
      <object_component id="oc-71">
         <name>.text:retain</name>
         <load_address>0x3e9e2d</load_address>
         <run_address>0x3e9e2d</run_address>
         <size>0x9</size>
         <input_file_ref idref="fl-8"/>
      </object_component>
      <object_component id="oc-146">
         <name>.text</name>
         <load_address>0x3e9e36</load_address>
         <run_address>0x3e9e36</run_address>
         <size>0x9</size>
         <input_file_ref idref="fl-37"/>
      </object_component>
      <object_component id="oc-109">
         <name>.text</name>
         <load_address>0x3e9e3f</load_address>
         <run_address>0x3e9e3f</run_address>
         <size>0x8</size>
         <input_file_ref idref="fl-1b"/>
      </object_component>
      <object_component id="oc-19e">
         <name>.text</name>
         <load_address>0x3e9e47</load_address>
         <run_address>0x3e9e47</run_address>
         <size>0x8</size>
         <input_file_ref idref="fl-47"/>
      </object_component>
      <object_component id="oc-199">
         <name>.text</name>
         <load_address>0x3e9e4f</load_address>
         <run_address>0x3e9e4f</run_address>
         <size>0x5</size>
         <input_file_ref idref="fl-46"/>
      </object_component>
      <object_component id="oc-194">
         <name>.text</name>
         <load_address>0x3e9e54</load_address>
         <run_address>0x3e9e54</run_address>
         <size>0x3</size>
         <input_file_ref idref="fl-45"/>
      </object_component>
      <object_component id="oc-10a">
         <name>codestart</name>
         <load_address>0x3f7ff6</load_address>
         <run_address>0x3f7ff6</run_address>
         <size>0x2</size>
         <input_file_ref idref="fl-1b"/>
      </object_component>
      <object_component id="oc-a3">
         <name>ramfuncs</name>
         <load_address>0x3f5000</load_address>
         <run_address>0x8000</run_address>
         <size>0x1b</size>
         <input_file_ref idref="fl-10"/>
      </object_component>
      <object_component id="oc-9d">
         <name>ramfuncs</name>
         <load_address>0x3f501b</load_address>
         <run_address>0x801b</run_address>
         <size>0x4</size>
         <input_file_ref idref="fl-f"/>
      </object_component>
      <object_component id="oc-113">
         <name>.stack</name>
         <uninitialized>true</uninitialized>
         <run_address>0x50</run_address>
         <size>0x0</size>
         <input_file_ref idref="fl-2c"/>
      </object_component>
      <object_component id="oc-1f0">
         <name>.stack</name>
         <uninitialized>true</uninitialized>
         <run_address>0x50</run_address>
         <size>0x0</size>
      </object_component>
      <object_component id="oc-4d">
         <name>.ebss</name>
         <uninitialized>true</uninitialized>
         <run_address>0x9158</run_address>
         <size>0x4</size>
         <input_file_ref idref="fl-3"/>
      </object_component>
      <object_component id="oc-5a">
         <name>.ebss</name>
         <uninitialized>true</uninitialized>
         <run_address>0x8fbe</run_address>
         <size>0x2</size>
         <input_file_ref idref="fl-5"/>
      </object_component>
      <object_component id="oc-61">
         <name>.ebss</name>
         <uninitialized>true</uninitialized>
         <run_address>0x9058</run_address>
         <size>0x28</size>
         <input_file_ref idref="fl-6"/>
      </object_component>
      <object_component id="oc-69">
         <name>.ebss</name>
         <uninitialized>true</uninitialized>
         <run_address>0x8e3a</run_address>
         <size>0x4</size>
         <input_file_ref idref="fl-7"/>
      </object_component>
      <object_component id="oc-70">
         <name>.ebss</name>
         <uninitialized>true</uninitialized>
         <run_address>0x8fc0</run_address>
         <size>0x98</size>
         <input_file_ref idref="fl-8"/>
      </object_component>
      <object_component id="oc-7e">
         <name>.ebss</name>
         <uninitialized>true</uninitialized>
         <run_address>0x8fa0</run_address>
         <size>0x1e</size>
         <input_file_ref idref="fl-a"/>
      </object_component>
      <object_component id="oc-8c">
         <name>.ebss</name>
         <uninitialized>true</uninitialized>
         <run_address>0x8c00</run_address>
         <size>0x22a</size>
         <input_file_ref idref="fl-c"/>
      </object_component>
      <object_component id="oc-99">
         <name>.ebss</name>
         <uninitialized>true</uninitialized>
         <run_address>0x9108</run_address>
         <size>0x2e</size>
         <input_file_ref idref="fl-e"/>
      </object_component>
      <object_component id="oc-b9">
         <name>.ebss</name>
         <uninitialized>true</uninitialized>
         <run_address>0x8e3e</run_address>
         <size>0x2</size>
         <input_file_ref idref="fl-14"/>
      </object_component>
      <object_component id="oc-105">
         <name>.ebss</name>
         <uninitialized>true</uninitialized>
         <run_address>0x9140</run_address>
         <size>0x18</size>
         <input_file_ref idref="fl-1a"/>
      </object_component>
      <object_component id="oc-11a">
         <name>.ebss</name>
         <uninitialized>true</uninitialized>
         <run_address>0x8e40</run_address>
         <size>0x160</size>
         <input_file_ref idref="fl-2d"/>
      </object_component>
      <object_component id="oc-11f">
         <name>.ebss</name>
         <uninitialized>true</uninitialized>
         <run_address>0x913a</run_address>
         <size>0x4</size>
         <input_file_ref idref="fl-2e"/>
      </object_component>
      <object_component id="oc-126">
         <name>.ebss</name>
         <uninitialized>true</uninitialized>
         <run_address>0x913e</run_address>
         <size>0x1</size>
         <input_file_ref idref="fl-2f"/>
      </object_component>
      <object_component id="oc-149">
         <name>.ebss</name>
         <uninitialized>true</uninitialized>
         <run_address>0x9136</run_address>
         <size>0x4</size>
         <input_file_ref idref="fl-37"/>
      </object_component>
      <object_component id="oc-150">
         <name>.ebss</name>
         <uninitialized>true</uninitialized>
         <run_address>0x9080</run_address>
         <size>0x88</size>
         <input_file_ref idref="fl-38"/>
      </object_component>
      <object_component id="oc-16f">
         <name>.ebss</name>
         <uninitialized>true</uninitialized>
         <run_address>0x8e32</run_address>
         <size>0x8</size>
         <input_file_ref idref="fl-3e"/>
      </object_component>
      <object_component id="oc-18f">
         <name>.ebss</name>
         <uninitialized>true</uninitialized>
         <run_address>0x8e2a</run_address>
         <size>0x8</size>
         <input_file_ref idref="fl-44"/>
      </object_component>
      <object_component id="oc-ae">
         <name>.econst</name>
         <load_address>0x3e9e58</load_address>
         <run_address>0x3e9e58</run_address>
         <size>0x100</size>
         <input_file_ref idref="fl-12"/>
      </object_component>
      <object_component id="oc-72">
         <name>.econst:.string</name>
         <load_address>0x3e9f58</load_address>
         <run_address>0x3e9f58</run_address>
         <size>0x24</size>
         <input_file_ref idref="fl-8"/>
      </object_component>
      <object_component id="oc-80">
         <name>.econst:.string</name>
         <load_address>0x3e9f7c</load_address>
         <run_address>0x3e9f7c</run_address>
         <size>0xe</size>
         <input_file_ref idref="fl-a"/>
      </object_component>
      <object_component id="oc-114">
         <name>.reset</name>
         <load_address>0x3fffc0</load_address>
         <run_address>0x3fffc0</run_address>
         <size>0x2</size>
         <input_file_ref idref="fl-2c"/>
      </object_component>
      <object_component id="oc-46">
         <name>.debug_info</name>
         <load_address>0x0</load_address>
         <run_address>0x0</run_address>
         <size>0x378b</size>
         <input_file_ref idref="fl-2"/>
      </object_component>
      <object_component id="oc-4b">
         <name>.debug_info</name>
         <load_address>0x378b</load_address>
         <run_address>0x378b</run_address>
         <size>0x27e7</size>
         <input_file_ref idref="fl-3"/>
      </object_component>
      <object_component id="oc-53">
         <name>.debug_info</name>
         <load_address>0x5f72</load_address>
         <run_address>0x5f72</run_address>
         <size>0x1d23</size>
         <input_file_ref idref="fl-4"/>
      </object_component>
      <object_component id="oc-58">
         <name>.debug_info</name>
         <load_address>0x7c95</load_address>
         <run_address>0x7c95</run_address>
         <size>0x23b9</size>
         <input_file_ref idref="fl-5"/>
      </object_component>
      <object_component id="oc-5f">
         <name>.debug_info</name>
         <load_address>0xa04e</load_address>
         <run_address>0xa04e</run_address>
         <size>0x5921</size>
         <input_file_ref idref="fl-6"/>
      </object_component>
      <object_component id="oc-67">
         <name>.debug_info</name>
         <load_address>0xf96f</load_address>
         <run_address>0xf96f</run_address>
         <size>0x44ae</size>
         <input_file_ref idref="fl-7"/>
      </object_component>
      <object_component id="oc-6e">
         <name>.debug_info</name>
         <load_address>0x13e1d</load_address>
         <run_address>0x13e1d</run_address>
         <size>0x3858</size>
         <input_file_ref idref="fl-8"/>
      </object_component>
      <object_component id="oc-77">
         <name>.debug_info</name>
         <load_address>0x17675</load_address>
         <run_address>0x17675</run_address>
         <size>0x171d</size>
         <input_file_ref idref="fl-9"/>
      </object_component>
      <object_component id="oc-7c">
         <name>.debug_info</name>
         <load_address>0x18d92</load_address>
         <run_address>0x18d92</run_address>
         <size>0x3cfa</size>
         <input_file_ref idref="fl-a"/>
      </object_component>
      <object_component id="oc-85">
         <name>.debug_info</name>
         <load_address>0x1ca8c</load_address>
         <run_address>0x1ca8c</run_address>
         <size>0x4725</size>
         <input_file_ref idref="fl-b"/>
      </object_component>
      <object_component id="oc-8b">
         <name>.debug_info</name>
         <load_address>0x211b1</load_address>
         <run_address>0x211b1</run_address>
         <size>0x1648</size>
         <input_file_ref idref="fl-c"/>
      </object_component>
      <object_component id="oc-91">
         <name>.debug_info</name>
         <load_address>0x227f9</load_address>
         <run_address>0x227f9</run_address>
         <size>0x4c11</size>
         <input_file_ref idref="fl-d"/>
      </object_component>
      <object_component id="oc-97">
         <name>.debug_info</name>
         <load_address>0x2740a</load_address>
         <run_address>0x2740a</run_address>
         <size>0x68a</size>
         <input_file_ref idref="fl-e"/>
      </object_component>
      <object_component id="oc-9e">
         <name>.debug_info</name>
         <load_address>0x27a94</load_address>
         <run_address>0x27a94</run_address>
         <size>0x13a</size>
         <input_file_ref idref="fl-f"/>
      </object_component>
      <object_component id="oc-a2">
         <name>.debug_info</name>
         <load_address>0x27bce</load_address>
         <run_address>0x27bce</run_address>
         <size>0x22de</size>
         <input_file_ref idref="fl-10"/>
      </object_component>
      <object_component id="oc-a8">
         <name>.debug_info</name>
         <load_address>0x29eac</load_address>
         <run_address>0x29eac</run_address>
         <size>0x1673</size>
         <input_file_ref idref="fl-11"/>
      </object_component>
      <object_component id="oc-ad">
         <name>.debug_info</name>
         <load_address>0x2b51f</load_address>
         <run_address>0x2b51f</run_address>
         <size>0x222f</size>
         <input_file_ref idref="fl-12"/>
      </object_component>
      <object_component id="oc-b3">
         <name>.debug_info</name>
         <load_address>0x2d74e</load_address>
         <run_address>0x2d74e</run_address>
         <size>0xb3f</size>
         <input_file_ref idref="fl-13"/>
      </object_component>
      <object_component id="oc-b8">
         <name>.debug_info</name>
         <load_address>0x2e28d</load_address>
         <run_address>0x2e28d</run_address>
         <size>0x3857</size>
         <input_file_ref idref="fl-14"/>
      </object_component>
      <object_component id="oc-be">
         <name>.debug_info</name>
         <load_address>0x31ae4</load_address>
         <run_address>0x31ae4</run_address>
         <size>0x15b4</size>
         <input_file_ref idref="fl-15"/>
      </object_component>
      <object_component id="oc-c3">
         <name>.debug_info</name>
         <load_address>0x33098</load_address>
         <run_address>0x33098</run_address>
         <size>0x1510</size>
         <input_file_ref idref="fl-16"/>
      </object_component>
      <object_component id="oc-c7">
         <name>.debug_info</name>
         <load_address>0x345a8</load_address>
         <run_address>0x345a8</run_address>
         <size>0x13a13</size>
         <input_file_ref idref="fl-17"/>
      </object_component>
      <object_component id="oc-fa">
         <name>.debug_info</name>
         <load_address>0x47fbb</load_address>
         <run_address>0x47fbb</run_address>
         <size>0x1c7a</size>
         <input_file_ref idref="fl-18"/>
      </object_component>
      <object_component id="oc-fe">
         <name>.debug_info</name>
         <load_address>0x49c35</load_address>
         <run_address>0x49c35</run_address>
         <size>0x3823</size>
         <input_file_ref idref="fl-19"/>
      </object_component>
      <object_component id="oc-104">
         <name>.debug_info</name>
         <load_address>0x4d458</load_address>
         <run_address>0x4d458</run_address>
         <size>0x9a3</size>
         <input_file_ref idref="fl-1a"/>
      </object_component>
      <object_component id="oc-10b">
         <name>.debug_info</name>
         <load_address>0x4ddfb</load_address>
         <run_address>0x4ddfb</run_address>
         <size>0x1a2</size>
         <input_file_ref idref="fl-1b"/>
      </object_component>
      <object_component id="oc-10f">
         <name>.debug_info</name>
         <load_address>0x4df9d</load_address>
         <run_address>0x4df9d</run_address>
         <size>0x4348</size>
         <input_file_ref idref="fl-1c"/>
      </object_component>
      <object_component id="oc-115">
         <name>.debug_info</name>
         <load_address>0x522e5</load_address>
         <run_address>0x522e5</run_address>
         <size>0xde</size>
         <input_file_ref idref="fl-2c"/>
      </object_component>
      <object_component id="oc-118">
         <name>.debug_info</name>
         <load_address>0x523c3</load_address>
         <run_address>0x523c3</run_address>
         <size>0x3a7</size>
         <input_file_ref idref="fl-2d"/>
      </object_component>
      <object_component id="oc-11d">
         <name>.debug_info</name>
         <load_address>0x5276a</load_address>
         <run_address>0x5276a</run_address>
         <size>0x3d6</size>
         <input_file_ref idref="fl-2e"/>
      </object_component>
      <object_component id="oc-124">
         <name>.debug_info</name>
         <load_address>0x52b40</load_address>
         <run_address>0x52b40</run_address>
         <size>0x850</size>
         <input_file_ref idref="fl-2f"/>
      </object_component>
      <object_component id="oc-12b">
         <name>.debug_info</name>
         <load_address>0x53390</load_address>
         <run_address>0x53390</run_address>
         <size>0xc0</size>
         <input_file_ref idref="fl-30"/>
      </object_component>
      <object_component id="oc-12f">
         <name>.debug_info</name>
         <load_address>0x53450</load_address>
         <run_address>0x53450</run_address>
         <size>0xc0</size>
         <input_file_ref idref="fl-31"/>
      </object_component>
      <object_component id="oc-133">
         <name>.debug_info</name>
         <load_address>0x53510</load_address>
         <run_address>0x53510</run_address>
         <size>0xcc</size>
         <input_file_ref idref="fl-32"/>
      </object_component>
      <object_component id="oc-137">
         <name>.debug_info</name>
         <load_address>0x535dc</load_address>
         <run_address>0x535dc</run_address>
         <size>0xcc</size>
         <input_file_ref idref="fl-33"/>
      </object_component>
      <object_component id="oc-13b">
         <name>.debug_info</name>
         <load_address>0x536a8</load_address>
         <run_address>0x536a8</run_address>
         <size>0xeb</size>
         <input_file_ref idref="fl-34"/>
      </object_component>
      <object_component id="oc-13f">
         <name>.debug_info</name>
         <load_address>0x53793</load_address>
         <run_address>0x53793</run_address>
         <size>0xc6</size>
         <input_file_ref idref="fl-35"/>
      </object_component>
      <object_component id="oc-143">
         <name>.debug_info</name>
         <load_address>0x53859</load_address>
         <run_address>0x53859</run_address>
         <size>0x14b</size>
         <input_file_ref idref="fl-36"/>
      </object_component>
      <object_component id="oc-147">
         <name>.debug_info</name>
         <load_address>0x539a4</load_address>
         <run_address>0x539a4</run_address>
         <size>0x3fc</size>
         <input_file_ref idref="fl-37"/>
      </object_component>
      <object_component id="oc-14e">
         <name>.debug_info</name>
         <load_address>0x53da0</load_address>
         <run_address>0x53da0</run_address>
         <size>0x1254</size>
         <input_file_ref idref="fl-38"/>
      </object_component>
      <object_component id="oc-155">
         <name>.debug_info</name>
         <load_address>0x54ff4</load_address>
         <run_address>0x54ff4</run_address>
         <size>0x3a3</size>
         <input_file_ref idref="fl-39"/>
      </object_component>
      <object_component id="oc-15a">
         <name>.debug_info</name>
         <load_address>0x55397</load_address>
         <run_address>0x55397</run_address>
         <size>0x510</size>
         <input_file_ref idref="fl-3a"/>
      </object_component>
      <object_component id="oc-15f">
         <name>.debug_info</name>
         <load_address>0x558a7</load_address>
         <run_address>0x558a7</run_address>
         <size>0x38b</size>
         <input_file_ref idref="fl-3b"/>
      </object_component>
      <object_component id="oc-164">
         <name>.debug_info</name>
         <load_address>0x55c32</load_address>
         <run_address>0x55c32</run_address>
         <size>0x37d</size>
         <input_file_ref idref="fl-3c"/>
      </object_component>
      <object_component id="oc-169">
         <name>.debug_info</name>
         <load_address>0x55faf</load_address>
         <run_address>0x55faf</run_address>
         <size>0x3a9</size>
         <input_file_ref idref="fl-3d"/>
      </object_component>
      <object_component id="oc-16e">
         <name>.debug_info</name>
         <load_address>0x56358</load_address>
         <run_address>0x56358</run_address>
         <size>0xd72</size>
         <input_file_ref idref="fl-3e"/>
      </object_component>
      <object_component id="oc-174">
         <name>.debug_info</name>
         <load_address>0x570ca</load_address>
         <run_address>0x570ca</run_address>
         <size>0xc0</size>
         <input_file_ref idref="fl-3f"/>
      </object_component>
      <object_component id="oc-178">
         <name>.debug_info</name>
         <load_address>0x5718a</load_address>
         <run_address>0x5718a</run_address>
         <size>0x4b5</size>
         <input_file_ref idref="fl-40"/>
      </object_component>
      <object_component id="oc-17e">
         <name>.debug_info</name>
         <load_address>0x5763f</load_address>
         <run_address>0x5763f</run_address>
         <size>0x3bd</size>
         <input_file_ref idref="fl-41"/>
      </object_component>
      <object_component id="oc-183">
         <name>.debug_info</name>
         <load_address>0x579fc</load_address>
         <run_address>0x579fc</run_address>
         <size>0x5cb</size>
         <input_file_ref idref="fl-42"/>
      </object_component>
      <object_component id="oc-188">
         <name>.debug_info</name>
         <load_address>0x57fc7</load_address>
         <run_address>0x57fc7</run_address>
         <size>0x543</size>
         <input_file_ref idref="fl-43"/>
      </object_component>
      <object_component id="oc-18d">
         <name>.debug_info</name>
         <load_address>0x5850a</load_address>
         <run_address>0x5850a</run_address>
         <size>0x9f7</size>
         <input_file_ref idref="fl-44"/>
      </object_component>
      <object_component id="oc-195">
         <name>.debug_info</name>
         <load_address>0x58f01</load_address>
         <run_address>0x58f01</run_address>
         <size>0x337</size>
         <input_file_ref idref="fl-45"/>
      </object_component>
      <object_component id="oc-19a">
         <name>.debug_info</name>
         <load_address>0x59238</load_address>
         <run_address>0x59238</run_address>
         <size>0x381</size>
         <input_file_ref idref="fl-46"/>
      </object_component>
      <object_component id="oc-19f">
         <name>.debug_info</name>
         <load_address>0x595b9</load_address>
         <run_address>0x595b9</run_address>
         <size>0x366</size>
         <input_file_ref idref="fl-47"/>
      </object_component>
      <object_component id="oc-1f2">
         <name>.debug_info</name>
         <load_address>0x5991f</load_address>
         <run_address>0x5991f</run_address>
         <size>0x6f</size>
      </object_component>
      <object_component id="oc-47">
         <name>.debug_frame</name>
         <load_address>0x0</load_address>
         <run_address>0x0</run_address>
         <size>0x9b</size>
         <input_file_ref idref="fl-2"/>
      </object_component>
      <object_component id="oc-4f">
         <name>.debug_frame</name>
         <load_address>0x9b</load_address>
         <run_address>0x9b</run_address>
         <size>0xe5</size>
         <input_file_ref idref="fl-3"/>
      </object_component>
      <object_component id="oc-54">
         <name>.debug_frame</name>
         <load_address>0x180</load_address>
         <run_address>0x180</run_address>
         <size>0x13c</size>
         <input_file_ref idref="fl-4"/>
      </object_component>
      <object_component id="oc-5b">
         <name>.debug_frame</name>
         <load_address>0x2bc</load_address>
         <run_address>0x2bc</run_address>
         <size>0xd4</size>
         <input_file_ref idref="fl-5"/>
      </object_component>
      <object_component id="oc-63">
         <name>.debug_frame</name>
         <load_address>0x390</load_address>
         <run_address>0x390</run_address>
         <size>0x12b</size>
         <input_file_ref idref="fl-6"/>
      </object_component>
      <object_component id="oc-6a">
         <name>.debug_frame</name>
         <load_address>0x4bb</load_address>
         <run_address>0x4bb</run_address>
         <size>0x7c</size>
         <input_file_ref idref="fl-7"/>
      </object_component>
      <object_component id="oc-73">
         <name>.debug_frame</name>
         <load_address>0x537</load_address>
         <run_address>0x537</run_address>
         <size>0x107</size>
         <input_file_ref idref="fl-8"/>
      </object_component>
      <object_component id="oc-78">
         <name>.debug_frame</name>
         <load_address>0x63e</load_address>
         <run_address>0x63e</run_address>
         <size>0xad</size>
         <input_file_ref idref="fl-9"/>
      </object_component>
      <object_component id="oc-81">
         <name>.debug_frame</name>
         <load_address>0x6eb</load_address>
         <run_address>0x6eb</run_address>
         <size>0x231</size>
         <input_file_ref idref="fl-a"/>
      </object_component>
      <object_component id="oc-87">
         <name>.debug_frame</name>
         <load_address>0x91c</load_address>
         <run_address>0x91c</run_address>
         <size>0xc6</size>
         <input_file_ref idref="fl-b"/>
      </object_component>
      <object_component id="oc-8d">
         <name>.debug_frame</name>
         <load_address>0x9e2</load_address>
         <run_address>0x9e2</run_address>
         <size>0x83</size>
         <input_file_ref idref="fl-c"/>
      </object_component>
      <object_component id="oc-93">
         <name>.debug_frame</name>
         <load_address>0xa65</load_address>
         <run_address>0xa65</run_address>
         <size>0x94</size>
         <input_file_ref idref="fl-d"/>
      </object_component>
      <object_component id="oc-9a">
         <name>.debug_frame</name>
         <load_address>0xaf9</load_address>
         <run_address>0xaf9</run_address>
         <size>0xc0</size>
         <input_file_ref idref="fl-e"/>
      </object_component>
      <object_component id="oc-a4">
         <name>.debug_frame</name>
         <load_address>0xbb9</load_address>
         <run_address>0xbb9</run_address>
         <size>0x179</size>
         <input_file_ref idref="fl-10"/>
      </object_component>
      <object_component id="oc-a9">
         <name>.debug_frame</name>
         <load_address>0xd32</load_address>
         <run_address>0xd32</run_address>
         <size>0xac</size>
         <input_file_ref idref="fl-11"/>
      </object_component>
      <object_component id="oc-af">
         <name>.debug_frame</name>
         <load_address>0xdde</load_address>
         <run_address>0xdde</run_address>
         <size>0x82</size>
         <input_file_ref idref="fl-12"/>
      </object_component>
      <object_component id="oc-b4">
         <name>.debug_frame</name>
         <load_address>0xe60</load_address>
         <run_address>0xe60</run_address>
         <size>0x94</size>
         <input_file_ref idref="fl-13"/>
      </object_component>
      <object_component id="oc-ba">
         <name>.debug_frame</name>
         <load_address>0xef4</load_address>
         <run_address>0xef4</run_address>
         <size>0xe3</size>
         <input_file_ref idref="fl-14"/>
      </object_component>
      <object_component id="oc-bf">
         <name>.debug_frame</name>
         <load_address>0xfd7</load_address>
         <run_address>0xfd7</run_address>
         <size>0x94</size>
         <input_file_ref idref="fl-15"/>
      </object_component>
      <object_component id="oc-c4">
         <name>.debug_frame</name>
         <load_address>0x106b</load_address>
         <run_address>0x106b</run_address>
         <size>0x7c</size>
         <input_file_ref idref="fl-16"/>
      </object_component>
      <object_component id="oc-fb">
         <name>.debug_frame</name>
         <load_address>0x10e7</load_address>
         <run_address>0x10e7</run_address>
         <size>0x16c</size>
         <input_file_ref idref="fl-18"/>
      </object_component>
      <object_component id="oc-100">
         <name>.debug_frame</name>
         <load_address>0x1253</load_address>
         <run_address>0x1253</run_address>
         <size>0x784</size>
         <input_file_ref idref="fl-19"/>
      </object_component>
      <object_component id="oc-106">
         <name>.debug_frame</name>
         <load_address>0x19d7</load_address>
         <run_address>0x19d7</run_address>
         <size>0x9b</size>
         <input_file_ref idref="fl-1a"/>
      </object_component>
      <object_component id="oc-110">
         <name>.debug_frame</name>
         <load_address>0x1a72</load_address>
         <run_address>0x1a72</run_address>
         <size>0xf1</size>
         <input_file_ref idref="fl-1c"/>
      </object_component>
      <object_component id="oc-120">
         <name>.debug_frame</name>
         <load_address>0x1b63</load_address>
         <run_address>0x1b63</run_address>
         <size>0x9d</size>
         <input_file_ref idref="fl-2e"/>
      </object_component>
      <object_component id="oc-127">
         <name>.debug_frame</name>
         <load_address>0x1c00</load_address>
         <run_address>0x1c00</run_address>
         <size>0x131</size>
         <input_file_ref idref="fl-2f"/>
      </object_component>
      <object_component id="oc-14a">
         <name>.debug_frame</name>
         <load_address>0x1d31</load_address>
         <run_address>0x1d31</run_address>
         <size>0xac</size>
         <input_file_ref idref="fl-37"/>
      </object_component>
      <object_component id="oc-151">
         <name>.debug_frame</name>
         <load_address>0x1ddd</load_address>
         <run_address>0x1ddd</run_address>
         <size>0x225</size>
         <input_file_ref idref="fl-38"/>
      </object_component>
      <object_component id="oc-156">
         <name>.debug_frame</name>
         <load_address>0x2002</load_address>
         <run_address>0x2002</run_address>
         <size>0x7c</size>
         <input_file_ref idref="fl-39"/>
      </object_component>
      <object_component id="oc-15b">
         <name>.debug_frame</name>
         <load_address>0x207e</load_address>
         <run_address>0x207e</run_address>
         <size>0x9e</size>
         <input_file_ref idref="fl-3a"/>
      </object_component>
      <object_component id="oc-160">
         <name>.debug_frame</name>
         <load_address>0x211c</load_address>
         <run_address>0x211c</run_address>
         <size>0x7c</size>
         <input_file_ref idref="fl-3b"/>
      </object_component>
      <object_component id="oc-165">
         <name>.debug_frame</name>
         <load_address>0x2198</load_address>
         <run_address>0x2198</run_address>
         <size>0x7c</size>
         <input_file_ref idref="fl-3c"/>
      </object_component>
      <object_component id="oc-16a">
         <name>.debug_frame</name>
         <load_address>0x2214</load_address>
         <run_address>0x2214</run_address>
         <size>0x7c</size>
         <input_file_ref idref="fl-3d"/>
      </object_component>
      <object_component id="oc-170">
         <name>.debug_frame</name>
         <load_address>0x2290</load_address>
         <run_address>0x2290</run_address>
         <size>0x242</size>
         <input_file_ref idref="fl-3e"/>
      </object_component>
      <object_component id="oc-17a">
         <name>.debug_frame</name>
         <load_address>0x24d2</load_address>
         <run_address>0x24d2</run_address>
         <size>0xb0</size>
         <input_file_ref idref="fl-40"/>
      </object_component>
      <object_component id="oc-17f">
         <name>.debug_frame</name>
         <load_address>0x2582</load_address>
         <run_address>0x2582</run_address>
         <size>0x7c</size>
         <input_file_ref idref="fl-41"/>
      </object_component>
      <object_component id="oc-184">
         <name>.debug_frame</name>
         <load_address>0x25fe</load_address>
         <run_address>0x25fe</run_address>
         <size>0xbe</size>
         <input_file_ref idref="fl-42"/>
      </object_component>
      <object_component id="oc-189">
         <name>.debug_frame</name>
         <load_address>0x26bc</load_address>
         <run_address>0x26bc</run_address>
         <size>0xb8</size>
         <input_file_ref idref="fl-43"/>
      </object_component>
      <object_component id="oc-191">
         <name>.debug_frame</name>
         <load_address>0x2774</load_address>
         <run_address>0x2774</run_address>
         <size>0x17e</size>
         <input_file_ref idref="fl-44"/>
      </object_component>
      <object_component id="oc-196">
         <name>.debug_frame</name>
         <load_address>0x28f2</load_address>
         <run_address>0x28f2</run_address>
         <size>0x7c</size>
         <input_file_ref idref="fl-45"/>
      </object_component>
      <object_component id="oc-19b">
         <name>.debug_frame</name>
         <load_address>0x296e</load_address>
         <run_address>0x296e</run_address>
         <size>0x7c</size>
         <input_file_ref idref="fl-46"/>
      </object_component>
      <object_component id="oc-1a0">
         <name>.debug_frame</name>
         <load_address>0x29ea</load_address>
         <run_address>0x29ea</run_address>
         <size>0x7c</size>
         <input_file_ref idref="fl-47"/>
      </object_component>
      <object_component id="oc-48">
         <name>.debug_line</name>
         <load_address>0x0</load_address>
         <run_address>0x0</run_address>
         <size>0x88</size>
         <input_file_ref idref="fl-2"/>
      </object_component>
      <object_component id="oc-50">
         <name>.debug_line</name>
         <load_address>0x88</load_address>
         <run_address>0x88</run_address>
         <size>0x89</size>
         <input_file_ref idref="fl-3"/>
      </object_component>
      <object_component id="oc-55">
         <name>.debug_line</name>
         <load_address>0x111</load_address>
         <run_address>0x111</run_address>
         <size>0x164</size>
         <input_file_ref idref="fl-4"/>
      </object_component>
      <object_component id="oc-5c">
         <name>.debug_line</name>
         <load_address>0x275</load_address>
         <run_address>0x275</run_address>
         <size>0xe4</size>
         <input_file_ref idref="fl-5"/>
      </object_component>
      <object_component id="oc-64">
         <name>.debug_line</name>
         <load_address>0x359</load_address>
         <run_address>0x359</run_address>
         <size>0x11e</size>
         <input_file_ref idref="fl-6"/>
      </object_component>
      <object_component id="oc-6b">
         <name>.debug_line</name>
         <load_address>0x477</load_address>
         <run_address>0x477</run_address>
         <size>0x74</size>
         <input_file_ref idref="fl-7"/>
      </object_component>
      <object_component id="oc-74">
         <name>.debug_line</name>
         <load_address>0x4eb</load_address>
         <run_address>0x4eb</run_address>
         <size>0x117</size>
         <input_file_ref idref="fl-8"/>
      </object_component>
      <object_component id="oc-79">
         <name>.debug_line</name>
         <load_address>0x602</load_address>
         <run_address>0x602</run_address>
         <size>0x11e</size>
         <input_file_ref idref="fl-9"/>
      </object_component>
      <object_component id="oc-82">
         <name>.debug_line</name>
         <load_address>0x720</load_address>
         <run_address>0x720</run_address>
         <size>0x2f3</size>
         <input_file_ref idref="fl-a"/>
      </object_component>
      <object_component id="oc-88">
         <name>.debug_line</name>
         <load_address>0xa13</load_address>
         <run_address>0xa13</run_address>
         <size>0xca</size>
         <input_file_ref idref="fl-b"/>
      </object_component>
      <object_component id="oc-8e">
         <name>.debug_line</name>
         <load_address>0xadd</load_address>
         <run_address>0xadd</run_address>
         <size>0x9e</size>
         <input_file_ref idref="fl-c"/>
      </object_component>
      <object_component id="oc-94">
         <name>.debug_line</name>
         <load_address>0xb7b</load_address>
         <run_address>0xb7b</run_address>
         <size>0x72</size>
         <input_file_ref idref="fl-d"/>
      </object_component>
      <object_component id="oc-9b">
         <name>.debug_line</name>
         <load_address>0xbed</load_address>
         <run_address>0xbed</run_address>
         <size>0x10b</size>
         <input_file_ref idref="fl-e"/>
      </object_component>
      <object_component id="oc-9f">
         <name>.debug_line</name>
         <load_address>0xcf8</load_address>
         <run_address>0xcf8</run_address>
         <size>0x70</size>
         <input_file_ref idref="fl-f"/>
      </object_component>
      <object_component id="oc-a5">
         <name>.debug_line</name>
         <load_address>0xd68</load_address>
         <run_address>0xd68</run_address>
         <size>0x20e</size>
         <input_file_ref idref="fl-10"/>
      </object_component>
      <object_component id="oc-aa">
         <name>.debug_line</name>
         <load_address>0xf76</load_address>
         <run_address>0xf76</run_address>
         <size>0xa5</size>
         <input_file_ref idref="fl-11"/>
      </object_component>
      <object_component id="oc-b0">
         <name>.debug_line</name>
         <load_address>0x101b</load_address>
         <run_address>0x101b</run_address>
         <size>0x92</size>
         <input_file_ref idref="fl-12"/>
      </object_component>
      <object_component id="oc-b5">
         <name>.debug_line</name>
         <load_address>0x10ad</load_address>
         <run_address>0x10ad</run_address>
         <size>0xad</size>
         <input_file_ref idref="fl-13"/>
      </object_component>
      <object_component id="oc-bb">
         <name>.debug_line</name>
         <load_address>0x115a</load_address>
         <run_address>0x115a</run_address>
         <size>0x106</size>
         <input_file_ref idref="fl-14"/>
      </object_component>
      <object_component id="oc-c0">
         <name>.debug_line</name>
         <load_address>0x1260</load_address>
         <run_address>0x1260</run_address>
         <size>0x92</size>
         <input_file_ref idref="fl-15"/>
      </object_component>
      <object_component id="oc-c5">
         <name>.debug_line</name>
         <load_address>0x12f2</load_address>
         <run_address>0x12f2</run_address>
         <size>0x7e</size>
         <input_file_ref idref="fl-16"/>
      </object_component>
      <object_component id="oc-fc">
         <name>.debug_line</name>
         <load_address>0x1370</load_address>
         <run_address>0x1370</run_address>
         <size>0x1a7</size>
         <input_file_ref idref="fl-18"/>
      </object_component>
      <object_component id="oc-101">
         <name>.debug_line</name>
         <load_address>0x1517</load_address>
         <run_address>0x1517</run_address>
         <size>0x726</size>
         <input_file_ref idref="fl-19"/>
      </object_component>
      <object_component id="oc-107">
         <name>.debug_line</name>
         <load_address>0x1c3d</load_address>
         <run_address>0x1c3d</run_address>
         <size>0xae</size>
         <input_file_ref idref="fl-1a"/>
      </object_component>
      <object_component id="oc-10c">
         <name>.debug_line</name>
         <load_address>0x1ceb</load_address>
         <run_address>0x1ceb</run_address>
         <size>0x89</size>
         <input_file_ref idref="fl-1b"/>
      </object_component>
      <object_component id="oc-111">
         <name>.debug_line</name>
         <load_address>0x1d74</load_address>
         <run_address>0x1d74</run_address>
         <size>0x185</size>
         <input_file_ref idref="fl-1c"/>
      </object_component>
      <object_component id="oc-116">
         <name>.debug_line</name>
         <load_address>0x1ef9</load_address>
         <run_address>0x1ef9</run_address>
         <size>0x70</size>
         <input_file_ref idref="fl-2c"/>
      </object_component>
      <object_component id="oc-121">
         <name>.debug_line</name>
         <load_address>0x1f69</load_address>
         <run_address>0x1f69</run_address>
         <size>0x5a</size>
         <input_file_ref idref="fl-2e"/>
      </object_component>
      <object_component id="oc-128">
         <name>.debug_line</name>
         <load_address>0x1fc3</load_address>
         <run_address>0x1fc3</run_address>
         <size>0x12c</size>
         <input_file_ref idref="fl-2f"/>
[...]
         <value>0x3e87fc</value>
         <object_component_ref idref="oc-ff"/>
      </symbol>
      <symbol id="sm-3a8">
         <name>_XINT1_ISR</name>
         <value>0x3e8824</value>
         <object_component_ref idref="oc-ff"/>
      </symbol>
      <symbol id="sm-3a9">
         <name>_INT14_ISR</name>
         <value>0x3e87c0</value>
         <object_component_ref idref="oc-ff"/>
      </symbol>
      <symbol id="sm-3aa">
         <name>_EPWM7_INT_ISR</name>
         <value>0x3e887e</value>
         <object_component_ref idref="oc-ff"/>
      </symbol>
      <symbol id="sm-3ab">
         <name>_USER6_ISR</name>
         <value>0x3e87f7</value>
         <object_component_ref idref="oc-ff"/>
      </symbol>
      <symbol id="sm-3ac">
         <name>_CLA1_INT1_ISR</name>
         <value>0x3e88f1</value>
         <object_component_ref idref="oc-ff"/>
      </symbol>
      <symbol id="sm-3ad">
         <name>_ADCINT1_ISR</name>
         <value>0x3e881a</value>
         <object_component_ref idref="oc-ff"/>
      </symbol>
      <symbol id="sm-3ae">
         <name>_LIN0INTA_ISR</name>
         <value>0x3e88bf</value>
         <object_component_ref idref="oc-ff"/>
      </symbol>
      <symbol id="sm-3af">
         <name>_USER12_ISR</name>
         <value>0x3e8815</value>
         <object_component_ref idref="oc-ff"/>
      </symbol>
      <symbol id="sm-3b0">
         <name>_USER1_ISR</name>
         <value>0x3e87de</value>
         <object_component_ref idref="oc-ff"/>
      </symbol>
      <symbol id="sm-3b1">
         <name>_XINT3_ISR</name>
         <value>0x3e8919</value>
         <object_component_ref idref="oc-ff"/>
      </symbol>
      <symbol id="sm-3b2">
         <name>_CLA1_INT6_ISR</name>
         <value>0x3e890a</value>
         <object_component_ref idref="oc-ff"/>
      </symbol>
      <symbol id="sm-3b3">
         <name>_EPWM5_INT_ISR</name>
         <value>0x3e8874</value>
         <object_component_ref idref="oc-ff"/>
      </symbol>
      <symbol id="sm-3b4">
         <name>_NMI_ISR</name>
         <value>0x3e87d4</value>
         <object_component_ref idref="oc-ff"/>
      </symbol>
      <symbol id="sm-3b5">
         <name>_ECAN1INTA_ISR</name>
         <value>0x3e88ce</value>
         <object_component_ref idref="oc-ff"/>
      </symbol>
      <symbol id="sm-3b6">
         <name>_ADCINT2_ISR</name>
         <value>0x3e881f</value>
         <object_component_ref idref="oc-ff"/>
      </symbol>
      <symbol id="sm-3b7">
         <name>_PIE_RESERVED</name>
         <value>0x3e892d</value>
         <object_component_ref idref="oc-ff"/>
      </symbol>
      <symbol id="sm-3b8">
         <name>_I2CINT1A_ISR</name>
         <value>0x3e88ab</value>
         <object_component_ref idref="oc-ff"/>
      </symbol>
      <symbol id="sm-3b9">
         <name>_XINT2_ISR</name>
         <value>0x3e8829</value>
         <object_component_ref idref="oc-ff"/>
      </symbol>
      <symbol id="sm-3ba">
         <name>_CLA1_INT7_ISR</name>
         <value>0x3e890f</value>
         <object_component_ref idref="oc-ff"/>
      </symbol>
      <symbol id="sm-3bb">
         <name>_I2CINT2A_ISR</name>
         <value>0x3e88b0</value>
         <object_component_ref idref="oc-ff"/>
      </symbol>
      <symbol id="sm-3bc">
         <name>_RTOSINT_ISR</name>
         <value>0x3e87ca</value>
         <object_component_ref idref="oc-ff"/>
      </symbol>
      <symbol id="sm-3bd">
         <name>_EPWM3_INT_ISR</name>
         <value>0x3e886a</value>
         <object_component_ref idref="oc-ff"/>
      </symbol>
      <symbol id="sm-3be">
         <name>_ADCINT3_ISR</name>
         <value>0x3e88d3</value>
         <object_component_ref idref="oc-ff"/>
      </symbol>
      <symbol id="sm-3bf">
         <name>_SPITXINTB_ISR</name>
         <value>0x3e88a6</value>
         <object_component_ref idref="oc-ff"/>
      </symbol>
      <symbol id="sm-3c0">
         <name>_SPIRXINTB_ISR</name>
         <value>0x3e88a1</value>
         <object_component_ref idref="oc-ff"/>
      </symbol>
      <symbol id="sm-3c1">
         <name>_USER9_ISR</name>
         <value>0x3e8806</value>
         <object_component_ref idref="oc-ff"/>
      </symbol>
      <symbol id="sm-3c2">
         <name>_USER3_ISR</name>
         <value>0x3e87e8</value>
         <object_component_ref idref="oc-ff"/>
      </symbol>
      <symbol id="sm-3c3">
         <name>_CLA1_INT4_ISR</name>
         <value>0x3e8900</value>
         <object_component_ref idref="oc-ff"/>
      </symbol>
      <symbol id="sm-3c4">
         <name>_EQEP1_INT_ISR</name>
         <value>0x3e8892</value>
         <object_component_ref idref="oc-ff"/>
      </symbol>
      <symbol id="sm-3c5">
         <name>_USER8_ISR</name>
         <value>0x3e8801</value>
         <object_component_ref idref="oc-ff"/>
      </symbol>
      <symbol id="sm-3c6">
         <name>_EPWM1_INT_ISR</name>
         <value>0x3e8860</value>
         <object_component_ref idref="oc-ff"/>
      </symbol>
      <symbol id="sm-3c7">
         <name>_USER2_ISR</name>
         <value>0x3e87e3</value>
         <object_component_ref idref="oc-ff"/>
      </symbol>
      <symbol id="sm-3c8">
         <name>_CLA1_INT5_ISR</name>
         <value>0x3e8905</value>
         <object_component_ref idref="oc-ff"/>
      </symbol>
      <symbol id="sm-3c9">
         <name>_LUF_ISR</name>
         <value>0x3e8923</value>
         <object_component_ref idref="oc-ff"/>
      </symbol>
      <symbol id="sm-3ca">
         <name>_LVF_ISR</name>
         <value>0x3e891e</value>
         <object_component_ref idref="oc-ff"/>
      </symbol>
      <symbol id="sm-3cb">
         <name>_SCITXINTA_ISR</name>
         <value>0x3e88ba</value>
         <object_component_ref idref="oc-ff"/>
      </symbol>
      <symbol id="sm-3cc">
         <name>_SCIRXINTA_ISR</name>
         <value>0x3e88b5</value>
         <object_component_ref idref="oc-ff"/>
      </symbol>
      <symbol id="sm-3cd">
         <name>_rsvd_ISR</name>
         <value>0x3e8932</value>
         <object_component_ref idref="oc-ff"/>
      </symbol>
      <symbol id="sm-3ce">
         <name>_HRCAP1_INT_ISR</name>
         <value>0x3e8888</value>
         <object_component_ref idref="oc-ff"/>
      </symbol>
      <symbol id="sm-3da">
         <name>_CpuTimer2</name>
         <value>0x9148</value>
         <object_component_ref idref="oc-105"/>
      </symbol>
      <symbol id="sm-3db">
         <name>_CpuTimer0</name>
         <value>0x9150</value>
         <object_component_ref idref="oc-105"/>
      </symbol>
      <symbol id="sm-3dc">
         <name>_CpuTimer1</name>
         <value>0x9140</value>
         <object_component_ref idref="oc-105"/>
      </symbol>
      <symbol id="sm-3dd">
         <name>_InitCpuTimers</name>
         <value>0x3e97dd</value>
         <object_component_ref idref="oc-103"/>
      </symbol>
      <symbol id="sm-3de">
         <name>_ConfigCpuTimer</name>
         <value>0x3e981e</value>
         <object_component_ref idref="oc-103"/>
      </symbol>
      <symbol id="sm-3e9">
         <name>code_start</name>
         <value>0x3f7ff6</value>
         <object_component_ref idref="oc-10a"/>
      </symbol>
      <symbol id="sm-3f6">
         <name>_InitAdc</name>
         <value>0x3e8000</value>
         <object_component_ref idref="oc-10e"/>
      </symbol>
      <symbol id="sm-3f7">
         <name>_InitAdcAio</name>
         <value>0x3e801e</value>
         <object_component_ref idref="oc-10e"/>
      </symbol>
      <symbol id="sm-3f8">
         <name>_AdcOffsetSelfCal</name>
         <value>0x3e8040</value>
         <object_component_ref idref="oc-10e"/>
      </symbol>
      <symbol id="sm-3f9">
         <name>_AdcChanSelect</name>
         <value>0x3e8067</value>
         <object_component_ref idref="oc-10e"/>
      </symbol>
      <symbol id="sm-3fa">
         <name>_AdcConversion</name>
         <value>0x3e80dc</value>
         <object_component_ref idref="oc-10e"/>
      </symbol>
      <symbol id="sm-40e">
         <name>_c_int00</name>
         <value>0x3e9b2f</value>
         <object_component_ref idref="oc-44"/>
      </symbol>
      <symbol id="sm-40f">
         <name>__stack</name>
         <value>0x50</value>
         <object_component_ref idref="oc-113"/>
      </symbol>
      <symbol id="sm-419">
         <name>___TI_ft_end</name>
         <value>0x8e40</value>
         <object_component_ref idref="oc-11a"/>
      </symbol>
      <symbol id="sm-41a">
         <name>___TI_tmpnams</name>
         <value>0x8f00</value>
         <object_component_ref idref="oc-11a"/>
      </symbol>
      <symbol id="sm-41b">
         <name>__ftable</name>
         <value>0x8e80</value>
         <object_component_ref idref="oc-11a"/>
      </symbol>
      <symbol id="sm-42c">
         <name>C$$EXIT</name>
         <value>0x3e9dc5</value>
         <object_component_ref idref="oc-11c"/>
      </symbol>
      <symbol id="sm-42d">
         <name>_exit</name>
         <value>0x3e9dc7</value>
         <object_component_ref idref="oc-11c"/>
      </symbol>
      <symbol id="sm-42e">
         <name>___TI_cleanup_ptr</name>
         <value>0x913a</value>
         <object_component_ref idref="oc-11f"/>
      </symbol>
      <symbol id="sm-42f">
         <name>_abort</name>
         <value>0x3e9dc5</value>
         <object_component_ref idref="oc-11c"/>
      </symbol>
      <symbol id="sm-430">
         <name>___TI_dtors_ptr</name>
         <value>0x913c</value>
         <object_component_ref idref="oc-11f"/>
      </symbol>
      <symbol id="sm-463">
         <name>_fopen</name>
         <value>0x3e9274</value>
         <object_component_ref idref="oc-123"/>
      </symbol>
      <symbol id="sm-464">
         <name>___TI_cleanup</name>
         <value>0x3e9207</value>
         <object_component_ref idref="oc-123"/>
      </symbol>
      <symbol id="sm-465">
         <name>_freopen</name>
         <value>0x3e9224</value>
         <object_component_ref idref="oc-123"/>
      </symbol>
      <symbol id="sm-47b">
         <name>FS$$ADD</name>
         <value>0x3e96f2</value>
         <object_component_ref idref="oc-12a"/>
      </symbol>
      <symbol id="sm-47c">
         <name>FS$$SUB</name>
         <value>0x3e96ed</value>
         <object_component_ref idref="oc-12a"/>
      </symbol>
      <symbol id="sm-489">
         <name>FS$$MPY</name>
         <value>0x3e9ad5</value>
         <object_component_ref idref="oc-12e"/>
      </symbol>
      <symbol id="sm-496">
         <name>FS$$TOI</name>
         <value>0x3e9cd5</value>
         <object_component_ref idref="oc-132"/>
      </symbol>
      <symbol id="sm-4a5">
         <name>FS$$TOL</name>
         <value>0x3e9c38</value>
         <object_component_ref idref="oc-136"/>
      </symbol>
      <symbol id="sm-4af">
         <name>I$$MOD</name>
         <value>0x3e9d0b</value>
         <object_component_ref idref="oc-13a"/>
      </symbol>
      <symbol id="sm-4b0">
         <name>I$$DIV</name>
         <value>0x3e9cfa</value>
         <object_component_ref idref="oc-13a"/>
      </symbol>
      <symbol id="sm-4bb">
         <name>I$$TOFS</name>
         <value>0x3e9d79</value>
         <object_component_ref idref="oc-13e"/>
      </symbol>
      <symbol id="sm-4c3">
         <name>UL$$MOD</name>
         <value>0x3e9c09</value>
         <object_component_ref idref="oc-142"/>
      </symbol>
      <symbol id="sm-4c4">
         <name>L$$MOD</name>
         <value>0x3e9bf4</value>
         <object_component_ref idref="oc-142"/>
      </symbol>
      <symbol id="sm-4c5">
         <name>L$$DIV</name>
         <value>0x3e9be5</value>
         <object_component_ref idref="oc-142"/>
      </symbol>
      <symbol id="sm-4c6">
         <name>UL$$DIV</name>
         <value>0x3e9c02</value>
         <object_component_ref idref="oc-142"/>
      </symbol>
      <symbol id="sm-4d4">
         <name>__unlock</name>
         <value>0x9136</value>
         <object_component_ref idref="oc-149"/>
      </symbol>
      <symbol id="sm-4d5">
         <name>__lock</name>
         <value>0x9138</value>
         <object_component_ref idref="oc-149"/>
      </symbol>
      <symbol id="sm-4d6">
         <name>__register_lock</name>
         <value>0x3e9e3a</value>
         <object_component_ref idref="oc-146"/>
      </symbol>
      <symbol id="sm-4d7">
         <name>__nop</name>
         <value>0x3e9e3e</value>
         <object_component_ref idref="oc-146"/>
      </symbol>
      <symbol id="sm-4d8">
         <name>__register_unlock</name>
         <value>0x3e9e36</value>
         <object_component_ref idref="oc-146"/>
      </symbol>
      <symbol id="sm-50d">
         <name>_add_device</name>
         <value>0x3e8398</value>
         <object_component_ref idref="oc-14d"/>
      </symbol>
      <symbol id="sm-50e">
         <name>_rename</name>
         <value>0x3e8281</value>
         <object_component_ref idref="oc-14d"/>
      </symbol>
      <symbol id="sm-50f">
         <name>_read</name>
         <value>0x3e82c4</value>
         <object_component_ref idref="oc-14d"/>
      </symbol>
      <symbol id="sm-510">
         <name>_unlink</name>
         <value>0x3e8269</value>
         <object_component_ref idref="oc-14d"/>
      </symbol>
      <symbol id="sm-511">
         <name>_remove_device</name>
         <value>0x3e82aa</value>
         <object_component_ref idref="oc-14d"/>
      </symbol>
      <symbol id="sm-512">
         <name>_open</name>
         <value>0x3e82dc</value>
         <object_component_ref idref="oc-14d"/>
      </symbol>
      <symbol id="sm-513">
         <name>_lseek</name>
         <value>0x3e834e</value>
         <object_component_ref idref="oc-14d"/>
      </symbol>
      <symbol id="sm-514">
         <name>_close</name>
         <value>0x3e8366</value>
         <object_component_ref idref="oc-14d"/>
      </symbol>
      <symbol id="sm-515">
         <name>_write</name>
         <value>0x3e8203</value>
         <object_component_ref idref="oc-14d"/>
      </symbol>
      <symbol id="sm-524">
         <name>___memcpy_ff</name>
         <value>0x3e9d3e</value>
         <object_component_ref idref="oc-154"/>
      </symbol>
      <symbol id="sm-539">
         <name>_setvbuf</name>
         <value>0x3e9765</value>
         <object_component_ref idref="oc-159"/>
      </symbol>
      <symbol id="sm-546">
         <name>_strchr</name>
         <value>0x3e9e18</value>
         <object_component_ref idref="oc-15e"/>
      </symbol>
      <symbol id="sm-552">
         <name>_strcmp</name>
         <value>0x3e9e23</value>
         <object_component_ref idref="oc-163"/>
      </symbol>
      <symbol id="sm-560">
         <name>_strncpy</name>
         <value>0x3e9d1c</value>
         <object_component_ref idref="oc-168"/>
      </symbol>
      <symbol id="sm-571">
         <name>_HOSTopen</name>
         <value>0x3e84fd</value>
         <object_component_ref idref="oc-16d"/>
      </symbol>
      <symbol id="sm-572">
         <name>_HOSTread</name>
         <value>0x3e84c7</value>
         <object_component_ref idref="oc-16d"/>
      </symbol>
      <symbol id="sm-573">
         <name>_HOSTgetenv</name>
         <value>0x3e857b</value>
         <object_component_ref idref="oc-16d"/>
      </symbol>
      <symbol id="sm-574">
         <name>_HOSTtime</name>
         <value>0x3e845f</value>
         <object_component_ref idref="oc-16d"/>
      </symbol>
      <symbol id="sm-575">
         <name>_HOSTrename</name>
         <value>0x3e8489</value>
         <object_component_ref idref="oc-16d"/>
      </symbol>
      <symbol id="sm-576">
         <name>_HOSTclock</name>
         <value>0x3e85ca</value>
         <object_component_ref idref="oc-16d"/>
      </symbol>
      <symbol id="sm-577">
         <name>_HOSTwrite</name>
         <value>0x3e8404</value>
         <object_component_ref idref="oc-16d"/>
      </symbol>
      <symbol id="sm-578">
         <name>_HOSTlseek</name>
         <value>0x3e8534</value>
         <object_component_ref idref="oc-16d"/>
      </symbol>
      <symbol id="sm-579">
         <name>_HOSTunlink</name>
         <value>0x3e843a</value>
         <object_component_ref idref="oc-16d"/>
      </symbol>
      <symbol id="sm-57a">
         <name>_HOSTclose</name>
         <value>0x3e85a3</value>
         <object_component_ref idref="oc-16d"/>
      </symbol>
      <symbol id="sm-584">
         <name>U$$TOFS</name>
         <value>0x3e9e08</value>
         <object_component_ref idref="oc-173"/>
      </symbol>
      <symbol id="sm-59a">
         <name>___TI_readmsg</name>
         <value>0x3e96b3</value>
         <object_component_ref idref="oc-177"/>
      </symbol>
      <symbol id="sm-59b">
         <name>C$$IO$$</name>
         <value>0x3e96af</value>
         <object_component_ref idref="oc-177"/>
      </symbol>
      <symbol id="sm-59c">
         <name>__CIOBUF_</name>
         <value>0x9180</value>
         <object_component_ref idref="oc-179"/>
      </symbol>
      <symbol id="sm-59d">
         <name>___TI_writemsg</name>
         <value>0x3e965f</value>
         <object_component_ref idref="oc-177"/>
      </symbol>
      <symbol id="sm-5a9">
         <name>__args_main</name>
         <value>0x3e9dac</value>
         <object_component_ref idref="oc-17d"/>
      </symbol>
      <symbol id="sm-5aa">
         <name>__TI_args_main</name>
         <value>0x1</value>
      </symbol>
      <symbol id="sm-5b9">
         <name>___TI_closefile</name>
         <value>0x3e9a7a</value>
         <object_component_ref idref="oc-182"/>
      </symbol>
      <symbol id="sm-5ba">
         <name>_fclose</name>
         <value>0x3e9abc</value>
         <object_component_ref idref="oc-182"/>
      </symbol>
      <symbol id="sm-5cd">
         <name>___TI_doflush</name>
         <value>0x3e99a7</value>
         <object_component_ref idref="oc-187"/>
      </symbol>
      <symbol id="sm-5ce">
         <name>_fflush</name>
         <value>0x3e99d6</value>
         <object_component_ref idref="oc-187"/>
      </symbol>
      <symbol id="sm-614">
         <name>__sys_memory</name>
         <value>0x400</value>
         <object_component_ref idref="oc-190"/>
      </symbol>
      <symbol id="sm-615">
         <name>_chkheap</name>
         <value>0x3e87a2</value>
         <object_component_ref idref="oc-18c"/>
      </symbol>
      <symbol id="sm-616">
         <name>_realloc</name>
         <value>0x3e86b6</value>
         <object_component_ref idref="oc-18c"/>
      </symbol>
      <symbol id="sm-617">
         <name>_free_memory</name>
         <value>0x3e8786</value>
         <object_component_ref idref="oc-18c"/>
      </symbol>
      <symbol id="sm-618">
         <name>_max_free</name>
         <value>0x3e8766</value>
         <object_component_ref idref="oc-18c"/>
      </symbol>
      <symbol id="sm-619">
         <name>_free</name>
         <value>0x3e85f4</value>
         <object_component_ref idref="oc-18c"/>
      </symbol>
      <symbol id="sm-61a">
         <name>_calloc</name>
         <value>0x3e87a4</value>
         <object_component_ref idref="oc-18c"/>
      </symbol>
      <symbol id="sm-61b">
         <name>_malloc</name>
         <value>0x3e865d</value>
         <object_component_ref idref="oc-18c"/>
      </symbol>
      <symbol id="sm-61c">
         <name>_minit</name>
         <value>0x3e8639</value>
         <object_component_ref idref="oc-18c"/>
      </symbol>
      <symbol id="sm-626">
         <name>_remove</name>
         <value>0x3e9e54</value>
         <object_component_ref idref="oc-194"/>
      </symbol>
      <symbol id="sm-631">
         <name>_strcpy</name>
         <value>0x3e9e4f</value>
         <object_component_ref idref="oc-199"/>
      </symbol>
      <symbol id="sm-63c">
         <name>_strlen</name>
         <value>0x3e9e47</value>
         <object_component_ref idref="oc-19e"/>
      </symbol>
   </symbol_table>
   <title>Link successful</title>
</link_info>
