<?xml version="1.0"?>
<link_info>
   <banner>TMS320C2000 Linker PC v6.2.0</banner>
   <copyright>Copyright (c) 1996-2013 Texas Instruments Incorporated</copyright>
   <link_time>0x58e47fe8</link_time>
   <link_errors>0x0</link_errors>
   <output_file>WXCD_FS.out</output_file>
   <entry_point>
      <name>_c_int00</name>
      <address>0x3ea5da</address>
   </entry_point>
   <input_file_list>
      <input_file id="fl-2">
         <path>.\user\</path>
         <kind>object</kind>
         <file>zm5168.obj</file>
         <name>zm5168.obj</name>
      </input_file>
      <input_file id="fl-3">
         <path>.\user\</path>
         <kind>object</kind>
         <file>timer.obj</file>
         <name>timer.obj</name>
      </input_file>
      <input_file id="fl-4">
         <path>.\user\</path>
         <kind>object</kind>
         <file>sim_spi.obj</file>
         <name>sim_spi.obj</name>
      </input_file>
      <input_file id="fl-5">
         <path>.\user\</path>
         <kind>object</kind>
         <file>pwm.obj</file>
         <name>pwm.obj</name>
      </input_file>
      <input_file id="fl-6">
         <path>.\user\</path>
         <kind>object</kind>
         <file>printf_uart.obj</file>
         <name>printf_uart.obj</name>
      </input_file>
      <input_file id="fl-7">
         <path>.\user\</path>
         <kind>object</kind>
         <file>pid.obj</file>
         <name>pid.obj</name>
      </input_file>
      <input_file id="fl-8">
         <path>.\user\</path>
         <kind>object</kind>
         <file>main.obj</file>
         <name>main.obj</name>
      </input_file>
      <input_file id="fl-9">
         <path>.\user\</path>
         <kind>object</kind>
         <file>led.obj</file>
         <name>led.obj</name>
      </input_file>
      <input_file id="fl-a">
         <path>.\user\</path>
         <kind>object</kind>
         <file>ad.obj</file>
         <name>ad.obj</name>
      </input_file>
      <input_file id="fl-b">
         <path>.\user\</path>
         <kind>object</kind>
         <file>TM1650_IIC.obj</file>
         <name>TM1650_IIC.obj</name>
      </input_file>
      <input_file id="fl-c">
         <path>.\user\</path>
         <kind>object</kind>
         <file>Exint.obj</file>
         <name>Exint.obj</name>
      </input_file>
      <input_file id="fl-d">
         <path>.\user\</path>
         <kind>object</kind>
         <file>DataScope_DP.obj</file>
         <name>DataScope_DP.obj</name>
      </input_file>
      <input_file id="fl-e">
         <path>.\</path>
         <kind>object</kind>
         <file>DSP2803x_usDelay.obj</file>
         <name>DSP2803x_usDelay.obj</name>
      </input_file>
      <input_file id="fl-f">
         <path>.\</path>
         <kind>object</kind>
         <file>DSP2803x_SysCtrl.obj</file>
         <name>DSP2803x_SysCtrl.obj</name>
      </input_file>
      <input_file id="fl-10">
         <path>.\</path>
         <kind>object</kind>
         <file>DSP2803x_Sci.obj</file>
         <name>DSP2803x_Sci.obj</name>
      </input_file>
      <input_file id="fl-11">
         <path>.\</path>
         <kind>object</kind>
         <file>DSP2803x_PieVect.obj</file>
         <name>DSP2803x_PieVect.obj</name>
      </input_file>
      <input_file id="fl-12">
         <path>.\</path>
         <kind>object</kind>
         <file>DSP2803x_PieCtrl.obj</file>
         <name>DSP2803x_PieCtrl.obj</name>
      </input_file>
      <input_file id="fl-13">
         <path>.\</path>
         <kind>object</kind>
         <file>DSP2803x_Lin.obj</file>
         <name>DSP2803x_Lin.obj</name>
      </input_file>
      <input_file id="fl-14">
         <path>.\</path>
         <kind>object</kind>
         <file>DSP2803x_I2C.obj</file>
         <name>DSP2803x_I2C.obj</name>
      </input_file>
      <input_file id="fl-15">
         <path>.\</path>
         <kind>object</kind>
         <file>DSP2803x_Gpio.obj</file>
         <name>DSP2803x_Gpio.obj</name>
      </input_file>
      <input_file id="fl-16">
         <path>.\</path>
         <kind>object</kind>
         <file>DSP2803x_GlobalVariableDefs.obj</file>
         <name>DSP2803x_GlobalVariableDefs.obj</name>
      </input_file>
      <input_file id="fl-17">
         <path>.\</path>
         <kind>object</kind>
         <file>DSP2803x_EPwm.obj</file>
         <name>DSP2803x_EPwm.obj</name>
      </input_file>
      <input_file id="fl-18">
         <path>.\</path>
         <kind>object</kind>
         <file>DSP2803x_DefaultIsr.obj</file>
         <name>DSP2803x_DefaultIsr.obj</name>
      </input_file>
      <input_file id="fl-19">
         <path>.\</path>
         <kind>object</kind>
         <file>DSP2803x_CpuTimers.obj</file>
         <name>DSP2803x_CpuTimers.obj</name>
      </input_file>
      <input_file id="fl-1a">
         <path>.\</path>
         <kind>object</kind>
         <file>DSP2803x_CodeStartBranch.obj</file>
         <name>DSP2803x_CodeStartBranch.obj</name>
      </input_file>
      <input_file id="fl-1b">
         <path>.\</path>
         <kind>object</kind>
         <file>DSP2803x_Adc.obj</file>
         <name>DSP2803x_Adc.obj</name>
      </input_file>
      <input_file id="fl-2b">
         <path>C:\ti\ccsv5\tools\compiler\c2000_6.2.0\lib\</path>
         <kind>archive</kind>
         <file>rts2800_ml.lib</file>
         <name>boot.obj</name>
      </input_file>
      <input_file id="fl-2c">
         <path>C:\ti\ccsv5\tools\compiler\c2000_6.2.0\lib\</path>
         <kind>archive</kind>
         <file>rts2800_ml.lib</file>
         <name>defs.obj</name>
      </input_file>
      <input_file id="fl-2d">
         <path>C:\ti\ccsv5\tools\compiler\c2000_6.2.0\lib\</path>
         <kind>archive</kind>
         <file>rts2800_ml.lib</file>
         <name>exit.obj</name>
      </input_file>
      <input_file id="fl-2e">
         <path>C:\ti\ccsv5\tools\compiler\c2000_6.2.0\lib\</path>
         <kind>archive</kind>
         <file>rts2800_ml.lib</file>
         <name>fopen.obj</name>
      </input_file>
      <input_file id="fl-2f">
         <path>C:\ti\ccsv5\tools\compiler\c2000_6.2.0\lib\</path>
         <kind>archive</kind>
         <file>rts2800_ml.lib</file>
         <name>fs_add.obj</name>
      </input_file>
      <input_file id="fl-30">
         <path>C:\ti\ccsv5\tools\compiler\c2000_6.2.0\lib\</path>
         <kind>archive</kind>
         <file>rts2800_ml.lib</file>
         <name>fs_div.obj</name>
      </input_file>
      <input_file id="fl-31">
         <path>C:\ti\ccsv5\tools\compiler\c2000_6.2.0\lib\</path>
         <kind>archive</kind>
         <file>rts2800_ml.lib</file>
         <name>fs_mpy.obj</name>
      </input_file>
      <input_file id="fl-32">
         <path>C:\ti\ccsv5\tools\compiler\c2000_6.2.0\lib\</path>
         <kind>archive</kind>
         <file>rts2800_ml.lib</file>
         <name>fs_toi.obj</name>
      </input_file>
      <input_file id="fl-33">
         <path>C:\ti\ccsv5\tools\compiler\c2000_6.2.0\lib\</path>
         <kind>archive</kind>
         <file>rts2800_ml.lib</file>
         <name>fs_tol.obj</name>
      </input_file>
      <input_file id="fl-34">
         <path>C:\ti\ccsv5\tools\compiler\c2000_6.2.0\lib\</path>
         <kind>archive</kind>
         <file>rts2800_ml.lib</file>
         <name>fs_tou.obj</name>
      </input_file>
      <input_file id="fl-35">
         <path>C:\ti\ccsv5\tools\compiler\c2000_6.2.0\lib\</path>
         <kind>archive</kind>
         <file>rts2800_ml.lib</file>
         <name>i_tofs.obj</name>
      </input_file>
      <input_file id="fl-36">
         <path>C:\ti\ccsv5\tools\compiler\c2000_6.2.0\lib\</path>
         <kind>archive</kind>
         <file>rts2800_ml.lib</file>
         <name>l_div.obj</name>
      </input_file>
      <input_file id="fl-37">
         <path>C:\ti\ccsv5\tools\compiler\c2000_6.2.0\lib\</path>
         <kind>archive</kind>
         <file>rts2800_ml.lib</file>
         <name>_lock.obj</name>
      </input_file>
      <input_file id="fl-38">
         <path>C:\ti\ccsv5\tools\compiler\c2000_6.2.0\lib\</path>
         <kind>archive</kind>
         <file>rts2800_ml.lib</file>
         <name>lowlev.obj</name>
      </input_file>
      <input_file id="fl-39">
         <path>C:\ti\ccsv5\tools\compiler\c2000_6.2.0\lib\</path>
         <kind>archive</kind>
         <file>rts2800_ml.lib</file>
         <name>memcpy_ff.obj</name>
      </input_file>
      <input_file id="fl-3a">
         <path>C:\ti\ccsv5\tools\compiler\c2000_6.2.0\lib\</path>
         <kind>archive</kind>
         <file>rts2800_ml.lib</file>
         <name>printf.obj</name>
      </input_file>
      <input_file id="fl-3b">
         <path>C:\ti\ccsv5\tools\compiler\c2000_6.2.0\lib\</path>
         <kind>archive</kind>
         <file>rts2800_ml.lib</file>
         <name>setvbuf.obj</name>
      </input_file>
      <input_file id="fl-3c">
         <path>C:\ti\ccsv5\tools\compiler\c2000_6.2.0\lib\</path>
         <kind>archive</kind>
         <file>rts2800_ml.lib</file>
         <name>strchr.obj</name>
      </input_file>
      <input_file id="fl-3d">
         <path>C:\ti\ccsv5\tools\compiler\c2000_6.2.0\lib\</path>
         <kind>archive</kind>
         <file>rts2800_ml.lib</file>
         <name>strcmp.obj</name>
      </input_file>
      <input_file id="fl-3e">
         <path>C:\ti\ccsv5\tools\compiler\c2000_6.2.0\lib\</path>
         <kind>archive</kind>
         <file>rts2800_ml.lib</file>
         <name>strncpy.obj</name>
      </input_file>
      <input_file id="fl-3f">
         <path>C:\ti\ccsv5\tools\compiler\c2000_6.2.0\lib\</path>
         <kind>archive</kind>
         <file>rts2800_ml.lib</file>
         <name>trgdrv.obj</name>
      </input_file>
      <input_file id="fl-40">
         <path>C:\ti\ccsv5\tools\compiler\c2000_6.2.0\lib\</path>
         <kind>archive</kind>
         <file>rts2800_ml.lib</file>
         <name>u_div.obj</name>
      </input_file>
      <input_file id="fl-41">
         <path>C:\ti\ccsv5\tools\compiler\c2000_6.2.0\lib\</path>
         <kind>archive</kind>
         <file>rts2800_ml.lib</file>
         <name>u_tofs.obj</name>
      </input_file>
      <input_file id="fl-42">
         <path>C:\ti\ccsv5\tools\compiler\c2000_6.2.0\lib\</path>
         <kind>archive</kind>
         <file>rts2800_ml.lib</file>
         <name>ankmsg.obj</name>
      </input_file>
      <input_file id="fl-43">
         <path>C:\ti\ccsv5\tools\compiler\c2000_6.2.0\lib\</path>
         <kind>archive</kind>
         <file>rts2800_ml.lib</file>
         <name>args_main.obj</name>
      </input_file>
      <input_file id="fl-44">
         <path>C:\ti\ccsv5\tools\compiler\c2000_6.2.0\lib\</path>
         <kind>archive</kind>
         <file>rts2800_ml.lib</file>
         <name>fclose.obj</name>
      </input_file>
      <input_file id="fl-45">
         <path>C:\ti\ccsv5\tools\compiler\c2000_6.2.0\lib\</path>
         <kind>archive</kind>
         <file>rts2800_ml.lib</file>
         <name>fflush.obj</name>
      </input_file>
      <input_file id="fl-46">
         <path>C:\ti\ccsv5\tools\compiler\c2000_6.2.0\lib\</path>
         <kind>archive</kind>
         <file>rts2800_ml.lib</file>
         <name>fputc.obj</name>
      </input_file>
      <input_file id="fl-47">
         <path>C:\ti\ccsv5\tools\compiler\c2000_6.2.0\lib\</path>
         <kind>archive</kind>
         <file>rts2800_ml.lib</file>
         <name>fputs.obj</name>
      </input_file>
      <input_file id="fl-48">
         <path>C:\ti\ccsv5\tools\compiler\c2000_6.2.0\lib\</path>
         <kind>archive</kind>
         <file>rts2800_ml.lib</file>
         <name>_io_perm.obj</name>
      </input_file>
      <input_file id="fl-49">
         <path>C:\ti\ccsv5\tools\compiler\c2000_6.2.0\lib\</path>
         <kind>archive</kind>
         <file>rts2800_ml.lib</file>
         <name>memchr.obj</name>
      </input_file>
      <input_file id="fl-4a">
         <path>C:\ti\ccsv5\tools\compiler\c2000_6.2.0\lib\</path>
         <kind>archive</kind>
         <file>rts2800_ml.lib</file>
         <name>memory.obj</name>
      </input_file>
      <input_file id="fl-4b">
         <path>C:\ti\ccsv5\tools\compiler\c2000_6.2.0\lib\</path>
         <kind>archive</kind>
         <file>rts2800_ml.lib</file>
         <name>_printfi.obj</name>
      </input_file>
      <input_file id="fl-4c">
         <path>C:\ti\ccsv5\tools\compiler\c2000_6.2.0\lib\</path>
         <kind>archive</kind>
         <file>rts2800_ml.lib</file>
         <name>remove.obj</name>
      </input_file>
      <input_file id="fl-4d">
         <path>C:\ti\ccsv5\tools\compiler\c2000_6.2.0\lib\</path>
         <kind>archive</kind>
         <file>rts2800_ml.lib</file>
         <name>strcpy.obj</name>
      </input_file>
      <input_file id="fl-4e">
         <path>C:\ti\ccsv5\tools\compiler\c2000_6.2.0\lib\</path>
         <kind>archive</kind>
         <file>rts2800_ml.lib</file>
         <name>strlen.obj</name>
      </input_file>
      <input_file id="fl-4f">
         <path>C:\ti\ccsv5\tools\compiler\c2000_6.2.0\lib\</path>
         <kind>archive</kind>
         <file>rts2800_ml.lib</file>
         <name>atoi.obj</name>
      </input_file>
      <input_file id="fl-50">
         <path>C:\ti\ccsv5\tools\compiler\c2000_6.2.0\lib\</path>
         <kind>archive</kind>
         <file>rts2800_ml.lib</file>
         <name>ctype.obj</name>
      </input_file>
      <input_file id="fl-51">
         <path>C:\ti\ccsv5\tools\compiler\c2000_6.2.0\lib\</path>
         <kind>archive</kind>
         <file>rts2800_ml.lib</file>
         <name>fd_cmp.obj</name>
      </input_file>
      <input_file id="fl-52">
         <path>C:\ti\ccsv5\tools\compiler\c2000_6.2.0\lib\</path>
         <kind>archive</kind>
         <file>rts2800_ml.lib</file>
         <name>fd_div.obj</name>
      </input_file>
      <input_file id="fl-53">
         <path>C:\ti\ccsv5\tools\compiler\c2000_6.2.0\lib\</path>
         <kind>archive</kind>
         <file>rts2800_ml.lib</file>
         <name>fd_mpy.obj</name>
      </input_file>
      <input_file id="fl-54">
         <path>C:\ti\ccsv5\tools\compiler\c2000_6.2.0\lib\</path>
         <kind>archive</kind>
         <file>rts2800_ml.lib</file>
         <name>fd_neg.obj</name>
      </input_file>
      <input_file id="fl-55">
         <path>C:\ti\ccsv5\tools\compiler\c2000_6.2.0\lib\</path>
         <kind>archive</kind>
         <file>rts2800_ml.lib</file>
         <name>fd_sub.obj</name>
      </input_file>
      <input_file id="fl-56">
         <path>C:\ti\ccsv5\tools\compiler\c2000_6.2.0\lib\</path>
         <kind>archive</kind>
         <file>rts2800_ml.lib</file>
         <name>fd_toi.obj</name>
      </input_file>
      <input_file id="fl-57">
         <path>C:\ti\ccsv5\tools\compiler\c2000_6.2.0\lib\</path>
         <kind>archive</kind>
         <file>rts2800_ml.lib</file>
         <name>fd_tol.obj</name>
      </input_file>
      <input_file id="fl-58">
         <path>C:\ti\ccsv5\tools\compiler\c2000_6.2.0\lib\</path>
         <kind>archive</kind>
         <file>rts2800_ml.lib</file>
         <name>fseek.obj</name>
      </input_file>
      <input_file id="fl-59">
         <path>C:\ti\ccsv5\tools\compiler\c2000_6.2.0\lib\</path>
         <kind>archive</kind>
         <file>rts2800_ml.lib</file>
         <name>fs_tofd.obj</name>
      </input_file>
      <input_file id="fl-5a">
         <path>C:\ti\ccsv5\tools\compiler\c2000_6.2.0\lib\</path>
         <kind>archive</kind>
         <file>rts2800_ml.lib</file>
         <name>ll_aox.obj</name>
      </input_file>
      <input_file id="fl-5b">
         <path>C:\ti\ccsv5\tools\compiler\c2000_6.2.0\lib\</path>
         <kind>archive</kind>
         <file>rts2800_ml.lib</file>
         <name>ll_cmp.obj</name>
      </input_file>
      <input_file id="fl-5c">
         <path>C:\ti\ccsv5\tools\compiler\c2000_6.2.0\lib\</path>
         <kind>archive</kind>
         <file>rts2800_ml.lib</file>
         <name>ll_div.obj</name>
      </input_file>
      <input_file id="fl-5d">
         <path>C:\ti\ccsv5\tools\compiler\c2000_6.2.0\lib\</path>
         <kind>archive</kind>
         <file>rts2800_ml.lib</file>
         <name>ll_mpy.obj</name>
      </input_file>
      <input_file id="fl-5e">
         <path>C:\ti\ccsv5\tools\compiler\c2000_6.2.0\lib\</path>
         <kind>archive</kind>
         <file>rts2800_ml.lib</file>
         <name>ltoa.obj</name>
      </input_file>
      <input_file id="fl-5f">
         <path>C:\ti\ccsv5\tools\compiler\c2000_6.2.0\lib\</path>
         <kind>archive</kind>
         <file>rts2800_ml.lib</file>
         <name>l_tofd.obj</name>
      </input_file>
      <input_file id="fl-60">
         <path>C:\ti\ccsv5\tools\compiler\c2000_6.2.0\lib\</path>
         <kind>archive</kind>
         <file>rts2800_ml.lib</file>
         <name>memccpy.obj</name>
      </input_file>
      <input_file id="fl-61">
         <path>C:\ti\ccsv5\tools\compiler\c2000_6.2.0\lib\</path>
         <kind>archive</kind>
         <file>rts2800_ml.lib</file>
         <name>memset.obj</name>
      </input_file>
      <input_file id="fl-62">
         <path>C:\ti\ccsv5\tools\compiler\c2000_6.2.0\lib\</path>
         <kind>archive</kind>
         <file>rts2800_ml.lib</file>
         <name>fd_add.obj</name>
      </input_file>
   </input_file_list>
   <object_component_list>
      <object_component id="oc-f1">
         <name>PieVectTableFile</name>
         <uninitialized>true</uninitialized>
         <run_address>0xd00</run_address>
         <size>0x100</size>
         <input_file_ref idref="fl-16"/>
      </object_component>
      <object_component id="oc-c4">
         <name>EmuKeyVar</name>
         <uninitialized>true</uninitialized>
         <run_address>0xd00</run_address>
         <size>0x1</size>
         <input_file_ref idref="fl-16"/>
      </object_component>
      <object_component id="oc-c3">
         <name>EmuBModeVar</name>
         <uninitialized>true</uninitialized>
         <run_address>0xd01</run_address>
         <size>0x1</size>
         <input_file_ref idref="fl-16"/>
      </object_component>
      <object_component id="oc-c6">
         <name>FlashCallbackVar</name>
         <uninitialized>true</uninitialized>
         <run_address>0xd02</run_address>
         <size>0x2</size>
         <input_file_ref idref="fl-16"/>
      </object_component>
      <object_component id="oc-c7">
         <name>FlashScalingVar</name>
         <uninitialized>true</uninitialized>
         <run_address>0xd04</run_address>
         <size>0x2</size>
         <input_file_ref idref="fl-16"/>
      </object_component>
      <object_component id="oc-c9">
         <name>DevEmuRegsFile</name>
         <uninitialized>true</uninitialized>
         <run_address>0x880</run_address>
         <size>0x4</size>
         <input_file_ref idref="fl-16"/>
      </object_component>
      <object_component id="oc-c8">
         <name>SysPwrCtrlRegsFile</name>
         <uninitialized>true</uninitialized>
         <run_address>0x985</run_address>
         <size>0x3</size>
         <input_file_ref idref="fl-16"/>
      </object_component>
      <object_component id="oc-ca">
         <name>FlashRegsFile</name>
         <uninitialized>true</uninitialized>
         <run_address>0xa80</run_address>
         <size>0x8</size>
         <input_file_ref idref="fl-16"/>
      </object_component>
      <object_component id="oc-d5">
         <name>CsmRegsFile</name>
         <uninitialized>true</uninitialized>
         <run_address>0xae0</run_address>
         <size>0x10</size>
         <input_file_ref idref="fl-16"/>
      </object_component>
      <object_component id="oc-df">
         <name>AdcResultFile</name>
         <uninitialized>true</uninitialized>
         <run_address>0xb00</run_address>
         <size>0x20</size>
         <input_file_ref idref="fl-16"/>
      </object_component>
      <object_component id="oc-cd">
         <name>CpuTimer0RegsFile</name>
         <uninitialized>true</uninitialized>
         <run_address>0xc00</run_address>
         <size>0x8</size>
         <input_file_ref idref="fl-16"/>
      </object_component>
      <object_component id="oc-cc">
         <name>CpuTimer1RegsFile</name>
         <uninitialized>true</uninitialized>
         <run_address>0xc08</run_address>
         <size>0x8</size>
         <input_file_ref idref="fl-16"/>
      </object_component>
      <object_component id="oc-ce">
         <name>CpuTimer2RegsFile</name>
         <uninitialized>true</uninitialized>
         <run_address>0xc10</run_address>
         <size>0x8</size>
         <input_file_ref idref="fl-16"/>
      </object_component>
      <object_component id="oc-d9">
         <name>PieCtrlRegsFile</name>
         <uninitialized>true</uninitialized>
         <run_address>0xce0</run_address>
         <size>0x1a</size>
         <input_file_ref idref="fl-16"/>
      </object_component>
      <object_component id="oc-e3">
         <name>Cla1RegsFile</name>
         <uninitialized>true</uninitialized>
         <run_address>0x1400</run_address>
         <size>0x40</size>
         <input_file_ref idref="fl-16"/>
      </object_component>
      <object_component id="oc-e1">
         <name>ECanaRegsFile</name>
         <uninitialized>true</uninitialized>
         <run_address>0x6000</run_address>
         <size>0x34</size>
         <input_file_ref idref="fl-16"/>
      </object_component>
      <object_component id="oc-e6">
         <name>ECanaLAMRegsFile</name>
         <uninitialized>true</uninitialized>
         <run_address>0x6040</run_address>
         <size>0x40</size>
         <input_file_ref idref="fl-16"/>
      </object_component>
      <object_component id="oc-f2">
         <name>ECanaMboxesFile</name>
         <uninitialized>true</uninitialized>
         <run_address>0x6100</run_address>
         <size>0x100</size>
         <input_file_ref idref="fl-16"/>
      </object_component>
      <object_component id="oc-e5">
         <name>ECanaMOTSRegsFile</name>
         <uninitialized>true</uninitialized>
         <run_address>0x6080</run_address>
         <size>0x40</size>
         <input_file_ref idref="fl-16"/>
      </object_component>
      <object_component id="oc-ee">
         <name>ECanaMOTORegsFile</name>
         <uninitialized>true</uninitialized>
         <run_address>0x60c0</run_address>
         <size>0x40</size>
         <input_file_ref idref="fl-16"/>
      </object_component>
      <object_component id="oc-de">
         <name>ECap1RegsFile</name>
         <uninitialized>true</uninitialized>
         <run_address>0x6a00</run_address>
         <size>0x20</size>
         <input_file_ref idref="fl-16"/>
      </object_component>
      <object_component id="oc-dd">
         <name>HRCap1RegsFile</name>
         <uninitialized>true</uninitialized>
         <run_address>0x6ac0</run_address>
         <size>0x20</size>
         <input_file_ref idref="fl-16"/>
      </object_component>
      <object_component id="oc-dc">
         <name>HRCap2RegsFile</name>
         <uninitialized>true</uninitialized>
         <run_address>0x6ae0</run_address>
         <size>0x20</size>
         <input_file_ref idref="fl-16"/>
      </object_component>
      <object_component id="oc-eb">
         <name>EQep1RegsFile</name>
         <uninitialized>true</uninitialized>
         <run_address>0x6b00</run_address>
         <size>0x40</size>
         <input_file_ref idref="fl-16"/>
      </object_component>
      <object_component id="oc-ef">
         <name>LinaRegsFile</name>
         <uninitialized>true</uninitialized>
         <run_address>0x6c00</run_address>
         <size>0x4a</size>
         <input_file_ref idref="fl-16"/>
      </object_component>
      <object_component id="oc-ea">
         <name>GpioCtrlRegsFile</name>
         <uninitialized>true</uninitialized>
         <run_address>0x6f80</run_address>
         <size>0x40</size>
         <input_file_ref idref="fl-16"/>
      </object_component>
      <object_component id="oc-db">
         <name>GpioDataRegsFile</name>
         <uninitialized>true</uninitialized>
         <run_address>0x6fc0</run_address>
         <size>0x20</size>
         <input_file_ref idref="fl-16"/>
      </object_component>
      <object_component id="oc-cf">
         <name>GpioIntRegsFile</name>
         <uninitialized>true</uninitialized>
         <run_address>0x6fe0</run_address>
         <size>0xc</size>
         <input_file_ref idref="fl-16"/>
      </object_component>
      <object_component id="oc-da">
         <name>SysCtrlRegsFile</name>
         <uninitialized>true</uninitialized>
         <run_address>0x7010</run_address>
         <size>0x20</size>
         <input_file_ref idref="fl-16"/>
      </object_component>
      <object_component id="oc-d0">
         <name>SpiaRegsFile</name>
         <uninitialized>true</uninitialized>
         <run_address>0x7040</run_address>
         <size>0x10</size>
         <input_file_ref idref="fl-16"/>
      </object_component>
      <object_component id="oc-d1">
         <name>SpibRegsFile</name>
         <uninitialized>true</uninitialized>
         <run_address>0x7740</run_address>
         <size>0x10</size>
         <input_file_ref idref="fl-16"/>
      </object_component>
      <object_component id="oc-d3">
         <name>SciaRegsFile</name>
         <uninitialized>true</uninitialized>
         <run_address>0x7050</run_address>
         <size>0x10</size>
         <input_file_ref idref="fl-16"/>
      </object_component>
      <object_component id="oc-d2">
         <name>NmiIntruptRegsFile</name>
         <uninitialized>true</uninitialized>
         <run_address>0x7060</run_address>
         <size>0x10</size>
         <input_file_ref idref="fl-16"/>
      </object_component>
      <object_component id="oc-d4">
         <name>XIntruptRegsFile</name>
         <uninitialized>true</uninitialized>
         <run_address>0x7070</run_address>
         <size>0x10</size>
         <input_file_ref idref="fl-16"/>
      </object_component>
      <object_component id="oc-f0">
         <name>AdcRegsFile</name>
         <uninitialized>true</uninitialized>
         <run_address>0x7100</run_address>
         <size>0x50</size>
         <input_file_ref idref="fl-16"/>
      </object_component>
      <object_component id="oc-e0">
         <name>I2caRegsFile</name>
         <uninitialized>true</uninitialized>
         <run_address>0x7900</run_address>
         <size>0x22</size>
         <input_file_ref idref="fl-16"/>
      </object_component>
      <object_component id="oc-d6">
         <name>Comp1RegsFile</name>
         <uninitialized>true</uninitialized>
         <run_address>0x6400</run_address>
         <size>0x14</size>
         <input_file_ref idref="fl-16"/>
      </object_component>
      <object_component id="oc-d7">
         <name>Comp2RegsFile</name>
         <uninitialized>true</uninitialized>
         <run_address>0x6420</run_address>
         <size>0x14</size>
         <input_file_ref idref="fl-16"/>
      </object_component>
      <object_component id="oc-d8">
         <name>Comp3RegsFile</name>
         <uninitialized>true</uninitialized>
         <run_address>0x6440</run_address>
         <size>0x14</size>
         <input_file_ref idref="fl-16"/>
      </object_component>
      <object_component id="oc-e2">
         <name>EPwm1RegsFile</name>
         <uninitialized>true</uninitialized>
         <run_address>0x6800</run_address>
         <size>0x40</size>
         <input_file_ref idref="fl-16"/>
      </object_component>
      <object_component id="oc-e4">
         <name>EPwm2RegsFile</name>
         <uninitialized>true</uninitialized>
         <run_address>0x6840</run_address>
         <size>0x40</size>
         <input_file_ref idref="fl-16"/>
      </object_component>
      <object_component id="oc-e7">
         <name>EPwm3RegsFile</name>
         <uninitialized>true</uninitialized>
         <run_address>0x6880</run_address>
         <size>0x40</size>
         <input_file_ref idref="fl-16"/>
      </object_component>
      <object_component id="oc-ec">
         <name>EPwm4RegsFile</name>
         <uninitialized>true</uninitialized>
         <run_address>0x68c0</run_address>
         <size>0x40</size>
         <input_file_ref idref="fl-16"/>
      </object_component>
      <object_component id="oc-ed">
         <name>EPwm5RegsFile</name>
         <uninitialized>true</uninitialized>
         <run_address>0x6900</run_address>
         <size>0x40</size>
         <input_file_ref idref="fl-16"/>
      </object_component>
      <object_component id="oc-e9">
         <name>EPwm6RegsFile</name>
         <uninitialized>true</uninitialized>
         <run_address>0x6940</run_address>
         <size>0x40</size>
         <input_file_ref idref="fl-16"/>
      </object_component>
      <object_component id="oc-e8">
         <name>EPwm7RegsFile</name>
         <uninitialized>true</uninitialized>
         <run_address>0x6980</run_address>
         <size>0x40</size>
         <input_file_ref idref="fl-16"/>
      </object_component>
      <object_component id="oc-cb">
         <name>CsmPwlFile</name>
         <uninitialized>true</uninitialized>
         <run_address>0x3f7ff8</run_address>
         <size>0x8</size>
         <input_file_ref idref="fl-16"/>
      </object_component>
      <object_component id="oc-c5">
         <name>PartIdRegsFile</name>
         <uninitialized>true</uninitialized>
         <run_address>0x3d7e80</run_address>
         <size>0x1</size>
         <input_file_ref idref="fl-16"/>
      </object_component>
      <object_component id="oc-84">
         <name>.cinit</name>
         <load_address>0x3eae90</load_address>
         <run_address>0x3eae90</run_address>
         <size>0x48</size>
         <input_file_ref idref="fl-b"/>
      </object_component>
      <object_component id="oc-14e">
         <name>.cinit</name>
         <load_address>0x3eaed8</load_address>
         <run_address>0x3eaed8</run_address>
         <size>0x31</size>
         <input_file_ref idref="fl-38"/>
      </object_component>
      <object_component id="oc-114">
         <name>.cinit</name>
         <load_address>0x3eaf09</load_address>
         <run_address>0x3eaf09</run_address>
         <size>0x2a</size>
         <input_file_ref idref="fl-2c"/>
      </object_component>
      <object_component id="oc-60">
         <name>.cinit</name>
         <load_address>0x3eaf33</load_address>
         <run_address>0x3eaf33</run_address>
         <size>0xf</size>
         <input_file_ref idref="fl-6"/>
      </object_component>
      <object_component id="oc-71">
         <name>.cinit</name>
         <load_address>0x3eaf42</load_address>
         <run_address>0x3eaf42</run_address>
         <size>0xc</size>
         <input_file_ref idref="fl-8"/>
      </object_component>
      <object_component id="oc-147">
         <name>.cinit</name>
         <load_address>0x3eaf4e</load_address>
         <run_address>0x3eaf4e</run_address>
         <size>0xa</size>
         <input_file_ref idref="fl-37"/>
      </object_component>
      <object_component id="oc-119">
         <name>.cinit</name>
         <load_address>0x3eaf58</load_address>
         <run_address>0x3eaf58</run_address>
         <size>0xa</size>
         <input_file_ref idref="fl-2d"/>
      </object_component>
      <object_component id="oc-4c">
         <name>.cinit</name>
         <load_address>0x3eaf62</load_address>
         <run_address>0x3eaf62</run_address>
         <size>0x7</size>
         <input_file_ref idref="fl-3"/>
      </object_component>
      <object_component id="oc-59">
         <name>.cinit</name>
         <load_address>0x3eaf69</load_address>
         <run_address>0x3eaf69</run_address>
         <size>0x5</size>
         <input_file_ref idref="fl-5"/>
      </object_component>
      <object_component id="oc-93">
         <name>.cinit</name>
         <load_address>0x3eaf6e</load_address>
         <run_address>0x3eaf6e</run_address>
         <size>0x4</size>
         <input_file_ref idref="fl-d"/>
      </object_component>
      <object_component id="oc-69">
         <name>.cinit</name>
         <load_address>0x3eaf72</load_address>
         <run_address>0x3eaf72</run_address>
         <size>0x4</size>
         <input_file_ref idref="fl-7"/>
      </object_component>
      <object_component id="oc-120">
         <name>.cinit</name>
         <load_address>0x3eaf76</load_address>
         <run_address>0x3eaf76</run_address>
         <size>0x4</size>
         <input_file_ref idref="fl-2e"/>
      </object_component>
      <object_component id="oc-1ab">
         <name>.cinit</name>
         <load_address>0x3eaf7a</load_address>
         <run_address>0x3eaf7a</run_address>
         <size>0x4</size>
         <input_file_ref idref="fl-4a"/>
      </object_component>
      <object_component id="oc-1b1">
         <name>.text</name>
         <load_address>0x3e8000</load_address>
         <run_address>0x3e8000</run_address>
         <size>0x8fc</size>
         <input_file_ref idref="fl-4b"/>
      </object_component>
      <object_component id="oc-109">
         <name>.text</name>
         <load_address>0x3e88fc</load_address>
         <run_address>0x3e88fc</run_address>
         <size>0x203</size>
         <input_file_ref idref="fl-1b"/>
      </object_component>
      <object_component id="oc-14c">
         <name>.text</name>
         <load_address>0x3e8aff</load_address>
         <run_address>0x3e8aff</run_address>
         <size>0x201</size>
         <input_file_ref idref="fl-38"/>
      </object_component>
      <object_component id="oc-171">
         <name>.text</name>
         <load_address>0x3e8d00</load_address>
         <run_address>0x3e8d00</run_address>
         <size>0x1f0</size>
         <input_file_ref idref="fl-3f"/>
      </object_component>
      <object_component id="oc-1a9">
         <name>.text</name>
         <load_address>0x3e8ef0</load_address>
         <run_address>0x3e8ef0</run_address>
         <size>0x1c7</size>
         <input_file_ref idref="fl-4a"/>
      </object_component>
      <object_component id="oc-fa">
         <name>.text:retain</name>
         <load_address>0x3e90b7</load_address>
         <run_address>0x3e90b7</run_address>
         <size>0x17c</size>
         <input_file_ref idref="fl-18"/>
      </object_component>
      <object_component id="oc-5e">
         <name>.text</name>
         <load_address>0x3e9233</load_address>
         <run_address>0x3e9233</run_address>
         <size>0x139</size>
         <input_file_ref idref="fl-6"/>
      </object_component>
      <object_component id="oc-9c">
         <name>.text</name>
         <load_address>0x3e936c</load_address>
         <run_address>0x3e936c</run_address>
         <size>0x137</size>
         <input_file_ref idref="fl-f"/>
      </object_component>
      <object_component id="oc-67">
         <name>.text</name>
         <load_address>0x3e94a3</load_address>
         <run_address>0x3e94a3</run_address>
         <size>0x12c</size>
         <input_file_ref idref="fl-7"/>
      </object_component>
      <object_component id="oc-57">
         <name>.text</name>
         <load_address>0x3e95cf</load_address>
         <run_address>0x3e95cf</run_address>
         <size>0x10b</size>
         <input_file_ref idref="fl-5"/>
      </object_component>
      <object_component id="oc-1fb">
         <name>.text</name>
         <load_address>0x3e96da</load_address>
         <run_address>0x3e96da</run_address>
         <size>0x107</size>
         <input_file_ref idref="fl-5c"/>
      </object_component>
      <object_component id="oc-52">
         <name>.text</name>
         <load_address>0x3e97e1</load_address>
         <run_address>0x3e97e1</run_address>
         <size>0x102</size>
         <input_file_ref idref="fl-4"/>
      </object_component>
      <object_component id="oc-11e">
         <name>.text</name>
         <load_address>0x3e98e3</load_address>
         <run_address>0x3e98e3</run_address>
         <size>0xff</size>
         <input_file_ref idref="fl-2e"/>
      </object_component>
      <object_component id="oc-91">
         <name>.text</name>
         <load_address>0x3e99e2</load_address>
         <run_address>0x3e99e2</run_address>
         <size>0xed</size>
         <input_file_ref idref="fl-d"/>
      </object_component>
      <object_component id="oc-6f">
         <name>.text</name>
         <load_address>0x3e9acf</load_address>
         <run_address>0x3e9acf</run_address>
         <size>0xcc</size>
         <input_file_ref idref="fl-8"/>
      </object_component>
      <object_component id="oc-82">
         <name>.text</name>
         <load_address>0x3e9b9b</load_address>
         <run_address>0x3e9b9b</run_address>
         <size>0xca</size>
         <input_file_ref idref="fl-b"/>
      </object_component>
      <object_component id="oc-f4">
         <name>.text</name>
         <load_address>0x3e9c65</load_address>
         <run_address>0x3e9c65</run_address>
         <size>0xc4</size>
         <input_file_ref idref="fl-17"/>
      </object_component>
      <object_component id="oc-199">
         <name>.text</name>
         <load_address>0x3e9d29</load_address>
         <run_address>0x3e9d29</run_address>
         <size>0xa5</size>
         <input_file_ref idref="fl-47"/>
      </object_component>
      <object_component id="oc-216">
         <name>.text</name>
         <load_address>0x3e9dce</load_address>
         <run_address>0x3e9dce</run_address>
         <size>0x9c</size>
         <input_file_ref idref="fl-62"/>
      </object_component>
      <object_component id="oc-76">
         <name>.text</name>
         <load_address>0x3e9e6a</load_address>
         <run_address>0x3e9e6a</run_address>
         <size>0x97</size>
         <input_file_ref idref="fl-9"/>
      </object_component>
      <object_component id="oc-b2">
         <name>.text</name>
         <load_address>0x3e9f01</load_address>
         <run_address>0x3e9f01</run_address>
         <size>0x8e</size>
         <input_file_ref idref="fl-13"/>
      </object_component>
      <object_component id="oc-17f">
         <name>.text</name>
         <load_address>0x3e9f8f</load_address>
         <run_address>0x3e9f8f</run_address>
         <size>0x8e</size>
         <input_file_ref idref="fl-42"/>
      </object_component>
      <object_component id="oc-1d2">
         <name>.text</name>
         <load_address>0x3ea01d</load_address>
         <run_address>0x3ea01d</run_address>
         <size>0x8b</size>
         <input_file_ref idref="fl-52"/>
      </object_component>
      <object_component id="oc-1d6">
         <name>.text</name>
         <load_address>0x3ea0a8</load_address>
         <run_address>0x3ea0a8</run_address>
         <size>0x83</size>
         <input_file_ref idref="fl-53"/>
      </object_component>
      <object_component id="oc-129">
         <name>.text</name>
         <load_address>0x3ea12b</load_address>
         <run_address>0x3ea12b</run_address>
         <size>0x83</size>
         <input_file_ref idref="fl-30"/>
      </object_component>
      <object_component id="oc-45">
         <name>.text</name>
         <load_address>0x3ea1ae</load_address>
         <run_address>0x3ea1ae</run_address>
         <size>0x7e</size>
         <input_file_ref idref="fl-2"/>
      </object_component>
      <object_component id="oc-125">
         <name>.text</name>
         <load_address>0x3ea22c</load_address>
         <run_address>0x3ea22c</run_address>
         <size>0x78</size>
         <input_file_ref idref="fl-2f"/>
      </object_component>
      <object_component id="oc-15d">
         <name>.text</name>
         <load_address>0x3ea2a4</load_address>
         <run_address>0x3ea2a4</run_address>
         <size>0x78</size>
         <input_file_ref idref="fl-3b"/>
      </object_component>
      <object_component id="oc-fe">
         <name>.text</name>
         <load_address>0x3ea31c</load_address>
         <run_address>0x3ea31c</run_address>
         <size>0x76</size>
         <input_file_ref idref="fl-19"/>
      </object_component>
      <object_component id="oc-7b">
         <name>.text</name>
         <load_address>0x3ea392</load_address>
         <run_address>0x3ea392</run_address>
         <size>0x73</size>
         <input_file_ref idref="fl-a"/>
      </object_component>
      <object_component id="oc-18f">
         <name>.text</name>
         <load_address>0x3ea405</load_address>
         <run_address>0x3ea405</run_address>
         <size>0x6b</size>
         <input_file_ref idref="fl-45"/>
      </object_component>
      <object_component id="oc-19f">
         <name>.text</name>
         <load_address>0x3ea470</load_address>
         <run_address>0x3ea470</run_address>
         <size>0x65</size>
         <input_file_ref idref="fl-48"/>
      </object_component>
      <object_component id="oc-18a">
         <name>.text</name>
         <load_address>0x3ea4d5</load_address>
         <run_address>0x3ea4d5</run_address>
         <size>0x5b</size>
         <input_file_ref idref="fl-44"/>
      </object_component>
      <object_component id="oc-12d">
         <name>.text</name>
         <load_address>0x3ea530</load_address>
         <run_address>0x3ea530</run_address>
         <size>0x5a</size>
         <input_file_ref idref="fl-31"/>
      </object_component>
      <object_component id="oc-194">
         <name>.text</name>
         <load_address>0x3ea58a</load_address>
         <run_address>0x3ea58a</run_address>
         <size>0x50</size>
         <input_file_ref idref="fl-46"/>
      </object_component>
      <object_component id="oc-44">
         <name>.text</name>
         <load_address>0x3ea5da</load_address>
         <run_address>0x3ea5da</run_address>
         <size>0x44</size>
         <input_file_ref idref="fl-2b"/>
      </object_component>
      <object_component id="oc-4a">
         <name>.text</name>
         <load_address>0x3ea61e</load_address>
         <run_address>0x3ea61e</run_address>
         <size>0x3f</size>
         <input_file_ref idref="fl-3"/>
      </object_component>
      <object_component id="oc-1ea">
         <name>.text</name>
         <load_address>0x3ea65d</load_address>
         <run_address>0x3ea65d</run_address>
         <size>0x3d</size>
         <input_file_ref idref="fl-58"/>
      </object_component>
      <object_component id="oc-158">
         <name>.text</name>
         <load_address>0x3ea69a</load_address>
         <run_address>0x3ea69a</run_address>
         <size>0x32</size>
         <input_file_ref idref="fl-3a"/>
      </object_component>
      <object_component id="oc-1c7">
         <name>.text</name>
         <load_address>0x3ea6cc</load_address>
         <run_address>0x3ea6cc</run_address>
         <size>0x31</size>
         <input_file_ref idref="fl-4f"/>
      </object_component>
      <object_component id="oc-7e">
         <name>.text:retain</name>
         <load_address>0x3ea6fd</load_address>
         <run_address>0x3ea6fd</run_address>
         <size>0x2c</size>
         <input_file_ref idref="fl-a"/>
      </object_component>
      <object_component id="oc-203">
         <name>.text</name>
         <load_address>0x3ea729</load_address>
         <run_address>0x3ea729</run_address>
         <size>0x2c</size>
         <input_file_ref idref="fl-5e"/>
      </object_component>
      <object_component id="oc-1ce">
         <name>.text</name>
         <load_address>0x3ea755</load_address>
         <run_address>0x3ea755</run_address>
         <size>0x2a</size>
         <input_file_ref idref="fl-51"/>
      </object_component>
      <object_component id="oc-141">
         <name>.text</name>
         <load_address>0x3ea77f</load_address>
         <run_address>0x3ea77f</run_address>
         <size>0x2a</size>
         <input_file_ref idref="fl-36"/>
      </object_component>
      <object_component id="oc-8b">
         <name>.text</name>
         <load_address>0x3ea7a9</load_address>
         <run_address>0x3ea7a9</run_address>
         <size>0x29</size>
         <input_file_ref idref="fl-c"/>
      </object_component>
      <object_component id="oc-135">
         <name>.text</name>
         <load_address>0x3ea7d2</load_address>
         <run_address>0x3ea7d2</run_address>
         <size>0x29</size>
         <input_file_ref idref="fl-33"/>
      </object_component>
      <object_component id="oc-ad">
         <name>.text</name>
         <load_address>0x3ea7fb</load_address>
         <run_address>0x3ea7fb</run_address>
         <size>0x28</size>
         <input_file_ref idref="fl-12"/>
      </object_component>
      <object_component id="oc-62">
         <name>.text:retain</name>
         <load_address>0x3ea823</load_address>
         <run_address>0x3ea823</run_address>
         <size>0x26</size>
         <input_file_ref idref="fl-6"/>
      </object_component>
      <object_component id="oc-a7">
         <name>.text</name>
         <load_address>0x3ea849</load_address>
         <run_address>0x3ea849</run_address>
         <size>0x25</size>
         <input_file_ref idref="fl-11"/>
      </object_component>
      <object_component id="oc-6b">
         <name>.text:retain</name>
         <load_address>0x3ea86e</load_address>
         <run_address>0x3ea86e</run_address>
         <size>0x25</size>
         <input_file_ref idref="fl-7"/>
      </object_component>
      <object_component id="oc-131">
         <name>.text</name>
         <load_address>0x3ea893</load_address>
         <run_address>0x3ea893</run_address>
         <size>0x25</size>
         <input_file_ref idref="fl-32"/>
      </object_component>
      <object_component id="oc-16c">
         <name>.text</name>
         <load_address>0x3ea8b8</load_address>
         <run_address>0x3ea8b8</run_address>
         <size>0x22</size>
         <input_file_ref idref="fl-3e"/>
      </object_component>
      <object_component id="oc-1e2">
         <name>.text</name>
         <load_address>0x3ea8da</load_address>
         <run_address>0x3ea8da</run_address>
         <size>0x21</size>
         <input_file_ref idref="fl-56"/>
      </object_component>
      <object_component id="oc-153">
         <name>.text</name>
         <load_address>0x3ea8fb</load_address>
         <run_address>0x3ea8fb</run_address>
         <size>0x21</size>
         <input_file_ref idref="fl-39"/>
      </object_component>
      <object_component id="oc-1e6">
         <name>.text</name>
         <load_address>0x3ea91c</load_address>
         <run_address>0x3ea91c</run_address>
         <size>0x1f</size>
         <input_file_ref idref="fl-57"/>
      </object_component>
      <object_component id="oc-1f7">
         <name>.text</name>
         <load_address>0x3ea93b</load_address>
         <run_address>0x3ea93b</run_address>
         <size>0x1e</size>
         <input_file_ref idref="fl-5b"/>
      </object_component>
      <object_component id="oc-139">
         <name>.text</name>
         <load_address>0x3ea959</load_address>
         <run_address>0x3ea959</run_address>
         <size>0x1d</size>
         <input_file_ref idref="fl-34"/>
      </object_component>
      <object_component id="oc-1ef">
         <name>.text</name>
         <load_address>0x3ea976</load_address>
         <run_address>0x3ea976</run_address>
         <size>0x1c</size>
         <input_file_ref idref="fl-59"/>
      </object_component>
      <object_component id="oc-208">
         <name>.text</name>
         <load_address>0x3ea992</load_address>
         <run_address>0x3ea992</run_address>
         <size>0x1c</size>
         <input_file_ref idref="fl-5f"/>
      </object_component>
      <object_component id="oc-a2">
         <name>.text</name>
         <load_address>0x3ea9ae</load_address>
         <run_address>0x3ea9ae</run_address>
         <size>0x1a</size>
         <input_file_ref idref="fl-10"/>
      </object_component>
      <object_component id="oc-4e">
         <name>.text:retain</name>
         <load_address>0x3ea9c8</load_address>
         <run_address>0x3ea9c8</run_address>
         <size>0x1a</size>
         <input_file_ref idref="fl-3"/>
      </object_component>
      <object_component id="oc-13d">
         <name>.text</name>
         <load_address>0x3ea9e2</load_address>
         <run_address>0x3ea9e2</run_address>
         <size>0x1a</size>
         <input_file_ref idref="fl-35"/>
      </object_component>
      <object_component id="oc-b8">
         <name>.text</name>
         <load_address>0x3ea9fc</load_address>
         <run_address>0x3ea9fc</run_address>
         <size>0x19</size>
         <input_file_ref idref="fl-14"/>
      </object_component>
      <object_component id="oc-185">
         <name>.text</name>
         <load_address>0x3eaa15</load_address>
         <run_address>0x3eaa15</run_address>
         <size>0x19</size>
         <input_file_ref idref="fl-43"/>
      </object_component>
      <object_component id="oc-117">
         <name>.text</name>
         <load_address>0x3eaa2e</load_address>
         <run_address>0x3eaa2e</run_address>
         <size>0x19</size>
         <input_file_ref idref="fl-2d"/>
      </object_component>
      <object_component id="oc-1f3">
         <name>.text</name>
         <load_address>0x3eaa47</load_address>
         <run_address>0x3eaa47</run_address>
         <size>0x18</size>
         <input_file_ref idref="fl-5a"/>
      </object_component>
      <object_component id="oc-8d">
         <name>.text:retain</name>
         <load_address>0x3eaa5f</load_address>
         <run_address>0x3eaa5f</run_address>
         <size>0x17</size>
         <input_file_ref idref="fl-c"/>
      </object_component>
      <object_component id="oc-1ff">
         <name>.text</name>
         <load_address>0x3eaa76</load_address>
         <run_address>0x3eaa76</run_address>
         <size>0x14</size>
         <input_file_ref idref="fl-5d"/>
      </object_component>
      <object_component id="oc-bd">
         <name>.text</name>
         <load_address>0x3eaa8a</load_address>
         <run_address>0x3eaa8a</run_address>
         <size>0x13</size>
         <input_file_ref idref="fl-15"/>
      </object_component>
      <object_component id="oc-1a4">
         <name>.text</name>
         <load_address>0x3eaa9d</load_address>
         <run_address>0x3eaa9d</run_address>
         <size>0x10</size>
         <input_file_ref idref="fl-49"/>
      </object_component>
      <object_component id="oc-17b">
         <name>.text</name>
         <load_address>0x3eaaad</load_address>
         <run_address>0x3eaaad</run_address>
         <size>0x10</size>
         <input_file_ref idref="fl-41"/>
      </object_component>
      <object_component id="oc-1de">
         <name>.text</name>
         <load_address>0x3eaabd</load_address>
         <run_address>0x3eaabd</run_address>
         <size>0xe</size>
         <input_file_ref idref="fl-55"/>
      </object_component>
      <object_component id="oc-20c">
         <name>.text</name>
         <load_address>0x3eaacb</load_address>
         <run_address>0x3eaacb</run_address>
         <size>0xd</size>
         <input_file_ref idref="fl-60"/>
      </object_component>
      <object_component id="oc-211">
         <name>.text</name>
         <load_address>0x3eaad8</load_address>
         <run_address>0x3eaad8</run_address>
         <size>0xc</size>
         <input_file_ref idref="fl-61"/>
      </object_component>
      <object_component id="oc-162">
         <name>.text</name>
         <load_address>0x3eaae4</load_address>
         <run_address>0x3eaae4</run_address>
         <size>0xb</size>
         <input_file_ref idref="fl-3c"/>
      </object_component>
      <object_component id="oc-177">
         <name>.text</name>
         <load_address>0x3eaaef</load_address>
         <run_address>0x3eaaef</run_address>
         <size>0xb</size>
         <input_file_ref idref="fl-40"/>
      </object_component>
      <object_component id="oc-167">
         <name>.text</name>
         <load_address>0x3eaafa</load_address>
         <run_address>0x3eaafa</run_address>
         <size>0xa</size>
         <input_file_ref idref="fl-3d"/>
      </object_component>
      <object_component id="oc-86">
         <name>.text:retain</name>
         <load_address>0x3eab04</load_address>
         <run_address>0x3eab04</run_address>
         <size>0x9</size>
         <input_file_ref idref="fl-b"/>
      </object_component>
      <object_component id="oc-145">
         <name>.text</name>
         <load_address>0x3eab0d</load_address>
         <run_address>0x3eab0d</run_address>
         <size>0x9</size>
         <input_file_ref idref="fl-37"/>
      </object_component>
      <object_component id="oc-1da">
         <name>.text</name>
         <load_address>0x3eab16</load_address>
         <run_address>0x3eab16</run_address>
         <size>0x9</size>
         <input_file_ref idref="fl-54"/>
      </object_component>
      <object_component id="oc-104">
         <name>.text</name>
         <load_address>0x3eab1f</load_address>
         <run_address>0x3eab1f</run_address>
         <size>0x8</size>
         <input_file_ref idref="fl-1a"/>
      </object_component>
      <object_component id="oc-1c2">
         <name>.text</name>
         <load_address>0x3eab27</load_address>
         <run_address>0x3eab27</run_address>
         <size>0x8</size>
         <input_file_ref idref="fl-4e"/>
      </object_component>
      <object_component id="oc-1bd">
         <name>.text</name>
         <load_address>0x3eab2f</load_address>
         <run_address>0x3eab2f</run_address>
         <size>0x5</size>
         <input_file_ref idref="fl-4d"/>
      </object_component>
      <object_component id="oc-1b8">
         <name>.text</name>
         <load_address>0x3eab34</load_address>
         <run_address>0x3eab34</run_address>
         <size>0x3</size>
         <input_file_ref idref="fl-4c"/>
      </object_component>
      <object_component id="oc-105">
         <name>codestart</name>
         <load_address>0x3f7ff6</load_address>
         <run_address>0x3f7ff6</run_address>
         <size>0x2</size>
         <input_file_ref idref="fl-1a"/>
      </object_component>
      <object_component id="oc-9e">
         <name>ramfuncs</name>
         <load_address>0x3f5000</load_address>
         <run_address>0x8000</run_address>
         <size>0x1b</size>
         <input_file_ref idref="fl-f"/>
      </object_component>
      <object_component id="oc-98">
         <name>ramfuncs</name>
         <load_address>0x3f501b</load_address>
         <run_address>0x801b</run_address>
         <size>0x4</size>
         <input_file_ref idref="fl-e"/>
      </object_component>
      <object_component id="oc-10e">
         <name>.stack</name>
         <uninitialized>true</uninitialized>
         <run_address>0x50</run_address>
         <size>0x0</size>
         <input_file_ref idref="fl-2b"/>
      </object_component>
      <object_component id="oc-268">
         <name>.stack</name>
         <uninitialized>true</uninitialized>
         <run_address>0x50</run_address>
         <size>0x0</size>
      </object_component>
      <object_component id="oc-4d">
         <name>.ebss</name>
         <uninitialized>true</uninitialized>
         <run_address>0x8f48</run_address>
         <size>0x4</size>
         <input_file_ref idref="fl-3"/>
      </object_component>
      <object_component id="oc-5a">
         <name>.ebss</name>
         <uninitialized>true</uninitialized>
         <run_address>0x8efe</run_address>
         <size>0x2</size>
         <input_file_ref idref="fl-5"/>
      </object_component>
      <object_component id="oc-61">
         <name>.ebss</name>
         <uninitialized>true</uninitialized>
         <run_address>0x8d60</run_address>
         <size>0x19</size>
         <input_file_ref idref="fl-6"/>
      </object_component>
      <object_component id="oc-6a">
         <name>.ebss</name>
         <uninitialized>true</uninitialized>
         <run_address>0x8f00</run_address>
         <size>0x22</size>
         <input_file_ref idref="fl-7"/>
      </object_component>
      <object_component id="oc-72">
         <name>.ebss</name>
         <uninitialized>true</uninitialized>
         <run_address>0x8d79</run_address>
         <size>0x4</size>
         <input_file_ref idref="fl-8"/>
      </object_component>
      <object_component id="oc-7d">
         <name>.ebss</name>
         <uninitialized>true</uninitialized>
         <run_address>0x8e18</run_address>
         <size>0x24</size>
         <input_file_ref idref="fl-a"/>
      </object_component>
      <object_component id="oc-85">
         <name>.ebss</name>
         <uninitialized>true</uninitialized>
         <run_address>0x8d80</run_address>
         <size>0x98</size>
         <input_file_ref idref="fl-b"/>
      </object_component>
      <object_component id="oc-94">
         <name>.ebss</name>
         <uninitialized>true</uninitialized>
         <run_address>0x8ec8</run_address>
         <size>0x2e</size>
         <input_file_ref idref="fl-d"/>
      </object_component>
      <object_component id="oc-b4">
         <name>.ebss</name>
         <uninitialized>true</uninitialized>
         <run_address>0x8d7d</run_address>
         <size>0x2</size>
         <input_file_ref idref="fl-13"/>
      </object_component>
      <object_component id="oc-100">
         <name>.ebss</name>
         <uninitialized>true</uninitialized>
         <run_address>0x8f22</run_address>
         <size>0x18</size>
         <input_file_ref idref="fl-19"/>
      </object_component>
      <object_component id="oc-115">
         <name>.ebss</name>
         <uninitialized>true</uninitialized>
         <run_address>0x8c00</run_address>
         <size>0x160</size>
         <input_file_ref idref="fl-2c"/>
      </object_component>
      <object_component id="oc-11a">
         <name>.ebss</name>
         <uninitialized>true</uninitialized>
         <run_address>0x8f3a</run_address>
         <size>0x4</size>
         <input_file_ref idref="fl-2d"/>
      </object_component>
      <object_component id="oc-121">
         <name>.ebss</name>
         <uninitialized>true</uninitialized>
         <run_address>0x8d7f</run_address>
         <size>0x1</size>
         <input_file_ref idref="fl-2e"/>
      </object_component>
      <object_component id="oc-148">
         <name>.ebss</name>
         <uninitialized>true</uninitialized>
         <run_address>0x8e3c</run_address>
         <size>0x4</size>
         <input_file_ref idref="fl-37"/>
      </object_component>
      <object_component id="oc-14f">
         <name>.ebss</name>
         <uninitialized>true</uninitialized>
         <run_address>0x8e40</run_address>
         <size>0x88</size>
         <input_file_ref idref="fl-38"/>
      </object_component>
      <object_component id="oc-173">
         <name>.ebss</name>
         <uninitialized>true</uninitialized>
         <run_address>0x8f40</run_address>
         <size>0x8</size>
         <input_file_ref idref="fl-3f"/>
      </object_component>
      <object_component id="oc-1ac">
         <name>.ebss</name>
         <uninitialized>true</uninitialized>
         <run_address>0x8ef6</run_address>
         <size>0x8</size>
         <input_file_ref idref="fl-4a"/>
      </object_component>
      <object_component id="oc-21a">
         <name>.econst:.string:__ctypes_</name>
         <load_address>0x3eab38</load_address>
         <run_address>0x3eab38</run_address>
         <size>0x101</size>
         <input_file_ref idref="fl-50"/>
      </object_component>
      <object_component id="oc-a9">
         <name>.econst</name>
         <load_address>0x3eac3a</load_address>
         <run_address>0x3eac3a</run_address>
         <size>0x100</size>
         <input_file_ref idref="fl-11"/>
      </object_component>
      <object_component id="oc-63">
         <name>.econst:.string</name>
         <load_address>0x3ead3a</load_address>
         <run_address>0x3ead3a</run_address>
         <size>0xf4</size>
         <input_file_ref idref="fl-6"/>
      </object_component>
      <object_component id="oc-87">
         <name>.econst:.string</name>
         <load_address>0x3eae2e</load_address>
         <run_address>0x3eae2e</run_address>
         <size>0x24</size>
         <input_file_ref idref="fl-b"/>
      </object_component>
      <object_component id="oc-1b4">
         <name>.econst:.string</name>
         <load_address>0x3eae52</load_address>
         <run_address>0x3eae52</run_address>
         <size>0x24</size>
         <input_file_ref idref="fl-4b"/>
      </object_component>
      <object_component id="oc-1b3">
         <name>.econst</name>
         <load_address>0x3eae76</load_address>
         <run_address>0x3eae76</run_address>
         <size>0x18</size>
         <input_file_ref idref="fl-4b"/>
      </object_component>
      <object_component id="oc-19b">
         <name>.econst:.string</name>
         <load_address>0x3eae8e</load_address>
         <run_address>0x3eae8e</run_address>
         <size>0x2</size>
         <input_file_ref idref="fl-47"/>
      </object_component>
      <object_component id="oc-10f">
         <name>.reset</name>
         <load_address>0x3fffc0</load_address>
         <run_address>0x3fffc0</run_address>
         <size>0x2</size>
         <input_file_ref idref="fl-2b"/>
      </object_component>
      <object_component id="oc-46">
         <name>.debug_info</name>
         <load_address>0x0</load_address>
         <run_address>0x0</run_address>
         <size>0x37f5</size>
         <input_file_ref idref="fl-2"/>
      </object_component>
      <object_component id="oc-4b">
         <name>.debug_info</name>
         <load_address>0x37f5</load_address>
         <run_address>0x37f5</run_address>
         <size>0x20ca</size>
         <input_file_ref idref="fl-3"/>
      </object_component>
      <object_component id="oc-53">
         <name>.debug_info</name>
         <load_address>0x58bf</load_address>
         <run_address>0x58bf</run_address>
         <size>0x1d23</size>
         <input_file_ref idref="fl-4"/>
      </object_component>
      <object_component id="oc-58">
         <name>.debug_info</name>
         <load_address>0x75e2</load_address>
         <run_address>0x75e2</run_address>
         <size>0x23d5</size>
         <input_file_ref idref="fl-5"/>
      </object_component>
      <object_component id="oc-5f">
         <name>.debug_info</name>
         <load_address>0x99b7</load_address>
         <run_address>0x99b7</run_address>
         <size>0x37aa</size>
         <input_file_ref idref="fl-6"/>
      </object_component>
      <object_component id="oc-68">
         <name>.debug_info</name>
         <load_address>0xd161</load_address>
         <run_address>0xd161</run_address>
         <size>0x4b84</size>
         <input_file_ref idref="fl-7"/>
      </object_component>
      <object_component id="oc-70">
         <name>.debug_info</name>
         <load_address>0x11ce5</load_address>
         <run_address>0x11ce5</run_address>
         <size>0x6982</size>
         <input_file_ref idref="fl-8"/>
      </object_component>
      <object_component id="oc-77">
         <name>.debug_info</name>
         <load_address>0x18667</load_address>
         <run_address>0x18667</run_address>
         <size>0x1759</size>
         <input_file_ref idref="fl-9"/>
      </object_component>
      <object_component id="oc-7c">
         <name>.debug_info</name>
         <load_address>0x19dc0</load_address>
         <run_address>0x19dc0</run_address>
         <size>0x3451</size>
         <input_file_ref idref="fl-a"/>
      </object_component>
      <object_component id="oc-83">
         <name>.debug_info</name>
         <load_address>0x1d211</load_address>
         <run_address>0x1d211</run_address>
         <size>0x387f</size>
         <input_file_ref idref="fl-b"/>
      </object_component>
      <object_component id="oc-8c">
         <name>.debug_info</name>
         <load_address>0x20a90</load_address>
         <run_address>0x20a90</run_address>
         <size>0x4c11</size>
         <input_file_ref idref="fl-c"/>
      </object_component>
      <object_component id="oc-92">
         <name>.debug_info</name>
         <load_address>0x256a1</load_address>
         <run_address>0x256a1</run_address>
         <size>0x68a</size>
         <input_file_ref idref="fl-d"/>
      </object_component>
      <object_component id="oc-99">
         <name>.debug_info</name>
         <load_address>0x25d2b</load_address>
         <run_address>0x25d2b</run_address>
         <size>0x13a</size>
         <input_file_ref idref="fl-e"/>
      </object_component>
      <object_component id="oc-9d">
         <name>.debug_info</name>
         <load_address>0x25e65</load_address>
         <run_address>0x25e65</run_address>
         <size>0x22de</size>
         <input_file_ref idref="fl-f"/>
      </object_component>
      <object_component id="oc-a3">
         <name>.debug_info</name>
         <load_address>0x28143</load_address>
         <run_address>0x28143</run_address>
         <size>0x1673</size>
         <input_file_ref idref="fl-10"/>
      </object_component>
      <object_component id="oc-a8">
         <name>.debug_info</name>
         <load_address>0x297b6</load_address>
         <run_address>0x297b6</run_address>
         <size>0x222f</size>
         <input_file_ref idref="fl-11"/>
      </object_component>
      <object_component id="oc-ae">
         <name>.debug_info</name>
         <load_address>0x2b9e5</load_address>
         <run_address>0x2b9e5</run_address>
         <size>0xb3f</size>
         <input_file_ref idref="fl-12"/>
      </object_component>
      <object_component id="oc-b3">
         <name>.debug_info</name>
         <load_address>0x2c524</load_address>
         <run_address>0x2c524</run_address>
         <size>0x3857</size>
         <input_file_ref idref="fl-13"/>
      </object_component>
      <object_component id="oc-b9">
         <name>.debug_info</name>
         <load_address>0x2fd7b</load_address>
         <run_address>0x2fd7b</run_address>
         <size>0x15b4</size>
         <input_file_ref idref="fl-14"/>
      </object_component>
      <object_component id="oc-be">
         <name>.debug_info</name>
         <load_address>0x3132f</load_address>
         <run_address>0x3132f</run_address>
         <size>0x1510</size>
         <input_file_ref idref="fl-15"/>
      </object_component>
      <object_component id="oc-c2">
         <name>.debug_info</name>
         <load_address>0x3283f</load_address>
         <run_address>0x3283f</run_address>
         <size>0x13a13</size>
         <input_file_ref idref="fl-16"/>
      </object_component>
      <object_component id="oc-f5">
         <name>.debug_info</name>
         <load_address>0x46252</load_address>
         <run_address>0x46252</run_address>
         <size>0x1c7a</size>
         <input_file_ref idref="fl-17"/>
      </object_component>
      <object_component id="oc-f9">
         <name>.debug_info</name>
         <load_address>0x47ecc</load_address>
         <run_address>0x47ecc</run_address>
         <size>0x3823</size>
         <input_file_ref idref="fl-18"/>
      </object_component>
      <object_component id="oc-ff">
         <name>.debug_info</name>
         <load_address>0x4b6ef</load_address>
         <run_address>0x4b6ef</run_address>
         <size>0x9a3</size>
         <input_file_ref idref="fl-19"/>
      </object_component>
      <object_component id="oc-106">
         <name>.debug_info</name>
         <load_address>0x4c092</load_address>
         <run_address>0x4c092</run_address>
         <size>0x1a2</size>
         <input_file_ref idref="fl-1a"/>
      </object_component>
      <object_component id="oc-10a">
         <name>.debug_info</name>
         <load_address>0x4c234</load_address>
         <run_address>0x4c234</run_address>
         <size>0x4348</size>
         <input_file_ref idref="fl-1b"/>
      </object_component>
      <object_component id="oc-110">
         <name>.debug_info</name>
         <load_address>0x5057c</load_address>
         <run_address>0x5057c</run_address>
         <size>0xde</size>
         <input_file_ref idref="fl-2b"/>
      </object_component>
      <object_component id="oc-113">
         <name>.debug_info</name>
         <load_address>0x5065a</load_address>
         <run_address>0x5065a</run_address>
         <size>0x3a7</size>
         <input_file_ref idref="fl-2c"/>
      </object_component>
      <object_component id="oc-118">
         <name>.debug_info</name>
         <load_address>0x50a01</load_address>
         <run_address>0x50a01</run_address>
         <size>0x3d6</size>
         <input_file_ref idref="fl-2d"/>
      </object_component>
      <object_component id="oc-11f">
         <name>.debug_info</name>
         <load_address>0x50dd7</load_address>
         <run_address>0x50dd7</run_address>
         <size>0x850</size>
         <input_file_ref idref="fl-2e"/>
      </object_component>
      <object_component id="oc-126">
         <name>.debug_info</name>
         <load_address>0x51627</load_address>
         <run_address>0x51627</run_address>
         <size>0xc0</size>
         <input_file_ref idref="fl-2f"/>
      </object_component>
      <object_component id="oc-12a">
         <name>.debug_info</name>
         <load_address>0x516e7</load_address>
         <run_address>0x516e7</run_address>
         <size>0xc0</size>
         <input_file_ref idref="fl-30"/>
      </object_component>
      <object_component id="oc-12e">
         <name>.debug_info</name>
         <load_address>0x517a7</load_address>
         <run_address>0x517a7</run_address>
         <size>0xc0</size>
         <input_file_ref idref="fl-31"/>
      </object_component>
      <object_component id="oc-132">
         <name>.debug_info</name>
         <load_address>0x51867</load_address>
         <run_address>0x51867</run_address>
         <size>0xcc</size>
         <input_file_ref idref="fl-32"/>
      </object_component>
      <object_component id="oc-136">
         <name>.debug_info</name>
         <load_address>0x51933</load_address>
         <run_address>0x51933</run_address>
         <size>0xcc</size>
         <input_file_ref idref="fl-33"/>
      </object_component>
      <object_component id="oc-13a">
         <name>.debug_info</name>
         <load_address>0x519ff</load_address>
         <run_address>0x519ff</run_address>
         <size>0xcc</size>
         <input_file_ref idref="fl-34"/>
      </object_component>
      <object_component id="oc-13e">
         <name>.debug_info</name>
         <load_address>0x51acb</load_address>
         <run_address>0x51acb</run_address>
         <size>0xc6</size>
         <input_file_ref idref="fl-35"/>
      </object_component>
      <object_component id="oc-142">
         <name>.debug_info</name>
         <load_address>0x51b91</load_address>
         <run_address>0x51b91</run_address>
         <size>0x14b</size>
         <input_file_ref idref="fl-36"/>
      </object_component>
      <object_component id="oc-146">
         <name>.debug_info</name>
         <load_address>0x51cdc</load_address>
         <run_address>0x51cdc</run_address>
         <size>0x3fc</size>
         <input_file_ref idref="fl-37"/>
      </object_component>
      <object_component id="oc-14d">
         <name>.debug_info</name>
         <load_address>0x520d8</load_address>
         <run_address>0x520d8</run_address>
         <size>0x1254</size>
         <input_file_ref idref="fl-38"/>
      </object_component>
      <object_component id="oc-154">
         <name>.debug_info</name>
         <load_address>0x5332c</load_address>
         <run_address>0x5332c</run_address>
         <size>0x3a3</size>
         <input_file_ref idref="fl-39"/>
      </object_component>
      <object_component id="oc-159">
         <name>.debug_info</name>
         <load_address>0x536cf</load_address>
         <run_address>0x536cf</run_address>
         <size>0x630</size>
         <input_file_ref idref="fl-3a"/>
      </object_component>
      <object_component id="oc-15e">
         <name>.debug_info</name>
         <load_address>0x53cff</load_address>
         <run_address>0x53cff</run_address>
         <size>0x510</size>
         <input_file_ref idref="fl-3b"/>
      </object_component>
      <object_component id="oc-163">
         <name>.debug_info</name>
         <load_address>0x5420f</load_address>
         <run_address>0x5420f</run_address>
         <size>0x38b</size>
         <input_file_ref idref="fl-3c"/>
      </object_component>
      <object_component id="oc-168">
         <name>.debug_info</name>
         <load_address>0x5459a</load_address>
         <run_address>0x5459a</run_address>
         <size>0x37d</size>
         <input_file_ref idref="fl-3d"/>
      </object_component>
      <object_component id="oc-16d">
         <name>.debug_info</name>
         <load_address>0x54917</load_address>
         <run_address>0x54917</run_address>
         <size>0x3a9</size>
         <input_file_ref idref="fl-3e"/>
      </object_component>
      <object_component id="oc-172">
         <name>.debug_info</name>
         <load_address>0x54cc0</load_address>
         <run_address>0x54cc0</run_address>
         <size>0xd72</size>
         <input_file_ref idref="fl-3f"/>
      </object_component>
      <object_component id="oc-178">
         <name>.debug_info</name>
         <load_address>0x55a32</load_address>
         <run_address>0x55a32</run_address>
         <size>0xeb</size>
         <input_file_ref idref="fl-40"/>
      </object_component>
      <object_component id="oc-17c">
         <name>.debug_info</name>
         <load_address>0x55b1d</load_address>
         <run_address>0x55b1d</run_address>
         <size>0xc0</size>
         <input_file_ref idref="fl-41"/>
      </object_component>
      <object_component id="oc-180">
         <name>.debug_info</name>
         <load_address>0x55bdd</load_address>
         <run_address>0x55bdd</run_address>
         <size>0x4b5</size>
         <input_file_ref idref="fl-42"/>
      </object_component>
      <object_component id="oc-186">
         <name>.debug_info</name>
         <load_address>0x56092</load_address>
         <run_address>0x56092</run_address>
         <size>0x3bd</size>
         <input_file_ref idref="fl-43"/>
      </object_component>
      <object_component id="oc-18b">
         <name>.debug_info</name>
         <load_address>0x5644f</load_address>
         <run_address>0x5644f</run_address>
         <size>0x5cb</size>
         <input_file_ref idref="fl-44"/>
      </object_component>
      <object_component id="oc-190">
         <name>.debug_info</name>
         <load_address>0x56a1a</load_address>
         <run_address>0x56a1a</run_address>
         <size>0x543</size>
         <input_file_ref idref="fl-45"/>
      </object_component>
      <object_component id="oc-195">
         <name>.debug_info</name>
         <load_address>0x56f5d</load_address>
         <run_address>0x56f5d</run_address>
         <size>0x566</size>
         <input_file_ref idref="fl-46"/>
      </object_component>
      <object_component id="oc-19a">
         <name>.debug_info</name>
         <load_address>0x574c3</load_address>
         <run_address>0x574c3</run_address>
         <size>0x71d</size>
         <input_file_ref idref="fl-47"/>
      </object_component>
      <object_component id="oc-1a0">
         <name>.debug_info</name>
         <load_address>0x57be0</load_address>
         <run_address>0x57be0</run_address>
         <size>0x4cc</size>
         <input_file_ref idref="fl-48"/>
      </object_component>
      <object_component id="oc-1a5">
         <name>.debug_info</name>
         <load_address>0x580ac</load_address>
         <run_address>0x580ac</run_address>
         <size>0x398</size>
         <input_file_ref idref="fl-49"/>
      </object_component>
      <object_component id="oc-1aa">
         <name>.debug_info</name>
         <load_address>0x58444</load_address>
         <run_address>0x58444</run_address>
         <size>0x9f7</size>
         <input_file_ref idref="fl-4a"/>
      </object_component>
      <object_component id="oc-1b2">
         <name>.debug_info</name>
         <load_address>0x58e3b</load_address>
         <run_address>0x58e3b</run_address>
         <size>0x1e9a</size>
         <input_file_ref idref="fl-4b"/>
      </object_component>
      <object_component id="oc-1b9">
         <name>.debug_info</name>
         <load_address>0x5acd5</load_address>
         <run_address>0x5acd5</run_address>
         <size>0x337</size>
         <input_file_ref idref="fl-4c"/>
      </object_component>
      <object_component id="oc-1be">
         <name>.debug_info</name>
         <load_address>0x5b00c</load_address>
         <run_address>0x5b00c</run_address>
         <size>0x381</size>
         <input_file_ref idref="fl-4d"/>
      </object_component>
      <object_component id="oc-1c3">
         <name>.debug_info</name>
         <load_address>0x5b38d</load_address>
         <run_address>0x5b38d</run_address>
         <size>0x366</size>
         <input_file_ref idref="fl-4e"/>
      </object_component>
      <object_component id="oc-1c8">
         <name>.debug_info</name>
         <load_address>0x5b6f3</load_address>
         <run_address>0x5b6f3</run_address>
         <size>0x34f</size>
         <input_file_ref idref="fl-4f"/>
      </object_component>
      <object_component id="oc-1cc">
         <name>.debug_info</name>
         <load_address>0x5ba42</load_address>
         <run_address>0x5ba42</run_address>
         <size>0x2c0</size>
         <input_file_ref idref="fl-50"/>
      </object_component>
      <object_component id="oc-1cf">
         <name>.debug_info</name>
         <load_address>0x5bd02</load_address>
         <run_address>0x5bd02</run_address>
         <size>0xcc</size>
         <input_file_ref idref="fl-51"/>
      </object_component>
      <object_component id="oc-1d3">
         <name>.debug_info</name>
         <load_address>0x5bdce</load_address>
         <run_address>0x5bdce</run_address>
         <size>0xc0</size>
         <input_file_ref idref="fl-52"/>
      </object_component>
      <object_component id="oc-1d7">
         <name>.debug_info</name>
         <load_address>0x5be8e</load_address>
         <run_address>0x5be8e</run_address>
         <size>0xc0</size>
         <input_file_ref idref="fl-53"/>
      </object_component>
      <object_component id="oc-1db">
         <name>.debug_info</name>
         <load_address>0x5bf4e</load_address>
         <run_address>0x5bf4e</run_address>
         <size>0xc0</size>
         <input_file_ref idref="fl-54"/>
      </object_component>
      <object_component id="oc-1df">
         <name>.debug_info</name>
         <load_address>0x5c00e</load_address>
         <run_address>0x5c00e</run_address>
         <size>0xce</size>
         <input_file_ref idref="fl-55"/>
      </object_component>
      <object_component id="oc-1e3">
         <name>.debug_info</name>
         <load_address>0x5c0dc</load_address>
         <run_address>0x5c0dc</run_address>
         <size>0xc0</size>
         <input_file_ref idref="fl-56"/>
      </object_component>
      <object_component id="oc-1e7">
         <name>.debug_info</name>
         <load_address>0x5c19c</load_address>
         <run_address>0x5c19c</run_address>
         <size>0xc0</size>
         <input_file_ref idref="fl-57"/>
      </object_component>
      <object_component id="oc-1eb">
         <name>.debug_info</name>
         <load_address>0x5c25c</load_address>
         <run_address>0x5c25c</run_address>
         <size>0x4ba</size>
         <input_file_ref idref="fl-58"/>
      </object_component>
      <object_component id="oc-1f0">
         <name>.debug_info</name>
         <load_address>0x5c716</load_address>
         <run_address>0x5c716</run_address>
         <size>0xc3</size>
         <input_file_ref idref="fl-59"/>
      </object_component>
      <object_component id="oc-1f4">
         <name>.debug_info</name>
[...]
         <object_component_ref idref="oc-fa"/>
      </symbol>
      <symbol id="sm-3b0">
         <name>_rsvd_ISR</name>
         <value>0x3e922e</value>
         <object_component_ref idref="oc-fa"/>
      </symbol>
      <symbol id="sm-3b1">
         <name>_HRCAP1_INT_ISR</name>
         <value>0x3e9184</value>
         <object_component_ref idref="oc-fa"/>
      </symbol>
      <symbol id="sm-3bd">
         <name>_CpuTimer2</name>
         <value>0x8f2a</value>
         <object_component_ref idref="oc-100"/>
      </symbol>
      <symbol id="sm-3be">
         <name>_CpuTimer0</name>
         <value>0x8f32</value>
         <object_component_ref idref="oc-100"/>
      </symbol>
      <symbol id="sm-3bf">
         <name>_CpuTimer1</name>
         <value>0x8f22</value>
         <object_component_ref idref="oc-100"/>
      </symbol>
      <symbol id="sm-3c0">
         <name>_InitCpuTimers</name>
         <value>0x3ea31c</value>
         <object_component_ref idref="oc-fe"/>
      </symbol>
      <symbol id="sm-3c1">
         <name>_ConfigCpuTimer</name>
         <value>0x3ea35d</value>
         <object_component_ref idref="oc-fe"/>
      </symbol>
      <symbol id="sm-3cc">
         <name>code_start</name>
         <value>0x3f7ff6</value>
         <object_component_ref idref="oc-105"/>
      </symbol>
      <symbol id="sm-3d9">
         <name>_InitAdc</name>
         <value>0x3e88fc</value>
         <object_component_ref idref="oc-109"/>
      </symbol>
      <symbol id="sm-3da">
         <name>_InitAdcAio</name>
         <value>0x3e891a</value>
         <object_component_ref idref="oc-109"/>
      </symbol>
      <symbol id="sm-3db">
         <name>_AdcOffsetSelfCal</name>
         <value>0x3e893c</value>
         <object_component_ref idref="oc-109"/>
      </symbol>
      <symbol id="sm-3dc">
         <name>_AdcChanSelect</name>
         <value>0x3e8963</value>
         <object_component_ref idref="oc-109"/>
      </symbol>
      <symbol id="sm-3dd">
         <name>_AdcConversion</name>
         <value>0x3e89d8</value>
         <object_component_ref idref="oc-109"/>
      </symbol>
      <symbol id="sm-3f1">
         <name>_c_int00</name>
         <value>0x3ea5da</value>
         <object_component_ref idref="oc-44"/>
      </symbol>
      <symbol id="sm-3f2">
         <name>__stack</name>
         <value>0x50</value>
         <object_component_ref idref="oc-10e"/>
      </symbol>
      <symbol id="sm-3fc">
         <name>___TI_ft_end</name>
         <value>0x8c00</value>
         <object_component_ref idref="oc-115"/>
      </symbol>
      <symbol id="sm-3fd">
         <name>___TI_tmpnams</name>
         <value>0x8cc0</value>
         <object_component_ref idref="oc-115"/>
      </symbol>
      <symbol id="sm-3fe">
         <name>__ftable</name>
         <value>0x8c40</value>
         <object_component_ref idref="oc-115"/>
      </symbol>
      <symbol id="sm-40f">
         <name>C$$EXIT</name>
         <value>0x3eaa2e</value>
         <object_component_ref idref="oc-117"/>
      </symbol>
      <symbol id="sm-410">
         <name>_exit</name>
         <value>0x3eaa30</value>
         <object_component_ref idref="oc-117"/>
      </symbol>
      <symbol id="sm-411">
         <name>___TI_cleanup_ptr</name>
         <value>0x8f3a</value>
         <object_component_ref idref="oc-11a"/>
      </symbol>
      <symbol id="sm-412">
         <name>_abort</name>
         <value>0x3eaa2e</value>
         <object_component_ref idref="oc-117"/>
      </symbol>
      <symbol id="sm-413">
         <name>___TI_dtors_ptr</name>
         <value>0x8f3c</value>
         <object_component_ref idref="oc-11a"/>
      </symbol>
      <symbol id="sm-446">
         <name>_fopen</name>
         <value>0x3e99c8</value>
         <object_component_ref idref="oc-11e"/>
      </symbol>
      <symbol id="sm-447">
         <name>___TI_cleanup</name>
         <value>0x3e995b</value>
         <object_component_ref idref="oc-11e"/>
      </symbol>
      <symbol id="sm-448">
         <name>_freopen</name>
         <value>0x3e9978</value>
         <object_component_ref idref="oc-11e"/>
      </symbol>
      <symbol id="sm-45e">
         <name>FS$$ADD</name>
         <value>0x3ea231</value>
         <object_component_ref idref="oc-125"/>
      </symbol>
      <symbol id="sm-45f">
         <name>FS$$SUB</name>
         <value>0x3ea22c</value>
         <object_component_ref idref="oc-125"/>
      </symbol>
      <symbol id="sm-46c">
         <name>FS$$DIV</name>
         <value>0x3ea12b</value>
         <object_component_ref idref="oc-129"/>
      </symbol>
      <symbol id="sm-479">
         <name>FS$$MPY</name>
         <value>0x3ea530</value>
         <object_component_ref idref="oc-12d"/>
      </symbol>
      <symbol id="sm-486">
         <name>FS$$TOI</name>
         <value>0x3ea893</value>
         <object_component_ref idref="oc-131"/>
      </symbol>
      <symbol id="sm-495">
         <name>FS$$TOL</name>
         <value>0x3ea7d2</value>
         <object_component_ref idref="oc-135"/>
      </symbol>
      <symbol id="sm-4a2">
         <name>FS$$TOU</name>
         <value>0x3ea959</value>
         <object_component_ref idref="oc-139"/>
      </symbol>
      <symbol id="sm-4ad">
         <name>I$$TOFS</name>
         <value>0x3ea9e2</value>
         <object_component_ref idref="oc-13d"/>
      </symbol>
      <symbol id="sm-4b5">
         <name>UL$$MOD</name>
         <value>0x3ea7a3</value>
         <object_component_ref idref="oc-141"/>
      </symbol>
      <symbol id="sm-4b6">
         <name>L$$MOD</name>
         <value>0x3ea78e</value>
         <object_component_ref idref="oc-141"/>
      </symbol>
      <symbol id="sm-4b7">
         <name>L$$DIV</name>
         <value>0x3ea77f</value>
         <object_component_ref idref="oc-141"/>
      </symbol>
      <symbol id="sm-4b8">
         <name>UL$$DIV</name>
         <value>0x3ea79c</value>
         <object_component_ref idref="oc-141"/>
      </symbol>
      <symbol id="sm-4c6">
         <name>__unlock</name>
         <value>0x8e3c</value>
         <object_component_ref idref="oc-148"/>
      </symbol>
      <symbol id="sm-4c7">
         <name>__lock</name>
         <value>0x8e3e</value>
         <object_component_ref idref="oc-148"/>
      </symbol>
      <symbol id="sm-4c8">
         <name>__register_lock</name>
         <value>0x3eab11</value>
         <object_component_ref idref="oc-145"/>
      </symbol>
      <symbol id="sm-4c9">
         <name>__nop</name>
         <value>0x3eab15</value>
         <object_component_ref idref="oc-145"/>
      </symbol>
      <symbol id="sm-4ca">
         <name>__register_unlock</name>
         <value>0x3eab0d</value>
         <object_component_ref idref="oc-145"/>
      </symbol>
      <symbol id="sm-4ff">
         <name>_add_device</name>
         <value>0x3e8c94</value>
         <object_component_ref idref="oc-14c"/>
      </symbol>
      <symbol id="sm-500">
         <name>_rename</name>
         <value>0x3e8b7d</value>
         <object_component_ref idref="oc-14c"/>
      </symbol>
      <symbol id="sm-501">
         <name>_read</name>
         <value>0x3e8bc0</value>
         <object_component_ref idref="oc-14c"/>
      </symbol>
      <symbol id="sm-502">
         <name>_unlink</name>
         <value>0x3e8b65</value>
         <object_component_ref idref="oc-14c"/>
      </symbol>
      <symbol id="sm-503">
         <name>_remove_device</name>
         <value>0x3e8ba6</value>
         <object_component_ref idref="oc-14c"/>
      </symbol>
      <symbol id="sm-504">
         <name>_open</name>
         <value>0x3e8bd8</value>
         <object_component_ref idref="oc-14c"/>
      </symbol>
      <symbol id="sm-505">
         <name>_lseek</name>
         <value>0x3e8c4a</value>
         <object_component_ref idref="oc-14c"/>
      </symbol>
      <symbol id="sm-506">
         <name>_close</name>
         <value>0x3e8c62</value>
         <object_component_ref idref="oc-14c"/>
      </symbol>
      <symbol id="sm-507">
         <name>_write</name>
         <value>0x3e8aff</value>
         <object_component_ref idref="oc-14c"/>
      </symbol>
      <symbol id="sm-516">
         <name>___memcpy_ff</name>
         <value>0x3ea8fb</value>
         <object_component_ref idref="oc-153"/>
      </symbol>
      <symbol id="sm-524">
         <name>_printf</name>
         <value>0x3ea6a0</value>
         <object_component_ref idref="oc-158"/>
      </symbol>
      <symbol id="sm-539">
         <name>_setvbuf</name>
         <value>0x3ea2a4</value>
         <object_component_ref idref="oc-15d"/>
      </symbol>
      <symbol id="sm-546">
         <name>_strchr</name>
         <value>0x3eaae4</value>
         <object_component_ref idref="oc-162"/>
      </symbol>
      <symbol id="sm-552">
         <name>_strcmp</name>
         <value>0x3eaafa</value>
         <object_component_ref idref="oc-167"/>
      </symbol>
      <symbol id="sm-560">
         <name>_strncpy</name>
         <value>0x3ea8b8</value>
         <object_component_ref idref="oc-16c"/>
      </symbol>
      <symbol id="sm-571">
         <name>_HOSTopen</name>
         <value>0x3e8df9</value>
         <object_component_ref idref="oc-171"/>
      </symbol>
      <symbol id="sm-572">
         <name>_HOSTread</name>
         <value>0x3e8dc3</value>
         <object_component_ref idref="oc-171"/>
      </symbol>
      <symbol id="sm-573">
         <name>_HOSTgetenv</name>
         <value>0x3e8e77</value>
         <object_component_ref idref="oc-171"/>
      </symbol>
      <symbol id="sm-574">
         <name>_HOSTtime</name>
         <value>0x3e8d5b</value>
         <object_component_ref idref="oc-171"/>
      </symbol>
      <symbol id="sm-575">
         <name>_HOSTrename</name>
         <value>0x3e8d85</value>
         <object_component_ref idref="oc-171"/>
      </symbol>
      <symbol id="sm-576">
         <name>_HOSTclock</name>
         <value>0x3e8ec6</value>
         <object_component_ref idref="oc-171"/>
      </symbol>
      <symbol id="sm-577">
         <name>_HOSTwrite</name>
         <value>0x3e8d00</value>
         <object_component_ref idref="oc-171"/>
      </symbol>
      <symbol id="sm-578">
         <name>_HOSTlseek</name>
         <value>0x3e8e30</value>
         <object_component_ref idref="oc-171"/>
      </symbol>
      <symbol id="sm-579">
         <name>_HOSTunlink</name>
         <value>0x3e8d36</value>
         <object_component_ref idref="oc-171"/>
      </symbol>
      <symbol id="sm-57a">
         <name>_HOSTclose</name>
         <value>0x3e8e9f</value>
         <object_component_ref idref="oc-171"/>
      </symbol>
      <symbol id="sm-582">
         <name>U$$MOD</name>
         <value>0x3eaaf4</value>
         <object_component_ref idref="oc-177"/>
      </symbol>
      <symbol id="sm-583">
         <name>U$$DIV</name>
         <value>0x3eaaef</value>
         <object_component_ref idref="oc-177"/>
      </symbol>
      <symbol id="sm-58d">
         <name>U$$TOFS</name>
         <value>0x3eaaad</value>
         <object_component_ref idref="oc-17b"/>
      </symbol>
      <symbol id="sm-5a3">
         <name>___TI_readmsg</name>
         <value>0x3e9fe3</value>
         <object_component_ref idref="oc-17f"/>
      </symbol>
      <symbol id="sm-5a4">
         <name>C$$IO$$</name>
         <value>0x3e9fdf</value>
         <object_component_ref idref="oc-17f"/>
      </symbol>
      <symbol id="sm-5a5">
         <name>__CIOBUF_</name>
         <value>0x9000</value>
         <object_component_ref idref="oc-181"/>
      </symbol>
      <symbol id="sm-5a6">
         <name>___TI_writemsg</name>
         <value>0x3e9f8f</value>
         <object_component_ref idref="oc-17f"/>
      </symbol>
      <symbol id="sm-5b2">
         <name>__args_main</name>
         <value>0x3eaa15</value>
         <object_component_ref idref="oc-185"/>
      </symbol>
      <symbol id="sm-5b3">
         <name>__TI_args_main</name>
         <value>0x1</value>
      </symbol>
      <symbol id="sm-5c2">
         <name>___TI_closefile</name>
         <value>0x3ea4d5</value>
         <object_component_ref idref="oc-18a"/>
      </symbol>
      <symbol id="sm-5c3">
         <name>_fclose</name>
         <value>0x3ea517</value>
         <object_component_ref idref="oc-18a"/>
      </symbol>
      <symbol id="sm-5d6">
         <name>___TI_doflush</name>
         <value>0x3ea405</value>
         <object_component_ref idref="oc-18f"/>
      </symbol>
      <symbol id="sm-5d7">
         <name>_fflush</name>
         <value>0x3ea434</value>
         <object_component_ref idref="oc-18f"/>
      </symbol>
      <symbol id="sm-5e7">
         <name>_putchar</name>
         <value>0x3ea5d5</value>
         <object_component_ref idref="oc-194"/>
      </symbol>
      <symbol id="sm-5e8">
         <name>_putc</name>
         <value>0x3ea58a</value>
         <object_component_ref idref="oc-194"/>
      </symbol>
      <symbol id="sm-5e9">
         <name>_fputc</name>
         <value>0x3ea58a</value>
         <object_component_ref idref="oc-194"/>
      </symbol>
      <symbol id="sm-603">
         <name>_puts</name>
         <value>0x3e9dbc</value>
         <object_component_ref idref="oc-199"/>
      </symbol>
      <symbol id="sm-604">
         <name>_fputs</name>
         <value>0x3e9d29</value>
         <object_component_ref idref="oc-199"/>
      </symbol>
      <symbol id="sm-619">
         <name>___TI_rd_ok</name>
         <value>0x3ea4aa</value>
         <object_component_ref idref="oc-19f"/>
      </symbol>
      <symbol id="sm-61a">
         <name>___TI_wrt_ok</name>
         <value>0x3ea470</value>
         <object_component_ref idref="oc-19f"/>
      </symbol>
      <symbol id="sm-627">
         <name>_memchr</name>
         <value>0x3eaa9d</value>
         <object_component_ref idref="oc-1a4"/>
      </symbol>
      <symbol id="sm-66d">
         <name>__sys_memory</name>
         <value>0x400</value>
         <object_component_ref idref="oc-1ad"/>
      </symbol>
      <symbol id="sm-66e">
         <name>_chkheap</name>
         <value>0x3e909e</value>
         <object_component_ref idref="oc-1a9"/>
      </symbol>
      <symbol id="sm-66f">
         <name>_realloc</name>
         <value>0x3e8fb2</value>
         <object_component_ref idref="oc-1a9"/>
      </symbol>
      <symbol id="sm-670">
         <name>_free_memory</name>
         <value>0x3e9082</value>
         <object_component_ref idref="oc-1a9"/>
      </symbol>
      <symbol id="sm-671">
         <name>_max_free</name>
         <value>0x3e9062</value>
         <object_component_ref idref="oc-1a9"/>
      </symbol>
      <symbol id="sm-672">
         <name>_free</name>
         <value>0x3e8ef0</value>
         <object_component_ref idref="oc-1a9"/>
      </symbol>
      <symbol id="sm-673">
         <name>_calloc</name>
         <value>0x3e90a0</value>
         <object_component_ref idref="oc-1a9"/>
      </symbol>
      <symbol id="sm-674">
         <name>_malloc</name>
         <value>0x3e8f59</value>
         <object_component_ref idref="oc-1a9"/>
      </symbol>
      <symbol id="sm-675">
         <name>_minit</name>
         <value>0x3e8f35</value>
         <object_component_ref idref="oc-1a9"/>
      </symbol>
      <symbol id="sm-77d">
         <name>___TI_printfi</name>
         <value>0x3e880f</value>
         <object_component_ref idref="oc-1b1"/>
      </symbol>
      <symbol id="sm-787">
         <name>_remove</name>
         <value>0x3eab34</value>
         <object_component_ref idref="oc-1b8"/>
      </symbol>
      <symbol id="sm-792">
         <name>_strcpy</name>
         <value>0x3eab2f</value>
         <object_component_ref idref="oc-1bd"/>
      </symbol>
      <symbol id="sm-79d">
         <name>_strlen</name>
         <value>0x3eab27</value>
         <object_component_ref idref="oc-1c2"/>
      </symbol>
      <symbol id="sm-7ae">
         <name>_atoi</name>
         <value>0x3ea6cc</value>
         <object_component_ref idref="oc-1c7"/>
      </symbol>
      <symbol id="sm-7b6">
         <name>__ctypes_</name>
         <value>0x3eab38</value>
         <object_component_ref idref="oc-21a"/>
      </symbol>
      <symbol id="sm-7c2">
         <name>FD$$CMP</name>
         <value>0x3ea755</value>
         <object_component_ref idref="oc-1ce"/>
      </symbol>
      <symbol id="sm-7d5">
         <name>FD$$DIV</name>
         <value>0x3ea01d</value>
         <object_component_ref idref="oc-1d2"/>
      </symbol>
      <symbol id="sm-7e3">
         <name>FD$$MPY</name>
         <value>0x3ea0a8</value>
         <object_component_ref idref="oc-1d6"/>
      </symbol>
      <symbol id="sm-7ec">
         <name>FD$$NEG</name>
         <value>0x3eab16</value>
         <object_component_ref idref="oc-1da"/>
      </symbol>
      <symbol id="sm-7f4">
         <name>FD$$SUB</name>
         <value>0x3eaabd</value>
         <object_component_ref idref="oc-1de"/>
      </symbol>
      <symbol id="sm-7ff">
         <name>FD$$TOI</name>
         <value>0x3ea8da</value>
         <object_component_ref idref="oc-1e2"/>
      </symbol>
      <symbol id="sm-80a">
         <name>FD$$TOL</name>
         <value>0x3ea91c</value>
         <object_component_ref idref="oc-1e6"/>
      </symbol>
      <symbol id="sm-818">
         <name>_fseek</name>
         <value>0x3ea65d</value>
         <object_component_ref idref="oc-1ea"/>
      </symbol>
      <symbol id="sm-824">
         <name>FS$$TOFD</name>
         <value>0x3ea976</value>
         <object_component_ref idref="oc-1ef"/>
      </symbol>
      <symbol id="sm-82c">
         <name>LL$$AND</name>
         <value>0x3eaa47</value>
         <object_component_ref idref="oc-1f3"/>
      </symbol>
      <symbol id="sm-82d">
         <name>LL$$OR</name>
         <value>0x3eaa4f</value>
         <object_component_ref idref="oc-1f3"/>
      </symbol>
      <symbol id="sm-82e">
         <name>LL$$XOR</name>
         <value>0x3eaa57</value>
         <object_component_ref idref="oc-1f3"/>
      </symbol>
      <symbol id="sm-838">
         <name>ULL$$CMP</name>
         <value>0x3ea94d</value>
         <object_component_ref idref="oc-1f7"/>
      </symbol>
      <symbol id="sm-839">
         <name>LL$$CMP</name>
         <value>0x3ea93b</value>
         <object_component_ref idref="oc-1f7"/>
      </symbol>
      <symbol id="sm-860">
         <name>ULL$$MOD</name>
         <value>0x3e977f</value>
         <object_component_ref idref="oc-1fb"/>
      </symbol>
      <symbol id="sm-861">
         <name>ULL$$DIV</name>
         <value>0x3e9750</value>
         <object_component_ref idref="oc-1fb"/>
      </symbol>
      <symbol id="sm-862">
         <name>LL$$MOD</name>
         <value>0x3e9716</value>
         <object_component_ref idref="oc-1fb"/>
      </symbol>
      <symbol id="sm-863">
         <name>LL$$DIV</name>
         <value>0x3e96da</value>
         <object_component_ref idref="oc-1fb"/>
      </symbol>
      <symbol id="sm-86b">
         <name>LL$$MPY</name>
         <value>0x3eaa76</value>
         <object_component_ref idref="oc-1ff"/>
      </symbol>
      <symbol id="sm-877">
         <name>_ltoa</name>
         <value>0x3ea729</value>
         <object_component_ref idref="oc-203"/>
      </symbol>
      <symbol id="sm-883">
         <name>L$$TOFD</name>
         <value>0x3ea992</value>
         <object_component_ref idref="oc-208"/>
      </symbol>
      <symbol id="sm-890">
         <name>_memccpy</name>
         <value>0x3eaacb</value>
         <object_component_ref idref="oc-20c"/>
      </symbol>
      <symbol id="sm-89c">
         <name>_memset</name>
         <value>0x3eaad8</value>
         <object_component_ref idref="oc-211"/>
      </symbol>
      <symbol id="sm-8b3">
         <name>FD$$ADD</name>
         <value>0x3e9dce</value>
         <object_component_ref idref="oc-216"/>
      </symbol>
   </symbol_table>
   <title>Link successful</title>
</link_info>
