******************************************************************************
             TMS320C2000 Linker PC v6.2.0                      
******************************************************************************
>> Linked Thu Apr 06 15:22:42 2017

OUTPUT FILE NAME:   <WXCD_FS.out>
ENTRY POINT SYMBOL: "_c_int00"  address: 003ea54f


MEMORY CONFIGURATION

         name            origin    length      used     unused   attr    fill
----------------------  --------  ---------  --------  --------  ----  --------
PAGE 0:
  RAML0                 00008000   00000800  0000001f  000007e1  RWIX
  RAML1                 00008800   00000400  00000000  00000400  RWIX
  OTP                   003d7800   00000400  00000000  00000400  RWIX
  FLASHCDEFGH           003e8000   0000c000  00002ee8  00009118  RWIX
  FLASHB2               003f5000   00001000  0000001f  00000fe1  RWIX
  FLASHA                003f6000   00001f80  00000000  00001f80  RWIX
  CSM_RSVD              003f7f80   00000076  00000000  00000076  RWIX
  BEGIN                 003f7ff6   00000002  00000002  00000000  RWIX
  CSM_PWL_P0            003f7ff8   00000008  00000000  00000008  RWIX
  IQTABLES              003fe000   00000b50  00000000  00000b50  RWIX
  IQTABLES2             003feb50   0000008c  00000000  0000008c  RWIX
  IQTABLES3             003febdc   000000aa  00000000  000000aa  RWIX
  ROM                   003ff27c   00000d44  00000000  00000d44  RWIX
  RESET                 003fffc0   00000002  00000000  00000002  RWIX
  VECTORS               003fffc2   0000003e  00000000  0000003e  RWIX

PAGE 1:
  BOOT_RSVD             00000000   00000050  00000000  00000050  RWIX
  RAMM0                 00000050   000003b0  00000300  000000b0  RWIX
  RAMM1                 00000400   00000400  00000400  00000000  RWIX
  DEV_EMU               00000880   00000105  00000004  00000101  RWIX
  SYS_PWR_CTL           00000985   00000003  00000003  00000000  RWIX
  FLASH_REGS            00000a80   00000060  00000008  00000058  RWIX
  CSM                   00000ae0   00000010  00000010  00000000  RWIX
  ADC_RESULT            00000b00   00000020  00000020  00000000  RWIX
  CPU_TIMER0            00000c00   00000008  00000008  00000000  RWIX
  CPU_TIMER1            00000c08   00000008  00000008  00000000  RWIX
  CPU_TIMER2            00000c10   00000008  00000008  00000000  RWIX
  PIE_CTRL              00000ce0   00000020  0000001a  00000006  RWIX
  PIE_VECT              00000d00   00000100  00000100  00000000  RWIX
  CLA1                  00001400   00000080  00000040  00000040  RWIX
  ECANA                 00006000   00000040  00000034  0000000c  RWIX
  ECANA_LAM             00006040   00000040  00000040  00000000  RWIX
  ECANA_MOTS            00006080   00000040  00000040  00000000  RWIX
  ECANA_MOTO            000060c0   00000040  00000040  00000000  RWIX
  ECANA_MBOX            00006100   00000100  00000100  00000000  RWIX
  COMP1                 00006400   00000020  00000014  0000000c  RWIX
  COMP2                 00006420   00000020  00000014  0000000c  RWIX
  COMP3                 00006440   00000020  00000014  0000000c  RWIX
  EPWM1                 00006800   00000040  00000040  00000000  RWIX
  EPWM2                 00006840   00000040  00000040  00000000  RWIX
  EPWM3                 00006880   00000040  00000040  00000000  RWIX
  EPWM4                 000068c0   00000040  00000040  00000000  RWIX
  EPWM5                 00006900   00000040  00000040  00000000  RWIX
  EPWM6                 00006940   00000040  00000040  00000000  RWIX
  EPWM7                 00006980   00000040  00000040  00000000  RWIX
  ECAP1                 00006a00   00000020  00000020  00000000  RWIX
  HRCAP1                00006ac0   00000020  00000020  00000000  RWIX
  HRCAP2                00006ae0   00000020  00000020  00000000  RWIX
  EQEP1                 00006b00   00000040  00000040  00000000  RWIX
  LINA                  00006c00   00000080  0000004a  00000036  RWIX
  GPIOCTRL              00006f80   00000040  00000040  00000000  RWIX
  GPIODAT               00006fc0   00000020  00000020  00000000  RWIX
  GPIOINT               00006fe0   00000020  0000000c  00000014  RWIX
  SYSTEM                00007010   00000020  00000020  00000000  RWIX
  SPIA                  00007040   00000010  00000010  00000000  RWIX
  SCIA                  00007050   00000010  00000010  00000000  RWIX
  NMIINTRUPT            00007060   00000010  00000010  00000000  RWIX
  XINTRUPT              00007070   00000010  00000010  00000000  RWIX
  ADC                   00007100   00000080  00000050  00000030  RWIX
  SPIB                  00007740   00000010  00000010  00000000  RWIX
  I2CA                  00007900   00000040  00000022  0000001e  RWIX
  RAML2                 00008c00   00000400  0000034f  000000b1  RWIX
  RAML3                 00009000   00001000  00000120  00000ee0  RWIX
  PARTID                003d7e80   00000001  00000001  00000000  RWIX
  FLASHB1               003f4000   00001000  00000000  00001000  RWIX
  CSM_PWL               003f7ff8   00000008  00000008  00000000  RWIX


SECTION ALLOCATION MAP

 output                                  attributes/
section   page    origin      length       input sections
--------  ----  ----------  ----------   ----------------
.pinit     0    003e8000    00000000     UNINITIALIZED

.text      0    003e8000    00002aa0     
                  003e8000    000008fc     rts2800_ml.lib : _printfi.obj (.text)
                  003e88fc    00000203     DSP2803x_Adc.obj (.text)
                  003e8aff    00000201     rts2800_ml.lib : lowlev.obj (.text)
                  003e8d00    000001f0                    : trgdrv.obj (.text)
                  003e8ef0    000001c7                    : memory.obj (.text)
                  003e90b7    0000017c     DSP2803x_DefaultIsr.obj (.text:retain)
                  003e9233    00000147     printf_uart.obj (.text)
                  003e937a    00000137     DSP2803x_SysCtrl.obj (.text)
                  003e94b1    00000114     pid.obj (.text)
                  003e95c5    0000010b     pwm.obj (.text)
                  003e96d0    00000107     rts2800_ml.lib : ll_div.obj (.text)
                  003e97d7    00000102     sim_spi.obj (.text)
                  003e98d9    000000ff     rts2800_ml.lib : fopen.obj (.text)
                  003e99d8    000000ed     DataScope_DP.obj (.text)
                  003e9ac5    000000ce     main.obj (.text)
                  003e9b93    000000ca     TM1650_IIC.obj (.text)
                  003e9c5d    000000c4     DSP2803x_EPwm.obj (.text)
                  003e9d21    000000a5     rts2800_ml.lib : fputs.obj (.text)
                  003e9dc6    0000009c                    : fd_add.obj (.text)
                  003e9e62    00000097     led.obj (.text)
                  003e9ef9    0000008e     DSP2803x_Lin.obj (.text)
                  003e9f87    0000008e     rts2800_ml.lib : ankmsg.obj (.text)
                  003ea015    0000008b                    : fd_div.obj (.text)
                  003ea0a0    00000083                    : fd_mpy.obj (.text)
                  003ea123    0000007e     zm5168.obj (.text)
                  003ea1a1    00000078     rts2800_ml.lib : fs_add.obj (.text)
                  003ea219    00000078                    : setvbuf.obj (.text)
                  003ea291    00000076     DSP2803x_CpuTimers.obj (.text)
                  003ea307    00000073     ad.obj (.text)
                  003ea37a    0000006b     rts2800_ml.lib : fflush.obj (.text)
                  003ea3e5    00000065                    : _io_perm.obj (.text)
                  003ea44a    0000005b                    : fclose.obj (.text)
                  003ea4a5    0000005a                    : fs_mpy.obj (.text)
                  003ea4ff    00000050                    : fputc.obj (.text)
                  003ea54f    00000044                    : boot.obj (.text)
                  003ea593    00000040     pid.obj (.text:retain)
                  003ea5d3    0000003e     timer.obj (.text)
                  003ea611    0000003d     rts2800_ml.lib : fseek.obj (.text)
                  003ea64e    00000032                    : printf.obj (.text)
                  003ea680    00000031                    : atoi.obj (.text)
                  003ea6b1    0000002c     ad.obj (.text:retain)
                  003ea6dd    0000002c     rts2800_ml.lib : ltoa.obj (.text)
                  003ea709    0000002a                    : fd_cmp.obj (.text)
                  003ea733    0000002a                    : l_div.obj (.text)
                  003ea75d    00000029     Exint.obj (.text)
                  003ea786    00000029     rts2800_ml.lib : fs_tol.obj (.text)
                  003ea7af    00000028     DSP2803x_PieCtrl.obj (.text)
                  003ea7d7    00000025     DSP2803x_PieVect.obj (.text)
                  003ea7fc    00000025     rts2800_ml.lib : fs_toi.obj (.text)
                  003ea821    00000022                    : strncpy.obj (.text)
                  003ea843    00000021                    : fd_toi.obj (.text)
                  003ea864    00000021                    : memcpy_ff.obj (.text)
                  003ea885    0000001f                    : fd_tol.obj (.text)
                  003ea8a4    0000001e                    : ll_cmp.obj (.text)
                  003ea8c2    0000001d                    : fs_tou.obj (.text)
                  003ea8df    0000001c                    : fs_tofd.obj (.text)
                  003ea8fb    0000001c                    : l_tofd.obj (.text)
                  003ea917    0000001a     DSP2803x_Sci.obj (.text)
                  003ea931    0000001a     timer.obj (.text:retain)
                  003ea94b    0000001a     rts2800_ml.lib : i_tofs.obj (.text)
                  003ea965    00000019     DSP2803x_I2C.obj (.text)
                  003ea97e    00000019     rts2800_ml.lib : args_main.obj (.text)
                  003ea997    00000019                    : exit.obj (.text)
                  003ea9b0    00000018                    : ll_aox.obj (.text)
                  003ea9c8    00000017     Exint.obj (.text:retain)
                  003ea9df    00000014     rts2800_ml.lib : ll_mpy.obj (.text)
                  003ea9f3    00000013     DSP2803x_Gpio.obj (.text)
                  003eaa06    00000010     rts2800_ml.lib : memchr.obj (.text)
                  003eaa16    00000010                    : u_tofs.obj (.text)
                  003eaa26    0000000e                    : fd_sub.obj (.text)
                  003eaa34    0000000d                    : memccpy.obj (.text)
                  003eaa41    0000000c                    : memset.obj (.text)
                  003eaa4d    0000000b                    : strchr.obj (.text)
                  003eaa58    0000000b                    : u_div.obj (.text)
                  003eaa63    0000000a                    : strcmp.obj (.text)
                  003eaa6d    00000009     TM1650_IIC.obj (.text:retain)
                  003eaa76    00000009     rts2800_ml.lib : _lock.obj (.text)
                  003eaa7f    00000009                    : fd_neg.obj (.text)
                  003eaa88    00000008     DSP2803x_CodeStartBranch.obj (.text)
                  003eaa90    00000008     rts2800_ml.lib : strlen.obj (.text)
                  003eaa98    00000005                    : strcpy.obj (.text)
                  003eaa9d    00000003                    : remove.obj (.text)

.econst    0    003eaaa0    00000358     
                  003eaaa0    00000101     rts2800_ml.lib : ctype.obj (.econst:.string:__ctypes_)
                  003eaba1    00000001     --HOLE-- [fill = 0]
                  003eaba2    00000100     DSP2803x_PieVect.obj (.econst)
                  003eaca2    000000f4     printf_uart.obj (.econst:.string)
                  003ead96    00000024     TM1650_IIC.obj (.econst:.string)
                  003eadba    00000024     rts2800_ml.lib : _printfi.obj (.econst:.string)
                  003eadde    00000018                    : _printfi.obj (.econst)
                  003eadf6    00000002                    : fputs.obj (.econst:.string)

.cinit     0    003eadf8    000000f0     
                  003eadf8    00000048     TM1650_IIC.obj (.cinit)
                  003eae40    00000031     rts2800_ml.lib : lowlev.obj (.cinit)
                  003eae71    0000002a                    : defs.obj (.cinit)
                  003eae9b    0000000c     main.obj (.cinit)
                  003eaea7    0000000b     printf_uart.obj (.cinit)
                  003eaeb2    0000000a     rts2800_ml.lib : _lock.obj (.cinit)
                  003eaebc    0000000a                    : exit.obj (.cinit)
                  003eaec6    00000008     pid.obj (.cinit)
                  003eaece    00000007     timer.obj (.cinit)
                  003eaed5    00000005     pwm.obj (.cinit)
                  003eaeda    00000004     DataScope_DP.obj (.cinit)
                  003eaede    00000004     rts2800_ml.lib : fopen.obj (.cinit)
                  003eaee2    00000004                    : memory.obj (.cinit)
                  003eaee6    00000002     --HOLE-- [fill = 0]

ramfuncs   0    003f5000    0000001f     RUN ADDR = 00008000
                  003f5000    0000001b     DSP2803x_SysCtrl.obj (ramfuncs)
                  003f501b    00000004     DSP2803x_usDelay.obj (ramfuncs)

codestart 
*          0    003f7ff6    00000002     
                  003f7ff6    00000002     DSP2803x_CodeStartBranch.obj (codestart)

.reset     0    003fffc0    00000002     DSECT
                  003fffc0    00000002     rts2800_ml.lib : boot.obj (.reset)

vectors    0    003fffc2    00000000     DSECT

.stack     1    00000050    00000300     UNINITIALIZED
                  00000050    00000300     --HOLE--

.sysmem    1    00000400    00000400     UNINITIALIZED
                  00000400    00000001     rts2800_ml.lib : memory.obj (.sysmem)
                  00000401    000003ff     --HOLE--

DevEmuRegsFile 
*          1    00000880    00000004     UNINITIALIZED
                  00000880    00000004     DSP2803x_GlobalVariableDefs.obj (DevEmuRegsFile)

SysPwrCtrlRegsFile 
*          1    00000985    00000003     UNINITIALIZED
                  00000985    00000003     DSP2803x_GlobalVariableDefs.obj (SysPwrCtrlRegsFile)

FlashRegsFile 
*          1    00000a80    00000008     UNINITIALIZED
                  00000a80    00000008     DSP2803x_GlobalVariableDefs.obj (FlashRegsFile)

CsmRegsFile 
*          1    00000ae0    00000010     UNINITIALIZED
                  00000ae0    00000010     DSP2803x_GlobalVariableDefs.obj (CsmRegsFile)

AdcResultFile 
*          1    00000b00    00000020     UNINITIALIZED
                  00000b00    00000020     DSP2803x_GlobalVariableDefs.obj (AdcResultFile)

CpuTimer0RegsFile 
*          1    00000c00    00000008     UNINITIALIZED
                  00000c00    00000008     DSP2803x_GlobalVariableDefs.obj (CpuTimer0RegsFile)

CpuTimer1RegsFile 
*          1    00000c08    00000008     UNINITIALIZED
                  00000c08    00000008     DSP2803x_GlobalVariableDefs.obj (CpuTimer1RegsFile)

CpuTimer2RegsFile 
*          1    00000c10    00000008     UNINITIALIZED
                  00000c10    00000008     DSP2803x_GlobalVariableDefs.obj (CpuTimer2RegsFile)

PieCtrlRegsFile 
*          1    00000ce0    0000001a     UNINITIALIZED
                  00000ce0    0000001a     DSP2803x_GlobalVariableDefs.obj (PieCtrlRegsFile)

PieVectTableFile 
*          1    00000d00    00000100     UNINITIALIZED
                  00000d00    00000100     DSP2803x_GlobalVariableDefs.obj (PieVectTableFile)

EmuKeyVar 
*          1    00000d00    00000001     UNINITIALIZED
                  00000d00    00000001     DSP2803x_GlobalVariableDefs.obj (EmuKeyVar)

EmuBModeVar 
*          1    00000d01    00000001     UNINITIALIZED
                  00000d01    00000001     DSP2803x_GlobalVariableDefs.obj (EmuBModeVar)

FlashCallbackVar 
*          1    00000d02    00000002     UNINITIALIZED
                  00000d02    00000002     DSP2803x_GlobalVariableDefs.obj (FlashCallbackVar)

FlashScalingVar 
*          1    00000d04    00000002     UNINITIALIZED
                  00000d04    00000002     DSP2803x_GlobalVariableDefs.obj (FlashScalingVar)

Cla1RegsFile 
*          1    00001400    00000040     UNINITIALIZED
                  00001400    00000040     DSP2803x_GlobalVariableDefs.obj (Cla1RegsFile)

ECanaRegsFile 
*          1    00006000    00000034     UNINITIALIZED
                  00006000    00000034     DSP2803x_GlobalVariableDefs.obj (ECanaRegsFile)

ECanaLAMRegsFile 
*          1    00006040    00000040     UNINITIALIZED
                  00006040    00000040     DSP2803x_GlobalVariableDefs.obj (ECanaLAMRegsFile)

ECanaMOTSRegsFile 
*          1    00006080    00000040     UNINITIALIZED
                  00006080    00000040     DSP2803x_GlobalVariableDefs.obj (ECanaMOTSRegsFile)

ECanaMOTORegsFile 
*          1    000060c0    00000040     UNINITIALIZED
                  000060c0    00000040     DSP2803x_GlobalVariableDefs.obj (ECanaMOTORegsFile)

ECanaMboxesFile 
*          1    00006100    00000100     UNINITIALIZED
                  00006100    00000100     DSP2803x_GlobalVariableDefs.obj (ECanaMboxesFile)

Comp1RegsFile 
*          1    00006400    00000014     UNINITIALIZED
                  00006400    00000014     DSP2803x_GlobalVariableDefs.obj (Comp1RegsFile)

Comp2RegsFile 
*          1    00006420    00000014     UNINITIALIZED
                  00006420    00000014     DSP2803x_GlobalVariableDefs.obj (Comp2RegsFile)

Comp3RegsFile 
*          1    00006440    00000014     UNINITIALIZED
                  00006440    00000014     DSP2803x_GlobalVariableDefs.obj (Comp3RegsFile)

EPwm1RegsFile 
*          1    00006800    00000040     UNINITIALIZED
                  00006800    00000040     DSP2803x_GlobalVariableDefs.obj (EPwm1RegsFile)

EPwm2RegsFile 
*          1    00006840    00000040     UNINITIALIZED
                  00006840    00000040     DSP2803x_GlobalVariableDefs.obj (EPwm2RegsFile)

EPwm3RegsFile 
*          1    00006880    00000040     UNINITIALIZED
                  00006880    00000040     DSP2803x_GlobalVariableDefs.obj (EPwm3RegsFile)

EPwm4RegsFile 
*          1    000068c0    00000040     UNINITIALIZED
                  000068c0    00000040     DSP2803x_GlobalVariableDefs.obj (EPwm4RegsFile)

EPwm5RegsFile 
*          1    00006900    00000040     UNINITIALIZED
                  00006900    00000040     DSP2803x_GlobalVariableDefs.obj (EPwm5RegsFile)

EPwm6RegsFile 
*          1    00006940    00000040     UNINITIALIZED
                  00006940    00000040     DSP2803x_GlobalVariableDefs.obj (EPwm6RegsFile)

EPwm7RegsFile 
*          1    00006980    00000040     UNINITIALIZED
                  00006980    00000040     DSP2803x_GlobalVariableDefs.obj (EPwm7RegsFile)

ECap1RegsFile 
*          1    00006a00    00000020     UNINITIALIZED
                  00006a00    00000020     DSP2803x_GlobalVariableDefs.obj (ECap1RegsFile)

HRCap1RegsFile 
*          1    00006ac0    00000020     UNINITIALIZED
                  00006ac0    00000020     DSP2803x_GlobalVariableDefs.obj (HRCap1RegsFile)

HRCap2RegsFile 
*          1    00006ae0    00000020     UNINITIALIZED
                  00006ae0    00000020     DSP2803x_GlobalVariableDefs.obj (HRCap2RegsFile)

EQep1RegsFile 
*          1    00006b00    00000040     UNINITIALIZED
                  00006b00    00000040     DSP2803x_GlobalVariableDefs.obj (EQep1RegsFile)

LinaRegsFile 
*          1    00006c00    0000004a     UNINITIALIZED
                  00006c00    0000004a     DSP2803x_GlobalVariableDefs.obj (LinaRegsFile)

GpioCtrlRegsFile 
*          1    00006f80    00000040     UNINITIALIZED
                  00006f80    00000040     DSP2803x_GlobalVariableDefs.obj (GpioCtrlRegsFile)

GpioDataRegsFile 
*          1    00006fc0    00000020     UNINITIALIZED
                  00006fc0    00000020     DSP2803x_GlobalVariableDefs.obj (GpioDataRegsFile)

GpioIntRegsFile 
*          1    00006fe0    0000000c     UNINITIALIZED
                  00006fe0    0000000c     DSP2803x_GlobalVariableDefs.obj (GpioIntRegsFile)

SysCtrlRegsFile 
*          1    00007010    00000020     UNINITIALIZED
                  00007010    00000020     DSP2803x_GlobalVariableDefs.obj (SysCtrlRegsFile)

SpiaRegsFile 
*          1    00007040    00000010     UNINITIALIZED
                  00007040    00000010     DSP2803x_GlobalVariableDefs.obj (SpiaRegsFile)

SciaRegsFile 
*          1    00007050    00000010     UNINITIALIZED
                  00007050    00000010     DSP2803x_GlobalVariableDefs.obj (SciaRegsFile)

NmiIntruptRegsFile 
*          1    00007060    00000010     UNINITIALIZED
                  00007060    00000010     DSP2803x_GlobalVariableDefs.obj (NmiIntruptRegsFile)

XIntruptRegsFile 
*          1    00007070    00000010     UNINITIALIZED
                  00007070    00000010     DSP2803x_GlobalVariableDefs.obj (XIntruptRegsFile)

AdcRegsFile 
*          1    00007100    00000050     UNINITIALIZED
                  00007100    00000050     DSP2803x_GlobalVariableDefs.obj (AdcRegsFile)

SpibRegsFile 
*          1    00007740    00000010     UNINITIALIZED
                  00007740    00000010     DSP2803x_GlobalVariableDefs.obj (SpibRegsFile)

I2caRegsFile 
*          1    00007900    00000022     UNINITIALIZED
                  00007900    00000022     DSP2803x_GlobalVariableDefs.obj (I2caRegsFile)

.ebss      1    00008c00    0000034f     UNINITIALIZED
                  00008c00    00000160     rts2800_ml.lib : defs.obj (.ebss)
                  00008d60    00000018     DSP2803x_CpuTimers.obj (.ebss)
                  00008d78    00000008     rts2800_ml.lib : memory.obj (.ebss)
                  00008d80    00000098     TM1650_IIC.obj (.ebss)
                  00008e18    00000028     pid.obj (.ebss)
                  00008e40    00000088     rts2800_ml.lib : lowlev.obj (.ebss)
                  00008ec8    0000002e     DataScope_DP.obj (.ebss)
                  00008ef6    00000008     rts2800_ml.lib : trgdrv.obj (.ebss)
                  00008efe    00000002     DSP2803x_Lin.obj (.ebss)
                  00008f00    00000024     ad.obj (.ebss)
                  00008f24    00000018     printf_uart.obj (.ebss)
                  00008f3c    00000004     main.obj (.ebss)
                  00008f40    00000004     rts2800_ml.lib : _lock.obj (.ebss)
                  00008f44    00000004                    : exit.obj (.ebss)
                  00008f48    00000004     timer.obj (.ebss)
                  00008f4c    00000002     pwm.obj (.ebss)
                  00008f4e    00000001     rts2800_ml.lib : fopen.obj (.ebss)

.cio       1    00009000    00000120     UNINITIALIZED
                  00009000    00000120     rts2800_ml.lib : ankmsg.obj (.cio)

PartIdRegsFile 
*          1    003d7e80    00000001     UNINITIALIZED
                  003d7e80    00000001     DSP2803x_GlobalVariableDefs.obj (PartIdRegsFile)

CsmPwlFile 
*          1    003f7ff8    00000008     UNINITIALIZED
                  003f7ff8    00000008     DSP2803x_GlobalVariableDefs.obj (CsmPwlFile)


GLOBAL DATA SYMBOLS: SORTED BY DATA PAGE

address     data page           name
--------    ----------------    ----
00000050       1 (00000040)     __stack

00000400      10 (00000400)     __sys_memory

00000880      22 (00000880)     _DevEmuRegs

00000985      26 (00000980)     _SysPwrCtrlRegs

00000a80      2a (00000a80)     _FlashRegs

00000ae0      2b (00000ac0)     _CsmRegs

00000b00      2c (00000b00)     _AdcResult

00000c00      30 (00000c00)     _CpuTimer0Regs
00000c08      30 (00000c00)     _CpuTimer1Regs
00000c10      30 (00000c00)     _CpuTimer2Regs

00000ce0      33 (00000cc0)     _PieCtrlRegs

00000d00      34 (00000d00)     _EmuKey
00000d00      34 (00000d00)     _PieVectTable
00000d01      34 (00000d00)     _EmuBMode
00000d02      34 (00000d00)     _Flash_CallbackPtr
00000d04      34 (00000d00)     _Flash_CPUScaleFactor

00001400      50 (00001400)     _Cla1Regs

00006000     180 (00006000)     _ECanaRegs

00006040     181 (00006040)     _ECanaLAMRegs

00006080     182 (00006080)     _ECanaMOTSRegs

000060c0     183 (000060c0)     _ECanaMOTORegs

00006100     184 (00006100)     _ECanaMboxes

00006400     190 (00006400)     _Comp1Regs
00006420     190 (00006400)     _Comp2Regs

00006440     191 (00006440)     _Comp3Regs

00006800     1a0 (00006800)     _EPwm1Regs

00006840     1a1 (00006840)     _EPwm2Regs

00006880     1a2 (00006880)     _EPwm3Regs

000068c0     1a3 (000068c0)     _EPwm4Regs

00006900     1a4 (00006900)     _EPwm5Regs

00006940     1a5 (00006940)     _EPwm6Regs

00006980     1a6 (00006980)     _EPwm7Regs

00006a00     1a8 (00006a00)     _ECap1Regs

00006ac0     1ab (00006ac0)     _HRCap1Regs
00006ae0     1ab (00006ac0)     _HRCap2Regs

00006b00     1ac (00006b00)     _EQep1Regs

00006c00     1b0 (00006c00)     _LinaRegs

00006f80     1be (00006f80)     _GpioCtrlRegs

00006fc0     1bf (00006fc0)     _GpioDataRegs
00006fe0     1bf (00006fc0)     _GpioIntRegs

00007010     1c0 (00007000)     _SysCtrlRegs

00007040     1c1 (00007040)     _SpiaRegs
00007050     1c1 (00007040)     _SciaRegs
00007060     1c1 (00007040)     _NmiIntruptRegs
00007070     1c1 (00007040)     _XIntruptRegs

00007100     1c4 (00007100)     _AdcRegs

00007740     1dd (00007740)     _SpibRegs

00007900     1e4 (00007900)     _I2caRegs

00008c00     230 (00008c00)     ___TI_ft_end

00008c40     231 (00008c40)     __ftable

00008cc0     233 (00008cc0)     ___TI_tmpnams

00008d60     235 (00008d40)     _CpuTimer1
00008d68     235 (00008d40)     _CpuTimer2
00008d70     235 (00008d40)     _CpuTimer0

00008d80     236 (00008d80)     _keyVal
00008d81     236 (00008d80)     _LigntVal
00008d82     236 (00008d80)     _PtrMsg
00008d86     236 (00008d80)     _SEG7Table
00008d96     236 (00008d80)     _IIC_ISR_String
00008da6     236 (00008d80)     _ICF8591Msg

00008dc0     237 (00008dc0)     _MCP79411
00008dd8     237 (00008dc0)     _AT24C02Msg

00008e00     238 (00008e00)     _TM1650
00008e18     238 (00008e00)     _xfeq
00008e19     238 (00008e00)     _V_OUT
00008e1a     238 (00008e00)     _F_OUT
00008e1b     238 (00008e00)     _count
00008e1c     238 (00008e00)     _j
00008e1d     238 (00008e00)     _Send_Count
00008e1e     238 (00008e00)     _temp
00008e24     238 (00008e00)     _PID_V
00008e32     238 (00008e00)     _PID_F

00008ec8     23b (00008ec0)     _temp3
00008ec9     23b (00008ec0)     _temp4
00008eca     23b (00008ec0)     _temp2
00008ecb     23b (00008ec0)     _temp1
00008ecc     23b (00008ec0)     _DataScope_OutPut_Buffer
00008efe     23b (00008ec0)     _P1
00008eff     23b (00008ec0)     _P0

00008f00     23c (00008f00)     _regulate_I
00008f02     23c (00008f00)     _regulate_V
00008f04     23c (00008f00)     _ADResReg
00008f24     23c (00008f00)     _SCI_Msg
00008f3c     23c (00008f00)     _Error
00008f3d     23c (00008f00)     _i
00008f3e     23c (00008f00)     _Tmp
00008f3f     23c (00008f00)     _key

00008f40     23d (00008f40)     __unlock
00008f42     23d (00008f40)     __lock
00008f44     23d (00008f40)     ___TI_cleanup_ptr
00008f46     23d (00008f40)     ___TI_dtors_ptr
00008f48     23d (00008f40)     _timer0Base
00008f4c     23d (00008f40)     _EPWM1_TIMER_TBPRD

00009000     240 (00009000)     __CIOBUF_

003d7e80    f5fa (003d7e80)     _PartIdRegs

003eaaa0    faaa (003eaa80)     __ctypes_

003eaba2    faae (003eab80)     _PieVectTableInit

003f7ff8    fdff (003f7fc0)     _CsmPwl


GLOBAL SYMBOLS: SORTED ALPHABETICALLY BY Name 

address    name
--------   ----
003e8000   .text
003ea997   C$$EXIT
003e9fd7   C$$IO$$
003e9dc6   FD$$ADD
003ea709   FD$$CMP
003ea015   FD$$DIV
003ea0a0   FD$$MPY
003eaa7f   FD$$NEG
003eaa26   FD$$SUB
003ea843   FD$$TOI
003ea885   FD$$TOL
003ea1a6   FS$$ADD
003ea4a5   FS$$MPY
003ea1a1   FS$$SUB
003ea8df   FS$$TOFD
003ea7fc   FS$$TOI
003ea786   FS$$TOL
003ea8c2   FS$$TOU
003ea94b   I$$TOFS
003ea733   L$$DIV
003ea742   L$$MOD
003ea8fb   L$$TOFD
003ea9b0   LL$$AND
003ea8a4   LL$$CMP
003e96d0   LL$$DIV
003e970c   LL$$MOD
003ea9df   LL$$MPY
003ea9b8   LL$$OR
003ea9c0   LL$$XOR
003eaa58   U$$DIV
003eaa5d   U$$MOD
003eaa16   U$$TOFS
003ea750   UL$$DIV
003ea757   UL$$MOD
003ea8b6   ULL$$CMP
003e9746   ULL$$DIV
003e9775   ULL$$MOD
003e9116   _ADCINT1_ISR
003e911b   _ADCINT2_ISR
003e91cf   _ADCINT3_ISR
003e91d4   _ADCINT4_ISR
003e91d9   _ADCINT5_ISR
003e91de   _ADCINT6_ISR
003e91e3   _ADCINT7_ISR
003e91e8   _ADCINT8_ISR
003e912a   _ADCINT9_ISR
003ea307   _ADC_Config
00008f04   _ADResReg
00008dd8   _AT24C02Msg
003e8963   _AdcChanSelect
003e89d8   _AdcConversion
003e893c   _AdcOffsetSelfCal
00007100   _AdcRegs
00000b00   _AdcResult
003e91ed   _CLA1_INT1_ISR
003e91f2   _CLA1_INT2_ISR
003e91f7   _CLA1_INT3_ISR
003e91fc   _CLA1_INT4_ISR
003e9201   _CLA1_INT5_ISR
003e9206   _CLA1_INT6_ISR
003e920b   _CLA1_INT7_ISR
003e9210   _CLA1_INT8_ISR
00001400   _Cla1Regs
00006400   _Comp1Regs
00006420   _Comp2Regs
00006440   _Comp3Regs
003ea2d2   _ConfigCpuTimer
00008d70   _CpuTimer0
00000c00   _CpuTimer0Regs
00008d60   _CpuTimer1
00000c08   _CpuTimer1Regs
00008d68   _CpuTimer2
00000c10   _CpuTimer2Regs
003f7ff8   _CsmPwl
00000ae0   _CsmRegs
003e9432   _CsmUnlock
003e90c1   _DATALOG_ISR
003e9ec4   _DIP_Scan
0000801b   _DSP28x_usDelay
003e9826   _DataFlash_SPI_BUSY_OrNot
003e9814   _DataFlash_WriteDisable
003e9802   _DataFlash_WriteEnable
003e98a6   _DataFlash_Write_Byte
003e9a73   _DataScope_Data_Generate
003e99fd   _DataScope_Get_Channel_Data
00008ecc   _DataScope_OutPut_Buffer
00000880   _DevEmuRegs
003e939e   _DisableDog
003e91c5   _ECAN0INTA_ISR
003e91ca   _ECAN1INTA_ISR
003e917f   _ECAP1_INT_ISR
00006040   _ECanaLAMRegs
000060c0   _ECanaMOTORegs
00006080   _ECanaMOTSRegs
00006100   _ECanaMboxes
00006000   _ECanaRegs
00006a00   _ECap1Regs
003e9224   _EMPTY_ISR
003e90cb   _EMUINT_ISR
003e95c5   _EPWM1_Config
003e915c   _EPWM1_INT_ISR
00008f4c   _EPWM1_TIMER_TBPRD
003e9139   _EPWM1_TZINT_ISR
003e960d   _EPWM2_Config
003e9161   _EPWM2_INT_ISR
003e913e   _EPWM2_TZINT_ISR
003e9166   _EPWM3_INT_ISR
003e9143   _EPWM3_TZINT_ISR
003e916b   _EPWM4_INT_ISR
003e9148   _EPWM4_TZINT_ISR
003e9170   _EPWM5_INT_ISR
003e914d   _EPWM5_TZINT_ISR
003e9175   _EPWM6_INT_ISR
003e9152   _EPWM6_TZINT_ISR
003e917a   _EPWM7_INT_ISR
003e9157   _EPWM7_TZINT_ISR
00006800   _EPwm1Regs
00006840   _EPwm2Regs
00006880   _EPwm3Regs
000068c0   _EPwm4Regs
00006900   _EPwm5Regs
00006940   _EPwm6Regs
00006980   _EPwm7Regs
003e918e   _EQEP1_INT_ISR
00006b00   _EQep1Regs
00000d01   _EmuBMode
00000d00   _EmuKey
003ea7ce   _EnableInterrupts
00008f3c   _Error
003ea75d   _ExInt_Init
003e949b   _ExtOscSel
00008e1a   _F_OUT
00000a80   _FlashRegs
00000d04   _Flash_CPUScaleFactor
00000d02   _Flash_CallbackPtr
003e99d8   _Float2Byte
003e9f44   _GenIdParity
00006f80   _GpioCtrlRegs
00006fc0   _GpioDataRegs
00006fe0   _GpioIntRegs
003e8ec6   _HOSTclock
003e8e9f   _HOSTclose
003e8e77   _HOSTgetenv
003e8e30   _HOSTlseek
003e8df9   _HOSTopen
003e8dc3   _HOSTread
003e8d85   _HOSTrename
003e8d5b   _HOSTtime
003e8d36   _HOSTunlink
003e8d00   _HOSTwrite
003e9184   _HRCAP1_INT_ISR
003e9189   _HRCAP2_INT_ISR
00006ac0   _HRCap1Regs
00006ae0   _HRCap2Regs
003e9ba9   _I2CA_Init
003e9c21   _I2CA_Rxdata_STOP
003e9bf5   _I2CA_Tx_STOP
003e91a7   _I2CINT1A_ISR
003e91ac   _I2CINT2A_ISR
00007900   _I2caRegs
00008da6   _ICF8591Msg
00008d96   _IIC_ISR_String
003e90d5   _ILLEGAL_ISR
003e90b7   _INT13_ISR
003e90bc   _INT14_ISR
003e88fc   _InitAdc
003e891a   _InitAdcAio
003ea291   _InitCpuTimers
003e9c5d   _InitEPwm
003e9658   _InitEPwm1Example
003e9c6d   _InitEPwm1Gpio
003e9695   _InitEPwm2Example
003e9c7f   _InitEPwm2Gpio
003e9c91   _InitEPwm3Gpio
003e9ca5   _InitEPwm4Gpio
003e9cb9   _InitEPwm5Gpio
003e9ccb   _InitEPwm6Gpio
003e9cdd   _InitEPwm7Gpio
003e9c5e   _InitEPwmGpio
003e9cef   _InitEPwmSyncGpio
00008000   _InitFlash
003ea9f3   _InitGpio
003ea965   _InitI2C
003ea966   _InitI2CGpio
003e9b93   _InitI2C_Gpio
003e9b75   _InitLED
003e9ef9   _InitLin
003e9f70   _InitLinGpio
003e9efc   _InitLina
003e9f73   _InitLinaGpio
003e93f6   _InitPeripheralClocks
003ea7af   _InitPieCtrl
003ea7d7   _InitPieVectTable
003e93a6   _InitPll
003ea917   _InitSci
003ea918   _InitSciGpio
003ea91b   _InitSciaGpio
003e937a   _InitSysCtrl
003e9d00   _InitTzGpio
003ea123   _Init_LinaGpio
003e9463   _IntOsc1Sel
003e9473   _IntOsc2Sel
003e9e96   _KEY_Init
003e9e62   _LED_INit
003e91bb   _LIN0INTA_ISR
003e91c0   _LIN1INTA_ISR
003e921f   _LUF_ISR
003e921a   _LVF_ISR
00008d81   _LigntVal
00006c00   _LinaRegs
00008dc0   _MCP79411
003e9c2e   _MCP79411_INit
003e90d0   _NMI_ISR
00007060   _NmiIntruptRegs
00008eff   _P0
00008efe   _P1
003e94c7   _PID_Control_F
003e952b   _PID_Control_V
00008e32   _PID_F
003e94b1   _PID_Init
00008e24   _PID_V
003e9229   _PIE_RESERVED
003d7e80   _PartIdRegs
00000ce0   _PieCtrlRegs
00000d00   _PieVectTable
003eaba2   _PieVectTableInit
00008d82   _PtrMsg
003e90c6   _RTOSINT_ISR
0000001f   _RamfuncsLoadSize
003f5000   _RamfuncsLoadStart
00008000   _RamfuncsRunStart
003e91b1   _SCIRXINTA_ISR
003e91b6   _SCITXINTA_ISR
003e92a3   _SCI_Init
00008f24   _SCI_Msg
00008d86   _SEG7Table
003e97d7   _SPIGpio_Init
003e9193   _SPIRXINTA_ISR
003e919d   _SPIRXINTB_ISR
003e9198   _SPITXINTA_ISR
003e91a2   _SPITXINTB_ISR
003e9843   _SPI_Flash_Read
003e9879   _SPI_Flash_ReadID
003e97ff   _SPI_INit
003e9ef1   _STOP_Scan
00007050   _SciaRegs
00008e1d   _Send_Count
003e9394   _ServiceDog
003ea133   _SetupSCI
00007040   _SpiaRegs
00007740   _SpibRegs
00007010   _SysCtrlRegs
00000985   _SysPwrCtrlRegs
003e912f   _TINT0_ISR
00008e00   _TM1650
003ea5d3   _Timer0_init
003ea5f5   _Timer1_init
00008f3e   _Tmp
003e9107   _USER10_ISR
003e910c   _USER11_ISR
003e9111   _USER12_ISR
003e90da   _USER1_ISR
003e90df   _USER2_ISR
003e90e4   _USER3_ISR
003e90e9   _USER4_ISR
003e90ee   _USER5_ISR
003e90f3   _USER6_ISR
003e90f8   _USER7_ISR
003e90fd   _USER8_ISR
003e9102   _USER9_ISR
003e9595   _Upper_Uart
00008e19   _V_OUT
003e9134   _WAKEINT_ISR
003e9120   _XINT1_ISR
003e9125   _XINT2_ISR
003e9215   _XINT3_ISR
00007070   _XIntruptRegs
003e9487   _XtalOscSel
003ea187   _ZM5168_INit
00009000   __CIOBUF_
00000350   __STACK_END
00000300   __STACK_SIZE
00000400   __SYSMEM_SIZE
00000001   __TI_args_main
003e9951   ___TI_cleanup
00008f44   ___TI_cleanup_ptr
003ea44a   ___TI_closefile
003ea37a   ___TI_doflush
00008f46   ___TI_dtors_ptr
00008c00   ___TI_ft_end
003e880f   ___TI_printfi
003ea41f   ___TI_rd_ok
003e9fdb   ___TI_readmsg
00008cc0   ___TI_tmpnams
003e9f87   ___TI_writemsg
003ea3e5   ___TI_wrt_ok
ffffffff   ___binit__
ffffffff   ___c_args__
003eadf8   ___cinit__
003eaaa0   ___etext__
003ea864   ___memcpy_ff
ffffffff   ___pinit__
003e8000   ___text__
003ea97e   __args_main
003eaaa0   __ctypes_
00008c40   __ftable
00008f42   __lock
003eaa7e   __nop
003eaa7a   __register_lock
003eaa76   __register_unlock
00000050   __stack
00000400   __sys_memory
00008f40   __unlock
003ea997   _abort
003ea6b1   _adc_isr
003e8c94   _add_device
003ea680   _atoi
003ea54f   _c_int00
003e90a0   _calloc
003e909e   _chkheap
003e8c62   _close
00008e1b   _count
003ea931   _cpu_timer0_isr
003ea5bd   _cpu_timer1_isr
003ea999   _exit
003ea48c   _fclose
003ea3a9   _fflush
003e99be   _fopen
003ea4ff   _fputc
003e9d21   _fputs
003e8ef0   _free
003e9082   _free_memory
003e996e   _freopen
003ea611   _fseek
003e9233   _handleRxFIFO
00008f3d   _i
003eaa6d   _i2c_int1a_isr
00008e1c   _j
00008f3f   _key
00008d80   _keyVal
003e8c4a   _lseek
003ea6dd   _ltoa
003e9ac5   _main
003e8f59   _malloc
003e9062   _max_free
003eaa34   _memccpy
003eaa06   _memchr
003eaa41   _memset
003e8f35   _minit
003e9338   _my_close
003e9360   _my_lseek
003e932f   _my_open
003e933d   _my_read
003e9370   _my_rename
003e9369   _my_unlink
003e9346   _my_write
003e8bd8   _open
003e92ff   _open_uart_debug
003ea654   _printf
003ea4ff   _putc
003ea54a   _putchar
003e9db4   _puts
003e8bc0   _read
003e8fb2   _realloc
00008f00   _regulate_I
00008f02   _regulate_V
003eaa9d   _remove
003e8ba6   _remove_device
003e8b7d   _rename
003e922e   _rsvd_ISR
003e92e5   _scia_xmit
003ea219   _setvbuf
003eaa4d   _strchr
003eaa63   _strcmp
003eaa98   _strcpy
003eaa90   _strlen
003ea821   _strncpy
00008e1e   _temp
00008ecb   _temp1
00008eca   _temp2
00008ec8   _temp3
00008ec9   _temp4
00008f48   _timer0Base
003ea593   _uartRx_isr
003e8b65   _unlink
003e8aff   _write
00008e18   _xfeq
003ea9c8   _xint1_isr
ffffffff   binit
003eadf8   cinit
003f7ff6   code_start
003eaaa0   etext
ffffffff   pinit


GLOBAL SYMBOLS: SORTED BY Symbol Address 

address    name
--------   ----
00000001   __TI_args_main
0000001f   _RamfuncsLoadSize
00000050   __stack
00000300   __STACK_SIZE
00000350   __STACK_END
00000400   __SYSMEM_SIZE
00000400   __sys_memory
00000880   _DevEmuRegs
00000985   _SysPwrCtrlRegs
00000a80   _FlashRegs
00000ae0   _CsmRegs
00000b00   _AdcResult
00000c00   _CpuTimer0Regs
00000c08   _CpuTimer1Regs
00000c10   _CpuTimer2Regs
00000ce0   _PieCtrlRegs
00000d00   _EmuKey
00000d00   _PieVectTable
00000d01   _EmuBMode
00000d02   _Flash_CallbackPtr
00000d04   _Flash_CPUScaleFactor
00001400   _Cla1Regs
00006000   _ECanaRegs
00006040   _ECanaLAMRegs
00006080   _ECanaMOTSRegs
000060c0   _ECanaMOTORegs
00006100   _ECanaMboxes
00006400   _Comp1Regs
00006420   _Comp2Regs
00006440   _Comp3Regs
00006800   _EPwm1Regs
00006840   _EPwm2Regs
00006880   _EPwm3Regs
000068c0   _EPwm4Regs
00006900   _EPwm5Regs
00006940   _EPwm6Regs
00006980   _EPwm7Regs
00006a00   _ECap1Regs
00006ac0   _HRCap1Regs
00006ae0   _HRCap2Regs
00006b00   _EQep1Regs
00006c00   _LinaRegs
00006f80   _GpioCtrlRegs
00006fc0   _GpioDataRegs
00006fe0   _GpioIntRegs
00007010   _SysCtrlRegs
00007040   _SpiaRegs
00007050   _SciaRegs
00007060   _NmiIntruptRegs
00007070   _XIntruptRegs
00007100   _AdcRegs
00007740   _SpibRegs
00007900   _I2caRegs
00008000   _InitFlash
00008000   _RamfuncsRunStart
0000801b   _DSP28x_usDelay
00008c00   ___TI_ft_end
00008c40   __ftable
00008cc0   ___TI_tmpnams
00008d60   _CpuTimer1
00008d68   _CpuTimer2
00008d70   _CpuTimer0
00008d80   _keyVal
00008d81   _LigntVal
00008d82   _PtrMsg
00008d86   _SEG7Table
00008d96   _IIC_ISR_String
00008da6   _ICF8591Msg
00008dc0   _MCP79411
00008dd8   _AT24C02Msg
00008e00   _TM1650
00008e18   _xfeq
00008e19   _V_OUT
00008e1a   _F_OUT
00008e1b   _count
00008e1c   _j
00008e1d   _Send_Count
00008e1e   _temp
00008e24   _PID_V
00008e32   _PID_F
00008ec8   _temp3
00008ec9   _temp4
00008eca   _temp2
00008ecb   _temp1
00008ecc   _DataScope_OutPut_Buffer
00008efe   _P1
00008eff   _P0
00008f00   _regulate_I
00008f02   _regulate_V
00008f04   _ADResReg
00008f24   _SCI_Msg
00008f3c   _Error
00008f3d   _i
00008f3e   _Tmp
00008f3f   _key
00008f40   __unlock
00008f42   __lock
00008f44   ___TI_cleanup_ptr
00008f46   ___TI_dtors_ptr
00008f48   _timer0Base
00008f4c   _EPWM1_TIMER_TBPRD
00009000   __CIOBUF_
003d7e80   _PartIdRegs
003e8000   .text
003e8000   ___text__
003e880f   ___TI_printfi
003e88fc   _InitAdc
003e891a   _InitAdcAio
003e893c   _AdcOffsetSelfCal
003e8963   _AdcChanSelect
003e89d8   _AdcConversion
003e8aff   _write
003e8b65   _unlink
003e8b7d   _rename
003e8ba6   _remove_device
003e8bc0   _read
003e8bd8   _open
003e8c4a   _lseek
003e8c62   _close
003e8c94   _add_device
003e8d00   _HOSTwrite
003e8d36   _HOSTunlink
003e8d5b   _HOSTtime
003e8d85   _HOSTrename
003e8dc3   _HOSTread
003e8df9   _HOSTopen
003e8e30   _HOSTlseek
003e8e77   _HOSTgetenv
003e8e9f   _HOSTclose
003e8ec6   _HOSTclock
003e8ef0   _free
003e8f35   _minit
003e8f59   _malloc
003e8fb2   _realloc
003e9062   _max_free
003e9082   _free_memory
003e909e   _chkheap
003e90a0   _calloc
003e90b7   _INT13_ISR
003e90bc   _INT14_ISR
003e90c1   _DATALOG_ISR
003e90c6   _RTOSINT_ISR
003e90cb   _EMUINT_ISR
003e90d0   _NMI_ISR
003e90d5   _ILLEGAL_ISR
003e90da   _USER1_ISR
003e90df   _USER2_ISR
003e90e4   _USER3_ISR
003e90e9   _USER4_ISR
003e90ee   _USER5_ISR
003e90f3   _USER6_ISR
003e90f8   _USER7_ISR
003e90fd   _USER8_ISR
003e9102   _USER9_ISR
003e9107   _USER10_ISR
003e910c   _USER11_ISR
003e9111   _USER12_ISR
003e9116   _ADCINT1_ISR
003e911b   _ADCINT2_ISR
003e9120   _XINT1_ISR
003e9125   _XINT2_ISR
003e912a   _ADCINT9_ISR
003e912f   _TINT0_ISR
003e9134   _WAKEINT_ISR
003e9139   _EPWM1_TZINT_ISR
003e913e   _EPWM2_TZINT_ISR
003e9143   _EPWM3_TZINT_ISR
003e9148   _EPWM4_TZINT_ISR
003e914d   _EPWM5_TZINT_ISR
003e9152   _EPWM6_TZINT_ISR
003e9157   _EPWM7_TZINT_ISR
003e915c   _EPWM1_INT_ISR
003e9161   _EPWM2_INT_ISR
003e9166   _EPWM3_INT_ISR
003e916b   _EPWM4_INT_ISR
003e9170   _EPWM5_INT_ISR
003e9175   _EPWM6_INT_ISR
003e917a   _EPWM7_INT_ISR
003e917f   _ECAP1_INT_ISR
003e9184   _HRCAP1_INT_ISR
003e9189   _HRCAP2_INT_ISR
003e918e   _EQEP1_INT_ISR
003e9193   _SPIRXINTA_ISR
003e9198   _SPITXINTA_ISR
003e919d   _SPIRXINTB_ISR
003e91a2   _SPITXINTB_ISR
003e91a7   _I2CINT1A_ISR
003e91ac   _I2CINT2A_ISR
003e91b1   _SCIRXINTA_ISR
003e91b6   _SCITXINTA_ISR
003e91bb   _LIN0INTA_ISR
003e91c0   _LIN1INTA_ISR
003e91c5   _ECAN0INTA_ISR
003e91ca   _ECAN1INTA_ISR
003e91cf   _ADCINT3_ISR
003e91d4   _ADCINT4_ISR
003e91d9   _ADCINT5_ISR
003e91de   _ADCINT6_ISR
003e91e3   _ADCINT7_ISR
003e91e8   _ADCINT8_ISR
003e91ed   _CLA1_INT1_ISR
003e91f2   _CLA1_INT2_ISR
003e91f7   _CLA1_INT3_ISR
003e91fc   _CLA1_INT4_ISR
003e9201   _CLA1_INT5_ISR
003e9206   _CLA1_INT6_ISR
003e920b   _CLA1_INT7_ISR
003e9210   _CLA1_INT8_ISR
003e9215   _XINT3_ISR
003e921a   _LVF_ISR
003e921f   _LUF_ISR
003e9224   _EMPTY_ISR
003e9229   _PIE_RESERVED
003e922e   _rsvd_ISR
003e9233   _handleRxFIFO
003e92a3   _SCI_Init
003e92e5   _scia_xmit
003e92ff   _open_uart_debug
003e932f   _my_open
003e9338   _my_close
003e933d   _my_read
003e9346   _my_write
003e9360   _my_lseek
003e9369   _my_unlink
003e9370   _my_rename
003e937a   _InitSysCtrl
003e9394   _ServiceDog
003e939e   _DisableDog
003e93a6   _InitPll
003e93f6   _InitPeripheralClocks
003e9432   _CsmUnlock
003e9463   _IntOsc1Sel
003e9473   _IntOsc2Sel
003e9487   _XtalOscSel
003e949b   _ExtOscSel
003e94b1   _PID_Init
003e94c7   _PID_Control_F
003e952b   _PID_Control_V
003e9595   _Upper_Uart
003e95c5   _EPWM1_Config
003e960d   _EPWM2_Config
003e9658   _InitEPwm1Example
003e9695   _InitEPwm2Example
003e96d0   LL$$DIV
003e970c   LL$$MOD
003e9746   ULL$$DIV
003e9775   ULL$$MOD
003e97d7   _SPIGpio_Init
003e97ff   _SPI_INit
003e9802   _DataFlash_WriteEnable
003e9814   _DataFlash_WriteDisable
003e9826   _DataFlash_SPI_BUSY_OrNot
003e9843   _SPI_Flash_Read
003e9879   _SPI_Flash_ReadID
003e98a6   _DataFlash_Write_Byte
003e9951   ___TI_cleanup
003e996e   _freopen
003e99be   _fopen
003e99d8   _Float2Byte
003e99fd   _DataScope_Get_Channel_Data
003e9a73   _DataScope_Data_Generate
003e9ac5   _main
003e9b75   _InitLED
003e9b93   _InitI2C_Gpio
003e9ba9   _I2CA_Init
003e9bf5   _I2CA_Tx_STOP
003e9c21   _I2CA_Rxdata_STOP
003e9c2e   _MCP79411_INit
003e9c5d   _InitEPwm
003e9c5e   _InitEPwmGpio
003e9c6d   _InitEPwm1Gpio
003e9c7f   _InitEPwm2Gpio
003e9c91   _InitEPwm3Gpio
003e9ca5   _InitEPwm4Gpio
003e9cb9   _InitEPwm5Gpio
003e9ccb   _InitEPwm6Gpio
003e9cdd   _InitEPwm7Gpio
003e9cef   _InitEPwmSyncGpio
003e9d00   _InitTzGpio
003e9d21   _fputs
003e9db4   _puts
003e9dc6   FD$$ADD
003e9e62   _LED_INit
003e9e96   _KEY_Init
003e9ec4   _DIP_Scan
003e9ef1   _STOP_Scan
003e9ef9   _InitLin
003e9efc   _InitLina
003e9f44   _GenIdParity
003e9f70   _InitLinGpio
003e9f73   _InitLinaGpio
003e9f87   ___TI_writemsg
003e9fd7   C$$IO$$
003e9fdb   ___TI_readmsg
003ea015   FD$$DIV
003ea0a0   FD$$MPY
003ea123   _Init_LinaGpio
003ea133   _SetupSCI
003ea187   _ZM5168_INit
003ea1a1   FS$$SUB
003ea1a6   FS$$ADD
003ea219   _setvbuf
003ea291   _InitCpuTimers
003ea2d2   _ConfigCpuTimer
003ea307   _ADC_Config
003ea37a   ___TI_doflush
003ea3a9   _fflush
003ea3e5   ___TI_wrt_ok
003ea41f   ___TI_rd_ok
003ea44a   ___TI_closefile
003ea48c   _fclose
003ea4a5   FS$$MPY
003ea4ff   _fputc
003ea4ff   _putc
003ea54a   _putchar
003ea54f   _c_int00
003ea593   _uartRx_isr
003ea5bd   _cpu_timer1_isr
003ea5d3   _Timer0_init
003ea5f5   _Timer1_init
003ea611   _fseek
003ea654   _printf
003ea680   _atoi
003ea6b1   _adc_isr
003ea6dd   _ltoa
003ea709   FD$$CMP
003ea733   L$$DIV
003ea742   L$$MOD
003ea750   UL$$DIV
003ea757   UL$$MOD
003ea75d   _ExInt_Init
003ea786   FS$$TOL
003ea7af   _InitPieCtrl
003ea7ce   _EnableInterrupts
003ea7d7   _InitPieVectTable
003ea7fc   FS$$TOI
003ea821   _strncpy
003ea843   FD$$TOI
003ea864   ___memcpy_ff
003ea885   FD$$TOL
003ea8a4   LL$$CMP
003ea8b6   ULL$$CMP
003ea8c2   FS$$TOU
003ea8df   FS$$TOFD
003ea8fb   L$$TOFD
003ea917   _InitSci
003ea918   _InitSciGpio
003ea91b   _InitSciaGpio
003ea931   _cpu_timer0_isr
003ea94b   I$$TOFS
003ea965   _InitI2C
003ea966   _InitI2CGpio
003ea97e   __args_main
003ea997   C$$EXIT
003ea997   _abort
003ea999   _exit
003ea9b0   LL$$AND
003ea9b8   LL$$OR
003ea9c0   LL$$XOR
003ea9c8   _xint1_isr
003ea9df   LL$$MPY
003ea9f3   _InitGpio
003eaa06   _memchr
003eaa16   U$$TOFS
003eaa26   FD$$SUB
003eaa34   _memccpy
003eaa41   _memset
003eaa4d   _strchr
003eaa58   U$$DIV
003eaa5d   U$$MOD
003eaa63   _strcmp
003eaa6d   _i2c_int1a_isr
003eaa76   __register_unlock
003eaa7a   __register_lock
003eaa7e   __nop
003eaa7f   FD$$NEG
003eaa90   _strlen
003eaa98   _strcpy
003eaa9d   _remove
003eaaa0   ___etext__
003eaaa0   __ctypes_
003eaaa0   etext
003eaba2   _PieVectTableInit
003eadf8   ___cinit__
003eadf8   cinit
003f5000   _RamfuncsLoadStart
003f7ff6   code_start
003f7ff8   _CsmPwl
ffffffff   ___binit__
ffffffff   ___c_args__
ffffffff   ___pinit__
ffffffff   binit
ffffffff   pinit

[393 symbols]
